  Determining projects to restore...
  All projects are up-to-date for restore.
  Maestro.Core -> /Users/albayrme/Automation/maestro/Core/Maestro.Core/bin/x64/Release/net6.0/win7-x64/Maestro.Core.dll
  Maestro.Core.Tests.Helpers -> /Users/albayrme/Automation/maestro/Core/Maestro.Core.Tests.Helpers/bin/x64/Release/net6.0/win7-x64/Maestro.Core.Tests.Helpers.dll
  MeteoRSI.Application -> /Users/albayrme/Automation/maestro/Applications/MeteoRSI/MeteoRSI.Application/bin/x64/Release/net6.0/win7-x64/Maestro.MeteoRSI.Application.dll
/Users/albayrme/Automation/maestro/Applications/MeteoRSI/MeteoRSI.Tests/TextHelperUnitTests.cs(71,145): warning CS8632: The annotation for nullable reference types should only be used in code within a '#nullable' annotations context. [/Users/albayrme/Automation/maestro/Applications/MeteoRSI/MeteoRSI.Tests/MeteoRSI.Tests.csproj]
/Users/albayrme/Automation/maestro/Applications/MeteoRSI/MeteoRSI.Tests/StringExtensionUnitTests.cs(37,19): warning CS8632: The annotation for nullable reference types should only be used in code within a '#nullable' annotations context. [/Users/albayrme/Automation/maestro/Applications/MeteoRSI/MeteoRSI.Tests/MeteoRSI.Tests.csproj]
  MeteoRSI.Tests -> /Users/albayrme/Automation/maestro/Applications/MeteoRSI/MeteoRSI.Tests/bin/x64/Release/net6.0/Maestro.MeteoRSI.Tests.dll
Test run for /Users/albayrme/Automation/maestro/Applications/MeteoRSI/MeteoRSI.Tests/bin/x64/Release/net6.0/Maestro.MeteoRSI.Tests.dll (.NETCoreApp,Version=v6.0)
Microsoft (R) Test Execution Command Line Tool Version 17.6.3 (x64)
Copyright (c) Microsoft Corporation.  All rights reserved.

Starting test execution, please wait...
A total of 1 test files matched the specified pattern.
/Users/albayrme/Automation/maestro/Applications/MeteoRSI/MeteoRSI.Tests/bin/x64/Release/net6.0/Maestro.MeteoRSI.Tests.dll
[xUnit.net 00:00:00.00] xUnit.net VSTest Adapter v2.4.5+1caef2f33e (64-bit .NET 6.0.29)
[xUnit.net 00:00:01.53]   Discovering: Maestro.MeteoRSI.Tests
[xUnit.net 00:00:01.88]   Discovered:  Maestro.MeteoRSI.Tests
[xUnit.net 00:00:01.89]   Starting:    Maestro.MeteoRSI.Tests
[xUnit.net 00:00:02.00]     Maestro.MeteoRSI.Tests.IkonTextUnitTest.PrepareFiles_DefaultFileInput_CorrectSections(index: 4, title: "Nord delle Alpi", subSectionCount: 2) [FAIL]
[xUnit.net 00:00:02.01]       System.NullReferenceException : Object reference not set to an instance of an object.
[xUnit.net 00:00:02.01]       Stack Trace:
[xUnit.net 00:00:02.01]         /Users/albayrme/Automation/maestro/Core/Maestro.Core/Helpers/XmlHelper.cs(54,0): at Maestro.Core.Helpers.XmlHelper.Serialize(XElement xml)
[xUnit.net 00:00:02.01]         /Users/albayrme/Automation/maestro/Applications/MeteoRSI/MeteoRSI.Application/MeteoRSI.cs(39,0): at Maestro.MeteoRSI.Application.MeteoRsi.CombineXml(List`1 files)
[xUnit.net 00:00:02.01]         /Users/albayrme/Automation/maestro/Applications/MeteoRSI/MeteoRSI.Application/IkonOutputText.cs(179,0): at Maestro.MeteoRSI.Application.IkonOutputText.CombineFiles(IList`1 files)
[xUnit.net 00:00:02.01]         /Users/albayrme/Automation/maestro/Applications/MeteoRSI/MeteoRSI.Application/IkonOutputText.cs(26,0): at Maestro.MeteoRSI.Application.IkonOutputText.PrepareFiles(IList`1 files, Ep1BuilderConverterConfig config)
[xUnit.net 00:00:02.01]         /Users/albayrme/Automation/maestro/Applications/MeteoRSI/MeteoRSI.Tests/IkonTextUnitTest.cs(58,0): at Maestro.MeteoRSI.Tests.IkonTextUnitTest.PrepareFiles_DefaultFileInput_CorrectSections(Int32 index, String title, Int32 subSectionCount)
  Passed Maestro.MeteoRSI.Tests.StringExtensionUnitTests.FirstCharToUpper_NullInput_ThrowsArgumentNullException [3 ms]
  Passed Maestro.MeteoRSI.Tests.StringExtensionUnitTests.FirstCharToUpper_StringInput_FirstCharIsUppercase(input: "123abc") [7 ms]
  Passed Maestro.MeteoRSI.Tests.StringExtensionUnitTests.FirstCharToUpper_StringInput_FirstCharIsUppercase(input: "das ist ein Test") [< 1 ms]
  Passed Maestro.MeteoRSI.Tests.StringExtensionUnitTests.FirstCharToUpper_StringInput_FirstCharIsUppercase(input: "test") [< 1 ms]
  Passed Maestro.MeteoRSI.Tests.StringExtensionUnitTests.FirstCharToUpper_EmptyString_ThrowsArgumentException [< 1 ms]
  Failed Maestro.MeteoRSI.Tests.IkonTextUnitTest.PrepareFiles_DefaultFileInput_CorrectSections(index: 4, title: "Nord delle Alpi", subSectionCount: 2) [47 ms]
  Error Message:
   System.NullReferenceException : Object reference not set to an instance of an object.
  Stack Trace:
     at Maestro.Core.Helpers.XmlHelper.Serialize(XElement xml) in /Users/albayrme/Automation/maestro/Core/Maestro.Core/Helpers/XmlHelper.cs:line 54
   at Maestro.MeteoRSI.Application.MeteoRsi.CombineXml(List`1 files) in /Users/albayrme/Automation/maestro/Applications/MeteoRSI/MeteoRSI.Application/MeteoRSI.cs:line 39
   at Maestro.MeteoRSI.Application.IkonOutputText.CombineFiles(IList`1 files) in /Users/albayrme/Automation/maestro/Applications/MeteoRSI/MeteoRSI.Application/IkonOutputText.cs:line 179
   at Maestro.MeteoRSI.Application.IkonOutputText.PrepareFiles(IList`1 files, Ep1BuilderConverterConfig config) in /Users/albayrme/Automation/maestro/Applications/MeteoRSI/MeteoRSI.Application/IkonOutputText.cs:line 26
   at Maestro.MeteoRSI.Tests.IkonTextUnitTest.PrepareFiles_DefaultFileInput_CorrectSections(Int32 index, String title, Int32 subSectionCount) in /Users/albayrme/Automation/maestro/Applications/MeteoRSI/MeteoRSI.Tests/IkonTextUnitTest.cs:line 58
[xUnit.net 00:00:02.22]     Maestro.MeteoRSI.Tests.IkonTextUnitTest.PrepareFiles_DefaultFileInput_CorrectSections(index: 3, title: "Settore alpino orientale", subSectionCount: 2) [FAIL]
[xUnit.net 00:00:02.22]       System.NullReferenceException : Object reference not set to an instance of an object.
[xUnit.net 00:00:02.22]       Stack Trace:
[xUnit.net 00:00:02.22]         /Users/albayrme/Automation/maestro/Core/Maestro.Core/Helpers/XmlHelper.cs(54,0): at Maestro.Core.Helpers.XmlHelper.Serialize(XElement xml)
[xUnit.net 00:00:02.22]         /Users/albayrme/Automation/maestro/Applications/MeteoRSI/MeteoRSI.Application/MeteoRSI.cs(39,0): at Maestro.MeteoRSI.Application.MeteoRsi.CombineXml(List`1 files)
[xUnit.net 00:00:02.22]         /Users/albayrme/Automation/maestro/Applications/MeteoRSI/MeteoRSI.Application/IkonOutputText.cs(179,0): at Maestro.MeteoRSI.Application.IkonOutputText.CombineFiles(IList`1 files)
[xUnit.net 00:00:02.22]         /Users/albayrme/Automation/maestro/Applications/MeteoRSI/MeteoRSI.Application/IkonOutputText.cs(26,0): at Maestro.MeteoRSI.Application.IkonOutputText.PrepareFiles(IList`1 files, Ep1BuilderConverterConfig config)
[xUnit.net 00:00:02.22]         /Users/albayrme/Automation/maestro/Applications/MeteoRSI/MeteoRSI.Tests/IkonTextUnitTest.cs(58,0): at Maestro.MeteoRSI.Tests.IkonTextUnitTest.PrepareFiles_DefaultFileInput_CorrectSections(Int32 index, String title, Int32 subSectionCount)
[xUnit.net 00:00:02.22]     Maestro.MeteoRSI.Tests.GraphicalUnitTest.CreateGraphicalWeatherPages_DefaultFileInput_File_56_01(index: 13, regex: "^$") [FAIL]
[xUnit.net 00:00:02.22]       System.NullReferenceException : Object reference not set to an instance of an object.
[xUnit.net 00:00:02.22]       Stack Trace:
[xUnit.net 00:00:02.22]         /Users/albayrme/Automation/maestro/Applications/MeteoRSI/MeteoRSI.Application/MeteoRsiGraphic.cs(24,0): at Maestro.MeteoRSI.Application.MeteoRsiGraphic.CreateGraphicalWeatherPages(FileInfo fileInfo, Ep1BuilderConverterConfig config, Ep1BuilderConverterConfigFilter filter)
[xUnit.net 00:00:02.22]         /Users/albayrme/Automation/maestro/Applications/MeteoRSI/MeteoRSI.Tests/GraphicalUnitTest.cs(70,0): at Maestro.MeteoRSI.Tests.GraphicalUnitTest.CreateGraphicalWeatherPages_DefaultFileInput_File_56_01(Int32 index, String regex)
[xUnit.net 00:00:02.22]     Maestro.MeteoRSI.Tests.TextHelperUnitTests.GetDisplayTime_DateTimeCurrent_DisplayTimeAsString(time: "2021-04-21T09:45:00", expected: "07:00", next: False) [FAIL]
[xUnit.net 00:00:02.22]       Assert.Equal() Failure
[xUnit.net 00:00:02.22]                  ↓ (pos 1)
[xUnit.net 00:00:02.22]       Expected: 07:00
[xUnit.net 00:00:02.22]       Actual:   09:00
[xUnit.net 00:00:02.22]                  ↑ (pos 1)
[xUnit.net 00:00:02.22]       Stack Trace:
[xUnit.net 00:00:02.22]         /Users/albayrme/Automation/maestro/Applications/MeteoRSI/MeteoRSI.Tests/TextHelperUnitTests.cs(45,0): at Maestro.MeteoRSI.Tests.TextHelperUnitTests.GetDisplayTime_DateTimeCurrent_DisplayTimeAsString(String time, String expected, Boolean next)
[xUnit.net 00:00:02.22]     Maestro.MeteoRSI.Tests.IkonTextUnitTest.PrepareFiles_DefaultFileInput_CorrectSections(index: 1, title: "Settore alpino centrale", subSectionCount: 2) [FAIL]
[xUnit.net 00:00:02.22]       System.NullReferenceException : Object reference not set to an instance of an object.
[xUnit.net 00:00:02.22]       Stack Trace:
[xUnit.net 00:00:02.22]         /Users/albayrme/Automation/maestro/Core/Maestro.Core/Helpers/XmlHelper.cs(54,0): at Maestro.Core.Helpers.XmlHelper.Serialize(XElement xml)
[xUnit.net 00:00:02.22]         /Users/albayrme/Automation/maestro/Applications/MeteoRSI/MeteoRSI.Application/MeteoRSI.cs(39,0): at Maestro.MeteoRSI.Application.MeteoRsi.CombineXml(List`1 files)
[xUnit.net 00:00:02.22]         /Users/albayrme/Automation/maestro/Applications/MeteoRSI/MeteoRSI.Application/IkonOutputText.cs(179,0): at Maestro.MeteoRSI.Application.IkonOutputText.CombineFiles(IList`1 files)
[xUnit.net 00:00:02.22]         /Users/albayrme/Automation/maestro/Applications/MeteoRSI/MeteoRSI.Application/IkonOutputText.cs(26,0): at Maestro.MeteoRSI.Application.IkonOutputText.PrepareFiles(IList`1 files, Ep1BuilderConverterConfig config)
[xUnit.net 00:00:02.22]         /Users/albayrme/Automation/maestro/Applications/MeteoRSI/MeteoRSI.Tests/IkonTextUnitTest.cs(58,0): at Maestro.MeteoRSI.Tests.IkonTextUnitTest.PrepareFiles_DefaultFileInput_CorrectSections(Int32 index, String title, Int32 subSectionCount)
[xUnit.net 00:00:02.22]     Maestro.MeteoRSI.Tests.GraphicalUnitTest.CreateGraphicalWeatherPages_DefaultFileInput_File_56_01(index: 10, regex: "^$") [FAIL]
[xUnit.net 00:00:02.22]       System.NullReferenceException : Object reference not set to an instance of an object.
[xUnit.net 00:00:02.22]       Stack Trace:
[xUnit.net 00:00:02.22]         /Users/albayrme/Automation/maestro/Applications/MeteoRSI/MeteoRSI.Application/MeteoRsiGraphic.cs(24,0): at Maestro.MeteoRSI.Application.MeteoRsiGraphic.CreateGraphicalWeatherPages(FileInfo fileInfo, Ep1BuilderConverterConfig config, Ep1BuilderConverterConfigFilter filter)
[xUnit.net 00:00:02.22]         /Users/albayrme/Automation/maestro/Applications/MeteoRSI/MeteoRSI.Tests/GraphicalUnitTest.cs(70,0): at Maestro.MeteoRSI.Tests.GraphicalUnitTest.CreateGraphicalWeatherPages_DefaultFileInput_File_56_01(Int32 index, String regex)
  Failed Maestro.MeteoRSI.Tests.IkonTextUnitTest.PrepareFiles_DefaultFileInput_CorrectSections(index: 3, title: "Settore alpino orientale", subSectionCount: 2) [214 ms]
  Error Message:
   System.NullReferenceException : Object reference not set to an instance of an object.
  Stack Trace:
     at Maestro.Core.Helpers.XmlHelper.Serialize(XElement xml) in /Users/albayrme/Automation/maestro/Core/Maestro.Core/Helpers/XmlHelper.cs:line 54
   at Maestro.MeteoRSI.Application.MeteoRsi.CombineXml(List`1 files) in /Users/albayrme/Automation/maestro/Applications/MeteoRSI/MeteoRSI.Application/MeteoRSI.cs:line 39
   at Maestro.MeteoRSI.Application.IkonOutputText.CombineFiles(IList`1 files) in /Users/albayrme/Automation/maestro/Applications/MeteoRSI/MeteoRSI.Application/IkonOutputText.cs:line 179
   at Maestro.MeteoRSI.Application.IkonOutputText.PrepareFiles(IList`1 files, Ep1BuilderConverterConfig config) in /Users/albayrme/Automation/maestro/Applications/MeteoRSI/MeteoRSI.Application/IkonOutputText.cs:line 26
   at Maestro.MeteoRSI.Tests.IkonTextUnitTest.PrepareFiles_DefaultFileInput_CorrectSections(Int32 index, String title, Int32 subSectionCount) in /Users/albayrme/Automation/maestro/Applications/MeteoRSI/MeteoRSI.Tests/IkonTextUnitTest.cs:line 58
  Failed Maestro.MeteoRSI.Tests.GraphicalUnitTest.CreateGraphicalWeatherPages_DefaultFileInput_File_56_01(index: 13, regex: "^$") [266 ms]
  Error Message:
   System.NullReferenceException : Object reference not set to an instance of an object.
  Stack Trace:
     at Maestro.MeteoRSI.Application.MeteoRsiGraphic.CreateGraphicalWeatherPages(FileInfo fileInfo, Ep1BuilderConverterConfig config, Ep1BuilderConverterConfigFilter filter) in /Users/albayrme/Automation/maestro/Applications/MeteoRSI/MeteoRSI.Application/MeteoRsiGraphic.cs:line 24
   at Maestro.MeteoRSI.Tests.GraphicalUnitTest.CreateGraphicalWeatherPages_DefaultFileInput_File_56_01(Int32 index, String regex) in /Users/albayrme/Automation/maestro/Applications/MeteoRSI/MeteoRSI.Tests/GraphicalUnitTest.cs:line 70
  Failed Maestro.MeteoRSI.Tests.TextHelperUnitTests.GetDisplayTime_DateTimeCurrent_DisplayTimeAsString(time: "2021-04-21T09:45:00", expected: "07:00", next: False) [42 ms]
  Error Message:
   Assert.Equal() Failure
           ↓ (pos 1)
Expected: 07:00
Actual:   09:00
           ↑ (pos 1)
  Stack Trace:
     at Maestro.MeteoRSI.Tests.TextHelperUnitTests.GetDisplayTime_DateTimeCurrent_DisplayTimeAsString(String time, String expected, Boolean next) in /Users/albayrme/Automation/maestro/Applications/MeteoRSI/MeteoRSI.Tests/TextHelperUnitTests.cs:line 45
  Failed Maestro.MeteoRSI.Tests.IkonTextUnitTest.PrepareFiles_DefaultFileInput_CorrectSections(index: 1, title: "Settore alpino centrale", subSectionCount: 2) [< 1 ms]
  Error Message:
   System.NullReferenceException : Object reference not set to an instance of an object.
  Stack Trace:
     at Maestro.Core.Helpers.XmlHelper.Serialize(XElement xml) in /Users/albayrme/Automation/maestro/Core/Maestro.Core/Helpers/XmlHelper.cs:line 54
   at Maestro.MeteoRSI.Application.MeteoRsi.CombineXml(List`1 files) in /Users/albayrme/Automation/maestro/Applications/MeteoRSI/MeteoRSI.Application/MeteoRSI.cs:line 39
   at Maestro.MeteoRSI.Application.IkonOutputText.CombineFiles(IList`1 files) in /Users/albayrme/Automation/maestro/Applications/MeteoRSI/MeteoRSI.Application/IkonOutputText.cs:line 179
   at Maestro.MeteoRSI.Application.IkonOutputText.PrepareFiles(IList`1 files, Ep1BuilderConverterConfig config) in /Users/albayrme/Automation/maestro/Applications/MeteoRSI/MeteoRSI.Application/IkonOutputText.cs:line 26
   at Maestro.MeteoRSI.Tests.IkonTextUnitTest.PrepareFiles_DefaultFileInput_CorrectSections(Int32 index, String title, Int32 subSectionCount) in /Users/albayrme/Automation/maestro/Applications/MeteoRSI/MeteoRSI.Tests/IkonTextUnitTest.cs:line 58
  Passed Maestro.MeteoRSI.Tests.TextHelperUnitTests.GetDisplayTime_DateTimeCurrent_DisplayTimeAsString(time: "2021-04-21T09:44:00", expected: "12:00", next: True) [< 1 ms]
  Passed Maestro.MeteoRSI.Tests.TextHelperUnitTests.GetDisplayTime_DateTimeCurrent_DisplayTimeAsString(time: "2021-04-10T00:23:00", expected: "00:00", next: False) [< 1 ms]
  Failed Maestro.MeteoRSI.Tests.GraphicalUnitTest.CreateGraphicalWeatherPages_DefaultFileInput_File_56_01(index: 10, regex: "^$") [1 ms]
  Error Message:
   System.NullReferenceException : Object reference not set to an instance of an object.
  Stack Trace:
     at Maestro.MeteoRSI.Application.MeteoRsiGraphic.CreateGraphicalWeatherPages(FileInfo fileInfo, Ep1BuilderConverterConfig config, Ep1BuilderConverterConfigFilter filter) in /Users/albayrme/Automation/maestro/Applications/MeteoRSI/MeteoRSI.Application/MeteoRsiGraphic.cs:line 24
   at Maestro.MeteoRSI.Tests.GraphicalUnitTest.CreateGraphicalWeatherPages_DefaultFileInput_File_56_01(Int32 index, String regex) in /Users/albayrme/Automation/maestro/Applications/MeteoRSI/MeteoRSI.Tests/GraphicalUnitTest.cs:line 70
[xUnit.net 00:00:02.22]     Maestro.MeteoRSI.Tests.IkonTextUnitTest.PrepareFiles_DefaultFileInput_CorrectSections(index: 0, title: "Situazione generale", subSectionCount: 1) [FAIL]
[xUnit.net 00:00:02.22]       System.NullReferenceException : Object reference not set to an instance of an object.
[xUnit.net 00:00:02.22]       Stack Trace:
[xUnit.net 00:00:02.22]         /Users/albayrme/Automation/maestro/Core/Maestro.Core/Helpers/XmlHelper.cs(54,0): at Maestro.Core.Helpers.XmlHelper.Serialize(XElement xml)
[xUnit.net 00:00:02.22]         /Users/albayrme/Automation/maestro/Applications/MeteoRSI/MeteoRSI.Application/MeteoRSI.cs(39,0): at Maestro.MeteoRSI.Application.MeteoRsi.CombineXml(List`1 files)
[xUnit.net 00:00:02.22]         /Users/albayrme/Automation/maestro/Applications/MeteoRSI/MeteoRSI.Application/IkonOutputText.cs(179,0): at Maestro.MeteoRSI.Application.IkonOutputText.CombineFiles(IList`1 files)
[xUnit.net 00:00:02.22]         /Users/albayrme/Automation/maestro/Applications/MeteoRSI/MeteoRSI.Application/IkonOutputText.cs(26,0): at Maestro.MeteoRSI.Application.IkonOutputText.PrepareFiles(IList`1 files, Ep1BuilderConverterConfig config)
[xUnit.net 00:00:02.22]         /Users/albayrme/Automation/maestro/Applications/MeteoRSI/MeteoRSI.Tests/IkonTextUnitTest.cs(58,0): at Maestro.MeteoRSI.Tests.IkonTextUnitTest.PrepareFiles_DefaultFileInput_CorrectSections(Int32 index, String title, Int32 subSectionCount)
[xUnit.net 00:00:02.22]     Maestro.MeteoRSI.Tests.GraphicalUnitTest.CreateGraphicalWeatherPages_DefaultFileInput_File_56_01(index: 17, regex: "^Max:\\s+15°CMax:\\s+14°CMax:\\s+17°C$") [FAIL]
[xUnit.net 00:00:02.23]       System.NullReferenceException : Object reference not set to an instance of an object.
[xUnit.net 00:00:02.23]       Stack Trace:
[xUnit.net 00:00:02.23]         /Users/albayrme/Automation/maestro/Applications/MeteoRSI/MeteoRSI.Application/MeteoRsiGraphic.cs(24,0): at Maestro.MeteoRSI.Application.MeteoRsiGraphic.CreateGraphicalWeatherPages(FileInfo fileInfo, Ep1BuilderConverterConfig config, Ep1BuilderConverterConfigFilter filter)
[xUnit.net 00:00:02.23]         /Users/albayrme/Automation/maestro/Applications/MeteoRSI/MeteoRSI.Tests/GraphicalUnitTest.cs(70,0): at Maestro.MeteoRSI.Tests.GraphicalUnitTest.CreateGraphicalWeatherPages_DefaultFileInput_File_56_01(Int32 index, String regex)
[xUnit.net 00:00:02.23]     Maestro.MeteoRSI.Tests.IkonTextUnitTest.PrepareFiles_DefaultFileInput_CorrectSections(index: 2, title: "Settore prealpino e padano", subSectionCount: 2) [FAIL]
[xUnit.net 00:00:02.23]       System.NullReferenceException : Object reference not set to an instance of an object.
[xUnit.net 00:00:02.23]       Stack Trace:
[xUnit.net 00:00:02.23]         /Users/albayrme/Automation/maestro/Core/Maestro.Core/Helpers/XmlHelper.cs(54,0): at Maestro.Core.Helpers.XmlHelper.Serialize(XElement xml)
[xUnit.net 00:00:02.23]         /Users/albayrme/Automation/maestro/Applications/MeteoRSI/MeteoRSI.Application/MeteoRSI.cs(39,0): at Maestro.MeteoRSI.Application.MeteoRsi.CombineXml(List`1 files)
[xUnit.net 00:00:02.23]         /Users/albayrme/Automation/maestro/Applications/MeteoRSI/MeteoRSI.Application/IkonOutputText.cs(179,0): at Maestro.MeteoRSI.Application.IkonOutputText.CombineFiles(IList`1 files)
[xUnit.net 00:00:02.23]         /Users/albayrme/Automation/maestro/Applications/MeteoRSI/MeteoRSI.Application/IkonOutputText.cs(26,0): at Maestro.MeteoRSI.Application.IkonOutputText.PrepareFiles(IList`1 files, Ep1BuilderConverterConfig config)
[xUnit.net 00:00:02.23]         /Users/albayrme/Automation/maestro/Applications/MeteoRSI/MeteoRSI.Tests/IkonTextUnitTest.cs(58,0): at Maestro.MeteoRSI.Tests.IkonTextUnitTest.PrepareFiles_DefaultFileInput_CorrectSections(Int32 index, String title, Int32 subSectionCount)
[xUnit.net 00:00:02.23]     Maestro.MeteoRSI.Tests.GraphicalUnitTest.CreateGraphicalWeatherPages_DefaultFileInput_File_56_01(index: 19, regex: "^$") [FAIL]
[xUnit.net 00:00:02.23]       System.NullReferenceException : Object reference not set to an instance of an object.
[xUnit.net 00:00:02.23]       Stack Trace:
[xUnit.net 00:00:02.23]         /Users/albayrme/Automation/maestro/Applications/MeteoRSI/MeteoRSI.Application/MeteoRsiGraphic.cs(24,0): at Maestro.MeteoRSI.Application.MeteoRsiGraphic.CreateGraphicalWeatherPages(FileInfo fileInfo, Ep1BuilderConverterConfig config, Ep1BuilderConverterConfigFilter filter)
[xUnit.net 00:00:02.23]         /Users/albayrme/Automation/maestro/Applications/MeteoRSI/MeteoRSI.Tests/GraphicalUnitTest.cs(70,0): at Maestro.MeteoRSI.Tests.GraphicalUnitTest.CreateGraphicalWeatherPages_DefaultFileInput_File_56_01(Int32 index, String regex)
[xUnit.net 00:00:02.23]     Maestro.MeteoRSI.Tests.GraphicalUnitTest.CreateGraphicalWeatherPages_DefaultFileInput_File_56_01(index: 2, regex: "^$") [FAIL]
[xUnit.net 00:00:02.23]       System.NullReferenceException : Object reference not set to an instance of an object.
[xUnit.net 00:00:02.23]       Stack Trace:
[xUnit.net 00:00:02.23]         /Users/albayrme/Automation/maestro/Applications/MeteoRSI/MeteoRSI.Application/MeteoRsiGraphic.cs(24,0): at Maestro.MeteoRSI.Application.MeteoRsiGraphic.CreateGraphicalWeatherPages(FileInfo fileInfo, Ep1BuilderConverterConfig config, Ep1BuilderConverterConfigFilter filter)
[xUnit.net 00:00:02.23]         /Users/albayrme/Automation/maestro/Applications/MeteoRSI/MeteoRSI.Tests/GraphicalUnitTest.cs(70,0): at Maestro.MeteoRSI.Tests.GraphicalUnitTest.CreateGraphicalWeatherPages_DefaultFileInput_File_56_01(Int32 index, String regex)
  Passed Maestro.MeteoRSI.Tests.TextHelperUnitTests.GetDisplayTime_DateTimeCurrent_DisplayTimeAsString(time: "2021-04-21T18:01:00", expected: "18:00", next: False) [< 1 ms]
  Passed Maestro.MeteoRSI.Tests.TextHelperUnitTests.GetDisplayTime_DateTimeCurrent_DisplayTimeAsString(time: "2021-04-21T12:00:00", expected: "12:00", next: False) [< 1 ms]
  Failed Maestro.MeteoRSI.Tests.IkonTextUnitTest.PrepareFiles_DefaultFileInput_CorrectSections(index: 0, title: "Situazione generale", subSectionCount: 1) [1 ms]
  Error Message:
   System.NullReferenceException : Object reference not set to an instance of an object.
  Stack Trace:
     at Maestro.Core.Helpers.XmlHelper.Serialize(XElement xml) in /Users/albayrme/Automation/maestro/Core/Maestro.Core/Helpers/XmlHelper.cs:line 54
   at Maestro.MeteoRSI.Application.MeteoRsi.CombineXml(List`1 files) in /Users/albayrme/Automation/maestro/Applications/MeteoRSI/MeteoRSI.Application/MeteoRSI.cs:line 39
   at Maestro.MeteoRSI.Application.IkonOutputText.CombineFiles(IList`1 files) in /Users/albayrme/Automation/maestro/Applications/MeteoRSI/MeteoRSI.Application/IkonOutputText.cs:line 179
   at Maestro.MeteoRSI.Application.IkonOutputText.PrepareFiles(IList`1 files, Ep1BuilderConverterConfig config) in /Users/albayrme/Automation/maestro/Applications/MeteoRSI/MeteoRSI.Application/IkonOutputText.cs:line 26
   at Maestro.MeteoRSI.Tests.IkonTextUnitTest.PrepareFiles_DefaultFileInput_CorrectSections(Int32 index, String title, Int32 subSectionCount) in /Users/albayrme/Automation/maestro/Applications/MeteoRSI/MeteoRSI.Tests/IkonTextUnitTest.cs:line 58
  Failed Maestro.MeteoRSI.Tests.GraphicalUnitTest.CreateGraphicalWeatherPages_DefaultFileInput_File_56_01(index: 17, regex: "^Max:\\s+15°CMax:\\s+14°CMax:\\s+17°C$") [1 ms]
  Error Message:
   System.NullReferenceException : Object reference not set to an instance of an object.
  Stack Trace:
     at Maestro.MeteoRSI.Application.MeteoRsiGraphic.CreateGraphicalWeatherPages(FileInfo fileInfo, Ep1BuilderConverterConfig config, Ep1BuilderConverterConfigFilter filter) in /Users/albayrme/Automation/maestro/Applications/MeteoRSI/MeteoRSI.Application/MeteoRsiGraphic.cs:line 24
   at Maestro.MeteoRSI.Tests.GraphicalUnitTest.CreateGraphicalWeatherPages_DefaultFileInput_File_56_01(Int32 index, String regex) in /Users/albayrme/Automation/maestro/Applications/MeteoRSI/MeteoRSI.Tests/GraphicalUnitTest.cs:line 70
  Failed Maestro.MeteoRSI.Tests.IkonTextUnitTest.PrepareFiles_DefaultFileInput_CorrectSections(index: 2, title: "Settore prealpino e padano", subSectionCount: 2) [5 ms]
  Error Message:
   System.NullReferenceException : Object reference not set to an instance of an object.
  Stack Trace:
     at Maestro.Core.Helpers.XmlHelper.Serialize(XElement xml) in /Users/albayrme/Automation/maestro/Core/Maestro.Core/Helpers/XmlHelper.cs:line 54
   at Maestro.MeteoRSI.Application.MeteoRsi.CombineXml(List`1 files) in /Users/albayrme/Automation/maestro/Applications/MeteoRSI/MeteoRSI.Application/MeteoRSI.cs:line 39
   at Maestro.MeteoRSI.Application.IkonOutputText.CombineFiles(IList`1 files) in /Users/albayrme/Automation/maestro/Applications/MeteoRSI/MeteoRSI.Application/IkonOutputText.cs:line 179
   at Maestro.MeteoRSI.Application.IkonOutputText.PrepareFiles(IList`1 files, Ep1BuilderConverterConfig config) in /Users/albayrme/Automation/maestro/Applications/MeteoRSI/MeteoRSI.Application/IkonOutputText.cs:line 26
   at Maestro.MeteoRSI.Tests.IkonTextUnitTest.PrepareFiles_DefaultFileInput_CorrectSections(Int32 index, String title, Int32 subSectionCount) in /Users/albayrme/Automation/maestro/Applications/MeteoRSI/MeteoRSI.Tests/IkonTextUnitTest.cs:line 58
  Failed Maestro.MeteoRSI.Tests.GraphicalUnitTest.CreateGraphicalWeatherPages_DefaultFileInput_File_56_01(index: 19, regex: "^$") [5 ms]
  Error Message:
   System.NullReferenceException : Object reference not set to an instance of an object.
  Stack Trace:
     at Maestro.MeteoRSI.Application.MeteoRsiGraphic.CreateGraphicalWeatherPages(FileInfo fileInfo, Ep1BuilderConverterConfig config, Ep1BuilderConverterConfigFilter filter) in /Users/albayrme/Automation/maestro/Applications/MeteoRSI/MeteoRSI.Application/MeteoRsiGraphic.cs:line 24
   at Maestro.MeteoRSI.Tests.GraphicalUnitTest.CreateGraphicalWeatherPages_DefaultFileInput_File_56_01(Int32 index, String regex) in /Users/albayrme/Automation/maestro/Applications/MeteoRSI/MeteoRSI.Tests/GraphicalUnitTest.cs:line 70
  Failed Maestro.MeteoRSI.Tests.GraphicalUnitTest.CreateGraphicalWeatherPages_DefaultFileInput_File_56_01(index: 2, regex: "^$") [< 1 ms]
  Error Message:
   System.NullReferenceException : Object reference not set to an instance of an object.
  Stack Trace:
     at Maestro.MeteoRSI.Application.MeteoRsiGraphic.CreateGraphicalWeatherPages(FileInfo fileInfo, Ep1BuilderConverterConfig config, Ep1BuilderConverterConfigFilter filter) in /Users/albayrme/Automation/maestro/Applications/MeteoRSI/MeteoRSI.Application/MeteoRsiGraphic.cs:line 24
   at Maestro.MeteoRSI.Tests.GraphicalUnitTest.CreateGraphicalWeatherPages_DefaultFileInput_File_56_01(Int32 index, String regex) in /Users/albayrme/Automation/maestro/Applications/MeteoRSI/MeteoRSI.Tests/GraphicalUnitTest.cs:line 70
[xUnit.net 00:00:02.23]     Maestro.MeteoRSI.Tests.GraphicalUnitTest.CreateGraphicalWeatherPages_DefaultFileInput_File_56_01(index: 7, regex: "^$") [FAIL]
[xUnit.net 00:00:02.23]       System.NullReferenceException : Object reference not set to an instance of an object.
[xUnit.net 00:00:02.23]       Stack Trace:
[xUnit.net 00:00:02.23]         /Users/albayrme/Automation/maestro/Applications/MeteoRSI/MeteoRSI.Application/MeteoRsiGraphic.cs(24,0): at Maestro.MeteoRSI.Application.MeteoRsiGraphic.CreateGraphicalWeatherPages(FileInfo fileInfo, Ep1BuilderConverterConfig config, Ep1BuilderConverterConfigFilter filter)
[xUnit.net 00:00:02.23]         /Users/albayrme/Automation/maestro/Applications/MeteoRSI/MeteoRSI.Tests/GraphicalUnitTest.cs(70,0): at Maestro.MeteoRSI.Tests.GraphicalUnitTest.CreateGraphicalWeatherPages_DefaultFileInput_File_56_01(Int32 index, String regex)
[xUnit.net 00:00:02.23]     Maestro.MeteoRSI.Tests.GraphicalUnitTest.CreateGraphicalWeatherPages_DefaultFileInput_File_56_01(index: 5, regex: "^Martedì\\s+Mercoledì\\s+Giovedì$") [FAIL]
[xUnit.net 00:00:02.23]       System.NullReferenceException : Object reference not set to an instance of an object.
[xUnit.net 00:00:02.23]       Stack Trace:
[xUnit.net 00:00:02.23]         /Users/albayrme/Automation/maestro/Applications/MeteoRSI/MeteoRSI.Application/MeteoRsiGraphic.cs(24,0): at Maestro.MeteoRSI.Application.MeteoRsiGraphic.CreateGraphicalWeatherPages(FileInfo fileInfo, Ep1BuilderConverterConfig config, Ep1BuilderConverterConfigFilter filter)
[xUnit.net 00:00:02.23]         /Users/albayrme/Automation/maestro/Applications/MeteoRSI/MeteoRSI.Tests/GraphicalUnitTest.cs(70,0): at Maestro.MeteoRSI.Tests.GraphicalUnitTest.CreateGraphicalWeatherPages_DefaultFileInput_File_56_01(Int32 index, String regex)
[xUnit.net 00:00:02.23]     Maestro.MeteoRSI.Tests.GraphicalUnitTest.CreateGraphicalWeatherPages_DefaultFileInput_File_56_01(index: 14, regex: "^Nuvoloso\\s+Nuvoloso\\s+Nuvoloso$") [FAIL]
[xUnit.net 00:00:02.23]       System.NullReferenceException : Object reference not set to an instance of an object.
[xUnit.net 00:00:02.23]       Stack Trace:
[xUnit.net 00:00:02.23]         /Users/albayrme/Automation/maestro/Applications/MeteoRSI/MeteoRSI.Application/MeteoRsiGraphic.cs(24,0): at Maestro.MeteoRSI.Application.MeteoRsiGraphic.CreateGraphicalWeatherPages(FileInfo fileInfo, Ep1BuilderConverterConfig config, Ep1BuilderConverterConfigFilter filter)
[xUnit.net 00:00:02.23]         /Users/albayrme/Automation/maestro/Applications/MeteoRSI/MeteoRSI.Tests/GraphicalUnitTest.cs(70,0): at Maestro.MeteoRSI.Tests.GraphicalUnitTest.CreateGraphicalWeatherPages_DefaultFileInput_File_56_01(Int32 index, String regex)
[xUnit.net 00:00:02.23]     Maestro.MeteoRSI.Tests.GraphicalUnitTest.CreateGraphicalWeatherPages_DefaultFileInput_File_56_01(index: 8, regex: "^$") [FAIL]
[xUnit.net 00:00:02.23]       System.NullReferenceException : Object reference not set to an instance of an object.
[xUnit.net 00:00:02.23]       Stack Trace:
[xUnit.net 00:00:02.23]         /Users/albayrme/Automation/maestro/Applications/MeteoRSI/MeteoRSI.Application/MeteoRsiGraphic.cs(24,0): at Maestro.MeteoRSI.Application.MeteoRsiGraphic.CreateGraphicalWeatherPages(FileInfo fileInfo, Ep1BuilderConverterConfig config, Ep1BuilderConverterConfigFilter filter)
[xUnit.net 00:00:02.23]         /Users/albayrme/Automation/maestro/Applications/MeteoRSI/MeteoRSI.Tests/GraphicalUnitTest.cs(70,0): at Maestro.MeteoRSI.Tests.GraphicalUnitTest.CreateGraphicalWeatherPages_DefaultFileInput_File_56_01(Int32 index, String regex)
[xUnit.net 00:00:02.23]     Maestro.MeteoRSI.Tests.GraphicalUnitTest.CreateGraphicalWeatherPages_DefaultFileInput_File_56_01(index: 20, regex: "^$") [FAIL]
[xUnit.net 00:00:02.23]       System.NullReferenceException : Object reference not set to an instance of an object.
[xUnit.net 00:00:02.23]       Stack Trace:
[xUnit.net 00:00:02.23]         /Users/albayrme/Automation/maestro/Applications/MeteoRSI/MeteoRSI.Application/MeteoRsiGraphic.cs(24,0): at Maestro.MeteoRSI.Application.MeteoRsiGraphic.CreateGraphicalWeatherPages(FileInfo fileInfo, Ep1BuilderConverterConfig config, Ep1BuilderConverterConfigFilter filter)
[xUnit.net 00:00:02.23]         /Users/albayrme/Automation/maestro/Applications/MeteoRSI/MeteoRSI.Tests/GraphicalUnitTest.cs(70,0): at Maestro.MeteoRSI.Tests.GraphicalUnitTest.CreateGraphicalWeatherPages_DefaultFileInput_File_56_01(Int32 index, String regex)
[xUnit.net 00:00:02.23]     Maestro.MeteoRSI.Tests.GraphicalUnitTest.CreateGraphicalWeatherPages_DefaultFileInput_File_56_01(index: 21, regex: "^Fonte: MeteoSvizzera$") [FAIL]
[xUnit.net 00:00:02.23]       System.NullReferenceException : Object reference not set to an instance of an object.
[xUnit.net 00:00:02.23]       Stack Trace:
[xUnit.net 00:00:02.23]         /Users/albayrme/Automation/maestro/Applications/MeteoRSI/MeteoRSI.Application/MeteoRsiGraphic.cs(24,0): at Maestro.MeteoRSI.Application.MeteoRsiGraphic.CreateGraphicalWeatherPages(FileInfo fileInfo, Ep1BuilderConverterConfig config, Ep1BuilderConverterConfigFilter filter)
[xUnit.net 00:00:02.23]         /Users/albayrme/Automation/maestro/Applications/MeteoRSI/MeteoRSI.Tests/GraphicalUnitTest.cs(70,0): at Maestro.MeteoRSI.Tests.GraphicalUnitTest.CreateGraphicalWeatherPages_DefaultFileInput_File_56_01(Int32 index, String regex)
[xUnit.net 00:00:02.23]     Maestro.MeteoRSI.Tests.GraphicalUnitTest.CreateGraphicalWeatherPages_DefaultFileInput_File_56_01(index: 6, regex: "^------------------------------------$") [FAIL]
[xUnit.net 00:00:02.23]       System.NullReferenceException : Object reference not set to an instance of an object.
[xUnit.net 00:00:02.23]       Stack Trace:
[xUnit.net 00:00:02.23]         /Users/albayrme/Automation/maestro/Applications/MeteoRSI/MeteoRSI.Application/MeteoRsiGraphic.cs(24,0): at Maestro.MeteoRSI.Application.MeteoRsiGraphic.CreateGraphicalWeatherPages(FileInfo fileInfo, Ep1BuilderConverterConfig config, Ep1BuilderConverterConfigFilter filter)
[xUnit.net 00:00:02.23]         /Users/albayrme/Automation/maestro/Applications/MeteoRSI/MeteoRSI.Tests/GraphicalUnitTest.cs(70,0): at Maestro.MeteoRSI.Tests.GraphicalUnitTest.CreateGraphicalWeatherPages_DefaultFileInput_File_56_01(Int32 index, String regex)
[xUnit.net 00:00:02.24]     Maestro.MeteoRSI.Tests.GraphicalUnitTest.CreateGraphicalWeatherPages_DefaultFileInput_File_56_01(index: 18, regex: "^$") [FAIL]
[xUnit.net 00:00:02.24]       System.NullReferenceException : Object reference not set to an instance of an object.
[xUnit.net 00:00:02.24]       Stack Trace:
[xUnit.net 00:00:02.24]         /Users/albayrme/Automation/maestro/Applications/MeteoRSI/MeteoRSI.Application/MeteoRsiGraphic.cs(24,0): at Maestro.MeteoRSI.Application.MeteoRsiGraphic.CreateGraphicalWeatherPages(FileInfo fileInfo, Ep1BuilderConverterConfig config, Ep1BuilderConverterConfigFilter filter)
[xUnit.net 00:00:02.24]         /Users/albayrme/Automation/maestro/Applications/MeteoRSI/MeteoRSI.Tests/GraphicalUnitTest.cs(70,0): at Maestro.MeteoRSI.Tests.GraphicalUnitTest.CreateGraphicalWeatherPages_DefaultFileInput_File_56_01(Int32 index, String regex)
[xUnit.net 00:00:02.24]     Maestro.MeteoRSI.Tests.GraphicalUnitTest.CreateGraphicalWeatherPages_DefaultFileInput_File_56_01(index: 3, regex: "^Sud delle Alpi e Insubria$") [FAIL]
[xUnit.net 00:00:02.24]       System.NullReferenceException : Object reference not set to an instance of an object.
[xUnit.net 00:00:02.24]       Stack Trace:
[xUnit.net 00:00:02.24]         /Users/albayrme/Automation/maestro/Applications/MeteoRSI/MeteoRSI.Application/MeteoRsiGraphic.cs(24,0): at Maestro.MeteoRSI.Application.MeteoRsiGraphic.CreateGraphicalWeatherPages(FileInfo fileInfo, Ep1BuilderConverterConfig config, Ep1BuilderConverterConfigFilter filter)
[xUnit.net 00:00:02.24]         /Users/albayrme/Automation/maestro/Applications/MeteoRSI/MeteoRSI.Tests/GraphicalUnitTest.cs(70,0): at Maestro.MeteoRSI.Tests.GraphicalUnitTest.CreateGraphicalWeatherPages_DefaultFileInput_File_56_01(Int32 index, String regex)
  Failed Maestro.MeteoRSI.Tests.GraphicalUnitTest.CreateGraphicalWeatherPages_DefaultFileInput_File_56_01(index: 7, regex: "^$") [1 ms]
  Error Message:
   System.NullReferenceException : Object reference not set to an instance of an object.
  Stack Trace:
     at Maestro.MeteoRSI.Application.MeteoRsiGraphic.CreateGraphicalWeatherPages(FileInfo fileInfo, Ep1BuilderConverterConfig config, Ep1BuilderConverterConfigFilter filter) in /Users/albayrme/Automation/maestro/Applications/MeteoRSI/MeteoRSI.Application/MeteoRsiGraphic.cs:line 24
   at Maestro.MeteoRSI.Tests.GraphicalUnitTest.CreateGraphicalWeatherPages_DefaultFileInput_File_56_01(Int32 index, String regex) in /Users/albayrme/Automation/maestro/Applications/MeteoRSI/MeteoRSI.Tests/GraphicalUnitTest.cs:line 70
  Failed Maestro.MeteoRSI.Tests.GraphicalUnitTest.CreateGraphicalWeatherPages_DefaultFileInput_File_56_01(index: 5, regex: "^Martedì\\s+Mercoledì\\s+Giovedì$") [1 ms]
  Error Message:
   System.NullReferenceException : Object reference not set to an instance of an object.
  Stack Trace:
     at Maestro.MeteoRSI.Application.MeteoRsiGraphic.CreateGraphicalWeatherPages(FileInfo fileInfo, Ep1BuilderConverterConfig config, Ep1BuilderConverterConfigFilter filter) in /Users/albayrme/Automation/maestro/Applications/MeteoRSI/MeteoRSI.Application/MeteoRsiGraphic.cs:line 24
   at Maestro.MeteoRSI.Tests.GraphicalUnitTest.CreateGraphicalWeatherPages_DefaultFileInput_File_56_01(Int32 index, String regex) in /Users/albayrme/Automation/maestro/Applications/MeteoRSI/MeteoRSI.Tests/GraphicalUnitTest.cs:line 70
  Failed Maestro.MeteoRSI.Tests.GraphicalUnitTest.CreateGraphicalWeatherPages_DefaultFileInput_File_56_01(index: 14, regex: "^Nuvoloso\\s+Nuvoloso\\s+Nuvoloso$") [1 ms]
  Error Message:
   System.NullReferenceException : Object reference not set to an instance of an object.
  Stack Trace:
     at Maestro.MeteoRSI.Application.MeteoRsiGraphic.CreateGraphicalWeatherPages(FileInfo fileInfo, Ep1BuilderConverterConfig config, Ep1BuilderConverterConfigFilter filter) in /Users/albayrme/Automation/maestro/Applications/MeteoRSI/MeteoRSI.Application/MeteoRsiGraphic.cs:line 24
   at Maestro.MeteoRSI.Tests.GraphicalUnitTest.CreateGraphicalWeatherPages_DefaultFileInput_File_56_01(Int32 index, String regex) in /Users/albayrme/Automation/maestro/Applications/MeteoRSI/MeteoRSI.Tests/GraphicalUnitTest.cs:line 70
  Failed Maestro.MeteoRSI.Tests.GraphicalUnitTest.CreateGraphicalWeatherPages_DefaultFileInput_File_56_01(index: 8, regex: "^$") [1 ms]
  Error Message:
   System.NullReferenceException : Object reference not set to an instance of an object.
  Stack Trace:
     at Maestro.MeteoRSI.Application.MeteoRsiGraphic.CreateGraphicalWeatherPages(FileInfo fileInfo, Ep1BuilderConverterConfig config, Ep1BuilderConverterConfigFilter filter) in /Users/albayrme/Automation/maestro/Applications/MeteoRSI/MeteoRSI.Application/MeteoRsiGraphic.cs:line 24
   at Maestro.MeteoRSI.Tests.GraphicalUnitTest.CreateGraphicalWeatherPages_DefaultFileInput_File_56_01(Int32 index, String regex) in /Users/albayrme/Automation/maestro/Applications/MeteoRSI/MeteoRSI.Tests/GraphicalUnitTest.cs:line 70
  Failed Maestro.MeteoRSI.Tests.GraphicalUnitTest.CreateGraphicalWeatherPages_DefaultFileInput_File_56_01(index: 20, regex: "^$") [< 1 ms]
  Error Message:
   System.NullReferenceException : Object reference not set to an instance of an object.
  Stack Trace:
     at Maestro.MeteoRSI.Application.MeteoRsiGraphic.CreateGraphicalWeatherPages(FileInfo fileInfo, Ep1BuilderConverterConfig config, Ep1BuilderConverterConfigFilter filter) in /Users/albayrme/Automation/maestro/Applications/MeteoRSI/MeteoRSI.Application/MeteoRsiGraphic.cs:line 24
   at Maestro.MeteoRSI.Tests.GraphicalUnitTest.CreateGraphicalWeatherPages_DefaultFileInput_File_56_01(Int32 index, String regex) in /Users/albayrme/Automation/maestro/Applications/MeteoRSI/MeteoRSI.Tests/GraphicalUnitTest.cs:line 70
  Failed Maestro.MeteoRSI.Tests.GraphicalUnitTest.CreateGraphicalWeatherPages_DefaultFileInput_File_56_01(index: 21, regex: "^Fonte: MeteoSvizzera$") [< 1 ms]
  Error Message:
   System.NullReferenceException : Object reference not set to an instance of an object.
  Stack Trace:
     at Maestro.MeteoRSI.Application.MeteoRsiGraphic.CreateGraphicalWeatherPages(FileInfo fileInfo, Ep1BuilderConverterConfig config, Ep1BuilderConverterConfigFilter filter) in /Users/albayrme/Automation/maestro/Applications/MeteoRSI/MeteoRSI.Application/MeteoRsiGraphic.cs:line 24
   at Maestro.MeteoRSI.Tests.GraphicalUnitTest.CreateGraphicalWeatherPages_DefaultFileInput_File_56_01(Int32 index, String regex) in /Users/albayrme/Automation/maestro/Applications/MeteoRSI/MeteoRSI.Tests/GraphicalUnitTest.cs:line 70
  Failed Maestro.MeteoRSI.Tests.GraphicalUnitTest.CreateGraphicalWeatherPages_DefaultFileInput_File_56_01(index: 6, regex: "^------------------------------------$") [< 1 ms]
  Error Message:
   System.NullReferenceException : Object reference not set to an instance of an object.
  Stack Trace:
     at Maestro.MeteoRSI.Application.MeteoRsiGraphic.CreateGraphicalWeatherPages(FileInfo fileInfo, Ep1BuilderConverterConfig config, Ep1BuilderConverterConfigFilter filter) in /Users/albayrme/Automation/maestro/Applications/MeteoRSI/MeteoRSI.Application/MeteoRsiGraphic.cs:line 24
   at Maestro.MeteoRSI.Tests.GraphicalUnitTest.CreateGraphicalWeatherPages_DefaultFileInput_File_56_01(Int32 index, String regex) in /Users/albayrme/Automation/maestro/Applications/MeteoRSI/MeteoRSI.Tests/GraphicalUnitTest.cs:line 70
  Failed Maestro.MeteoRSI.Tests.GraphicalUnitTest.CreateGraphicalWeatherPages_DefaultFileInput_File_56_01(index: 18, regex: "^$") [< 1 ms]
  Error Message:
   System.NullReferenceException : Object reference not set to an instance of an object.
  Stack Trace:
     at Maestro.MeteoRSI.Application.MeteoRsiGraphic.CreateGraphicalWeatherPages(FileInfo fileInfo, Ep1BuilderConverterConfig config, Ep1BuilderConverterConfigFilter filter) in /Users/albayrme/Automation/maestro/Applications/MeteoRSI/MeteoRSI.Application/MeteoRsiGraphic.cs:line 24
   at Maestro.MeteoRSI.Tests.GraphicalUnitTest.CreateGraphicalWeatherPages_DefaultFileInput_File_56_01(Int32 index, String regex) in /Users/albayrme/Automation/maestro/Applications/MeteoRSI/MeteoRSI.Tests/GraphicalUnitTest.cs:line 70
  Failed Maestro.MeteoRSI.Tests.GraphicalUnitTest.CreateGraphicalWeatherPages_DefaultFileInput_File_56_01(index: 3, regex: "^Sud delle Alpi e Insubria$") [< 1 ms]
  Error Message:
   System.NullReferenceException : Object reference not set to an instance of an object.
  Stack Trace:
     at Maestro.MeteoRSI.Application.MeteoRsiGraphic.CreateGraphicalWeatherPages(FileInfo fileInfo, Ep1BuilderConverterConfig config, Ep1BuilderConverterConfigFilter filter) in /Users/albayrme/Automation/maestro/Applications/MeteoRSI/MeteoRSI.Application/MeteoRsiGraphic.cs:line 24
   at Maestro.MeteoRSI.Tests.GraphicalUnitTest.CreateGraphicalWeatherPages_DefaultFileInput_File_56_01(Int32 index, String regex) in /Users/albayrme/Automation/maestro/Applications/MeteoRSI/MeteoRSI.Tests/GraphicalUnitTest.cs:line 70
[xUnit.net 00:00:02.24]     Maestro.MeteoRSI.Tests.GraphicalUnitTest.CreateGraphicalWeatherPages_DefaultFileInput_File_56_01(index: 11, regex: "^$") [FAIL]
[xUnit.net 00:00:02.24]       System.NullReferenceException : Object reference not set to an instance of an object.
[xUnit.net 00:00:02.24]       Stack Trace:
[xUnit.net 00:00:02.24]         /Users/albayrme/Automation/maestro/Applications/MeteoRSI/MeteoRSI.Application/MeteoRsiGraphic.cs(24,0): at Maestro.MeteoRSI.Application.MeteoRsiGraphic.CreateGraphicalWeatherPages(FileInfo fileInfo, Ep1BuilderConverterConfig config, Ep1BuilderConverterConfigFilter filter)
[xUnit.net 00:00:02.24]         /Users/albayrme/Automation/maestro/Applications/MeteoRSI/MeteoRSI.Tests/GraphicalUnitTest.cs(70,0): at Maestro.MeteoRSI.Tests.GraphicalUnitTest.CreateGraphicalWeatherPages_DefaultFileInput_File_56_01(Int32 index, String regex)
[xUnit.net 00:00:02.24]     Maestro.MeteoRSI.Tests.GraphicalUnitTest.CreateGraphicalWeatherPages_DefaultFileInput_File_56_01(index: 0, regex: "^$") [FAIL]
[xUnit.net 00:00:02.24]       System.NullReferenceException : Object reference not set to an instance of an object.
[xUnit.net 00:00:02.24]       Stack Trace:
[xUnit.net 00:00:02.24]         /Users/albayrme/Automation/maestro/Applications/MeteoRSI/MeteoRSI.Application/MeteoRsiGraphic.cs(24,0): at Maestro.MeteoRSI.Application.MeteoRsiGraphic.CreateGraphicalWeatherPages(FileInfo fileInfo, Ep1BuilderConverterConfig config, Ep1BuilderConverterConfigFilter filter)
[xUnit.net 00:00:02.24]         /Users/albayrme/Automation/maestro/Applications/MeteoRSI/MeteoRSI.Tests/GraphicalUnitTest.cs(70,0): at Maestro.MeteoRSI.Tests.GraphicalUnitTest.CreateGraphicalWeatherPages_DefaultFileInput_File_56_01(Int32 index, String regex)
[xUnit.net 00:00:02.24]     Maestro.MeteoRSI.Tests.GraphicalUnitTest.CreateGraphicalWeatherPages_DefaultFileInput_File_56_01(index: 4, regex: "^$") [FAIL]
[xUnit.net 00:00:02.24]       System.NullReferenceException : Object reference not set to an instance of an object.
[xUnit.net 00:00:02.24]       Stack Trace:
[xUnit.net 00:00:02.24]         /Users/albayrme/Automation/maestro/Applications/MeteoRSI/MeteoRSI.Application/MeteoRsiGraphic.cs(24,0): at Maestro.MeteoRSI.Application.MeteoRsiGraphic.CreateGraphicalWeatherPages(FileInfo fileInfo, Ep1BuilderConverterConfig config, Ep1BuilderConverterConfigFilter filter)
[xUnit.net 00:00:02.24]         /Users/albayrme/Automation/maestro/Applications/MeteoRSI/MeteoRSI.Tests/GraphicalUnitTest.cs(70,0): at Maestro.MeteoRSI.Tests.GraphicalUnitTest.CreateGraphicalWeatherPages_DefaultFileInput_File_56_01(Int32 index, String regex)
[xUnit.net 00:00:02.24]     Maestro.MeteoRSI.Tests.GraphicalUnitTest.CreateGraphicalWeatherPages_DefaultFileInput_File_56_01(index: 12, regex: "^$") [FAIL]
[xUnit.net 00:00:02.24]       System.NullReferenceException : Object reference not set to an instance of an object.
[xUnit.net 00:00:02.24]       Stack Trace:
[xUnit.net 00:00:02.24]         /Users/albayrme/Automation/maestro/Applications/MeteoRSI/MeteoRSI.Application/MeteoRsiGraphic.cs(24,0): at Maestro.MeteoRSI.Application.MeteoRsiGraphic.CreateGraphicalWeatherPages(FileInfo fileInfo, Ep1BuilderConverterConfig config, Ep1BuilderConverterConfigFilter filter)
[xUnit.net 00:00:02.24]         /Users/albayrme/Automation/maestro/Applications/MeteoRSI/MeteoRSI.Tests/GraphicalUnitTest.cs(70,0): at Maestro.MeteoRSI.Tests.GraphicalUnitTest.CreateGraphicalWeatherPages_DefaultFileInput_File_56_01(Int32 index, String regex)
[xUnit.net 00:00:02.24]     Maestro.MeteoRSI.Tests.GraphicalUnitTest.CreateGraphicalWeatherPages_DefaultFileInput_File_56_01(index: 9, regex: "^$") [FAIL]
[xUnit.net 00:00:02.24]       System.NullReferenceException : Object reference not set to an instance of an object.
[xUnit.net 00:00:02.24]       Stack Trace:
[xUnit.net 00:00:02.24]         /Users/albayrme/Automation/maestro/Applications/MeteoRSI/MeteoRSI.Application/MeteoRsiGraphic.cs(24,0): at Maestro.MeteoRSI.Application.MeteoRsiGraphic.CreateGraphicalWeatherPages(FileInfo fileInfo, Ep1BuilderConverterConfig config, Ep1BuilderConverterConfigFilter filter)
[xUnit.net 00:00:02.24]         /Users/albayrme/Automation/maestro/Applications/MeteoRSI/MeteoRSI.Tests/GraphicalUnitTest.cs(70,0): at Maestro.MeteoRSI.Tests.GraphicalUnitTest.CreateGraphicalWeatherPages_DefaultFileInput_File_56_01(Int32 index, String regex)
[xUnit.net 00:00:02.24]     Maestro.MeteoRSI.Tests.GraphicalUnitTest.CreateGraphicalWeatherPages_DefaultFileInput_File_56_01(index: 15, regex: "^$") [FAIL]
[xUnit.net 00:00:02.24]       System.NullReferenceException : Object reference not set to an instance of an object.
[xUnit.net 00:00:02.24]       Stack Trace:
[xUnit.net 00:00:02.24]         /Users/albayrme/Automation/maestro/Applications/MeteoRSI/MeteoRSI.Application/MeteoRsiGraphic.cs(24,0): at Maestro.MeteoRSI.Application.MeteoRsiGraphic.CreateGraphicalWeatherPages(FileInfo fileInfo, Ep1BuilderConverterConfig config, Ep1BuilderConverterConfigFilter filter)
[xUnit.net 00:00:02.24]         /Users/albayrme/Automation/maestro/Applications/MeteoRSI/MeteoRSI.Tests/GraphicalUnitTest.cs(70,0): at Maestro.MeteoRSI.Tests.GraphicalUnitTest.CreateGraphicalWeatherPages_DefaultFileInput_File_56_01(Int32 index, String regex)
[xUnit.net 00:00:02.24]     Maestro.MeteoRSI.Tests.TextHelperUnitTests.GetRecordData_DefaultInputTypeUnitProp_UnitPropFromRecord(property: "IsoTherm", synop: 6760, file: "VOOH25", resultUnit: "m", resultValue: "1800") [FAIL]
[xUnit.net 00:00:02.24]       System.InvalidOperationException : There is an error in XML document (1, 40).
[xUnit.net 00:00:02.24]       ---- System.InvalidOperationException : <xml xmlns='http://www.meteosvizzera.ch/rsi/VOFH08'> was not expected.
[xUnit.net 00:00:02.24]       Stack Trace:
[xUnit.net 00:00:02.24]            at System.Xml.Serialization.XmlSerializer.Deserialize(XmlReader xmlReader, String encodingStyle, XmlDeserializationEvents events)
[xUnit.net 00:00:02.24]            at System.Xml.Serialization.XmlSerializer.Deserialize(TextReader textReader)
[xUnit.net 00:00:02.24]         /Users/albayrme/Automation/maestro/Core/Maestro.Core/Helpers/XmlHelper.cs(37,0): at Maestro.Core.Helpers.XmlHelper.Deserialize[T](String content)
[xUnit.net 00:00:02.24]         /Users/albayrme/Automation/maestro/Applications/MeteoRSI/MeteoRSI.Tests/TextHelperUnitTests.cs(80,0): at Maestro.MeteoRSI.Tests.TextHelperUnitTests.GetRecordData_DefaultInputTypeUnitProp_UnitPropFromRecord(String property, Int32 synop, String file, String resultUnit, String resultValue)
[xUnit.net 00:00:02.24]         ----- Inner Stack Trace -----
[xUnit.net 00:00:02.24]            at Microsoft.Xml.Serialization.GeneratedAssembly.XmlSerializationReaderWeatherRecords.Read9_xml()
[xUnit.net 00:00:02.24]     Maestro.MeteoRSI.Tests.TextUnitTests.CreateTextWeatherPages_DefaultFileInput_File_52_01(index: 17, regex: "^[a-zA-Z0-9àèéìòóù°_\\-\\[\\.]*") [FAIL]
[xUnit.net 00:00:02.24]       System.Exception : File combinedText.xml is in the wrong format. It should be of type WeatherRecords.
[xUnit.net 00:00:02.24]       ---- System.InvalidOperationException : There is an error in XML document (1, 40).
[xUnit.net 00:00:02.24]       -------- System.InvalidOperationException : <xml xmlns='http://www.meteosvizzera.ch/rsi/VOFH08'> was not expected.
[xUnit.net 00:00:02.24]       Stack Trace:
[xUnit.net 00:00:02.24]         /Users/albayrme/Automation/maestro/Applications/MeteoRSI/MeteoRSI.Application/MetoRsiText.cs(61,0): at Maestro.MeteoRSI.Application.MetoRsiText.CreateTextWeatherPages(FileInfo fileInfo, Ep1BuilderConverterConfig config, Ep1BuilderConverterConfigFilter filter)
[xUnit.net 00:00:02.24]         /Users/albayrme/Automation/maestro/Applications/MeteoRSI/MeteoRSI.Tests/TextUnitTests.cs(228,0): at Maestro.MeteoRSI.Tests.TextUnitTests.CreateTextWeatherPages_DefaultFileInput_File_52_01(Int32 index, String regex)
[xUnit.net 00:00:02.24]         ----- Inner Stack Trace -----
[xUnit.net 00:00:02.24]            at System.Xml.Serialization.XmlSerializer.Deserialize(XmlReader xmlReader, String encodingStyle, XmlDeserializationEvents events)
[xUnit.net 00:00:02.24]            at System.Xml.Serialization.XmlSerializer.Deserialize(TextReader textReader)
[xUnit.net 00:00:02.24]         /Users/albayrme/Automation/maestro/Core/Maestro.Core/Helpers/XmlHelper.cs(37,0): at Maestro.Core.Helpers.XmlHelper.Deserialize[T](String content)
[xUnit.net 00:00:02.24]         /Users/albayrme/Automation/maestro/Applications/MeteoRSI/MeteoRSI.Application/MetoRsiText.cs(31,0): at Maestro.MeteoRSI.Application.MetoRsiText.CreateTextWeatherPages(FileInfo fileInfo, Ep1BuilderConverterConfig config, Ep1BuilderConverterConfigFilter filter)
[xUnit.net 00:00:02.24]         ----- Inner Stack Trace -----
[xUnit.net 00:00:02.24]            at Microsoft.Xml.Serialization.GeneratedAssembly.XmlSerializationReaderWeatherRecords.Read9_xml()
  Failed Maestro.MeteoRSI.Tests.GraphicalUnitTest.CreateGraphicalWeatherPages_DefaultFileInput_File_56_01(index: 11, regex: "^$") [< 1 ms]
  Error Message:
   System.NullReferenceException : Object reference not set to an instance of an object.
  Stack Trace:
     at Maestro.MeteoRSI.Application.MeteoRsiGraphic.CreateGraphicalWeatherPages(FileInfo fileInfo, Ep1BuilderConverterConfig config, Ep1BuilderConverterConfigFilter filter) in /Users/albayrme/Automation/maestro/Applications/MeteoRSI/MeteoRSI.Application/MeteoRsiGraphic.cs:line 24
   at Maestro.MeteoRSI.Tests.GraphicalUnitTest.CreateGraphicalWeatherPages_DefaultFileInput_File_56_01(Int32 index, String regex) in /Users/albayrme/Automation/maestro/Applications/MeteoRSI/MeteoRSI.Tests/GraphicalUnitTest.cs:line 70
  Failed Maestro.MeteoRSI.Tests.GraphicalUnitTest.CreateGraphicalWeatherPages_DefaultFileInput_File_56_01(index: 0, regex: "^$") [< 1 ms]
  Error Message:
   System.NullReferenceException : Object reference not set to an instance of an object.
  Stack Trace:
     at Maestro.MeteoRSI.Application.MeteoRsiGraphic.CreateGraphicalWeatherPages(FileInfo fileInfo, Ep1BuilderConverterConfig config, Ep1BuilderConverterConfigFilter filter) in /Users/albayrme/Automation/maestro/Applications/MeteoRSI/MeteoRSI.Application/MeteoRsiGraphic.cs:line 24
   at Maestro.MeteoRSI.Tests.GraphicalUnitTest.CreateGraphicalWeatherPages_DefaultFileInput_File_56_01(Int32 index, String regex) in /Users/albayrme/Automation/maestro/Applications/MeteoRSI/MeteoRSI.Tests/GraphicalUnitTest.cs:line 70
  Failed Maestro.MeteoRSI.Tests.GraphicalUnitTest.CreateGraphicalWeatherPages_DefaultFileInput_File_56_01(index: 4, regex: "^$") [< 1 ms]
  Error Message:
   System.NullReferenceException : Object reference not set to an instance of an object.
  Stack Trace:
     at Maestro.MeteoRSI.Application.MeteoRsiGraphic.CreateGraphicalWeatherPages(FileInfo fileInfo, Ep1BuilderConverterConfig config, Ep1BuilderConverterConfigFilter filter) in /Users/albayrme/Automation/maestro/Applications/MeteoRSI/MeteoRSI.Application/MeteoRsiGraphic.cs:line 24
   at Maestro.MeteoRSI.Tests.GraphicalUnitTest.CreateGraphicalWeatherPages_DefaultFileInput_File_56_01(Int32 index, String regex) in /Users/albayrme/Automation/maestro/Applications/MeteoRSI/MeteoRSI.Tests/GraphicalUnitTest.cs:line 70
  Failed Maestro.MeteoRSI.Tests.GraphicalUnitTest.CreateGraphicalWeatherPages_DefaultFileInput_File_56_01(index: 12, regex: "^$") [< 1 ms]
  Error Message:
   System.NullReferenceException : Object reference not set to an instance of an object.
  Stack Trace:
     at Maestro.MeteoRSI.Application.MeteoRsiGraphic.CreateGraphicalWeatherPages(FileInfo fileInfo, Ep1BuilderConverterConfig config, Ep1BuilderConverterConfigFilter filter) in /Users/albayrme/Automation/maestro/Applications/MeteoRSI/MeteoRSI.Application/MeteoRsiGraphic.cs:line 24
   at Maestro.MeteoRSI.Tests.GraphicalUnitTest.CreateGraphicalWeatherPages_DefaultFileInput_File_56_01(Int32 index, String regex) in /Users/albayrme/Automation/maestro/Applications/MeteoRSI/MeteoRSI.Tests/GraphicalUnitTest.cs:line 70
  Failed Maestro.MeteoRSI.Tests.GraphicalUnitTest.CreateGraphicalWeatherPages_DefaultFileInput_File_56_01(index: 9, regex: "^$") [1 ms]
  Error Message:
   System.NullReferenceException : Object reference not set to an instance of an object.
  Stack Trace:
     at Maestro.MeteoRSI.Application.MeteoRsiGraphic.CreateGraphicalWeatherPages(FileInfo fileInfo, Ep1BuilderConverterConfig config, Ep1BuilderConverterConfigFilter filter) in /Users/albayrme/Automation/maestro/Applications/MeteoRSI/MeteoRSI.Application/MeteoRsiGraphic.cs:line 24
   at Maestro.MeteoRSI.Tests.GraphicalUnitTest.CreateGraphicalWeatherPages_DefaultFileInput_File_56_01(Int32 index, String regex) in /Users/albayrme/Automation/maestro/Applications/MeteoRSI/MeteoRSI.Tests/GraphicalUnitTest.cs:line 70
  Failed Maestro.MeteoRSI.Tests.GraphicalUnitTest.CreateGraphicalWeatherPages_DefaultFileInput_File_56_01(index: 15, regex: "^$") [< 1 ms]
  Error Message:
   System.NullReferenceException : Object reference not set to an instance of an object.
  Stack Trace:
     at Maestro.MeteoRSI.Application.MeteoRsiGraphic.CreateGraphicalWeatherPages(FileInfo fileInfo, Ep1BuilderConverterConfig config, Ep1BuilderConverterConfigFilter filter) in /Users/albayrme/Automation/maestro/Applications/MeteoRSI/MeteoRSI.Application/MeteoRsiGraphic.cs:line 24
   at Maestro.MeteoRSI.Tests.GraphicalUnitTest.CreateGraphicalWeatherPages_DefaultFileInput_File_56_01(Int32 index, String regex) in /Users/albayrme/Automation/maestro/Applications/MeteoRSI/MeteoRSI.Tests/GraphicalUnitTest.cs:line 70
  Failed Maestro.MeteoRSI.Tests.TextHelperUnitTests.GetRecordData_DefaultInputTypeUnitProp_UnitPropFromRecord(property: "IsoTherm", synop: 6760, file: "VOOH25", resultUnit: "m", resultValue: "1800") [25 ms]
  Error Message:
   System.InvalidOperationException : There is an error in XML document (1, 40).
---- System.InvalidOperationException : <xml xmlns='http://www.meteosvizzera.ch/rsi/VOFH08'> was not expected.
  Stack Trace:
     at System.Xml.Serialization.XmlSerializer.Deserialize(XmlReader xmlReader, String encodingStyle, XmlDeserializationEvents events)
   at System.Xml.Serialization.XmlSerializer.Deserialize(TextReader textReader)
   at Maestro.Core.Helpers.XmlHelper.Deserialize[T](String content) in /Users/albayrme/Automation/maestro/Core/Maestro.Core/Helpers/XmlHelper.cs:line 37
   at Maestro.MeteoRSI.Tests.TextHelperUnitTests.GetRecordData_DefaultInputTypeUnitProp_UnitPropFromRecord(String property, Int32 synop, String file, String resultUnit, String resultValue) in /Users/albayrme/Automation/maestro/Applications/MeteoRSI/MeteoRSI.Tests/TextHelperUnitTests.cs:line 80
----- Inner Stack Trace -----
   at Microsoft.Xml.Serialization.GeneratedAssembly.XmlSerializationReaderWeatherRecords.Read9_xml()
  Failed Maestro.MeteoRSI.Tests.TextUnitTests.CreateTextWeatherPages_DefaultFileInput_File_52_01(index: 17, regex: "^[a-zA-Z0-9àèéìòóù°_\\-\\[\\.]*") [294 ms]
  Error Message:
   System.Exception : File combinedText.xml is in the wrong format. It should be of type WeatherRecords.
---- System.InvalidOperationException : There is an error in XML document (1, 40).
-------- System.InvalidOperationException : <xml xmlns='http://www.meteosvizzera.ch/rsi/VOFH08'> was not expected.
  Stack Trace:
     at Maestro.MeteoRSI.Application.MetoRsiText.CreateTextWeatherPages(FileInfo fileInfo, Ep1BuilderConverterConfig config, Ep1BuilderConverterConfigFilter filter) in /Users/albayrme/Automation/maestro/Applications/MeteoRSI/MeteoRSI.Application/MetoRsiText.cs:line 61
   at Maestro.MeteoRSI.Tests.TextUnitTests.CreateTextWeatherPages_DefaultFileInput_File_52_01(Int32 index, String regex) in /Users/albayrme/Automation/maestro/Applications/MeteoRSI/MeteoRSI.Tests/TextUnitTests.cs:line 228
----- Inner Stack Trace -----
   at System.Xml.Serialization.XmlSerializer.Deserialize(XmlReader xmlReader, String encodingStyle, XmlDeserializationEvents events)
   at System.Xml.Serialization.XmlSerializer.Deserialize(TextReader textReader)
   at Maestro.Core.Helpers.XmlHelper.Deserialize[T](String content) in /Users/albayrme/Automation/maestro/Core/Maestro.Core/Helpers/XmlHelper.cs:line 37
   at Maestro.MeteoRSI.Application.MetoRsiText.CreateTextWeatherPages(FileInfo fileInfo, Ep1BuilderConverterConfig config, Ep1BuilderConverterConfigFilter filter) in /Users/albayrme/Automation/maestro/Applications/MeteoRSI/MeteoRSI.Application/MetoRsiText.cs:line 31
----- Inner Stack Trace -----
   at Microsoft.Xml.Serialization.GeneratedAssembly.XmlSerializationReaderWeatherRecords.Read9_xml()
[xUnit.net 00:00:02.24]     Maestro.MeteoRSI.Tests.GraphicalUnitTest.CreateGraphicalWeatherPages_DefaultFileInput_File_56_01(index: 1, regex: "^EVOLUZIONE$") [FAIL]
[xUnit.net 00:00:02.24]       System.NullReferenceException : Object reference not set to an instance of an object.
[xUnit.net 00:00:02.24]       Stack Trace:
[xUnit.net 00:00:02.24]         /Users/albayrme/Automation/maestro/Applications/MeteoRSI/MeteoRSI.Application/MeteoRsiGraphic.cs(24,0): at Maestro.MeteoRSI.Application.MeteoRsiGraphic.CreateGraphicalWeatherPages(FileInfo fileInfo, Ep1BuilderConverterConfig config, Ep1BuilderConverterConfigFilter filter)
[xUnit.net 00:00:02.24]         /Users/albayrme/Automation/maestro/Applications/MeteoRSI/MeteoRSI.Tests/GraphicalUnitTest.cs(70,0): at Maestro.MeteoRSI.Tests.GraphicalUnitTest.CreateGraphicalWeatherPages_DefaultFileInput_File_56_01(Int32 index, String regex)
[xUnit.net 00:00:02.24]     Maestro.MeteoRSI.Tests.TextHelperUnitTests.GetRecordData_DefaultInputTypeUnitProp_UnitPropFromRecord(property: "T2000", synop: 6660, file: "VOFH07", resultUnit: "C", resultValue: null) [FAIL]
[xUnit.net 00:00:02.24]       System.InvalidOperationException : There is an error in XML document (1, 40).
[xUnit.net 00:00:02.24]       ---- System.InvalidOperationException : <xml xmlns='http://www.meteosvizzera.ch/rsi/VOFH08'> was not expected.
[xUnit.net 00:00:02.24]       Stack Trace:
[xUnit.net 00:00:02.24]            at System.Xml.Serialization.XmlSerializer.Deserialize(XmlReader xmlReader, String encodingStyle, XmlDeserializationEvents events)
[xUnit.net 00:00:02.24]            at System.Xml.Serialization.XmlSerializer.Deserialize(TextReader textReader)
[xUnit.net 00:00:02.25]         /Users/albayrme/Automation/maestro/Core/Maestro.Core/Helpers/XmlHelper.cs(37,0): at Maestro.Core.Helpers.XmlHelper.Deserialize[T](String content)
[xUnit.net 00:00:02.25]         /Users/albayrme/Automation/maestro/Applications/MeteoRSI/MeteoRSI.Tests/TextHelperUnitTests.cs(80,0): at Maestro.MeteoRSI.Tests.TextHelperUnitTests.GetRecordData_DefaultInputTypeUnitProp_UnitPropFromRecord(String property, Int32 synop, String file, String resultUnit, String resultValue)
[xUnit.net 00:00:02.25]         ----- Inner Stack Trace -----
[xUnit.net 00:00:02.25]            at Microsoft.Xml.Serialization.GeneratedAssembly.XmlSerializationReaderWeatherRecords.Read9_xml()
[xUnit.net 00:00:02.25]     Maestro.MeteoRSI.Tests.TextUnitTests.CreateTextWeatherPages_DefaultFileInput_File_52_01(index: 14, regex: "^Ticino centrale, Lario e Verbano$") [FAIL]
[xUnit.net 00:00:02.25]       System.Exception : File combinedText.xml is in the wrong format. It should be of type WeatherRecords.
[xUnit.net 00:00:02.25]       ---- System.InvalidOperationException : There is an error in XML document (1, 40).
[xUnit.net 00:00:02.25]       -------- System.InvalidOperationException : <xml xmlns='http://www.meteosvizzera.ch/rsi/VOFH08'> was not expected.
[xUnit.net 00:00:02.25]       Stack Trace:
[xUnit.net 00:00:02.25]         /Users/albayrme/Automation/maestro/Applications/MeteoRSI/MeteoRSI.Application/MetoRsiText.cs(61,0): at Maestro.MeteoRSI.Application.MetoRsiText.CreateTextWeatherPages(FileInfo fileInfo, Ep1BuilderConverterConfig config, Ep1BuilderConverterConfigFilter filter)
[xUnit.net 00:00:02.25]         /Users/albayrme/Automation/maestro/Applications/MeteoRSI/MeteoRSI.Tests/TextUnitTests.cs(228,0): at Maestro.MeteoRSI.Tests.TextUnitTests.CreateTextWeatherPages_DefaultFileInput_File_52_01(Int32 index, String regex)
[xUnit.net 00:00:02.25]         ----- Inner Stack Trace -----
[xUnit.net 00:00:02.25]            at System.Xml.Serialization.XmlSerializer.Deserialize(XmlReader xmlReader, String encodingStyle, XmlDeserializationEvents events)
[xUnit.net 00:00:02.25]            at System.Xml.Serialization.XmlSerializer.Deserialize(TextReader textReader)
[xUnit.net 00:00:02.25]         /Users/albayrme/Automation/maestro/Core/Maestro.Core/Helpers/XmlHelper.cs(37,0): at Maestro.Core.Helpers.XmlHelper.Deserialize[T](String content)
[xUnit.net 00:00:02.25]         /Users/albayrme/Automation/maestro/Applications/MeteoRSI/MeteoRSI.Application/MetoRsiText.cs(31,0): at Maestro.MeteoRSI.Application.MetoRsiText.CreateTextWeatherPages(FileInfo fileInfo, Ep1BuilderConverterConfig config, Ep1BuilderConverterConfigFilter filter)
[xUnit.net 00:00:02.25]         ----- Inner Stack Trace -----
[xUnit.net 00:00:02.25]            at Microsoft.Xml.Serialization.GeneratedAssembly.XmlSerializationReaderWeatherRecords.Read9_xml()
[xUnit.net 00:00:02.25]     Maestro.MeteoRSI.Tests.GraphicalUnitTest.CreateGraphicalWeatherPages_DefaultFileInput_File_56_01(index: 16, regex: "^------------------------------------$") [FAIL]
[xUnit.net 00:00:02.25]       System.NullReferenceException : Object reference not set to an instance of an object.
[xUnit.net 00:00:02.25]       Stack Trace:
[xUnit.net 00:00:02.25]         /Users/albayrme/Automation/maestro/Applications/MeteoRSI/MeteoRSI.Application/MeteoRsiGraphic.cs(24,0): at Maestro.MeteoRSI.Application.MeteoRsiGraphic.CreateGraphicalWeatherPages(FileInfo fileInfo, Ep1BuilderConverterConfig config, Ep1BuilderConverterConfigFilter filter)
[xUnit.net 00:00:02.25]         /Users/albayrme/Automation/maestro/Applications/MeteoRSI/MeteoRSI.Tests/GraphicalUnitTest.cs(70,0): at Maestro.MeteoRSI.Tests.GraphicalUnitTest.CreateGraphicalWeatherPages_DefaultFileInput_File_56_01(Int32 index, String regex)
[xUnit.net 00:00:02.25]     Maestro.MeteoRSI.Tests.TextHelperUnitTests.GetRecordData_DefaultInputTypeUnitProp_UnitPropFromRecord(property: "SnowFallLimit", synop: 6660, file: "VOFH07", resultUnit: "m", resultValue: null) [FAIL]
[xUnit.net 00:00:02.25]       System.InvalidOperationException : There is an error in XML document (1, 40).
[xUnit.net 00:00:02.25]       ---- System.InvalidOperationException : <xml xmlns='http://www.meteosvizzera.ch/rsi/VOFH08'> was not expected.
[xUnit.net 00:00:02.25]       Stack Trace:
[xUnit.net 00:00:02.25]            at System.Xml.Serialization.XmlSerializer.Deserialize(XmlReader xmlReader, String encodingStyle, XmlDeserializationEvents events)
[xUnit.net 00:00:02.25]            at System.Xml.Serialization.XmlSerializer.Deserialize(TextReader textReader)
[xUnit.net 00:00:02.25]         /Users/albayrme/Automation/maestro/Core/Maestro.Core/Helpers/XmlHelper.cs(37,0): at Maestro.Core.Helpers.XmlHelper.Deserialize[T](String content)
[xUnit.net 00:00:02.25]         /Users/albayrme/Automation/maestro/Applications/MeteoRSI/MeteoRSI.Tests/TextHelperUnitTests.cs(80,0): at Maestro.MeteoRSI.Tests.TextHelperUnitTests.GetRecordData_DefaultInputTypeUnitProp_UnitPropFromRecord(String property, Int32 synop, String file, String resultUnit, String resultValue)
[xUnit.net 00:00:02.25]         ----- Inner Stack Trace -----
[xUnit.net 00:00:02.25]            at Microsoft.Xml.Serialization.GeneratedAssembly.XmlSerializationReaderWeatherRecords.Read9_xml()
[xUnit.net 00:00:02.25]     Maestro.MeteoRSI.Tests.TextUnitTests.CreateTextWeatherPages_DefaultFileInput_File_52_01(index: 2, regex: "^$") [FAIL]
[xUnit.net 00:00:02.25]       System.Exception : File combinedText.xml is in the wrong format. It should be of type WeatherRecords.
[xUnit.net 00:00:02.25]       ---- System.InvalidOperationException : There is an error in XML document (1, 40).
[xUnit.net 00:00:02.25]       -------- System.InvalidOperationException : <xml xmlns='http://www.meteosvizzera.ch/rsi/VOFH08'> was not expected.
[xUnit.net 00:00:02.25]       Stack Trace:
[xUnit.net 00:00:02.25]         /Users/albayrme/Automation/maestro/Applications/MeteoRSI/MeteoRSI.Application/MetoRsiText.cs(61,0): at Maestro.MeteoRSI.Application.MetoRsiText.CreateTextWeatherPages(FileInfo fileInfo, Ep1BuilderConverterConfig config, Ep1BuilderConverterConfigFilter filter)
[xUnit.net 00:00:02.25]         /Users/albayrme/Automation/maestro/Applications/MeteoRSI/MeteoRSI.Tests/TextUnitTests.cs(228,0): at Maestro.MeteoRSI.Tests.TextUnitTests.CreateTextWeatherPages_DefaultFileInput_File_52_01(Int32 index, String regex)
[xUnit.net 00:00:02.25]         ----- Inner Stack Trace -----
[xUnit.net 00:00:02.25]            at System.Xml.Serialization.XmlSerializer.Deserialize(XmlReader xmlReader, String encodingStyle, XmlDeserializationEvents events)
[xUnit.net 00:00:02.25]            at System.Xml.Serialization.XmlSerializer.Deserialize(TextReader textReader)
[xUnit.net 00:00:02.25]         /Users/albayrme/Automation/maestro/Core/Maestro.Core/Helpers/XmlHelper.cs(37,0): at Maestro.Core.Helpers.XmlHelper.Deserialize[T](String content)
[xUnit.net 00:00:02.25]         /Users/albayrme/Automation/maestro/Applications/MeteoRSI/MeteoRSI.Application/MetoRsiText.cs(31,0): at Maestro.MeteoRSI.Application.MetoRsiText.CreateTextWeatherPages(FileInfo fileInfo, Ep1BuilderConverterConfig config, Ep1BuilderConverterConfigFilter filter)
[xUnit.net 00:00:02.25]         ----- Inner Stack Trace -----
[xUnit.net 00:00:02.25]            at Microsoft.Xml.Serialization.GeneratedAssembly.XmlSerializationReaderWeatherRecords.Read9_xml()
[xUnit.net 00:00:02.25]     Maestro.MeteoRSI.Tests.GraphicalUnitTest.CreateGraphicalWeatherPages_DefaultFileInput_File_58_01(index: 18, regex: "^$") [FAIL]
[xUnit.net 00:00:02.25]       System.NullReferenceException : Object reference not set to an instance of an object.
[xUnit.net 00:00:02.25]       Stack Trace:
[xUnit.net 00:00:02.25]         /Users/albayrme/Automation/maestro/Applications/MeteoRSI/MeteoRSI.Application/MeteoRsiGraphic.cs(24,0): at Maestro.MeteoRSI.Application.MeteoRsiGraphic.CreateGraphicalWeatherPages(FileInfo fileInfo, Ep1BuilderConverterConfig config, Ep1BuilderConverterConfigFilter filter)
[xUnit.net 00:00:02.25]         /Users/albayrme/Automation/maestro/Applications/MeteoRSI/MeteoRSI.Tests/GraphicalUnitTest.cs(150,0): at Maestro.MeteoRSI.Tests.GraphicalUnitTest.CreateGraphicalWeatherPages_DefaultFileInput_File_58_01(Int32 index, String regex)
  Failed Maestro.MeteoRSI.Tests.GraphicalUnitTest.CreateGraphicalWeatherPages_DefaultFileInput_File_56_01(index: 1, regex: "^EVOLUZIONE$") [1 ms]
  Error Message:
   System.NullReferenceException : Object reference not set to an instance of an object.
  Stack Trace:
     at Maestro.MeteoRSI.Application.MeteoRsiGraphic.CreateGraphicalWeatherPages(FileInfo fileInfo, Ep1BuilderConverterConfig config, Ep1BuilderConverterConfigFilter filter) in /Users/albayrme/Automation/maestro/Applications/MeteoRSI/MeteoRSI.Application/MeteoRsiGraphic.cs:line 24
   at Maestro.MeteoRSI.Tests.GraphicalUnitTest.CreateGraphicalWeatherPages_DefaultFileInput_File_56_01(Int32 index, String regex) in /Users/albayrme/Automation/maestro/Applications/MeteoRSI/MeteoRSI.Tests/GraphicalUnitTest.cs:line 70
  Failed Maestro.MeteoRSI.Tests.TextHelperUnitTests.GetRecordData_DefaultInputTypeUnitProp_UnitPropFromRecord(property: "T2000", synop: 6660, file: "VOFH07", resultUnit: "C", resultValue: null) [1 ms]
  Error Message:
   System.InvalidOperationException : There is an error in XML document (1, 40).
---- System.InvalidOperationException : <xml xmlns='http://www.meteosvizzera.ch/rsi/VOFH08'> was not expected.
  Stack Trace:
     at System.Xml.Serialization.XmlSerializer.Deserialize(XmlReader xmlReader, String encodingStyle, XmlDeserializationEvents events)
   at System.Xml.Serialization.XmlSerializer.Deserialize(TextReader textReader)
   at Maestro.Core.Helpers.XmlHelper.Deserialize[T](String content) in /Users/albayrme/Automation/maestro/Core/Maestro.Core/Helpers/XmlHelper.cs:line 37
   at Maestro.MeteoRSI.Tests.TextHelperUnitTests.GetRecordData_DefaultInputTypeUnitProp_UnitPropFromRecord(String property, Int32 synop, String file, String resultUnit, String resultValue) in /Users/albayrme/Automation/maestro/Applications/MeteoRSI/MeteoRSI.Tests/TextHelperUnitTests.cs:line 80
----- Inner Stack Trace -----
   at Microsoft.Xml.Serialization.GeneratedAssembly.XmlSerializationReaderWeatherRecords.Read9_xml()
  Failed Maestro.MeteoRSI.Tests.TextUnitTests.CreateTextWeatherPages_DefaultFileInput_File_52_01(index: 14, regex: "^Ticino centrale, Lario e Verbano$") [1 ms]
  Error Message:
   System.Exception : File combinedText.xml is in the wrong format. It should be of type WeatherRecords.
---- System.InvalidOperationException : There is an error in XML document (1, 40).
-------- System.InvalidOperationException : <xml xmlns='http://www.meteosvizzera.ch/rsi/VOFH08'> was not expected.
  Stack Trace:
     at Maestro.MeteoRSI.Application.MetoRsiText.CreateTextWeatherPages(FileInfo fileInfo, Ep1BuilderConverterConfig config, Ep1BuilderConverterConfigFilter filter) in /Users/albayrme/Automation/maestro/Applications/MeteoRSI/MeteoRSI.Application/MetoRsiText.cs:line 61
   at Maestro.MeteoRSI.Tests.TextUnitTests.CreateTextWeatherPages_DefaultFileInput_File_52_01(Int32 index, String regex) in /Users/albayrme/Automation/maestro/Applications/MeteoRSI/MeteoRSI.Tests/TextUnitTests.cs:line 228
----- Inner Stack Trace -----
   at System.Xml.Serialization.XmlSerializer.Deserialize(XmlReader xmlReader, String encodingStyle, XmlDeserializationEvents events)
   at System.Xml.Serialization.XmlSerializer.Deserialize(TextReader textReader)
   at Maestro.Core.Helpers.XmlHelper.Deserialize[T](String content) in /Users/albayrme/Automation/maestro/Core/Maestro.Core/Helpers/XmlHelper.cs:line 37
   at Maestro.MeteoRSI.Application.MetoRsiText.CreateTextWeatherPages(FileInfo fileInfo, Ep1BuilderConverterConfig config, Ep1BuilderConverterConfigFilter filter) in /Users/albayrme/Automation/maestro/Applications/MeteoRSI/MeteoRSI.Application/MetoRsiText.cs:line 31
----- Inner Stack Trace -----
   at Microsoft.Xml.Serialization.GeneratedAssembly.XmlSerializationReaderWeatherRecords.Read9_xml()
  Failed Maestro.MeteoRSI.Tests.GraphicalUnitTest.CreateGraphicalWeatherPages_DefaultFileInput_File_56_01(index: 16, regex: "^------------------------------------$") [1 ms]
  Error Message:
   System.NullReferenceException : Object reference not set to an instance of an object.
  Stack Trace:
     at Maestro.MeteoRSI.Application.MeteoRsiGraphic.CreateGraphicalWeatherPages(FileInfo fileInfo, Ep1BuilderConverterConfig config, Ep1BuilderConverterConfigFilter filter) in /Users/albayrme/Automation/maestro/Applications/MeteoRSI/MeteoRSI.Application/MeteoRsiGraphic.cs:line 24
   at Maestro.MeteoRSI.Tests.GraphicalUnitTest.CreateGraphicalWeatherPages_DefaultFileInput_File_56_01(Int32 index, String regex) in /Users/albayrme/Automation/maestro/Applications/MeteoRSI/MeteoRSI.Tests/GraphicalUnitTest.cs:line 70
  Failed Maestro.MeteoRSI.Tests.TextHelperUnitTests.GetRecordData_DefaultInputTypeUnitProp_UnitPropFromRecord(property: "SnowFallLimit", synop: 6660, file: "VOFH07", resultUnit: "m", resultValue: null) [1 ms]
  Error Message:
   System.InvalidOperationException : There is an error in XML document (1, 40).
---- System.InvalidOperationException : <xml xmlns='http://www.meteosvizzera.ch/rsi/VOFH08'> was not expected.
  Stack Trace:
     at System.Xml.Serialization.XmlSerializer.Deserialize(XmlReader xmlReader, String encodingStyle, XmlDeserializationEvents events)
   at System.Xml.Serialization.XmlSerializer.Deserialize(TextReader textReader)
   at Maestro.Core.Helpers.XmlHelper.Deserialize[T](String content) in /Users/albayrme/Automation/maestro/Core/Maestro.Core/Helpers/XmlHelper.cs:line 37
   at Maestro.MeteoRSI.Tests.TextHelperUnitTests.GetRecordData_DefaultInputTypeUnitProp_UnitPropFromRecord(String property, Int32 synop, String file, String resultUnit, String resultValue) in /Users/albayrme/Automation/maestro/Applications/MeteoRSI/MeteoRSI.Tests/TextHelperUnitTests.cs:line 80
----- Inner Stack Trace -----
   at Microsoft.Xml.Serialization.GeneratedAssembly.XmlSerializationReaderWeatherRecords.Read9_xml()
  Failed Maestro.MeteoRSI.Tests.TextUnitTests.CreateTextWeatherPages_DefaultFileInput_File_52_01(index: 2, regex: "^$") [1 ms]
  Error Message:
   System.Exception : File combinedText.xml is in the wrong format. It should be of type WeatherRecords.
---- System.InvalidOperationException : There is an error in XML document (1, 40).
-------- System.InvalidOperationException : <xml xmlns='http://www.meteosvizzera.ch/rsi/VOFH08'> was not expected.
  Stack Trace:
     at Maestro.MeteoRSI.Application.MetoRsiText.CreateTextWeatherPages(FileInfo fileInfo, Ep1BuilderConverterConfig config, Ep1BuilderConverterConfigFilter filter) in /Users/albayrme/Automation/maestro/Applications/MeteoRSI/MeteoRSI.Application/MetoRsiText.cs:line 61
   at Maestro.MeteoRSI.Tests.TextUnitTests.CreateTextWeatherPages_DefaultFileInput_File_52_01(Int32 index, String regex) in /Users/albayrme/Automation/maestro/Applications/MeteoRSI/MeteoRSI.Tests/TextUnitTests.cs:line 228
----- Inner Stack Trace -----
   at System.Xml.Serialization.XmlSerializer.Deserialize(XmlReader xmlReader, String encodingStyle, XmlDeserializationEvents events)
   at System.Xml.Serialization.XmlSerializer.Deserialize(TextReader textReader)
   at Maestro.Core.Helpers.XmlHelper.Deserialize[T](String content) in /Users/albayrme/Automation/maestro/Core/Maestro.Core/Helpers/XmlHelper.cs:line 37
   at Maestro.MeteoRSI.Application.MetoRsiText.CreateTextWeatherPages(FileInfo fileInfo, Ep1BuilderConverterConfig config, Ep1BuilderConverterConfigFilter filter) in /Users/albayrme/Automation/maestro/Applications/MeteoRSI/MeteoRSI.Application/MetoRsiText.cs:line 31
----- Inner Stack Trace -----
   at Microsoft.Xml.Serialization.GeneratedAssembly.XmlSerializationReaderWeatherRecords.Read9_xml()
  Failed Maestro.MeteoRSI.Tests.GraphicalUnitTest.CreateGraphicalWeatherPages_DefaultFileInput_File_58_01(index: 18, regex: "^$") [1 ms]
  Error Message:
   System.NullReferenceException : Object reference not set to an instance of an object.
  Stack Trace:
     at Maestro.MeteoRSI.Application.MeteoRsiGraphic.CreateGraphicalWeatherPages(FileInfo fileInfo, Ep1BuilderConverterConfig config, Ep1BuilderConverterConfigFilter filter) in /Users/albayrme/Automation/maestro/Applications/MeteoRSI/MeteoRSI.Application/MeteoRsiGraphic.cs:line 24
   at Maestro.MeteoRSI.Tests.GraphicalUnitTest.CreateGraphicalWeatherPages_DefaultFileInput_File_58_01(Int32 index, String regex) in /Users/albayrme/Automation/maestro/Applications/MeteoRSI/MeteoRSI.Tests/GraphicalUnitTest.cs:line 150
[xUnit.net 00:00:02.25]     Maestro.MeteoRSI.Tests.TextHelperUnitTests.GetRandomTextByTypeName_DefaultInput_RandomTextOfDictionary(name: "TemperatureAt2000mIs", uppercase: True, textResults: ["Temperature a 2000m"]) [FAIL]
[xUnit.net 00:00:02.25]       System.NullReferenceException : Object reference not set to an instance of an object.
[xUnit.net 00:00:02.25]       Stack Trace:
[xUnit.net 00:00:02.25]         /Users/albayrme/Automation/maestro/Applications/MeteoRSI/MeteoRSI.Application/MeteoRsiTextHelper.cs(22,0): at Maestro.MeteoRSI.Application.MeteoRsiTextHelper.GetRandomTextByTypeName(Dictionary`2 texts, String name, Boolean uppercase)
[xUnit.net 00:00:02.25]         /Users/albayrme/Automation/maestro/Applications/MeteoRSI/MeteoRSI.Tests/TextHelperUnitTests.cs(119,0): at Maestro.MeteoRSI.Tests.TextHelperUnitTests.GetRandomTextByTypeName_DefaultInput_RandomTextOfDictionary(String name, Boolean uppercase, String[] textResults)
[xUnit.net 00:00:02.25]     Maestro.MeteoRSI.Tests.TextHelperUnitTests.GetRandomTextByTypeName_DefaultInput_RandomTextOfDictionary(name: "ThisEvening", uppercase: True, textResults: ["in serata", "a sera", "verso sera"]) [FAIL]
[xUnit.net 00:00:02.25]       System.NullReferenceException : Object reference not set to an instance of an object.
[xUnit.net 00:00:02.25]       Stack Trace:
[xUnit.net 00:00:02.25]         /Users/albayrme/Automation/maestro/Applications/MeteoRSI/MeteoRSI.Application/MeteoRsiTextHelper.cs(22,0): at Maestro.MeteoRSI.Application.MeteoRsiTextHelper.GetRandomTextByTypeName(Dictionary`2 texts, String name, Boolean uppercase)
[xUnit.net 00:00:02.25]         /Users/albayrme/Automation/maestro/Applications/MeteoRSI/MeteoRSI.Tests/TextHelperUnitTests.cs(119,0): at Maestro.MeteoRSI.Tests.TextHelperUnitTests.GetRandomTextByTypeName_DefaultInput_RandomTextOfDictionary(String name, Boolean uppercase, String[] textResults)
[xUnit.net 00:00:02.25]     Maestro.MeteoRSI.Tests.GraphicalUnitTest.CreateGraphicalWeatherPages_DefaultFileInput_File_58_01(index: 5, regex: "^Venerdì\\s+Sabato\\s+Domenica$") [FAIL]
[xUnit.net 00:00:02.25]       System.NullReferenceException : Object reference not set to an instance of an object.
[xUnit.net 00:00:02.25]       Stack Trace:
[xUnit.net 00:00:02.25]         /Users/albayrme/Automation/maestro/Applications/MeteoRSI/MeteoRSI.Application/MeteoRsiGraphic.cs(24,0): at Maestro.MeteoRSI.Application.MeteoRsiGraphic.CreateGraphicalWeatherPages(FileInfo fileInfo, Ep1BuilderConverterConfig config, Ep1BuilderConverterConfigFilter filter)
[xUnit.net 00:00:02.25]         /Users/albayrme/Automation/maestro/Applications/MeteoRSI/MeteoRSI.Tests/GraphicalUnitTest.cs(150,0): at Maestro.MeteoRSI.Tests.GraphicalUnitTest.CreateGraphicalWeatherPages_DefaultFileInput_File_58_01(Int32 index, String regex)
[xUnit.net 00:00:02.25]     Maestro.MeteoRSI.Tests.TextUnitTests.CreateTextWeatherPages_DefaultFileInput_File_52_01(index: 9, regex: "^[a-zA-Z0-9àèéìòóù°_\\-\\[\\.]+") [FAIL]
[xUnit.net 00:00:02.25]       System.Exception : File combinedText.xml is in the wrong format. It should be of type WeatherRecords.
[xUnit.net 00:00:02.25]       ---- System.InvalidOperationException : There is an error in XML document (1, 40).
[xUnit.net 00:00:02.25]       -------- System.InvalidOperationException : <xml xmlns='http://www.meteosvizzera.ch/rsi/VOFH08'> was not expected.
[xUnit.net 00:00:02.25]       Stack Trace:
[xUnit.net 00:00:02.25]         /Users/albayrme/Automation/maestro/Applications/MeteoRSI/MeteoRSI.Application/MetoRsiText.cs(61,0): at Maestro.MeteoRSI.Application.MetoRsiText.CreateTextWeatherPages(FileInfo fileInfo, Ep1BuilderConverterConfig config, Ep1BuilderConverterConfigFilter filter)
[xUnit.net 00:00:02.25]         /Users/albayrme/Automation/maestro/Applications/MeteoRSI/MeteoRSI.Tests/TextUnitTests.cs(228,0): at Maestro.MeteoRSI.Tests.TextUnitTests.CreateTextWeatherPages_DefaultFileInput_File_52_01(Int32 index, String regex)
[xUnit.net 00:00:02.25]         ----- Inner Stack Trace -----
[xUnit.net 00:00:02.25]            at System.Xml.Serialization.XmlSerializer.Deserialize(XmlReader xmlReader, String encodingStyle, XmlDeserializationEvents events)
[xUnit.net 00:00:02.25]            at System.Xml.Serialization.XmlSerializer.Deserialize(TextReader textReader)
[xUnit.net 00:00:02.25]         /Users/albayrme/Automation/maestro/Core/Maestro.Core/Helpers/XmlHelper.cs(37,0): at Maestro.Core.Helpers.XmlHelper.Deserialize[T](String content)
[xUnit.net 00:00:02.25]         /Users/albayrme/Automation/maestro/Applications/MeteoRSI/MeteoRSI.Application/MetoRsiText.cs(31,0): at Maestro.MeteoRSI.Application.MetoRsiText.CreateTextWeatherPages(FileInfo fileInfo, Ep1BuilderConverterConfig config, Ep1BuilderConverterConfigFilter filter)
[xUnit.net 00:00:02.25]         ----- Inner Stack Trace -----
[xUnit.net 00:00:02.25]            at Microsoft.Xml.Serialization.GeneratedAssembly.XmlSerializationReaderWeatherRecords.Read9_xml()
[xUnit.net 00:00:02.25]     Maestro.MeteoRSI.Tests.TextHelperUnitTests.GetRandomTextByTypeName_DefaultInput_RandomTextOfDictionary(name: "ThisMorning", uppercase: True, textResults: ["stamane", "stamattina", "questa mattina"]) [FAIL]
[xUnit.net 00:00:02.25]       System.NullReferenceException : Object reference not set to an instance of an object.
[xUnit.net 00:00:02.25]       Stack Trace:
[xUnit.net 00:00:02.25]         /Users/albayrme/Automation/maestro/Applications/MeteoRSI/MeteoRSI.Application/MeteoRsiTextHelper.cs(22,0): at Maestro.MeteoRSI.Application.MeteoRsiTextHelper.GetRandomTextByTypeName(Dictionary`2 texts, String name, Boolean uppercase)
[xUnit.net 00:00:02.25]         /Users/albayrme/Automation/maestro/Applications/MeteoRSI/MeteoRSI.Tests/TextHelperUnitTests.cs(119,0): at Maestro.MeteoRSI.Tests.TextHelperUnitTests.GetRandomTextByTypeName_DefaultInput_RandomTextOfDictionary(String name, Boolean uppercase, String[] textResults)
[xUnit.net 00:00:02.25]     Maestro.MeteoRSI.Tests.GraphicalUnitTest.CreateGraphicalWeatherPages_DefaultFileInput_File_58_01(index: 19, regex: "^$") [FAIL]
[xUnit.net 00:00:02.25]       System.NullReferenceException : Object reference not set to an instance of an object.
[xUnit.net 00:00:02.25]       Stack Trace:
[xUnit.net 00:00:02.25]         /Users/albayrme/Automation/maestro/Applications/MeteoRSI/MeteoRSI.Application/MeteoRsiGraphic.cs(24,0): at Maestro.MeteoRSI.Application.MeteoRsiGraphic.CreateGraphicalWeatherPages(FileInfo fileInfo, Ep1BuilderConverterConfig config, Ep1BuilderConverterConfigFilter filter)
[xUnit.net 00:00:02.25]         /Users/albayrme/Automation/maestro/Applications/MeteoRSI/MeteoRSI.Tests/GraphicalUnitTest.cs(150,0): at Maestro.MeteoRSI.Tests.GraphicalUnitTest.CreateGraphicalWeatherPages_DefaultFileInput_File_58_01(Int32 index, String regex)
[xUnit.net 00:00:02.25]     Maestro.MeteoRSI.Tests.TextHelperUnitTests.GetRandomTextByTypeName_DefaultInput_RandomTextOfDictionary(name: "ThisAfternoon", uppercase: False, textResults: ["oggi pomeriggio", "nel pomeriggio", "questo pomeriggio"]) [FAIL]
[xUnit.net 00:00:02.25]       System.NullReferenceException : Object reference not set to an instance of an object.
[xUnit.net 00:00:02.25]       Stack Trace:
[xUnit.net 00:00:02.25]         /Users/albayrme/Automation/maestro/Applications/MeteoRSI/MeteoRSI.Application/MeteoRsiTextHelper.cs(22,0): at Maestro.MeteoRSI.Application.MeteoRsiTextHelper.GetRandomTextByTypeName(Dictionary`2 texts, String name, Boolean uppercase)
[xUnit.net 00:00:02.25]         /Users/albayrme/Automation/maestro/Applications/MeteoRSI/MeteoRSI.Tests/TextHelperUnitTests.cs(119,0): at Maestro.MeteoRSI.Tests.TextHelperUnitTests.GetRandomTextByTypeName_DefaultInput_RandomTextOfDictionary(String name, Boolean uppercase, String[] textResults)
  Failed Maestro.MeteoRSI.Tests.TextHelperUnitTests.GetRandomTextByTypeName_DefaultInput_RandomTextOfDictionary(name: "TemperatureAt2000mIs", uppercase: True, textResults: ["Temperature a 2000m"]) [1 ms]
  Error Message:
   System.NullReferenceException : Object reference not set to an instance of an object.
  Stack Trace:
     at Maestro.MeteoRSI.Application.MeteoRsiTextHelper.GetRandomTextByTypeName(Dictionary`2 texts, String name, Boolean uppercase) in /Users/albayrme/Automation/maestro/Applications/MeteoRSI/MeteoRSI.Application/MeteoRsiTextHelper.cs:line 22
   at Maestro.MeteoRSI.Tests.TextHelperUnitTests.GetRandomTextByTypeName_DefaultInput_RandomTextOfDictionary(String name, Boolean uppercase, String[] textResults) in /Users/albayrme/Automation/maestro/Applications/MeteoRSI/MeteoRSI.Tests/TextHelperUnitTests.cs:line 119
  Failed Maestro.MeteoRSI.Tests.TextHelperUnitTests.GetRandomTextByTypeName_DefaultInput_RandomTextOfDictionary(name: "ThisEvening", uppercase: True, textResults: ["in serata", "a sera", "verso sera"]) [< 1 ms]
  Error Message:
   System.NullReferenceException : Object reference not set to an instance of an object.
  Stack Trace:
     at Maestro.MeteoRSI.Application.MeteoRsiTextHelper.GetRandomTextByTypeName(Dictionary`2 texts, String name, Boolean uppercase) in /Users/albayrme/Automation/maestro/Applications/MeteoRSI/MeteoRSI.Application/MeteoRsiTextHelper.cs:line 22
   at Maestro.MeteoRSI.Tests.TextHelperUnitTests.GetRandomTextByTypeName_DefaultInput_RandomTextOfDictionary(String name, Boolean uppercase, String[] textResults) in /Users/albayrme/Automation/maestro/Applications/MeteoRSI/MeteoRSI.Tests/TextHelperUnitTests.cs:line 119
  Failed Maestro.MeteoRSI.Tests.GraphicalUnitTest.CreateGraphicalWeatherPages_DefaultFileInput_File_58_01(index: 5, regex: "^Venerdì\\s+Sabato\\s+Domenica$") [1 ms]
  Error Message:
   System.NullReferenceException : Object reference not set to an instance of an object.
  Stack Trace:
     at Maestro.MeteoRSI.Application.MeteoRsiGraphic.CreateGraphicalWeatherPages(FileInfo fileInfo, Ep1BuilderConverterConfig config, Ep1BuilderConverterConfigFilter filter) in /Users/albayrme/Automation/maestro/Applications/MeteoRSI/MeteoRSI.Application/MeteoRsiGraphic.cs:line 24
   at Maestro.MeteoRSI.Tests.GraphicalUnitTest.CreateGraphicalWeatherPages_DefaultFileInput_File_58_01(Int32 index, String regex) in /Users/albayrme/Automation/maestro/Applications/MeteoRSI/MeteoRSI.Tests/GraphicalUnitTest.cs:line 150
  Failed Maestro.MeteoRSI.Tests.TextUnitTests.CreateTextWeatherPages_DefaultFileInput_File_52_01(index: 9, regex: "^[a-zA-Z0-9àèéìòóù°_\\-\\[\\.]+") [1 ms]
  Error Message:
   System.Exception : File combinedText.xml is in the wrong format. It should be of type WeatherRecords.
---- System.InvalidOperationException : There is an error in XML document (1, 40).
-------- System.InvalidOperationException : <xml xmlns='http://www.meteosvizzera.ch/rsi/VOFH08'> was not expected.
  Stack Trace:
     at Maestro.MeteoRSI.Application.MetoRsiText.CreateTextWeatherPages(FileInfo fileInfo, Ep1BuilderConverterConfig config, Ep1BuilderConverterConfigFilter filter) in /Users/albayrme/Automation/maestro/Applications/MeteoRSI/MeteoRSI.Application/MetoRsiText.cs:line 61
   at Maestro.MeteoRSI.Tests.TextUnitTests.CreateTextWeatherPages_DefaultFileInput_File_52_01(Int32 index, String regex) in /Users/albayrme/Automation/maestro/Applications/MeteoRSI/MeteoRSI.Tests/TextUnitTests.cs:line 228
----- Inner Stack Trace -----
   at System.Xml.Serialization.XmlSerializer.Deserialize(XmlReader xmlReader, String encodingStyle, XmlDeserializationEvents events)
   at System.Xml.Serialization.XmlSerializer.Deserialize(TextReader textReader)
   at Maestro.Core.Helpers.XmlHelper.Deserialize[T](String content) in /Users/albayrme/Automation/maestro/Core/Maestro.Core/Helpers/XmlHelper.cs:line 37
   at Maestro.MeteoRSI.Application.MetoRsiText.CreateTextWeatherPages(FileInfo fileInfo, Ep1BuilderConverterConfig config, Ep1BuilderConverterConfigFilter filter) in /Users/albayrme/Automation/maestro/Applications/MeteoRSI/MeteoRSI.Application/MetoRsiText.cs:line 31
----- Inner Stack Trace -----
   at Microsoft.Xml.Serialization.GeneratedAssembly.XmlSerializationReaderWeatherRecords.Read9_xml()
  Failed Maestro.MeteoRSI.Tests.TextHelperUnitTests.GetRandomTextByTypeName_DefaultInput_RandomTextOfDictionary(name: "ThisMorning", uppercase: True, textResults: ["stamane", "stamattina", "questa mattina"]) [< 1 ms]
  Error Message:
   System.NullReferenceException : Object reference not set to an instance of an object.
  Stack Trace:
     at Maestro.MeteoRSI.Application.MeteoRsiTextHelper.GetRandomTextByTypeName(Dictionary`2 texts, String name, Boolean uppercase) in /Users/albayrme/Automation/maestro/Applications/MeteoRSI/MeteoRSI.Application/MeteoRsiTextHelper.cs:line 22
   at Maestro.MeteoRSI.Tests.TextHelperUnitTests.GetRandomTextByTypeName_DefaultInput_RandomTextOfDictionary(String name, Boolean uppercase, String[] textResults) in /Users/albayrme/Automation/maestro/Applications/MeteoRSI/MeteoRSI.Tests/TextHelperUnitTests.cs:line 119
  Failed Maestro.MeteoRSI.Tests.GraphicalUnitTest.CreateGraphicalWeatherPages_DefaultFileInput_File_58_01(index: 19, regex: "^$") [3 ms]
  Error Message:
   System.NullReferenceException : Object reference not set to an instance of an object.
  Stack Trace:
     at Maestro.MeteoRSI.Application.MeteoRsiGraphic.CreateGraphicalWeatherPages(FileInfo fileInfo, Ep1BuilderConverterConfig config, Ep1BuilderConverterConfigFilter filter) in /Users/albayrme/Automation/maestro/Applications/MeteoRSI/MeteoRSI.Application/MeteoRsiGraphic.cs:line 24
   at Maestro.MeteoRSI.Tests.GraphicalUnitTest.CreateGraphicalWeatherPages_DefaultFileInput_File_58_01(Int32 index, String regex) in /Users/albayrme/Automation/maestro/Applications/MeteoRSI/MeteoRSI.Tests/GraphicalUnitTest.cs:line 150
  Failed Maestro.MeteoRSI.Tests.TextHelperUnitTests.GetRandomTextByTypeName_DefaultInput_RandomTextOfDictionary(name: "ThisAfternoon", uppercase: False, textResults: ["oggi pomeriggio", "nel pomeriggio", "questo pomeriggio"]) [< 1 ms]
  Error Message:
   System.NullReferenceException : Object reference not set to an instance of an object.
  Stack Trace:
     at Maestro.MeteoRSI.Application.MeteoRsiTextHelper.GetRandomTextByTypeName(Dictionary`2 texts, String name, Boolean uppercase) in /Users/albayrme/Automation/maestro/Applications/MeteoRSI/MeteoRSI.Application/MeteoRsiTextHelper.cs:line 22
   at Maestro.MeteoRSI.Tests.TextHelperUnitTests.GetRandomTextByTypeName_DefaultInput_RandomTextOfDictionary(String name, Boolean uppercase, String[] textResults) in /Users/albayrme/Automation/maestro/Applications/MeteoRSI/MeteoRSI.Tests/TextHelperUnitTests.cs:line 119
[xUnit.net 00:00:02.25]     Maestro.MeteoRSI.Tests.GraphicalUnitTest.CreateGraphicalWeatherPages_DefaultFileInput_File_58_01(index: 6, regex: "^------------------------------------$") [FAIL]
[xUnit.net 00:00:02.25]       System.NullReferenceException : Object reference not set to an instance of an object.
[xUnit.net 00:00:02.25]       Stack Trace:
[xUnit.net 00:00:02.25]         /Users/albayrme/Automation/maestro/Applications/MeteoRSI/MeteoRSI.Application/MeteoRsiGraphic.cs(24,0): at Maestro.MeteoRSI.Application.MeteoRsiGraphic.CreateGraphicalWeatherPages(FileInfo fileInfo, Ep1BuilderConverterConfig config, Ep1BuilderConverterConfigFilter filter)
[xUnit.net 00:00:02.25]         /Users/albayrme/Automation/maestro/Applications/MeteoRSI/MeteoRSI.Tests/GraphicalUnitTest.cs(150,0): at Maestro.MeteoRSI.Tests.GraphicalUnitTest.CreateGraphicalWeatherPages_DefaultFileInput_File_58_01(Int32 index, String regex)
[xUnit.net 00:00:02.25]     Maestro.MeteoRSI.Tests.TextUnitTests.CreateTextWeatherPages_DefaultFileInput_File_52_01(index: 18, regex: "^[a-zA-Z0-9àèéìòóù°_\\-\\[\\.]*") [FAIL]
[xUnit.net 00:00:02.25]       System.Exception : File combinedText.xml is in the wrong format. It should be of type WeatherRecords.
[xUnit.net 00:00:02.25]       ---- System.InvalidOperationException : There is an error in XML document (1, 40).
[xUnit.net 00:00:02.25]       -------- System.InvalidOperationException : <xml xmlns='http://www.meteosvizzera.ch/rsi/VOFH08'> was not expected.
[xUnit.net 00:00:02.25]       Stack Trace:
[xUnit.net 00:00:02.25]         /Users/albayrme/Automation/maestro/Applications/MeteoRSI/MeteoRSI.Application/MetoRsiText.cs(61,0): at Maestro.MeteoRSI.Application.MetoRsiText.CreateTextWeatherPages(FileInfo fileInfo, Ep1BuilderConverterConfig config, Ep1BuilderConverterConfigFilter filter)
[xUnit.net 00:00:02.25]         /Users/albayrme/Automation/maestro/Applications/MeteoRSI/MeteoRSI.Tests/TextUnitTests.cs(228,0): at Maestro.MeteoRSI.Tests.TextUnitTests.CreateTextWeatherPages_DefaultFileInput_File_52_01(Int32 index, String regex)
[xUnit.net 00:00:02.25]         ----- Inner Stack Trace -----
[xUnit.net 00:00:02.25]            at System.Xml.Serialization.XmlSerializer.Deserialize(XmlReader xmlReader, String encodingStyle, XmlDeserializationEvents events)
[xUnit.net 00:00:02.25]            at System.Xml.Serialization.XmlSerializer.Deserialize(TextReader textReader)
[xUnit.net 00:00:02.25]         /Users/albayrme/Automation/maestro/Core/Maestro.Core/Helpers/XmlHelper.cs(37,0): at Maestro.Core.Helpers.XmlHelper.Deserialize[T](String content)
[xUnit.net 00:00:02.26]         /Users/albayrme/Automation/maestro/Applications/MeteoRSI/MeteoRSI.Application/MetoRsiText.cs(31,0): at Maestro.MeteoRSI.Application.MetoRsiText.CreateTextWeatherPages(FileInfo fileInfo, Ep1BuilderConverterConfig config, Ep1BuilderConverterConfigFilter filter)
[xUnit.net 00:00:02.26]         ----- Inner Stack Trace -----
[xUnit.net 00:00:02.26]            at Microsoft.Xml.Serialization.GeneratedAssembly.XmlSerializationReaderWeatherRecords.Read9_xml()
[xUnit.net 00:00:02.26]     Maestro.MeteoRSI.Tests.TextHelperUnitTests.GetSymbolData_DefaultInput_SymbolClass(file: "VOFH08", period: "am", synop: 6758, resultName: "COPE") [FAIL]
[xUnit.net 00:00:02.26]       System.InvalidOperationException : There is an error in XML document (1, 40).
[xUnit.net 00:00:02.26]       ---- System.InvalidOperationException : <xml xmlns='http://www.meteosvizzera.ch/rsi/VOFH08'> was not expected.
[xUnit.net 00:00:02.26]       Stack Trace:
[xUnit.net 00:00:02.26]            at System.Xml.Serialization.XmlSerializer.Deserialize(XmlReader xmlReader, String encodingStyle, XmlDeserializationEvents events)
[xUnit.net 00:00:02.26]            at System.Xml.Serialization.XmlSerializer.Deserialize(TextReader textReader)
[xUnit.net 00:00:02.26]         /Users/albayrme/Automation/maestro/Core/Maestro.Core/Helpers/XmlHelper.cs(37,0): at Maestro.Core.Helpers.XmlHelper.Deserialize[T](String content)
[xUnit.net 00:00:02.26]         /Users/albayrme/Automation/maestro/Applications/MeteoRSI/MeteoRSI.Tests/TextHelperUnitTests.cs(103,0): at Maestro.MeteoRSI.Tests.TextHelperUnitTests.GetSymbolData_DefaultInput_SymbolClass(String file, String period, Int32 synop, String resultName)
[xUnit.net 00:00:02.26]         ----- Inner Stack Trace -----
[xUnit.net 00:00:02.26]            at Microsoft.Xml.Serialization.GeneratedAssembly.XmlSerializationReaderWeatherRecords.Read9_xml()
[xUnit.net 00:00:02.26]     Maestro.MeteoRSI.Tests.GraphicalUnitTest.CreateGraphicalWeatherPages_DefaultFileInput_File_58_01(index: 15, regex: "^soleggiato\\s+soleggiato\\s+soleggiato$") [FAIL]
[xUnit.net 00:00:02.26]       System.NullReferenceException : Object reference not set to an instance of an object.
[xUnit.net 00:00:02.26]       Stack Trace:
[xUnit.net 00:00:02.26]         /Users/albayrme/Automation/maestro/Applications/MeteoRSI/MeteoRSI.Application/MeteoRsiGraphic.cs(24,0): at Maestro.MeteoRSI.Application.MeteoRsiGraphic.CreateGraphicalWeatherPages(FileInfo fileInfo, Ep1BuilderConverterConfig config, Ep1BuilderConverterConfigFilter filter)
[xUnit.net 00:00:02.26]         /Users/albayrme/Automation/maestro/Applications/MeteoRSI/MeteoRSI.Tests/GraphicalUnitTest.cs(150,0): at Maestro.MeteoRSI.Tests.GraphicalUnitTest.CreateGraphicalWeatherPages_DefaultFileInput_File_58_01(Int32 index, String regex)
[xUnit.net 00:00:02.26]     Maestro.MeteoRSI.Tests.TextHelperUnitTests.GetSymbolData_DefaultInput_SymbolClass(file: "VOFH08", period: "am", synop: 6760, resultName: "SVP1") [FAIL]
[xUnit.net 00:00:02.26]       System.InvalidOperationException : There is an error in XML document (1, 40).
[xUnit.net 00:00:02.26]       ---- System.InvalidOperationException : <xml xmlns='http://www.meteosvizzera.ch/rsi/VOFH08'> was not expected.
[xUnit.net 00:00:02.26]       Stack Trace:
[xUnit.net 00:00:02.26]            at System.Xml.Serialization.XmlSerializer.Deserialize(XmlReader xmlReader, String encodingStyle, XmlDeserializationEvents events)
[xUnit.net 00:00:02.26]            at System.Xml.Serialization.XmlSerializer.Deserialize(TextReader textReader)
[xUnit.net 00:00:02.26]         /Users/albayrme/Automation/maestro/Core/Maestro.Core/Helpers/XmlHelper.cs(37,0): at Maestro.Core.Helpers.XmlHelper.Deserialize[T](String content)
[xUnit.net 00:00:02.26]         /Users/albayrme/Automation/maestro/Applications/MeteoRSI/MeteoRSI.Tests/TextHelperUnitTests.cs(103,0): at Maestro.MeteoRSI.Tests.TextHelperUnitTests.GetSymbolData_DefaultInput_SymbolClass(String file, String period, Int32 synop, String resultName)
[xUnit.net 00:00:02.26]         ----- Inner Stack Trace -----
[xUnit.net 00:00:02.26]            at Microsoft.Xml.Serialization.GeneratedAssembly.XmlSerializationReaderWeatherRecords.Read9_xml()
[xUnit.net 00:00:02.26]     Maestro.MeteoRSI.Tests.TextUnitTests.CreateTextWeatherPages_DefaultFileInput_File_52_01(index: 1, regex: "^Previsioni$") [FAIL]
[xUnit.net 00:00:02.26]       System.Exception : File combinedText.xml is in the wrong format. It should be of type WeatherRecords.
[xUnit.net 00:00:02.26]       ---- System.InvalidOperationException : There is an error in XML document (1, 40).
[xUnit.net 00:00:02.26]       -------- System.InvalidOperationException : <xml xmlns='http://www.meteosvizzera.ch/rsi/VOFH08'> was not expected.
[xUnit.net 00:00:02.26]       Stack Trace:
[xUnit.net 00:00:02.26]         /Users/albayrme/Automation/maestro/Applications/MeteoRSI/MeteoRSI.Application/MetoRsiText.cs(61,0): at Maestro.MeteoRSI.Application.MetoRsiText.CreateTextWeatherPages(FileInfo fileInfo, Ep1BuilderConverterConfig config, Ep1BuilderConverterConfigFilter filter)
[xUnit.net 00:00:02.26]         /Users/albayrme/Automation/maestro/Applications/MeteoRSI/MeteoRSI.Tests/TextUnitTests.cs(228,0): at Maestro.MeteoRSI.Tests.TextUnitTests.CreateTextWeatherPages_DefaultFileInput_File_52_01(Int32 index, String regex)
[xUnit.net 00:00:02.26]         ----- Inner Stack Trace -----
[xUnit.net 00:00:02.26]            at System.Xml.Serialization.XmlSerializer.Deserialize(XmlReader xmlReader, String encodingStyle, XmlDeserializationEvents events)
[xUnit.net 00:00:02.26]            at System.Xml.Serialization.XmlSerializer.Deserialize(TextReader textReader)
[xUnit.net 00:00:02.26]         /Users/albayrme/Automation/maestro/Core/Maestro.Core/Helpers/XmlHelper.cs(37,0): at Maestro.Core.Helpers.XmlHelper.Deserialize[T](String content)
[xUnit.net 00:00:02.26]         /Users/albayrme/Automation/maestro/Applications/MeteoRSI/MeteoRSI.Application/MetoRsiText.cs(31,0): at Maestro.MeteoRSI.Application.MetoRsiText.CreateTextWeatherPages(FileInfo fileInfo, Ep1BuilderConverterConfig config, Ep1BuilderConverterConfigFilter filter)
[xUnit.net 00:00:02.26]         ----- Inner Stack Trace -----
[xUnit.net 00:00:02.26]            at Microsoft.Xml.Serialization.GeneratedAssembly.XmlSerializationReaderWeatherRecords.Read9_xml()
[xUnit.net 00:00:02.26]     Maestro.MeteoRSI.Tests.GraphicalUnitTest.CreateGraphicalWeatherPages_DefaultFileInput_File_58_01(index: 2, regex: "^$") [FAIL]
[xUnit.net 00:00:02.26]       System.NullReferenceException : Object reference not set to an instance of an object.
[xUnit.net 00:00:02.26]       Stack Trace:
[xUnit.net 00:00:02.26]         /Users/albayrme/Automation/maestro/Applications/MeteoRSI/MeteoRSI.Application/MeteoRsiGraphic.cs(24,0): at Maestro.MeteoRSI.Application.MeteoRsiGraphic.CreateGraphicalWeatherPages(FileInfo fileInfo, Ep1BuilderConverterConfig config, Ep1BuilderConverterConfigFilter filter)
[xUnit.net 00:00:02.26]         /Users/albayrme/Automation/maestro/Applications/MeteoRSI/MeteoRSI.Tests/GraphicalUnitTest.cs(150,0): at Maestro.MeteoRSI.Tests.GraphicalUnitTest.CreateGraphicalWeatherPages_DefaultFileInput_File_58_01(Int32 index, String regex)
  Failed Maestro.MeteoRSI.Tests.GraphicalUnitTest.CreateGraphicalWeatherPages_DefaultFileInput_File_58_01(index: 6, regex: "^------------------------------------$") [< 1 ms]
  Error Message:
   System.NullReferenceException : Object reference not set to an instance of an object.
  Stack Trace:
     at Maestro.MeteoRSI.Application.MeteoRsiGraphic.CreateGraphicalWeatherPages(FileInfo fileInfo, Ep1BuilderConverterConfig config, Ep1BuilderConverterConfigFilter filter) in /Users/albayrme/Automation/maestro/Applications/MeteoRSI/MeteoRSI.Application/MeteoRsiGraphic.cs:line 24
   at Maestro.MeteoRSI.Tests.GraphicalUnitTest.CreateGraphicalWeatherPages_DefaultFileInput_File_58_01(Int32 index, String regex) in /Users/albayrme/Automation/maestro/Applications/MeteoRSI/MeteoRSI.Tests/GraphicalUnitTest.cs:line 150
  Failed Maestro.MeteoRSI.Tests.TextUnitTests.CreateTextWeatherPages_DefaultFileInput_File_52_01(index: 18, regex: "^[a-zA-Z0-9àèéìòóù°_\\-\\[\\.]*") [4 ms]
  Error Message:
   System.Exception : File combinedText.xml is in the wrong format. It should be of type WeatherRecords.
---- System.InvalidOperationException : There is an error in XML document (1, 40).
-------- System.InvalidOperationException : <xml xmlns='http://www.meteosvizzera.ch/rsi/VOFH08'> was not expected.
  Stack Trace:
     at Maestro.MeteoRSI.Application.MetoRsiText.CreateTextWeatherPages(FileInfo fileInfo, Ep1BuilderConverterConfig config, Ep1BuilderConverterConfigFilter filter) in /Users/albayrme/Automation/maestro/Applications/MeteoRSI/MeteoRSI.Application/MetoRsiText.cs:line 61
   at Maestro.MeteoRSI.Tests.TextUnitTests.CreateTextWeatherPages_DefaultFileInput_File_52_01(Int32 index, String regex) in /Users/albayrme/Automation/maestro/Applications/MeteoRSI/MeteoRSI.Tests/TextUnitTests.cs:line 228
----- Inner Stack Trace -----
   at System.Xml.Serialization.XmlSerializer.Deserialize(XmlReader xmlReader, String encodingStyle, XmlDeserializationEvents events)
   at System.Xml.Serialization.XmlSerializer.Deserialize(TextReader textReader)
   at Maestro.Core.Helpers.XmlHelper.Deserialize[T](String content) in /Users/albayrme/Automation/maestro/Core/Maestro.Core/Helpers/XmlHelper.cs:line 37
   at Maestro.MeteoRSI.Application.MetoRsiText.CreateTextWeatherPages(FileInfo fileInfo, Ep1BuilderConverterConfig config, Ep1BuilderConverterConfigFilter filter) in /Users/albayrme/Automation/maestro/Applications/MeteoRSI/MeteoRSI.Application/MetoRsiText.cs:line 31
----- Inner Stack Trace -----
   at Microsoft.Xml.Serialization.GeneratedAssembly.XmlSerializationReaderWeatherRecords.Read9_xml()
  Failed Maestro.MeteoRSI.Tests.TextHelperUnitTests.GetSymbolData_DefaultInput_SymbolClass(file: "VOFH08", period: "am", synop: 6758, resultName: "COPE") [1 ms]
  Error Message:
   System.InvalidOperationException : There is an error in XML document (1, 40).
---- System.InvalidOperationException : <xml xmlns='http://www.meteosvizzera.ch/rsi/VOFH08'> was not expected.
  Stack Trace:
     at System.Xml.Serialization.XmlSerializer.Deserialize(XmlReader xmlReader, String encodingStyle, XmlDeserializationEvents events)
   at System.Xml.Serialization.XmlSerializer.Deserialize(TextReader textReader)
   at Maestro.Core.Helpers.XmlHelper.Deserialize[T](String content) in /Users/albayrme/Automation/maestro/Core/Maestro.Core/Helpers/XmlHelper.cs:line 37
   at Maestro.MeteoRSI.Tests.TextHelperUnitTests.GetSymbolData_DefaultInput_SymbolClass(String file, String period, Int32 synop, String resultName) in /Users/albayrme/Automation/maestro/Applications/MeteoRSI/MeteoRSI.Tests/TextHelperUnitTests.cs:line 103
----- Inner Stack Trace -----
   at Microsoft.Xml.Serialization.GeneratedAssembly.XmlSerializationReaderWeatherRecords.Read9_xml()
  Failed Maestro.MeteoRSI.Tests.GraphicalUnitTest.CreateGraphicalWeatherPages_DefaultFileInput_File_58_01(index: 15, regex: "^soleggiato\\s+soleggiato\\s+soleggiato$") [1 ms]
  Error Message:
   System.NullReferenceException : Object reference not set to an instance of an object.
  Stack Trace:
     at Maestro.MeteoRSI.Application.MeteoRsiGraphic.CreateGraphicalWeatherPages(FileInfo fileInfo, Ep1BuilderConverterConfig config, Ep1BuilderConverterConfigFilter filter) in /Users/albayrme/Automation/maestro/Applications/MeteoRSI/MeteoRSI.Application/MeteoRsiGraphic.cs:line 24
   at Maestro.MeteoRSI.Tests.GraphicalUnitTest.CreateGraphicalWeatherPages_DefaultFileInput_File_58_01(Int32 index, String regex) in /Users/albayrme/Automation/maestro/Applications/MeteoRSI/MeteoRSI.Tests/GraphicalUnitTest.cs:line 150
  Failed Maestro.MeteoRSI.Tests.TextHelperUnitTests.GetSymbolData_DefaultInput_SymbolClass(file: "VOFH08", period: "am", synop: 6760, resultName: "SVP1") [< 1 ms]
  Error Message:
   System.InvalidOperationException : There is an error in XML document (1, 40).
---- System.InvalidOperationException : <xml xmlns='http://www.meteosvizzera.ch/rsi/VOFH08'> was not expected.
  Stack Trace:
     at System.Xml.Serialization.XmlSerializer.Deserialize(XmlReader xmlReader, String encodingStyle, XmlDeserializationEvents events)
   at System.Xml.Serialization.XmlSerializer.Deserialize(TextReader textReader)
   at Maestro.Core.Helpers.XmlHelper.Deserialize[T](String content) in /Users/albayrme/Automation/maestro/Core/Maestro.Core/Helpers/XmlHelper.cs:line 37
   at Maestro.MeteoRSI.Tests.TextHelperUnitTests.GetSymbolData_DefaultInput_SymbolClass(String file, String period, Int32 synop, String resultName) in /Users/albayrme/Automation/maestro/Applications/MeteoRSI/MeteoRSI.Tests/TextHelperUnitTests.cs:line 103
----- Inner Stack Trace -----
   at Microsoft.Xml.Serialization.GeneratedAssembly.XmlSerializationReaderWeatherRecords.Read9_xml()
  Failed Maestro.MeteoRSI.Tests.TextUnitTests.CreateTextWeatherPages_DefaultFileInput_File_52_01(index: 1, regex: "^Previsioni$") [1 ms]
  Error Message:
   System.Exception : File combinedText.xml is in the wrong format. It should be of type WeatherRecords.
---- System.InvalidOperationException : There is an error in XML document (1, 40).
-------- System.InvalidOperationException : <xml xmlns='http://www.meteosvizzera.ch/rsi/VOFH08'> was not expected.
  Stack Trace:
     at Maestro.MeteoRSI.Application.MetoRsiText.CreateTextWeatherPages(FileInfo fileInfo, Ep1BuilderConverterConfig config, Ep1BuilderConverterConfigFilter filter) in /Users/albayrme/Automation/maestro/Applications/MeteoRSI/MeteoRSI.Application/MetoRsiText.cs:line 61
   at Maestro.MeteoRSI.Tests.TextUnitTests.CreateTextWeatherPages_DefaultFileInput_File_52_01(Int32 index, String regex) in /Users/albayrme/Automation/maestro/Applications/MeteoRSI/MeteoRSI.Tests/TextUnitTests.cs:line 228
----- Inner Stack Trace -----
   at System.Xml.Serialization.XmlSerializer.Deserialize(XmlReader xmlReader, String encodingStyle, XmlDeserializationEvents events)
   at System.Xml.Serialization.XmlSerializer.Deserialize(TextReader textReader)
   at Maestro.Core.Helpers.XmlHelper.Deserialize[T](String content) in /Users/albayrme/Automation/maestro/Core/Maestro.Core/Helpers/XmlHelper.cs:line 37
   at Maestro.MeteoRSI.Application.MetoRsiText.CreateTextWeatherPages(FileInfo fileInfo, Ep1BuilderConverterConfig config, Ep1BuilderConverterConfigFilter filter) in /Users/albayrme/Automation/maestro/Applications/MeteoRSI/MeteoRSI.Application/MetoRsiText.cs:line 31
----- Inner Stack Trace -----
   at Microsoft.Xml.Serialization.GeneratedAssembly.XmlSerializationReaderWeatherRecords.Read9_xml()
  Failed Maestro.MeteoRSI.Tests.GraphicalUnitTest.CreateGraphicalWeatherPages_DefaultFileInput_File_58_01(index: 2, regex: "^$") [1 ms]
  Error Message:
   System.NullReferenceException : Object reference not set to an instance of an object.
  Stack Trace:
     at Maestro.MeteoRSI.Application.MeteoRsiGraphic.CreateGraphicalWeatherPages(FileInfo fileInfo, Ep1BuilderConverterConfig config, Ep1BuilderConverterConfigFilter filter) in /Users/albayrme/Automation/maestro/Applications/MeteoRSI/MeteoRSI.Application/MeteoRsiGraphic.cs:line 24
   at Maestro.MeteoRSI.Tests.GraphicalUnitTest.CreateGraphicalWeatherPages_DefaultFileInput_File_58_01(Int32 index, String regex) in /Users/albayrme/Automation/maestro/Applications/MeteoRSI/MeteoRSI.Tests/GraphicalUnitTest.cs:line 150
[xUnit.net 00:00:02.26]     Maestro.MeteoRSI.Tests.TextHelperUnitTests.GetSymbolData_DefaultInput_SymbolClass(file: "VOFH07", period: "pm", synop: 6660, resultName: "SOL1") [FAIL]
[xUnit.net 00:00:02.26]       System.InvalidOperationException : There is an error in XML document (1, 40).
[xUnit.net 00:00:02.26]       ---- System.InvalidOperationException : <xml xmlns='http://www.meteosvizzera.ch/rsi/VOFH08'> was not expected.
[xUnit.net 00:00:02.26]       Stack Trace:
[xUnit.net 00:00:02.26]            at System.Xml.Serialization.XmlSerializer.Deserialize(XmlReader xmlReader, String encodingStyle, XmlDeserializationEvents events)
[xUnit.net 00:00:02.26]            at System.Xml.Serialization.XmlSerializer.Deserialize(TextReader textReader)
[xUnit.net 00:00:02.26]         /Users/albayrme/Automation/maestro/Core/Maestro.Core/Helpers/XmlHelper.cs(37,0): at Maestro.Core.Helpers.XmlHelper.Deserialize[T](String content)
[xUnit.net 00:00:02.26]         /Users/albayrme/Automation/maestro/Applications/MeteoRSI/MeteoRSI.Tests/TextHelperUnitTests.cs(103,0): at Maestro.MeteoRSI.Tests.TextHelperUnitTests.GetSymbolData_DefaultInput_SymbolClass(String file, String period, Int32 synop, String resultName)
[xUnit.net 00:00:02.26]         ----- Inner Stack Trace -----
[xUnit.net 00:00:02.26]            at Microsoft.Xml.Serialization.GeneratedAssembly.XmlSerializationReaderWeatherRecords.Read9_xml()
[xUnit.net 00:00:02.26]     Maestro.MeteoRSI.Tests.TextUnitTests.CreateTextWeatherPages_DefaultFileInput_File_52_01(index: 16, regex: "^[a-zA-Z0-9àèéìòóù°_\\-\\[\\.]+") [FAIL]
[xUnit.net 00:00:02.26]       System.Exception : File combinedText.xml is in the wrong format. It should be of type WeatherRecords.
[xUnit.net 00:00:02.26]       ---- System.InvalidOperationException : There is an error in XML document (1, 40).
[xUnit.net 00:00:02.26]       -------- System.InvalidOperationException : <xml xmlns='http://www.meteosvizzera.ch/rsi/VOFH08'> was not expected.
[xUnit.net 00:00:02.26]       Stack Trace:
[xUnit.net 00:00:02.26]         /Users/albayrme/Automation/maestro/Applications/MeteoRSI/MeteoRSI.Application/MetoRsiText.cs(61,0): at Maestro.MeteoRSI.Application.MetoRsiText.CreateTextWeatherPages(FileInfo fileInfo, Ep1BuilderConverterConfig config, Ep1BuilderConverterConfigFilter filter)
[xUnit.net 00:00:02.26]         /Users/albayrme/Automation/maestro/Applications/MeteoRSI/MeteoRSI.Tests/TextUnitTests.cs(228,0): at Maestro.MeteoRSI.Tests.TextUnitTests.CreateTextWeatherPages_DefaultFileInput_File_52_01(Int32 index, String regex)
[xUnit.net 00:00:02.26]         ----- Inner Stack Trace -----
[xUnit.net 00:00:02.26]            at System.Xml.Serialization.XmlSerializer.Deserialize(XmlReader xmlReader, String encodingStyle, XmlDeserializationEvents events)
[xUnit.net 00:00:02.26]            at System.Xml.Serialization.XmlSerializer.Deserialize(TextReader textReader)
[xUnit.net 00:00:02.26]         /Users/albayrme/Automation/maestro/Core/Maestro.Core/Helpers/XmlHelper.cs(37,0): at Maestro.Core.Helpers.XmlHelper.Deserialize[T](String content)
[xUnit.net 00:00:02.26]         /Users/albayrme/Automation/maestro/Applications/MeteoRSI/MeteoRSI.Application/MetoRsiText.cs(31,0): at Maestro.MeteoRSI.Application.MetoRsiText.CreateTextWeatherPages(FileInfo fileInfo, Ep1BuilderConverterConfig config, Ep1BuilderConverterConfigFilter filter)
[xUnit.net 00:00:02.26]         ----- Inner Stack Trace -----
[xUnit.net 00:00:02.26]            at Microsoft.Xml.Serialization.GeneratedAssembly.XmlSerializationReaderWeatherRecords.Read9_xml()
[xUnit.net 00:00:02.26]     Maestro.MeteoRSI.Tests.GraphicalUnitTest.CreateGraphicalWeatherPages_DefaultFileInput_File_58_01(index: 3, regex: "^Sud delle Alpi e Insubria$") [FAIL]
[xUnit.net 00:00:02.26]       System.NullReferenceException : Object reference not set to an instance of an object.
[xUnit.net 00:00:02.26]       Stack Trace:
[xUnit.net 00:00:02.26]         /Users/albayrme/Automation/maestro/Applications/MeteoRSI/MeteoRSI.Application/MeteoRsiGraphic.cs(24,0): at Maestro.MeteoRSI.Application.MeteoRsiGraphic.CreateGraphicalWeatherPages(FileInfo fileInfo, Ep1BuilderConverterConfig config, Ep1BuilderConverterConfigFilter filter)
[xUnit.net 00:00:02.26]         /Users/albayrme/Automation/maestro/Applications/MeteoRSI/MeteoRSI.Tests/GraphicalUnitTest.cs(150,0): at Maestro.MeteoRSI.Tests.GraphicalUnitTest.CreateGraphicalWeatherPages_DefaultFileInput_File_58_01(Int32 index, String regex)
[xUnit.net 00:00:02.26]     Maestro.MeteoRSI.Tests.TextHelperUnitTests.GetSymbolData_DefaultInput_SymbolClass(file: "VOFH07", period: "pm", synop: 9069, resultName: "SVP2") [FAIL]
[xUnit.net 00:00:02.26]       System.InvalidOperationException : There is an error in XML document (1, 40).
[xUnit.net 00:00:02.26]       ---- System.InvalidOperationException : <xml xmlns='http://www.meteosvizzera.ch/rsi/VOFH08'> was not expected.
[xUnit.net 00:00:02.26]       Stack Trace:
[xUnit.net 00:00:02.26]            at System.Xml.Serialization.XmlSerializer.Deserialize(XmlReader xmlReader, String encodingStyle, XmlDeserializationEvents events)
[xUnit.net 00:00:02.26]            at System.Xml.Serialization.XmlSerializer.Deserialize(TextReader textReader)
[xUnit.net 00:00:02.26]         /Users/albayrme/Automation/maestro/Core/Maestro.Core/Helpers/XmlHelper.cs(37,0): at Maestro.Core.Helpers.XmlHelper.Deserialize[T](String content)
[xUnit.net 00:00:02.26]         /Users/albayrme/Automation/maestro/Applications/MeteoRSI/MeteoRSI.Tests/TextHelperUnitTests.cs(103,0): at Maestro.MeteoRSI.Tests.TextHelperUnitTests.GetSymbolData_DefaultInput_SymbolClass(String file, String period, Int32 synop, String resultName)
[xUnit.net 00:00:02.26]         ----- Inner Stack Trace -----
[xUnit.net 00:00:02.26]            at Microsoft.Xml.Serialization.GeneratedAssembly.XmlSerializationReaderWeatherRecords.Read9_xml()
[xUnit.net 00:00:02.26]     Maestro.MeteoRSI.Tests.GraphicalUnitTest.CreateGraphicalWeatherPages_DefaultFileInput_File_58_01(index: 17, regex: "^Max:\\s+19°CMax:\\s+21°CMax:\\s+20°C$") [FAIL]
[xUnit.net 00:00:02.26]       System.NullReferenceException : Object reference not set to an instance of an object.
[xUnit.net 00:00:02.26]       Stack Trace:
[xUnit.net 00:00:02.26]         /Users/albayrme/Automation/maestro/Applications/MeteoRSI/MeteoRSI.Application/MeteoRsiGraphic.cs(24,0): at Maestro.MeteoRSI.Application.MeteoRsiGraphic.CreateGraphicalWeatherPages(FileInfo fileInfo, Ep1BuilderConverterConfig config, Ep1BuilderConverterConfigFilter filter)
[xUnit.net 00:00:02.26]         /Users/albayrme/Automation/maestro/Applications/MeteoRSI/MeteoRSI.Tests/GraphicalUnitTest.cs(150,0): at Maestro.MeteoRSI.Tests.GraphicalUnitTest.CreateGraphicalWeatherPages_DefaultFileInput_File_58_01(Int32 index, String regex)
[xUnit.net 00:00:02.26]     Maestro.MeteoRSI.Tests.TextUnitTests.CreateTextWeatherPages_DefaultFileInput_File_52_01(index: 8, regex: "^Ticino settentrionale e Moesano$") [FAIL]
[xUnit.net 00:00:02.26]       System.Exception : File combinedText.xml is in the wrong format. It should be of type WeatherRecords.
[xUnit.net 00:00:02.26]       ---- System.InvalidOperationException : There is an error in XML document (1, 40).
[xUnit.net 00:00:02.26]       -------- System.InvalidOperationException : <xml xmlns='http://www.meteosvizzera.ch/rsi/VOFH08'> was not expected.
[xUnit.net 00:00:02.26]       Stack Trace:
[xUnit.net 00:00:02.26]         /Users/albayrme/Automation/maestro/Applications/MeteoRSI/MeteoRSI.Application/MetoRsiText.cs(61,0): at Maestro.MeteoRSI.Application.MetoRsiText.CreateTextWeatherPages(FileInfo fileInfo, Ep1BuilderConverterConfig config, Ep1BuilderConverterConfigFilter filter)
[xUnit.net 00:00:02.26]         /Users/albayrme/Automation/maestro/Applications/MeteoRSI/MeteoRSI.Tests/TextUnitTests.cs(228,0): at Maestro.MeteoRSI.Tests.TextUnitTests.CreateTextWeatherPages_DefaultFileInput_File_52_01(Int32 index, String regex)
[xUnit.net 00:00:02.26]         ----- Inner Stack Trace -----
[xUnit.net 00:00:02.26]            at System.Xml.Serialization.XmlSerializer.Deserialize(XmlReader xmlReader, String encodingStyle, XmlDeserializationEvents events)
[xUnit.net 00:00:02.26]            at System.Xml.Serialization.XmlSerializer.Deserialize(TextReader textReader)
[xUnit.net 00:00:02.26]         /Users/albayrme/Automation/maestro/Core/Maestro.Core/Helpers/XmlHelper.cs(37,0): at Maestro.Core.Helpers.XmlHelper.Deserialize[T](String content)
[xUnit.net 00:00:02.26]         /Users/albayrme/Automation/maestro/Applications/MeteoRSI/MeteoRSI.Application/MetoRsiText.cs(31,0): at Maestro.MeteoRSI.Application.MetoRsiText.CreateTextWeatherPages(FileInfo fileInfo, Ep1BuilderConverterConfig config, Ep1BuilderConverterConfigFilter filter)
[xUnit.net 00:00:02.26]         ----- Inner Stack Trace -----
[xUnit.net 00:00:02.26]            at Microsoft.Xml.Serialization.GeneratedAssembly.XmlSerializationReaderWeatherRecords.Read9_xml()
[xUnit.net 00:00:02.26]     Maestro.MeteoRSI.Tests.TextHelperUnitTests.GetRecordData_DefaultInputTypeTemp_TempFromRecord [FAIL]
[xUnit.net 00:00:02.26]       System.InvalidOperationException : There is an error in XML document (1, 40).
[xUnit.net 00:00:02.26]       ---- System.InvalidOperationException : <xml xmlns='http://www.meteosvizzera.ch/rsi/VOFH08'> was not expected.
[xUnit.net 00:00:02.26]       Stack Trace:
[xUnit.net 00:00:02.26]            at System.Xml.Serialization.XmlSerializer.Deserialize(XmlReader xmlReader, String encodingStyle, XmlDeserializationEvents events)
[xUnit.net 00:00:02.26]            at System.Xml.Serialization.XmlSerializer.Deserialize(TextReader textReader)
[xUnit.net 00:00:02.26]         /Users/albayrme/Automation/maestro/Core/Maestro.Core/Helpers/XmlHelper.cs(37,0): at Maestro.Core.Helpers.XmlHelper.Deserialize[T](String content)
[xUnit.net 00:00:02.26]         /Users/albayrme/Automation/maestro/Applications/MeteoRSI/MeteoRSI.Tests/TextHelperUnitTests.cs(58,0): at Maestro.MeteoRSI.Tests.TextHelperUnitTests.GetRecordData_DefaultInputTypeTemp_TempFromRecord()
[xUnit.net 00:00:02.26]         ----- Inner Stack Trace -----
[xUnit.net 00:00:02.26]            at Microsoft.Xml.Serialization.GeneratedAssembly.XmlSerializationReaderWeatherRecords.Read9_xml()
[xUnit.net 00:00:02.26]     Maestro.MeteoRSI.Tests.GraphicalUnitTest.CreateGraphicalWeatherPages_DefaultFileInput_File_58_01(index: 11, regex: "^$") [FAIL]
[xUnit.net 00:00:02.26]       System.NullReferenceException : Object reference not set to an instance of an object.
[xUnit.net 00:00:02.26]       Stack Trace:
[xUnit.net 00:00:02.26]         /Users/albayrme/Automation/maestro/Applications/MeteoRSI/MeteoRSI.Application/MeteoRsiGraphic.cs(24,0): at Maestro.MeteoRSI.Application.MeteoRsiGraphic.CreateGraphicalWeatherPages(FileInfo fileInfo, Ep1BuilderConverterConfig config, Ep1BuilderConverterConfigFilter filter)
[xUnit.net 00:00:02.26]         /Users/albayrme/Automation/maestro/Applications/MeteoRSI/MeteoRSI.Tests/GraphicalUnitTest.cs(150,0): at Maestro.MeteoRSI.Tests.GraphicalUnitTest.CreateGraphicalWeatherPages_DefaultFileInput_File_58_01(Int32 index, String regex)
  Failed Maestro.MeteoRSI.Tests.TextHelperUnitTests.GetSymbolData_DefaultInput_SymbolClass(file: "VOFH07", period: "pm", synop: 6660, resultName: "SOL1") [1 ms]
  Error Message:
   System.InvalidOperationException : There is an error in XML document (1, 40).
---- System.InvalidOperationException : <xml xmlns='http://www.meteosvizzera.ch/rsi/VOFH08'> was not expected.
  Stack Trace:
     at System.Xml.Serialization.XmlSerializer.Deserialize(XmlReader xmlReader, String encodingStyle, XmlDeserializationEvents events)
   at System.Xml.Serialization.XmlSerializer.Deserialize(TextReader textReader)
   at Maestro.Core.Helpers.XmlHelper.Deserialize[T](String content) in /Users/albayrme/Automation/maestro/Core/Maestro.Core/Helpers/XmlHelper.cs:line 37
   at Maestro.MeteoRSI.Tests.TextHelperUnitTests.GetSymbolData_DefaultInput_SymbolClass(String file, String period, Int32 synop, String resultName) in /Users/albayrme/Automation/maestro/Applications/MeteoRSI/MeteoRSI.Tests/TextHelperUnitTests.cs:line 103
----- Inner Stack Trace -----
   at Microsoft.Xml.Serialization.GeneratedAssembly.XmlSerializationReaderWeatherRecords.Read9_xml()
  Failed Maestro.MeteoRSI.Tests.TextUnitTests.CreateTextWeatherPages_DefaultFileInput_File_52_01(index: 16, regex: "^[a-zA-Z0-9àèéìòóù°_\\-\\[\\.]+") [1 ms]
  Error Message:
   System.Exception : File combinedText.xml is in the wrong format. It should be of type WeatherRecords.
---- System.InvalidOperationException : There is an error in XML document (1, 40).
-------- System.InvalidOperationException : <xml xmlns='http://www.meteosvizzera.ch/rsi/VOFH08'> was not expected.
  Stack Trace:
     at Maestro.MeteoRSI.Application.MetoRsiText.CreateTextWeatherPages(FileInfo fileInfo, Ep1BuilderConverterConfig config, Ep1BuilderConverterConfigFilter filter) in /Users/albayrme/Automation/maestro/Applications/MeteoRSI/MeteoRSI.Application/MetoRsiText.cs:line 61
   at Maestro.MeteoRSI.Tests.TextUnitTests.CreateTextWeatherPages_DefaultFileInput_File_52_01(Int32 index, String regex) in /Users/albayrme/Automation/maestro/Applications/MeteoRSI/MeteoRSI.Tests/TextUnitTests.cs:line 228
----- Inner Stack Trace -----
   at System.Xml.Serialization.XmlSerializer.Deserialize(XmlReader xmlReader, String encodingStyle, XmlDeserializationEvents events)
   at System.Xml.Serialization.XmlSerializer.Deserialize(TextReader textReader)
   at Maestro.Core.Helpers.XmlHelper.Deserialize[T](String content) in /Users/albayrme/Automation/maestro/Core/Maestro.Core/Helpers/XmlHelper.cs:line 37
   at Maestro.MeteoRSI.Application.MetoRsiText.CreateTextWeatherPages(FileInfo fileInfo, Ep1BuilderConverterConfig config, Ep1BuilderConverterConfigFilter filter) in /Users/albayrme/Automation/maestro/Applications/MeteoRSI/MeteoRSI.Application/MetoRsiText.cs:line 31
----- Inner Stack Trace -----
   at Microsoft.Xml.Serialization.GeneratedAssembly.XmlSerializationReaderWeatherRecords.Read9_xml()
  Failed Maestro.MeteoRSI.Tests.GraphicalUnitTest.CreateGraphicalWeatherPages_DefaultFileInput_File_58_01(index: 3, regex: "^Sud delle Alpi e Insubria$") [1 ms]
  Error Message:
   System.NullReferenceException : Object reference not set to an instance of an object.
  Stack Trace:
     at Maestro.MeteoRSI.Application.MeteoRsiGraphic.CreateGraphicalWeatherPages(FileInfo fileInfo, Ep1BuilderConverterConfig config, Ep1BuilderConverterConfigFilter filter) in /Users/albayrme/Automation/maestro/Applications/MeteoRSI/MeteoRSI.Application/MeteoRsiGraphic.cs:line 24
   at Maestro.MeteoRSI.Tests.GraphicalUnitTest.CreateGraphicalWeatherPages_DefaultFileInput_File_58_01(Int32 index, String regex) in /Users/albayrme/Automation/maestro/Applications/MeteoRSI/MeteoRSI.Tests/GraphicalUnitTest.cs:line 150
  Failed Maestro.MeteoRSI.Tests.TextHelperUnitTests.GetSymbolData_DefaultInput_SymbolClass(file: "VOFH07", period: "pm", synop: 9069, resultName: "SVP2") [< 1 ms]
  Error Message:
   System.InvalidOperationException : There is an error in XML document (1, 40).
---- System.InvalidOperationException : <xml xmlns='http://www.meteosvizzera.ch/rsi/VOFH08'> was not expected.
  Stack Trace:
     at System.Xml.Serialization.XmlSerializer.Deserialize(XmlReader xmlReader, String encodingStyle, XmlDeserializationEvents events)
   at System.Xml.Serialization.XmlSerializer.Deserialize(TextReader textReader)
   at Maestro.Core.Helpers.XmlHelper.Deserialize[T](String content) in /Users/albayrme/Automation/maestro/Core/Maestro.Core/Helpers/XmlHelper.cs:line 37
   at Maestro.MeteoRSI.Tests.TextHelperUnitTests.GetSymbolData_DefaultInput_SymbolClass(String file, String period, Int32 synop, String resultName) in /Users/albayrme/Automation/maestro/Applications/MeteoRSI/MeteoRSI.Tests/TextHelperUnitTests.cs:line 103
----- Inner Stack Trace -----
   at Microsoft.Xml.Serialization.GeneratedAssembly.XmlSerializationReaderWeatherRecords.Read9_xml()
  Failed Maestro.MeteoRSI.Tests.GraphicalUnitTest.CreateGraphicalWeatherPages_DefaultFileInput_File_58_01(index: 17, regex: "^Max:\\s+19°CMax:\\s+21°CMax:\\s+20°C$") [1 ms]
  Error Message:
   System.NullReferenceException : Object reference not set to an instance of an object.
  Stack Trace:
     at Maestro.MeteoRSI.Application.MeteoRsiGraphic.CreateGraphicalWeatherPages(FileInfo fileInfo, Ep1BuilderConverterConfig config, Ep1BuilderConverterConfigFilter filter) in /Users/albayrme/Automation/maestro/Applications/MeteoRSI/MeteoRSI.Application/MeteoRsiGraphic.cs:line 24
   at Maestro.MeteoRSI.Tests.GraphicalUnitTest.CreateGraphicalWeatherPages_DefaultFileInput_File_58_01(Int32 index, String regex) in /Users/albayrme/Automation/maestro/Applications/MeteoRSI/MeteoRSI.Tests/GraphicalUnitTest.cs:line 150
  Failed Maestro.MeteoRSI.Tests.TextUnitTests.CreateTextWeatherPages_DefaultFileInput_File_52_01(index: 8, regex: "^Ticino settentrionale e Moesano$") [1 ms]
  Error Message:
   System.Exception : File combinedText.xml is in the wrong format. It should be of type WeatherRecords.
---- System.InvalidOperationException : There is an error in XML document (1, 40).
-------- System.InvalidOperationException : <xml xmlns='http://www.meteosvizzera.ch/rsi/VOFH08'> was not expected.
  Stack Trace:
     at Maestro.MeteoRSI.Application.MetoRsiText.CreateTextWeatherPages(FileInfo fileInfo, Ep1BuilderConverterConfig config, Ep1BuilderConverterConfigFilter filter) in /Users/albayrme/Automation/maestro/Applications/MeteoRSI/MeteoRSI.Application/MetoRsiText.cs:line 61
   at Maestro.MeteoRSI.Tests.TextUnitTests.CreateTextWeatherPages_DefaultFileInput_File_52_01(Int32 index, String regex) in /Users/albayrme/Automation/maestro/Applications/MeteoRSI/MeteoRSI.Tests/TextUnitTests.cs:line 228
----- Inner Stack Trace -----
   at System.Xml.Serialization.XmlSerializer.Deserialize(XmlReader xmlReader, String encodingStyle, XmlDeserializationEvents events)
   at System.Xml.Serialization.XmlSerializer.Deserialize(TextReader textReader)
   at Maestro.Core.Helpers.XmlHelper.Deserialize[T](String content) in /Users/albayrme/Automation/maestro/Core/Maestro.Core/Helpers/XmlHelper.cs:line 37
   at Maestro.MeteoRSI.Application.MetoRsiText.CreateTextWeatherPages(FileInfo fileInfo, Ep1BuilderConverterConfig config, Ep1BuilderConverterConfigFilter filter) in /Users/albayrme/Automation/maestro/Applications/MeteoRSI/MeteoRSI.Application/MetoRsiText.cs:line 31
----- Inner Stack Trace -----
   at Microsoft.Xml.Serialization.GeneratedAssembly.XmlSerializationReaderWeatherRecords.Read9_xml()
  Failed Maestro.MeteoRSI.Tests.TextHelperUnitTests.GetRecordData_DefaultInputTypeTemp_TempFromRecord [1 ms]
  Error Message:
   System.InvalidOperationException : There is an error in XML document (1, 40).
---- System.InvalidOperationException : <xml xmlns='http://www.meteosvizzera.ch/rsi/VOFH08'> was not expected.
  Stack Trace:
     at System.Xml.Serialization.XmlSerializer.Deserialize(XmlReader xmlReader, String encodingStyle, XmlDeserializationEvents events)
   at System.Xml.Serialization.XmlSerializer.Deserialize(TextReader textReader)
   at Maestro.Core.Helpers.XmlHelper.Deserialize[T](String content) in /Users/albayrme/Automation/maestro/Core/Maestro.Core/Helpers/XmlHelper.cs:line 37
   at Maestro.MeteoRSI.Tests.TextHelperUnitTests.GetRecordData_DefaultInputTypeTemp_TempFromRecord() in /Users/albayrme/Automation/maestro/Applications/MeteoRSI/MeteoRSI.Tests/TextHelperUnitTests.cs:line 58
----- Inner Stack Trace -----
   at Microsoft.Xml.Serialization.GeneratedAssembly.XmlSerializationReaderWeatherRecords.Read9_xml()
  Failed Maestro.MeteoRSI.Tests.GraphicalUnitTest.CreateGraphicalWeatherPages_DefaultFileInput_File_58_01(index: 11, regex: "^$") [1 ms]
  Error Message:
   System.NullReferenceException : Object reference not set to an instance of an object.
  Stack Trace:
     at Maestro.MeteoRSI.Application.MeteoRsiGraphic.CreateGraphicalWeatherPages(FileInfo fileInfo, Ep1BuilderConverterConfig config, Ep1BuilderConverterConfigFilter filter) in /Users/albayrme/Automation/maestro/Applications/MeteoRSI/MeteoRSI.Application/MeteoRsiGraphic.cs:line 24
   at Maestro.MeteoRSI.Tests.GraphicalUnitTest.CreateGraphicalWeatherPages_DefaultFileInput_File_58_01(Int32 index, String regex) in /Users/albayrme/Automation/maestro/Applications/MeteoRSI/MeteoRSI.Tests/GraphicalUnitTest.cs:line 150
[xUnit.net 00:00:02.26]     Maestro.MeteoRSI.Tests.TextUnitTests.CreateTextWeatherPages_DefaultFileInput_File_52_01(index: 5, regex: "^$") [FAIL]
[xUnit.net 00:00:02.26]       System.Exception : File combinedText.xml is in the wrong format. It should be of type WeatherRecords.
[xUnit.net 00:00:02.26]       ---- System.InvalidOperationException : There is an error in XML document (1, 40).
[xUnit.net 00:00:02.26]       -------- System.InvalidOperationException : <xml xmlns='http://www.meteosvizzera.ch/rsi/VOFH08'> was not expected.
[xUnit.net 00:00:02.26]       Stack Trace:
[xUnit.net 00:00:02.26]         /Users/albayrme/Automation/maestro/Applications/MeteoRSI/MeteoRSI.Application/MetoRsiText.cs(61,0): at Maestro.MeteoRSI.Application.MetoRsiText.CreateTextWeatherPages(FileInfo fileInfo, Ep1BuilderConverterConfig config, Ep1BuilderConverterConfigFilter filter)
[xUnit.net 00:00:02.26]         /Users/albayrme/Automation/maestro/Applications/MeteoRSI/MeteoRSI.Tests/TextUnitTests.cs(228,0): at Maestro.MeteoRSI.Tests.TextUnitTests.CreateTextWeatherPages_DefaultFileInput_File_52_01(Int32 index, String regex)
[xUnit.net 00:00:02.26]         ----- Inner Stack Trace -----
[xUnit.net 00:00:02.26]            at System.Xml.Serialization.XmlSerializer.Deserialize(XmlReader xmlReader, String encodingStyle, XmlDeserializationEvents events)
[xUnit.net 00:00:02.26]            at System.Xml.Serialization.XmlSerializer.Deserialize(TextReader textReader)
[xUnit.net 00:00:02.26]         /Users/albayrme/Automation/maestro/Core/Maestro.Core/Helpers/XmlHelper.cs(37,0): at Maestro.Core.Helpers.XmlHelper.Deserialize[T](String content)
[xUnit.net 00:00:02.26]         /Users/albayrme/Automation/maestro/Applications/MeteoRSI/MeteoRSI.Application/MetoRsiText.cs(31,0): at Maestro.MeteoRSI.Application.MetoRsiText.CreateTextWeatherPages(FileInfo fileInfo, Ep1BuilderConverterConfig config, Ep1BuilderConverterConfigFilter filter)
[xUnit.net 00:00:02.26]         ----- Inner Stack Trace -----
[xUnit.net 00:00:02.26]            at Microsoft.Xml.Serialization.GeneratedAssembly.XmlSerializationReaderWeatherRecords.Read9_xml()
[xUnit.net 00:00:02.26]     Maestro.MeteoRSI.Tests.GraphicalUnitTest.CreateGraphicalWeatherPages_DefaultFileInput_File_58_01(index: 9, regex: "^$") [FAIL]
[xUnit.net 00:00:02.26]       System.NullReferenceException : Object reference not set to an instance of an object.
[xUnit.net 00:00:02.26]       Stack Trace:
[xUnit.net 00:00:02.26]         /Users/albayrme/Automation/maestro/Applications/MeteoRSI/MeteoRSI.Application/MeteoRsiGraphic.cs(24,0): at Maestro.MeteoRSI.Application.MeteoRsiGraphic.CreateGraphicalWeatherPages(FileInfo fileInfo, Ep1BuilderConverterConfig config, Ep1BuilderConverterConfigFilter filter)
[xUnit.net 00:00:02.26]         /Users/albayrme/Automation/maestro/Applications/MeteoRSI/MeteoRSI.Tests/GraphicalUnitTest.cs(150,0): at Maestro.MeteoRSI.Tests.GraphicalUnitTest.CreateGraphicalWeatherPages_DefaultFileInput_File_58_01(Int32 index, String regex)
[xUnit.net 00:00:02.26]     Maestro.MeteoRSI.Tests.TextUnitTests.CreateTextWeatherPages_DefaultFileInput_File_52_01(index: 11, regex: "^[a-zA-Z0-9àèéìòóù°_\\-\\[\\.]*") [FAIL]
[xUnit.net 00:00:02.26]       System.Exception : File combinedText.xml is in the wrong format. It should be of type WeatherRecords.
[xUnit.net 00:00:02.26]       ---- System.InvalidOperationException : There is an error in XML document (1, 40).
[xUnit.net 00:00:02.26]       -------- System.InvalidOperationException : <xml xmlns='http://www.meteosvizzera.ch/rsi/VOFH08'> was not expected.
[xUnit.net 00:00:02.26]       Stack Trace:
[xUnit.net 00:00:02.26]         /Users/albayrme/Automation/maestro/Applications/MeteoRSI/MeteoRSI.Application/MetoRsiText.cs(61,0): at Maestro.MeteoRSI.Application.MetoRsiText.CreateTextWeatherPages(FileInfo fileInfo, Ep1BuilderConverterConfig config, Ep1BuilderConverterConfigFilter filter)
[xUnit.net 00:00:02.26]         /Users/albayrme/Automation/maestro/Applications/MeteoRSI/MeteoRSI.Tests/TextUnitTests.cs(228,0): at Maestro.MeteoRSI.Tests.TextUnitTests.CreateTextWeatherPages_DefaultFileInput_File_52_01(Int32 index, String regex)
[xUnit.net 00:00:02.26]         ----- Inner Stack Trace -----
[xUnit.net 00:00:02.26]            at System.Xml.Serialization.XmlSerializer.Deserialize(XmlReader xmlReader, String encodingStyle, XmlDeserializationEvents events)
[xUnit.net 00:00:02.26]            at System.Xml.Serialization.XmlSerializer.Deserialize(TextReader textReader)
[xUnit.net 00:00:02.26]         /Users/albayrme/Automation/maestro/Core/Maestro.Core/Helpers/XmlHelper.cs(37,0): at Maestro.Core.Helpers.XmlHelper.Deserialize[T](String content)
[xUnit.net 00:00:02.26]         /Users/albayrme/Automation/maestro/Applications/MeteoRSI/MeteoRSI.Application/MetoRsiText.cs(31,0): at Maestro.MeteoRSI.Application.MetoRsiText.CreateTextWeatherPages(FileInfo fileInfo, Ep1BuilderConverterConfig config, Ep1BuilderConverterConfigFilter filter)
[xUnit.net 00:00:02.26]         ----- Inner Stack Trace -----
[xUnit.net 00:00:02.26]            at Microsoft.Xml.Serialization.GeneratedAssembly.XmlSerializationReaderWeatherRecords.Read9_xml()
[xUnit.net 00:00:02.26]     Maestro.MeteoRSI.Tests.GraphicalUnitTest.CreateGraphicalWeatherPages_DefaultFileInput_File_58_01(index: 10, regex: "^$") [FAIL]
[xUnit.net 00:00:02.26]       System.NullReferenceException : Object reference not set to an instance of an object.
[xUnit.net 00:00:02.26]       Stack Trace:
[xUnit.net 00:00:02.26]         /Users/albayrme/Automation/maestro/Applications/MeteoRSI/MeteoRSI.Application/MeteoRsiGraphic.cs(24,0): at Maestro.MeteoRSI.Application.MeteoRsiGraphic.CreateGraphicalWeatherPages(FileInfo fileInfo, Ep1BuilderConverterConfig config, Ep1BuilderConverterConfigFilter filter)
[xUnit.net 00:00:02.26]         /Users/albayrme/Automation/maestro/Applications/MeteoRSI/MeteoRSI.Tests/GraphicalUnitTest.cs(150,0): at Maestro.MeteoRSI.Tests.GraphicalUnitTest.CreateGraphicalWeatherPages_DefaultFileInput_File_58_01(Int32 index, String regex)
[xUnit.net 00:00:02.26]     Maestro.MeteoRSI.Tests.GraphicalUnitTest.CreateGraphicalWeatherPages_DefaultFileInput_File_58_01(index: 20, regex: "^$") [FAIL]
[xUnit.net 00:00:02.26]       System.NullReferenceException : Object reference not set to an instance of an object.
[xUnit.net 00:00:02.26]       Stack Trace:
[xUnit.net 00:00:02.26]         /Users/albayrme/Automation/maestro/Applications/MeteoRSI/MeteoRSI.Application/MeteoRsiGraphic.cs(24,0): at Maestro.MeteoRSI.Application.MeteoRsiGraphic.CreateGraphicalWeatherPages(FileInfo fileInfo, Ep1BuilderConverterConfig config, Ep1BuilderConverterConfigFilter filter)
[xUnit.net 00:00:02.26]         /Users/albayrme/Automation/maestro/Applications/MeteoRSI/MeteoRSI.Tests/GraphicalUnitTest.cs(150,0): at Maestro.MeteoRSI.Tests.GraphicalUnitTest.CreateGraphicalWeatherPages_DefaultFileInput_File_58_01(Int32 index, String regex)
[xUnit.net 00:00:02.26]     Maestro.MeteoRSI.Tests.TextUnitTests.CreateTextWeatherPages_DefaultFileInput_File_52_01(index: 12, regex: "^[a-zA-Z0-9àèéìòóù°_\\-\\[\\.]*") [FAIL]
[xUnit.net 00:00:02.26]       System.Exception : File combinedText.xml is in the wrong format. It should be of type WeatherRecords.
[xUnit.net 00:00:02.26]       ---- System.InvalidOperationException : There is an error in XML document (1, 40).
[xUnit.net 00:00:02.26]       -------- System.InvalidOperationException : <xml xmlns='http://www.meteosvizzera.ch/rsi/VOFH08'> was not expected.
[xUnit.net 00:00:02.26]       Stack Trace:
[xUnit.net 00:00:02.26]         /Users/albayrme/Automation/maestro/Applications/MeteoRSI/MeteoRSI.Application/MetoRsiText.cs(61,0): at Maestro.MeteoRSI.Application.MetoRsiText.CreateTextWeatherPages(FileInfo fileInfo, Ep1BuilderConverterConfig config, Ep1BuilderConverterConfigFilter filter)
[xUnit.net 00:00:02.26]         /Users/albayrme/Automation/maestro/Applications/MeteoRSI/MeteoRSI.Tests/TextUnitTests.cs(228,0): at Maestro.MeteoRSI.Tests.TextUnitTests.CreateTextWeatherPages_DefaultFileInput_File_52_01(Int32 index, String regex)
[xUnit.net 00:00:02.26]         ----- Inner Stack Trace -----
[xUnit.net 00:00:02.26]            at System.Xml.Serialization.XmlSerializer.Deserialize(XmlReader xmlReader, String encodingStyle, XmlDeserializationEvents events)
[xUnit.net 00:00:02.26]            at System.Xml.Serialization.XmlSerializer.Deserialize(TextReader textReader)
[xUnit.net 00:00:02.26]         /Users/albayrme/Automation/maestro/Core/Maestro.Core/Helpers/XmlHelper.cs(37,0): at Maestro.Core.Helpers.XmlHelper.Deserialize[T](String content)
[xUnit.net 00:00:02.26]         /Users/albayrme/Automation/maestro/Applications/MeteoRSI/MeteoRSI.Application/MetoRsiText.cs(31,0): at Maestro.MeteoRSI.Application.MetoRsiText.CreateTextWeatherPages(FileInfo fileInfo, Ep1BuilderConverterConfig config, Ep1BuilderConverterConfigFilter filter)
[xUnit.net 00:00:02.26]         ----- Inner Stack Trace -----
[xUnit.net 00:00:02.26]            at Microsoft.Xml.Serialization.GeneratedAssembly.XmlSerializationReaderWeatherRecords.Read9_xml()
[xUnit.net 00:00:02.26]     Maestro.MeteoRSI.Tests.GraphicalUnitTest.CreateGraphicalWeatherPages_DefaultFileInput_File_58_01(index: 8, regex: "^$") [FAIL]
[xUnit.net 00:00:02.26]       System.NullReferenceException : Object reference not set to an instance of an object.
[xUnit.net 00:00:02.26]       Stack Trace:
[xUnit.net 00:00:02.26]         /Users/albayrme/Automation/maestro/Applications/MeteoRSI/MeteoRSI.Application/MeteoRsiGraphic.cs(24,0): at Maestro.MeteoRSI.Application.MeteoRsiGraphic.CreateGraphicalWeatherPages(FileInfo fileInfo, Ep1BuilderConverterConfig config, Ep1BuilderConverterConfigFilter filter)
[xUnit.net 00:00:02.26]         /Users/albayrme/Automation/maestro/Applications/MeteoRSI/MeteoRSI.Tests/GraphicalUnitTest.cs(150,0): at Maestro.MeteoRSI.Tests.GraphicalUnitTest.CreateGraphicalWeatherPages_DefaultFileInput_File_58_01(Int32 index, String regex)
[xUnit.net 00:00:02.27]     Maestro.MeteoRSI.Tests.GraphicalUnitTest.CreateGraphicalWeatherPages_DefaultFileInput_File_58_01(index: 13, regex: "^$") [FAIL]
[xUnit.net 00:00:02.27]       System.NullReferenceException : Object reference not set to an instance of an object.
[xUnit.net 00:00:02.27]       Stack Trace:
[xUnit.net 00:00:02.27]         /Users/albayrme/Automation/maestro/Applications/MeteoRSI/MeteoRSI.Application/MeteoRsiGraphic.cs(24,0): at Maestro.MeteoRSI.Application.MeteoRsiGraphic.CreateGraphicalWeatherPages(FileInfo fileInfo, Ep1BuilderConverterConfig config, Ep1BuilderConverterConfigFilter filter)
[xUnit.net 00:00:02.27]         /Users/albayrme/Automation/maestro/Applications/MeteoRSI/MeteoRSI.Tests/GraphicalUnitTest.cs(150,0): at Maestro.MeteoRSI.Tests.GraphicalUnitTest.CreateGraphicalWeatherPages_DefaultFileInput_File_58_01(Int32 index, String regex)
  Failed Maestro.MeteoRSI.Tests.TextUnitTests.CreateTextWeatherPages_DefaultFileInput_File_52_01(index: 5, regex: "^$") [1 ms]
  Error Message:
   System.Exception : File combinedText.xml is in the wrong format. It should be of type WeatherRecords.
---- System.InvalidOperationException : There is an error in XML document (1, 40).
-------- System.InvalidOperationException : <xml xmlns='http://www.meteosvizzera.ch/rsi/VOFH08'> was not expected.
  Stack Trace:
     at Maestro.MeteoRSI.Application.MetoRsiText.CreateTextWeatherPages(FileInfo fileInfo, Ep1BuilderConverterConfig config, Ep1BuilderConverterConfigFilter filter) in /Users/albayrme/Automation/maestro/Applications/MeteoRSI/MeteoRSI.Application/MetoRsiText.cs:line 61
   at Maestro.MeteoRSI.Tests.TextUnitTests.CreateTextWeatherPages_DefaultFileInput_File_52_01(Int32 index, String regex) in /Users/albayrme/Automation/maestro/Applications/MeteoRSI/MeteoRSI.Tests/TextUnitTests.cs:line 228
----- Inner Stack Trace -----
   at System.Xml.Serialization.XmlSerializer.Deserialize(XmlReader xmlReader, String encodingStyle, XmlDeserializationEvents events)
   at System.Xml.Serialization.XmlSerializer.Deserialize(TextReader textReader)
   at Maestro.Core.Helpers.XmlHelper.Deserialize[T](String content) in /Users/albayrme/Automation/maestro/Core/Maestro.Core/Helpers/XmlHelper.cs:line 37
   at Maestro.MeteoRSI.Application.MetoRsiText.CreateTextWeatherPages(FileInfo fileInfo, Ep1BuilderConverterConfig config, Ep1BuilderConverterConfigFilter filter) in /Users/albayrme/Automation/maestro/Applications/MeteoRSI/MeteoRSI.Application/MetoRsiText.cs:line 31
----- Inner Stack Trace -----
   at Microsoft.Xml.Serialization.GeneratedAssembly.XmlSerializationReaderWeatherRecords.Read9_xml()
  Failed Maestro.MeteoRSI.Tests.GraphicalUnitTest.CreateGraphicalWeatherPages_DefaultFileInput_File_58_01(index: 9, regex: "^$") [< 1 ms]
  Error Message:
   System.NullReferenceException : Object reference not set to an instance of an object.
  Stack Trace:
     at Maestro.MeteoRSI.Application.MeteoRsiGraphic.CreateGraphicalWeatherPages(FileInfo fileInfo, Ep1BuilderConverterConfig config, Ep1BuilderConverterConfigFilter filter) in /Users/albayrme/Automation/maestro/Applications/MeteoRSI/MeteoRSI.Application/MeteoRsiGraphic.cs:line 24
   at Maestro.MeteoRSI.Tests.GraphicalUnitTest.CreateGraphicalWeatherPages_DefaultFileInput_File_58_01(Int32 index, String regex) in /Users/albayrme/Automation/maestro/Applications/MeteoRSI/MeteoRSI.Tests/GraphicalUnitTest.cs:line 150
  Failed Maestro.MeteoRSI.Tests.TextUnitTests.CreateTextWeatherPages_DefaultFileInput_File_52_01(index: 11, regex: "^[a-zA-Z0-9àèéìòóù°_\\-\\[\\.]*") [1 ms]
  Error Message:
   System.Exception : File combinedText.xml is in the wrong format. It should be of type WeatherRecords.
---- System.InvalidOperationException : There is an error in XML document (1, 40).
-------- System.InvalidOperationException : <xml xmlns='http://www.meteosvizzera.ch/rsi/VOFH08'> was not expected.
  Stack Trace:
     at Maestro.MeteoRSI.Application.MetoRsiText.CreateTextWeatherPages(FileInfo fileInfo, Ep1BuilderConverterConfig config, Ep1BuilderConverterConfigFilter filter) in /Users/albayrme/Automation/maestro/Applications/MeteoRSI/MeteoRSI.Application/MetoRsiText.cs:line 61
   at Maestro.MeteoRSI.Tests.TextUnitTests.CreateTextWeatherPages_DefaultFileInput_File_52_01(Int32 index, String regex) in /Users/albayrme/Automation/maestro/Applications/MeteoRSI/MeteoRSI.Tests/TextUnitTests.cs:line 228
----- Inner Stack Trace -----
   at System.Xml.Serialization.XmlSerializer.Deserialize(XmlReader xmlReader, String encodingStyle, XmlDeserializationEvents events)
   at System.Xml.Serialization.XmlSerializer.Deserialize(TextReader textReader)
   at Maestro.Core.Helpers.XmlHelper.Deserialize[T](String content) in /Users/albayrme/Automation/maestro/Core/Maestro.Core/Helpers/XmlHelper.cs:line 37
   at Maestro.MeteoRSI.Application.MetoRsiText.CreateTextWeatherPages(FileInfo fileInfo, Ep1BuilderConverterConfig config, Ep1BuilderConverterConfigFilter filter) in /Users/albayrme/Automation/maestro/Applications/MeteoRSI/MeteoRSI.Application/MetoRsiText.cs:line 31
----- Inner Stack Trace -----
   at Microsoft.Xml.Serialization.GeneratedAssembly.XmlSerializationReaderWeatherRecords.Read9_xml()
  Failed Maestro.MeteoRSI.Tests.GraphicalUnitTest.CreateGraphicalWeatherPages_DefaultFileInput_File_58_01(index: 10, regex: "^$") [< 1 ms]
  Error Message:
   System.NullReferenceException : Object reference not set to an instance of an object.
  Stack Trace:
     at Maestro.MeteoRSI.Application.MeteoRsiGraphic.CreateGraphicalWeatherPages(FileInfo fileInfo, Ep1BuilderConverterConfig config, Ep1BuilderConverterConfigFilter filter) in /Users/albayrme/Automation/maestro/Applications/MeteoRSI/MeteoRSI.Application/MeteoRsiGraphic.cs:line 24
   at Maestro.MeteoRSI.Tests.GraphicalUnitTest.CreateGraphicalWeatherPages_DefaultFileInput_File_58_01(Int32 index, String regex) in /Users/albayrme/Automation/maestro/Applications/MeteoRSI/MeteoRSI.Tests/GraphicalUnitTest.cs:line 150
  Failed Maestro.MeteoRSI.Tests.GraphicalUnitTest.CreateGraphicalWeatherPages_DefaultFileInput_File_58_01(index: 20, regex: "^$") [< 1 ms]
  Error Message:
   System.NullReferenceException : Object reference not set to an instance of an object.
  Stack Trace:
     at Maestro.MeteoRSI.Application.MeteoRsiGraphic.CreateGraphicalWeatherPages(FileInfo fileInfo, Ep1BuilderConverterConfig config, Ep1BuilderConverterConfigFilter filter) in /Users/albayrme/Automation/maestro/Applications/MeteoRSI/MeteoRSI.Application/MeteoRsiGraphic.cs:line 24
   at Maestro.MeteoRSI.Tests.GraphicalUnitTest.CreateGraphicalWeatherPages_DefaultFileInput_File_58_01(Int32 index, String regex) in /Users/albayrme/Automation/maestro/Applications/MeteoRSI/MeteoRSI.Tests/GraphicalUnitTest.cs:line 150
  Failed Maestro.MeteoRSI.Tests.TextUnitTests.CreateTextWeatherPages_DefaultFileInput_File_52_01(index: 12, regex: "^[a-zA-Z0-9àèéìòóù°_\\-\\[\\.]*") [1 ms]
  Error Message:
   System.Exception : File combinedText.xml is in the wrong format. It should be of type WeatherRecords.
---- System.InvalidOperationException : There is an error in XML document (1, 40).
-------- System.InvalidOperationException : <xml xmlns='http://www.meteosvizzera.ch/rsi/VOFH08'> was not expected.
  Stack Trace:
     at Maestro.MeteoRSI.Application.MetoRsiText.CreateTextWeatherPages(FileInfo fileInfo, Ep1BuilderConverterConfig config, Ep1BuilderConverterConfigFilter filter) in /Users/albayrme/Automation/maestro/Applications/MeteoRSI/MeteoRSI.Application/MetoRsiText.cs:line 61
   at Maestro.MeteoRSI.Tests.TextUnitTests.CreateTextWeatherPages_DefaultFileInput_File_52_01(Int32 index, String regex) in /Users/albayrme/Automation/maestro/Applications/MeteoRSI/MeteoRSI.Tests/TextUnitTests.cs:line 228
----- Inner Stack Trace -----
   at System.Xml.Serialization.XmlSerializer.Deserialize(XmlReader xmlReader, String encodingStyle, XmlDeserializationEvents events)
   at System.Xml.Serialization.XmlSerializer.Deserialize(TextReader textReader)
   at Maestro.Core.Helpers.XmlHelper.Deserialize[T](String content) in /Users/albayrme/Automation/maestro/Core/Maestro.Core/Helpers/XmlHelper.cs:line 37
   at Maestro.MeteoRSI.Application.MetoRsiText.CreateTextWeatherPages(FileInfo fileInfo, Ep1BuilderConverterConfig config, Ep1BuilderConverterConfigFilter filter) in /Users/albayrme/Automation/maestro/Applications/MeteoRSI/MeteoRSI.Application/MetoRsiText.cs:line 31
----- Inner Stack Trace -----
   at Microsoft.Xml.Serialization.GeneratedAssembly.XmlSerializationReaderWeatherRecords.Read9_xml()
  Failed Maestro.MeteoRSI.Tests.GraphicalUnitTest.CreateGraphicalWeatherPages_DefaultFileInput_File_58_01(index: 8, regex: "^$") [< 1 ms]
  Error Message:
   System.NullReferenceException : Object reference not set to an instance of an object.
  Stack Trace:
     at Maestro.MeteoRSI.Application.MeteoRsiGraphic.CreateGraphicalWeatherPages(FileInfo fileInfo, Ep1BuilderConverterConfig config, Ep1BuilderConverterConfigFilter filter) in /Users/albayrme/Automation/maestro/Applications/MeteoRSI/MeteoRSI.Application/MeteoRsiGraphic.cs:line 24
   at Maestro.MeteoRSI.Tests.GraphicalUnitTest.CreateGraphicalWeatherPages_DefaultFileInput_File_58_01(Int32 index, String regex) in /Users/albayrme/Automation/maestro/Applications/MeteoRSI/MeteoRSI.Tests/GraphicalUnitTest.cs:line 150
  Failed Maestro.MeteoRSI.Tests.GraphicalUnitTest.CreateGraphicalWeatherPages_DefaultFileInput_File_58_01(index: 13, regex: "^$") [< 1 ms]
  Error Message:
   System.NullReferenceException : Object reference not set to an instance of an object.
  Stack Trace:
     at Maestro.MeteoRSI.Application.MeteoRsiGraphic.CreateGraphicalWeatherPages(FileInfo fileInfo, Ep1BuilderConverterConfig config, Ep1BuilderConverterConfigFilter filter) in /Users/albayrme/Automation/maestro/Applications/MeteoRSI/MeteoRSI.Application/MeteoRsiGraphic.cs:line 24
   at Maestro.MeteoRSI.Tests.GraphicalUnitTest.CreateGraphicalWeatherPages_DefaultFileInput_File_58_01(Int32 index, String regex) in /Users/albayrme/Automation/maestro/Applications/MeteoRSI/MeteoRSI.Tests/GraphicalUnitTest.cs:line 150
[xUnit.net 00:00:02.27]     Maestro.MeteoRSI.Tests.TextUnitTests.CreateTextWeatherPages_DefaultFileInput_File_52_01(index: 20, regex: "^$") [FAIL]
[xUnit.net 00:00:02.27]       System.Exception : File combinedText.xml is in the wrong format. It should be of type WeatherRecords.
[xUnit.net 00:00:02.27]       ---- System.InvalidOperationException : There is an error in XML document (1, 40).
[xUnit.net 00:00:02.27]       -------- System.InvalidOperationException : <xml xmlns='http://www.meteosvizzera.ch/rsi/VOFH08'> was not expected.
[xUnit.net 00:00:02.27]       Stack Trace:
[xUnit.net 00:00:02.27]         /Users/albayrme/Automation/maestro/Applications/MeteoRSI/MeteoRSI.Application/MetoRsiText.cs(61,0): at Maestro.MeteoRSI.Application.MetoRsiText.CreateTextWeatherPages(FileInfo fileInfo, Ep1BuilderConverterConfig config, Ep1BuilderConverterConfigFilter filter)
[xUnit.net 00:00:02.27]         /Users/albayrme/Automation/maestro/Applications/MeteoRSI/MeteoRSI.Tests/TextUnitTests.cs(228,0): at Maestro.MeteoRSI.Tests.TextUnitTests.CreateTextWeatherPages_DefaultFileInput_File_52_01(Int32 index, String regex)
[xUnit.net 00:00:02.27]         ----- Inner Stack Trace -----
[xUnit.net 00:00:02.27]            at System.Xml.Serialization.XmlSerializer.Deserialize(XmlReader xmlReader, String encodingStyle, XmlDeserializationEvents events)
[xUnit.net 00:00:02.27]            at System.Xml.Serialization.XmlSerializer.Deserialize(TextReader textReader)
[xUnit.net 00:00:02.27]         /Users/albayrme/Automation/maestro/Core/Maestro.Core/Helpers/XmlHelper.cs(37,0): at Maestro.Core.Helpers.XmlHelper.Deserialize[T](String content)
[xUnit.net 00:00:02.27]         /Users/albayrme/Automation/maestro/Applications/MeteoRSI/MeteoRSI.Application/MetoRsiText.cs(31,0): at Maestro.MeteoRSI.Application.MetoRsiText.CreateTextWeatherPages(FileInfo fileInfo, Ep1BuilderConverterConfig config, Ep1BuilderConverterConfigFilter filter)
[xUnit.net 00:00:02.27]         ----- Inner Stack Trace -----
[xUnit.net 00:00:02.27]            at Microsoft.Xml.Serialization.GeneratedAssembly.XmlSerializationReaderWeatherRecords.Read9_xml()
[xUnit.net 00:00:02.27]     Maestro.MeteoRSI.Tests.GraphicalUnitTest.CreateGraphicalWeatherPages_DefaultFileInput_File_58_01(index: 1, regex: "^TENDENZA") [FAIL]
[xUnit.net 00:00:02.27]       System.NullReferenceException : Object reference not set to an instance of an object.
[xUnit.net 00:00:02.27]       Stack Trace:
[xUnit.net 00:00:02.27]         /Users/albayrme/Automation/maestro/Applications/MeteoRSI/MeteoRSI.Application/MeteoRsiGraphic.cs(24,0): at Maestro.MeteoRSI.Application.MeteoRsiGraphic.CreateGraphicalWeatherPages(FileInfo fileInfo, Ep1BuilderConverterConfig config, Ep1BuilderConverterConfigFilter filter)
[xUnit.net 00:00:02.27]         /Users/albayrme/Automation/maestro/Applications/MeteoRSI/MeteoRSI.Tests/GraphicalUnitTest.cs(150,0): at Maestro.MeteoRSI.Tests.GraphicalUnitTest.CreateGraphicalWeatherPages_DefaultFileInput_File_58_01(Int32 index, String regex)
[xUnit.net 00:00:02.27]     Maestro.MeteoRSI.Tests.TextUnitTests.CreateTextWeatherPages_DefaultFileInput_File_52_01(index: 15, regex: "^[a-zA-Z0-9àèéìòóù°_\\-\\[\\.]+") [FAIL]
[xUnit.net 00:00:02.27]       System.Exception : File combinedText.xml is in the wrong format. It should be of type WeatherRecords.
[xUnit.net 00:00:02.27]       ---- System.InvalidOperationException : There is an error in XML document (1, 40).
[xUnit.net 00:00:02.27]       -------- System.InvalidOperationException : <xml xmlns='http://www.meteosvizzera.ch/rsi/VOFH08'> was not expected.
[xUnit.net 00:00:02.27]       Stack Trace:
[xUnit.net 00:00:02.27]         /Users/albayrme/Automation/maestro/Applications/MeteoRSI/MeteoRSI.Application/MetoRsiText.cs(61,0): at Maestro.MeteoRSI.Application.MetoRsiText.CreateTextWeatherPages(FileInfo fileInfo, Ep1BuilderConverterConfig config, Ep1BuilderConverterConfigFilter filter)
[xUnit.net 00:00:02.27]         /Users/albayrme/Automation/maestro/Applications/MeteoRSI/MeteoRSI.Tests/TextUnitTests.cs(228,0): at Maestro.MeteoRSI.Tests.TextUnitTests.CreateTextWeatherPages_DefaultFileInput_File_52_01(Int32 index, String regex)
[xUnit.net 00:00:02.27]         ----- Inner Stack Trace -----
[xUnit.net 00:00:02.27]            at System.Xml.Serialization.XmlSerializer.Deserialize(XmlReader xmlReader, String encodingStyle, XmlDeserializationEvents events)
[xUnit.net 00:00:02.27]            at System.Xml.Serialization.XmlSerializer.Deserialize(TextReader textReader)
[xUnit.net 00:00:02.27]         /Users/albayrme/Automation/maestro/Core/Maestro.Core/Helpers/XmlHelper.cs(37,0): at Maestro.Core.Helpers.XmlHelper.Deserialize[T](String content)
[xUnit.net 00:00:02.27]         /Users/albayrme/Automation/maestro/Applications/MeteoRSI/MeteoRSI.Application/MetoRsiText.cs(31,0): at Maestro.MeteoRSI.Application.MetoRsiText.CreateTextWeatherPages(FileInfo fileInfo, Ep1BuilderConverterConfig config, Ep1BuilderConverterConfigFilter filter)
[xUnit.net 00:00:02.27]         ----- Inner Stack Trace -----
[xUnit.net 00:00:02.27]            at Microsoft.Xml.Serialization.GeneratedAssembly.XmlSerializationReaderWeatherRecords.Read9_xml()
[xUnit.net 00:00:02.27]     Maestro.MeteoRSI.Tests.GraphicalUnitTest.CreateGraphicalWeatherPages_DefaultFileInput_File_58_01(index: 14, regex: "^Abbastanza\\s+Abbastanza\\s+Abbastanza$") [FAIL]
[xUnit.net 00:00:02.27]       System.NullReferenceException : Object reference not set to an instance of an object.
[xUnit.net 00:00:02.27]       Stack Trace:
[xUnit.net 00:00:02.27]         /Users/albayrme/Automation/maestro/Applications/MeteoRSI/MeteoRSI.Application/MeteoRsiGraphic.cs(24,0): at Maestro.MeteoRSI.Application.MeteoRsiGraphic.CreateGraphicalWeatherPages(FileInfo fileInfo, Ep1BuilderConverterConfig config, Ep1BuilderConverterConfigFilter filter)
[xUnit.net 00:00:02.27]         /Users/albayrme/Automation/maestro/Applications/MeteoRSI/MeteoRSI.Tests/GraphicalUnitTest.cs(150,0): at Maestro.MeteoRSI.Tests.GraphicalUnitTest.CreateGraphicalWeatherPages_DefaultFileInput_File_58_01(Int32 index, String regex)
[xUnit.net 00:00:02.27]     Maestro.MeteoRSI.Tests.GraphicalUnitTest.CreateGraphicalWeatherPages_DefaultFileInput_File_58_01(index: 4, regex: "^$") [FAIL]
[xUnit.net 00:00:02.27]       System.NullReferenceException : Object reference not set to an instance of an object.
[xUnit.net 00:00:02.27]       Stack Trace:
[xUnit.net 00:00:02.27]         /Users/albayrme/Automation/maestro/Applications/MeteoRSI/MeteoRSI.Application/MeteoRsiGraphic.cs(24,0): at Maestro.MeteoRSI.Application.MeteoRsiGraphic.CreateGraphicalWeatherPages(FileInfo fileInfo, Ep1BuilderConverterConfig config, Ep1BuilderConverterConfigFilter filter)
[xUnit.net 00:00:02.27]         /Users/albayrme/Automation/maestro/Applications/MeteoRSI/MeteoRSI.Tests/GraphicalUnitTest.cs(150,0): at Maestro.MeteoRSI.Tests.GraphicalUnitTest.CreateGraphicalWeatherPages_DefaultFileInput_File_58_01(Int32 index, String regex)
[xUnit.net 00:00:02.27]     Maestro.MeteoRSI.Tests.TextUnitTests.CreateTextWeatherPages_DefaultFileInput_File_52_01(index: 4, regex: "^Settore alpino centrale$") [FAIL]
[xUnit.net 00:00:02.27]       System.Exception : File combinedText.xml is in the wrong format. It should be of type WeatherRecords.
[xUnit.net 00:00:02.27]       ---- System.InvalidOperationException : There is an error in XML document (1, 40).
[xUnit.net 00:00:02.27]       -------- System.InvalidOperationException : <xml xmlns='http://www.meteosvizzera.ch/rsi/VOFH08'> was not expected.
[xUnit.net 00:00:02.27]       Stack Trace:
[xUnit.net 00:00:02.27]         /Users/albayrme/Automation/maestro/Applications/MeteoRSI/MeteoRSI.Application/MetoRsiText.cs(61,0): at Maestro.MeteoRSI.Application.MetoRsiText.CreateTextWeatherPages(FileInfo fileInfo, Ep1BuilderConverterConfig config, Ep1BuilderConverterConfigFilter filter)
[xUnit.net 00:00:02.27]         /Users/albayrme/Automation/maestro/Applications/MeteoRSI/MeteoRSI.Tests/TextUnitTests.cs(228,0): at Maestro.MeteoRSI.Tests.TextUnitTests.CreateTextWeatherPages_DefaultFileInput_File_52_01(Int32 index, String regex)
[xUnit.net 00:00:02.27]         ----- Inner Stack Trace -----
[xUnit.net 00:00:02.27]            at System.Xml.Serialization.XmlSerializer.Deserialize(XmlReader xmlReader, String encodingStyle, XmlDeserializationEvents events)
[xUnit.net 00:00:02.27]            at System.Xml.Serialization.XmlSerializer.Deserialize(TextReader textReader)
[xUnit.net 00:00:02.27]         /Users/albayrme/Automation/maestro/Core/Maestro.Core/Helpers/XmlHelper.cs(37,0): at Maestro.Core.Helpers.XmlHelper.Deserialize[T](String content)
[xUnit.net 00:00:02.27]         /Users/albayrme/Automation/maestro/Applications/MeteoRSI/MeteoRSI.Application/MetoRsiText.cs(31,0): at Maestro.MeteoRSI.Application.MetoRsiText.CreateTextWeatherPages(FileInfo fileInfo, Ep1BuilderConverterConfig config, Ep1BuilderConverterConfigFilter filter)
[xUnit.net 00:00:02.27]         ----- Inner Stack Trace -----
[xUnit.net 00:00:02.27]            at Microsoft.Xml.Serialization.GeneratedAssembly.XmlSerializationReaderWeatherRecords.Read9_xml()
[xUnit.net 00:00:02.27]     Maestro.MeteoRSI.Tests.GraphicalUnitTest.CreateGraphicalWeatherPages_DefaultFileInput_File_58_01(index: 0, regex: "^$") [FAIL]
[xUnit.net 00:00:02.27]       System.NullReferenceException : Object reference not set to an instance of an object.
[xUnit.net 00:00:02.27]       Stack Trace:
[xUnit.net 00:00:02.27]         /Users/albayrme/Automation/maestro/Applications/MeteoRSI/MeteoRSI.Application/MeteoRsiGraphic.cs(24,0): at Maestro.MeteoRSI.Application.MeteoRsiGraphic.CreateGraphicalWeatherPages(FileInfo fileInfo, Ep1BuilderConverterConfig config, Ep1BuilderConverterConfigFilter filter)
[xUnit.net 00:00:02.27]         /Users/albayrme/Automation/maestro/Applications/MeteoRSI/MeteoRSI.Tests/GraphicalUnitTest.cs(150,0): at Maestro.MeteoRSI.Tests.GraphicalUnitTest.CreateGraphicalWeatherPages_DefaultFileInput_File_58_01(Int32 index, String regex)
[xUnit.net 00:00:02.28]     Maestro.MeteoRSI.Tests.IkonTextUnitTest.PrepareFiles_DefaultFileInput_CorrectFixedData [FAIL]
[xUnit.net 00:00:02.28]       System.NullReferenceException : Object reference not set to an instance of an object.
[xUnit.net 00:00:02.28]       Stack Trace:
[xUnit.net 00:00:02.28]         /Users/albayrme/Automation/maestro/Applications/MeteoRSI/MeteoRSI.Application/IkonOutputText.cs(100,0): at Maestro.MeteoRSI.Application.IkonOutputText.ConvertTwFileToSections(FileInfo file, Ep1BuilderConverterConfig config)
[xUnit.net 00:00:02.28]         /Users/albayrme/Automation/maestro/Applications/MeteoRSI/MeteoRSI.Application/IkonOutputText.cs(33,0): at Maestro.MeteoRSI.Application.IkonOutputText.PrepareFiles(IList`1 files, Ep1BuilderConverterConfig config)
[xUnit.net 00:00:02.28]         /Users/albayrme/Automation/maestro/Applications/MeteoRSI/MeteoRSI.Tests/IkonTextUnitTest.cs(40,0): at Maestro.MeteoRSI.Tests.IkonTextUnitTest.PrepareFiles_DefaultFileInput_CorrectFixedData()
  Failed Maestro.MeteoRSI.Tests.TextUnitTests.CreateTextWeatherPages_DefaultFileInput_File_52_01(index: 20, regex: "^$") [1 ms]
  Error Message:
   System.Exception : File combinedText.xml is in the wrong format. It should be of type WeatherRecords.
---- System.InvalidOperationException : There is an error in XML document (1, 40).
-------- System.InvalidOperationException : <xml xmlns='http://www.meteosvizzera.ch/rsi/VOFH08'> was not expected.
  Stack Trace:
     at Maestro.MeteoRSI.Application.MetoRsiText.CreateTextWeatherPages(FileInfo fileInfo, Ep1BuilderConverterConfig config, Ep1BuilderConverterConfigFilter filter) in /Users/albayrme/Automation/maestro/Applications/MeteoRSI/MeteoRSI.Application/MetoRsiText.cs:line 61
   at Maestro.MeteoRSI.Tests.TextUnitTests.CreateTextWeatherPages_DefaultFileInput_File_52_01(Int32 index, String regex) in /Users/albayrme/Automation/maestro/Applications/MeteoRSI/MeteoRSI.Tests/TextUnitTests.cs:line 228
----- Inner Stack Trace -----
   at System.Xml.Serialization.XmlSerializer.Deserialize(XmlReader xmlReader, String encodingStyle, XmlDeserializationEvents events)
   at System.Xml.Serialization.XmlSerializer.Deserialize(TextReader textReader)
   at Maestro.Core.Helpers.XmlHelper.Deserialize[T](String content) in /Users/albayrme/Automation/maestro/Core/Maestro.Core/Helpers/XmlHelper.cs:line 37
   at Maestro.MeteoRSI.Application.MetoRsiText.CreateTextWeatherPages(FileInfo fileInfo, Ep1BuilderConverterConfig config, Ep1BuilderConverterConfigFilter filter) in /Users/albayrme/Automation/maestro/Applications/MeteoRSI/MeteoRSI.Application/MetoRsiText.cs:line 31
----- Inner Stack Trace -----
   at Microsoft.Xml.Serialization.GeneratedAssembly.XmlSerializationReaderWeatherRecords.Read9_xml()
  Failed Maestro.MeteoRSI.Tests.GraphicalUnitTest.CreateGraphicalWeatherPages_DefaultFileInput_File_58_01(index: 1, regex: "^TENDENZA") [1 ms]
  Error Message:
   System.NullReferenceException : Object reference not set to an instance of an object.
  Stack Trace:
     at Maestro.MeteoRSI.Application.MeteoRsiGraphic.CreateGraphicalWeatherPages(FileInfo fileInfo, Ep1BuilderConverterConfig config, Ep1BuilderConverterConfigFilter filter) in /Users/albayrme/Automation/maestro/Applications/MeteoRSI/MeteoRSI.Application/MeteoRsiGraphic.cs:line 24
   at Maestro.MeteoRSI.Tests.GraphicalUnitTest.CreateGraphicalWeatherPages_DefaultFileInput_File_58_01(Int32 index, String regex) in /Users/albayrme/Automation/maestro/Applications/MeteoRSI/MeteoRSI.Tests/GraphicalUnitTest.cs:line 150
  Failed Maestro.MeteoRSI.Tests.TextUnitTests.CreateTextWeatherPages_DefaultFileInput_File_52_01(index: 15, regex: "^[a-zA-Z0-9àèéìòóù°_\\-\\[\\.]+") [1 ms]
  Error Message:
   System.Exception : File combinedText.xml is in the wrong format. It should be of type WeatherRecords.
---- System.InvalidOperationException : There is an error in XML document (1, 40).
-------- System.InvalidOperationException : <xml xmlns='http://www.meteosvizzera.ch/rsi/VOFH08'> was not expected.
  Stack Trace:
     at Maestro.MeteoRSI.Application.MetoRsiText.CreateTextWeatherPages(FileInfo fileInfo, Ep1BuilderConverterConfig config, Ep1BuilderConverterConfigFilter filter) in /Users/albayrme/Automation/maestro/Applications/MeteoRSI/MeteoRSI.Application/MetoRsiText.cs:line 61
   at Maestro.MeteoRSI.Tests.TextUnitTests.CreateTextWeatherPages_DefaultFileInput_File_52_01(Int32 index, String regex) in /Users/albayrme/Automation/maestro/Applications/MeteoRSI/MeteoRSI.Tests/TextUnitTests.cs:line 228
----- Inner Stack Trace -----
   at System.Xml.Serialization.XmlSerializer.Deserialize(XmlReader xmlReader, String encodingStyle, XmlDeserializationEvents events)
   at System.Xml.Serialization.XmlSerializer.Deserialize(TextReader textReader)
   at Maestro.Core.Helpers.XmlHelper.Deserialize[T](String content) in /Users/albayrme/Automation/maestro/Core/Maestro.Core/Helpers/XmlHelper.cs:line 37
   at Maestro.MeteoRSI.Application.MetoRsiText.CreateTextWeatherPages(FileInfo fileInfo, Ep1BuilderConverterConfig config, Ep1BuilderConverterConfigFilter filter) in /Users/albayrme/Automation/maestro/Applications/MeteoRSI/MeteoRSI.Application/MetoRsiText.cs:line 31
----- Inner Stack Trace -----
   at Microsoft.Xml.Serialization.GeneratedAssembly.XmlSerializationReaderWeatherRecords.Read9_xml()
  Failed Maestro.MeteoRSI.Tests.GraphicalUnitTest.CreateGraphicalWeatherPages_DefaultFileInput_File_58_01(index: 14, regex: "^Abbastanza\\s+Abbastanza\\s+Abbastanza$") [1 ms]
  Error Message:
   System.NullReferenceException : Object reference not set to an instance of an object.
  Stack Trace:
     at Maestro.MeteoRSI.Application.MeteoRsiGraphic.CreateGraphicalWeatherPages(FileInfo fileInfo, Ep1BuilderConverterConfig config, Ep1BuilderConverterConfigFilter filter) in /Users/albayrme/Automation/maestro/Applications/MeteoRSI/MeteoRSI.Application/MeteoRsiGraphic.cs:line 24
   at Maestro.MeteoRSI.Tests.GraphicalUnitTest.CreateGraphicalWeatherPages_DefaultFileInput_File_58_01(Int32 index, String regex) in /Users/albayrme/Automation/maestro/Applications/MeteoRSI/MeteoRSI.Tests/GraphicalUnitTest.cs:line 150
  Failed Maestro.MeteoRSI.Tests.GraphicalUnitTest.CreateGraphicalWeatherPages_DefaultFileInput_File_58_01(index: 4, regex: "^$") [1 ms]
  Error Message:
   System.NullReferenceException : Object reference not set to an instance of an object.
  Stack Trace:
     at Maestro.MeteoRSI.Application.MeteoRsiGraphic.CreateGraphicalWeatherPages(FileInfo fileInfo, Ep1BuilderConverterConfig config, Ep1BuilderConverterConfigFilter filter) in /Users/albayrme/Automation/maestro/Applications/MeteoRSI/MeteoRSI.Application/MeteoRsiGraphic.cs:line 24
   at Maestro.MeteoRSI.Tests.GraphicalUnitTest.CreateGraphicalWeatherPages_DefaultFileInput_File_58_01(Int32 index, String regex) in /Users/albayrme/Automation/maestro/Applications/MeteoRSI/MeteoRSI.Tests/GraphicalUnitTest.cs:line 150
  Failed Maestro.MeteoRSI.Tests.TextUnitTests.CreateTextWeatherPages_DefaultFileInput_File_52_01(index: 4, regex: "^Settore alpino centrale$") [1 ms]
  Error Message:
   System.Exception : File combinedText.xml is in the wrong format. It should be of type WeatherRecords.
---- System.InvalidOperationException : There is an error in XML document (1, 40).
-------- System.InvalidOperationException : <xml xmlns='http://www.meteosvizzera.ch/rsi/VOFH08'> was not expected.
  Stack Trace:
     at Maestro.MeteoRSI.Application.MetoRsiText.CreateTextWeatherPages(FileInfo fileInfo, Ep1BuilderConverterConfig config, Ep1BuilderConverterConfigFilter filter) in /Users/albayrme/Automation/maestro/Applications/MeteoRSI/MeteoRSI.Application/MetoRsiText.cs:line 61
   at Maestro.MeteoRSI.Tests.TextUnitTests.CreateTextWeatherPages_DefaultFileInput_File_52_01(Int32 index, String regex) in /Users/albayrme/Automation/maestro/Applications/MeteoRSI/MeteoRSI.Tests/TextUnitTests.cs:line 228
----- Inner Stack Trace -----
   at System.Xml.Serialization.XmlSerializer.Deserialize(XmlReader xmlReader, String encodingStyle, XmlDeserializationEvents events)
   at System.Xml.Serialization.XmlSerializer.Deserialize(TextReader textReader)
   at Maestro.Core.Helpers.XmlHelper.Deserialize[T](String content) in /Users/albayrme/Automation/maestro/Core/Maestro.Core/Helpers/XmlHelper.cs:line 37
   at Maestro.MeteoRSI.Application.MetoRsiText.CreateTextWeatherPages(FileInfo fileInfo, Ep1BuilderConverterConfig config, Ep1BuilderConverterConfigFilter filter) in /Users/albayrme/Automation/maestro/Applications/MeteoRSI/MeteoRSI.Application/MetoRsiText.cs:line 31
----- Inner Stack Trace -----
   at Microsoft.Xml.Serialization.GeneratedAssembly.XmlSerializationReaderWeatherRecords.Read9_xml()
  Failed Maestro.MeteoRSI.Tests.GraphicalUnitTest.CreateGraphicalWeatherPages_DefaultFileInput_File_58_01(index: 0, regex: "^$") [1 ms]
  Error Message:
   System.NullReferenceException : Object reference not set to an instance of an object.
  Stack Trace:
     at Maestro.MeteoRSI.Application.MeteoRsiGraphic.CreateGraphicalWeatherPages(FileInfo fileInfo, Ep1BuilderConverterConfig config, Ep1BuilderConverterConfigFilter filter) in /Users/albayrme/Automation/maestro/Applications/MeteoRSI/MeteoRSI.Application/MeteoRsiGraphic.cs:line 24
   at Maestro.MeteoRSI.Tests.GraphicalUnitTest.CreateGraphicalWeatherPages_DefaultFileInput_File_58_01(Int32 index, String regex) in /Users/albayrme/Automation/maestro/Applications/MeteoRSI/MeteoRSI.Tests/GraphicalUnitTest.cs:line 150
  Failed Maestro.MeteoRSI.Tests.IkonTextUnitTest.PrepareFiles_DefaultFileInput_CorrectFixedData [52 ms]
  Error Message:
   System.NullReferenceException : Object reference not set to an instance of an object.
  Stack Trace:
     at Maestro.MeteoRSI.Application.IkonOutputText.ConvertTwFileToSections(FileInfo file, Ep1BuilderConverterConfig config) in /Users/albayrme/Automation/maestro/Applications/MeteoRSI/MeteoRSI.Application/IkonOutputText.cs:line 100
   at Maestro.MeteoRSI.Application.IkonOutputText.PrepareFiles(IList`1 files, Ep1BuilderConverterConfig config) in /Users/albayrme/Automation/maestro/Applications/MeteoRSI/MeteoRSI.Application/IkonOutputText.cs:line 33
   at Maestro.MeteoRSI.Tests.IkonTextUnitTest.PrepareFiles_DefaultFileInput_CorrectFixedData() in /Users/albayrme/Automation/maestro/Applications/MeteoRSI/MeteoRSI.Tests/IkonTextUnitTest.cs:line 40
[xUnit.net 00:00:02.28]     Maestro.MeteoRSI.Tests.TextUnitTests.CreateTextWeatherPages_DefaultFileInput_File_52_01(index: 6, regex: "^$") [FAIL]
[xUnit.net 00:00:02.28]       System.Exception : File combinedText.xml is in the wrong format. It should be of type WeatherRecords.
[xUnit.net 00:00:02.28]       ---- System.InvalidOperationException : There is an error in XML document (1, 40).
[xUnit.net 00:00:02.28]       -------- System.InvalidOperationException : <xml xmlns='http://www.meteosvizzera.ch/rsi/VOFH08'> was not expected.
[xUnit.net 00:00:02.28]       Stack Trace:
[xUnit.net 00:00:02.28]         /Users/albayrme/Automation/maestro/Applications/MeteoRSI/MeteoRSI.Application/MetoRsiText.cs(61,0): at Maestro.MeteoRSI.Application.MetoRsiText.CreateTextWeatherPages(FileInfo fileInfo, Ep1BuilderConverterConfig config, Ep1BuilderConverterConfigFilter filter)
[xUnit.net 00:00:02.28]         /Users/albayrme/Automation/maestro/Applications/MeteoRSI/MeteoRSI.Tests/TextUnitTests.cs(228,0): at Maestro.MeteoRSI.Tests.TextUnitTests.CreateTextWeatherPages_DefaultFileInput_File_52_01(Int32 index, String regex)
[xUnit.net 00:00:02.28]         ----- Inner Stack Trace -----
[xUnit.net 00:00:02.28]            at System.Xml.Serialization.XmlSerializer.Deserialize(XmlReader xmlReader, String encodingStyle, XmlDeserializationEvents events)
[xUnit.net 00:00:02.28]            at System.Xml.Serialization.XmlSerializer.Deserialize(TextReader textReader)
[xUnit.net 00:00:02.28]         /Users/albayrme/Automation/maestro/Core/Maestro.Core/Helpers/XmlHelper.cs(37,0): at Maestro.Core.Helpers.XmlHelper.Deserialize[T](String content)
[xUnit.net 00:00:02.28]         /Users/albayrme/Automation/maestro/Applications/MeteoRSI/MeteoRSI.Application/MetoRsiText.cs(31,0): at Maestro.MeteoRSI.Application.MetoRsiText.CreateTextWeatherPages(FileInfo fileInfo, Ep1BuilderConverterConfig config, Ep1BuilderConverterConfigFilter filter)
[xUnit.net 00:00:02.28]         ----- Inner Stack Trace -----
[xUnit.net 00:00:02.28]            at Microsoft.Xml.Serialization.GeneratedAssembly.XmlSerializationReaderWeatherRecords.Read9_xml()
[xUnit.net 00:00:02.28]     Maestro.MeteoRSI.Tests.GraphicalUnitTest.CreateGraphicalWeatherPages_DefaultFileInput_File_58_01(index: 21, regex: "^Fonte: MeteoSvizzera$") [FAIL]
[xUnit.net 00:00:02.28]       System.NullReferenceException : Object reference not set to an instance of an object.
[xUnit.net 00:00:02.28]       Stack Trace:
[xUnit.net 00:00:02.28]         /Users/albayrme/Automation/maestro/Applications/MeteoRSI/MeteoRSI.Application/MeteoRsiGraphic.cs(24,0): at Maestro.MeteoRSI.Application.MeteoRsiGraphic.CreateGraphicalWeatherPages(FileInfo fileInfo, Ep1BuilderConverterConfig config, Ep1BuilderConverterConfigFilter filter)
[xUnit.net 00:00:02.28]         /Users/albayrme/Automation/maestro/Applications/MeteoRSI/MeteoRSI.Tests/GraphicalUnitTest.cs(150,0): at Maestro.MeteoRSI.Tests.GraphicalUnitTest.CreateGraphicalWeatherPages_DefaultFileInput_File_58_01(Int32 index, String regex)
[xUnit.net 00:00:02.28]     Maestro.MeteoRSI.Tests.GraphicalUnitTest.CreateGraphicalWeatherPages_DefaultFileInput_File_58_01(index: 16, regex: "^------------------------------------$") [FAIL]
[xUnit.net 00:00:02.28]       System.NullReferenceException : Object reference not set to an instance of an object.
[xUnit.net 00:00:02.28]       Stack Trace:
[xUnit.net 00:00:02.28]         /Users/albayrme/Automation/maestro/Applications/MeteoRSI/MeteoRSI.Application/MeteoRsiGraphic.cs(24,0): at Maestro.MeteoRSI.Application.MeteoRsiGraphic.CreateGraphicalWeatherPages(FileInfo fileInfo, Ep1BuilderConverterConfig config, Ep1BuilderConverterConfigFilter filter)
[xUnit.net 00:00:02.28]         /Users/albayrme/Automation/maestro/Applications/MeteoRSI/MeteoRSI.Tests/GraphicalUnitTest.cs(150,0): at Maestro.MeteoRSI.Tests.GraphicalUnitTest.CreateGraphicalWeatherPages_DefaultFileInput_File_58_01(Int32 index, String regex)
[xUnit.net 00:00:02.28]     Maestro.MeteoRSI.Tests.TextUnitTests.CreateTextWeatherPages_DefaultFileInput_File_52_01(index: 10, regex: "^[a-zA-Z0-9àèéìòóù°_\\-\\[\\.]+") [FAIL]
[xUnit.net 00:00:02.28]       System.Exception : File combinedText.xml is in the wrong format. It should be of type WeatherRecords.
[xUnit.net 00:00:02.28]       ---- System.InvalidOperationException : There is an error in XML document (1, 40).
[xUnit.net 00:00:02.28]       -------- System.InvalidOperationException : <xml xmlns='http://www.meteosvizzera.ch/rsi/VOFH08'> was not expected.
[xUnit.net 00:00:02.28]       Stack Trace:
[xUnit.net 00:00:02.28]         /Users/albayrme/Automation/maestro/Applications/MeteoRSI/MeteoRSI.Application/MetoRsiText.cs(61,0): at Maestro.MeteoRSI.Application.MetoRsiText.CreateTextWeatherPages(FileInfo fileInfo, Ep1BuilderConverterConfig config, Ep1BuilderConverterConfigFilter filter)
[xUnit.net 00:00:02.28]         /Users/albayrme/Automation/maestro/Applications/MeteoRSI/MeteoRSI.Tests/TextUnitTests.cs(228,0): at Maestro.MeteoRSI.Tests.TextUnitTests.CreateTextWeatherPages_DefaultFileInput_File_52_01(Int32 index, String regex)
[xUnit.net 00:00:02.28]         ----- Inner Stack Trace -----
[xUnit.net 00:00:02.28]            at System.Xml.Serialization.XmlSerializer.Deserialize(XmlReader xmlReader, String encodingStyle, XmlDeserializationEvents events)
[xUnit.net 00:00:02.28]            at System.Xml.Serialization.XmlSerializer.Deserialize(TextReader textReader)
[xUnit.net 00:00:02.28]         /Users/albayrme/Automation/maestro/Core/Maestro.Core/Helpers/XmlHelper.cs(37,0): at Maestro.Core.Helpers.XmlHelper.Deserialize[T](String content)
[xUnit.net 00:00:02.28]         /Users/albayrme/Automation/maestro/Applications/MeteoRSI/MeteoRSI.Application/MetoRsiText.cs(31,0): at Maestro.MeteoRSI.Application.MetoRsiText.CreateTextWeatherPages(FileInfo fileInfo, Ep1BuilderConverterConfig config, Ep1BuilderConverterConfigFilter filter)
[xUnit.net 00:00:02.28]         ----- Inner Stack Trace -----
[xUnit.net 00:00:02.28]            at Microsoft.Xml.Serialization.GeneratedAssembly.XmlSerializationReaderWeatherRecords.Read9_xml()
[xUnit.net 00:00:02.28]     Maestro.MeteoRSI.Tests.GraphicalUnitTest.CreateGraphicalWeatherPages_DefaultFileInput_File_58_01(index: 12, regex: "^$") [FAIL]
[xUnit.net 00:00:02.28]       System.NullReferenceException : Object reference not set to an instance of an object.
[xUnit.net 00:00:02.28]       Stack Trace:
[xUnit.net 00:00:02.28]         /Users/albayrme/Automation/maestro/Applications/MeteoRSI/MeteoRSI.Application/MeteoRsiGraphic.cs(24,0): at Maestro.MeteoRSI.Application.MeteoRsiGraphic.CreateGraphicalWeatherPages(FileInfo fileInfo, Ep1BuilderConverterConfig config, Ep1BuilderConverterConfigFilter filter)
[xUnit.net 00:00:02.28]         /Users/albayrme/Automation/maestro/Applications/MeteoRSI/MeteoRSI.Tests/GraphicalUnitTest.cs(150,0): at Maestro.MeteoRSI.Tests.GraphicalUnitTest.CreateGraphicalWeatherPages_DefaultFileInput_File_58_01(Int32 index, String regex)
[xUnit.net 00:00:02.28]     Maestro.MeteoRSI.Tests.TextUnitTests.CreateTextWeatherPages_DefaultFileInput_File_52_01(index: 0, regex: "^$") [FAIL]
[xUnit.net 00:00:02.28]       System.Exception : File combinedText.xml is in the wrong format. It should be of type WeatherRecords.
[xUnit.net 00:00:02.28]       ---- System.InvalidOperationException : There is an error in XML document (1, 40).
[xUnit.net 00:00:02.28]       -------- System.InvalidOperationException : <xml xmlns='http://www.meteosvizzera.ch/rsi/VOFH08'> was not expected.
[xUnit.net 00:00:02.28]       Stack Trace:
[xUnit.net 00:00:02.28]         /Users/albayrme/Automation/maestro/Applications/MeteoRSI/MeteoRSI.Application/MetoRsiText.cs(61,0): at Maestro.MeteoRSI.Application.MetoRsiText.CreateTextWeatherPages(FileInfo fileInfo, Ep1BuilderConverterConfig config, Ep1BuilderConverterConfigFilter filter)
[xUnit.net 00:00:02.28]         /Users/albayrme/Automation/maestro/Applications/MeteoRSI/MeteoRSI.Tests/TextUnitTests.cs(228,0): at Maestro.MeteoRSI.Tests.TextUnitTests.CreateTextWeatherPages_DefaultFileInput_File_52_01(Int32 index, String regex)
[xUnit.net 00:00:02.28]         ----- Inner Stack Trace -----
[xUnit.net 00:00:02.28]            at System.Xml.Serialization.XmlSerializer.Deserialize(XmlReader xmlReader, String encodingStyle, XmlDeserializationEvents events)
[xUnit.net 00:00:02.28]            at System.Xml.Serialization.XmlSerializer.Deserialize(TextReader textReader)
[xUnit.net 00:00:02.28]         /Users/albayrme/Automation/maestro/Core/Maestro.Core/Helpers/XmlHelper.cs(37,0): at Maestro.Core.Helpers.XmlHelper.Deserialize[T](String content)
[xUnit.net 00:00:02.28]         /Users/albayrme/Automation/maestro/Applications/MeteoRSI/MeteoRSI.Application/MetoRsiText.cs(31,0): at Maestro.MeteoRSI.Application.MetoRsiText.CreateTextWeatherPages(FileInfo fileInfo, Ep1BuilderConverterConfig config, Ep1BuilderConverterConfigFilter filter)
[xUnit.net 00:00:02.28]         ----- Inner Stack Trace -----
[xUnit.net 00:00:02.28]            at Microsoft.Xml.Serialization.GeneratedAssembly.XmlSerializationReaderWeatherRecords.Read9_xml()
[xUnit.net 00:00:02.28]     Maestro.MeteoRSI.Tests.GraphicalUnitTest.CreateGraphicalWeatherPages_DefaultFileInput_File_58_01(index: 7, regex: "^$") [FAIL]
[xUnit.net 00:00:02.29]       System.NullReferenceException : Object reference not set to an instance of an object.
[xUnit.net 00:00:02.29]       Stack Trace:
[xUnit.net 00:00:02.29]         /Users/albayrme/Automation/maestro/Applications/MeteoRSI/MeteoRSI.Application/MeteoRsiGraphic.cs(24,0): at Maestro.MeteoRSI.Application.MeteoRsiGraphic.CreateGraphicalWeatherPages(FileInfo fileInfo, Ep1BuilderConverterConfig config, Ep1BuilderConverterConfigFilter filter)
[xUnit.net 00:00:02.29]         /Users/albayrme/Automation/maestro/Applications/MeteoRSI/MeteoRSI.Tests/GraphicalUnitTest.cs(150,0): at Maestro.MeteoRSI.Tests.GraphicalUnitTest.CreateGraphicalWeatherPages_DefaultFileInput_File_58_01(Int32 index, String regex)
[xUnit.net 00:00:02.29]     Maestro.MeteoRSI.Tests.TextUnitTests.CreateTextWeatherPages_DefaultFileInput_File_52_01(index: 3, regex: "^Ore 07:00\\s+\\(prossima: 12:00\\)$") [FAIL]
[xUnit.net 00:00:02.29]       System.Exception : File combinedText.xml is in the wrong format. It should be of type WeatherRecords.
[xUnit.net 00:00:02.29]       ---- System.InvalidOperationException : There is an error in XML document (1, 40).
[xUnit.net 00:00:02.29]       -------- System.InvalidOperationException : <xml xmlns='http://www.meteosvizzera.ch/rsi/VOFH08'> was not expected.
[xUnit.net 00:00:02.29]       Stack Trace:
[xUnit.net 00:00:02.29]         /Users/albayrme/Automation/maestro/Applications/MeteoRSI/MeteoRSI.Application/MetoRsiText.cs(61,0): at Maestro.MeteoRSI.Application.MetoRsiText.CreateTextWeatherPages(FileInfo fileInfo, Ep1BuilderConverterConfig config, Ep1BuilderConverterConfigFilter filter)
[xUnit.net 00:00:02.29]         /Users/albayrme/Automation/maestro/Applications/MeteoRSI/MeteoRSI.Tests/TextUnitTests.cs(228,0): at Maestro.MeteoRSI.Tests.TextUnitTests.CreateTextWeatherPages_DefaultFileInput_File_52_01(Int32 index, String regex)
[xUnit.net 00:00:02.29]         ----- Inner Stack Trace -----
[xUnit.net 00:00:02.29]            at System.Xml.Serialization.XmlSerializer.Deserialize(XmlReader xmlReader, String encodingStyle, XmlDeserializationEvents events)
[xUnit.net 00:00:02.29]            at System.Xml.Serialization.XmlSerializer.Deserialize(TextReader textReader)
[xUnit.net 00:00:02.29]         /Users/albayrme/Automation/maestro/Core/Maestro.Core/Helpers/XmlHelper.cs(37,0): at Maestro.Core.Helpers.XmlHelper.Deserialize[T](String content)
[xUnit.net 00:00:02.29]         /Users/albayrme/Automation/maestro/Applications/MeteoRSI/MeteoRSI.Application/MetoRsiText.cs(31,0): at Maestro.MeteoRSI.Application.MetoRsiText.CreateTextWeatherPages(FileInfo fileInfo, Ep1BuilderConverterConfig config, Ep1BuilderConverterConfigFilter filter)
[xUnit.net 00:00:02.29]         ----- Inner Stack Trace -----
[xUnit.net 00:00:02.29]            at Microsoft.Xml.Serialization.GeneratedAssembly.XmlSerializationReaderWeatherRecords.Read9_xml()
  Failed Maestro.MeteoRSI.Tests.TextUnitTests.CreateTextWeatherPages_DefaultFileInput_File_52_01(index: 6, regex: "^$") [1 ms]
  Error Message:
   System.Exception : File combinedText.xml is in the wrong format. It should be of type WeatherRecords.
---- System.InvalidOperationException : There is an error in XML document (1, 40).
-------- System.InvalidOperationException : <xml xmlns='http://www.meteosvizzera.ch/rsi/VOFH08'> was not expected.
  Stack Trace:
     at Maestro.MeteoRSI.Application.MetoRsiText.CreateTextWeatherPages(FileInfo fileInfo, Ep1BuilderConverterConfig config, Ep1BuilderConverterConfigFilter filter) in /Users/albayrme/Automation/maestro/Applications/MeteoRSI/MeteoRSI.Application/MetoRsiText.cs:line 61
   at Maestro.MeteoRSI.Tests.TextUnitTests.CreateTextWeatherPages_DefaultFileInput_File_52_01(Int32 index, String regex) in /Users/albayrme/Automation/maestro/Applications/MeteoRSI/MeteoRSI.Tests/TextUnitTests.cs:line 228
----- Inner Stack Trace -----
   at System.Xml.Serialization.XmlSerializer.Deserialize(XmlReader xmlReader, String encodingStyle, XmlDeserializationEvents events)
   at System.Xml.Serialization.XmlSerializer.Deserialize(TextReader textReader)
   at Maestro.Core.Helpers.XmlHelper.Deserialize[T](String content) in /Users/albayrme/Automation/maestro/Core/Maestro.Core/Helpers/XmlHelper.cs:line 37
   at Maestro.MeteoRSI.Application.MetoRsiText.CreateTextWeatherPages(FileInfo fileInfo, Ep1BuilderConverterConfig config, Ep1BuilderConverterConfigFilter filter) in /Users/albayrme/Automation/maestro/Applications/MeteoRSI/MeteoRSI.Application/MetoRsiText.cs:line 31
----- Inner Stack Trace -----
   at Microsoft.Xml.Serialization.GeneratedAssembly.XmlSerializationReaderWeatherRecords.Read9_xml()
  Failed Maestro.MeteoRSI.Tests.GraphicalUnitTest.CreateGraphicalWeatherPages_DefaultFileInput_File_58_01(index: 21, regex: "^Fonte: MeteoSvizzera$") [5 ms]
  Error Message:
   System.NullReferenceException : Object reference not set to an instance of an object.
  Stack Trace:
     at Maestro.MeteoRSI.Application.MeteoRsiGraphic.CreateGraphicalWeatherPages(FileInfo fileInfo, Ep1BuilderConverterConfig config, Ep1BuilderConverterConfigFilter filter) in /Users/albayrme/Automation/maestro/Applications/MeteoRSI/MeteoRSI.Application/MeteoRsiGraphic.cs:line 24
   at Maestro.MeteoRSI.Tests.GraphicalUnitTest.CreateGraphicalWeatherPages_DefaultFileInput_File_58_01(Int32 index, String regex) in /Users/albayrme/Automation/maestro/Applications/MeteoRSI/MeteoRSI.Tests/GraphicalUnitTest.cs:line 150
  Failed Maestro.MeteoRSI.Tests.GraphicalUnitTest.CreateGraphicalWeatherPages_DefaultFileInput_File_58_01(index: 16, regex: "^------------------------------------$") [1 ms]
  Error Message:
   System.NullReferenceException : Object reference not set to an instance of an object.
  Stack Trace:
     at Maestro.MeteoRSI.Application.MeteoRsiGraphic.CreateGraphicalWeatherPages(FileInfo fileInfo, Ep1BuilderConverterConfig config, Ep1BuilderConverterConfigFilter filter) in /Users/albayrme/Automation/maestro/Applications/MeteoRSI/MeteoRSI.Application/MeteoRsiGraphic.cs:line 24
   at Maestro.MeteoRSI.Tests.GraphicalUnitTest.CreateGraphicalWeatherPages_DefaultFileInput_File_58_01(Int32 index, String regex) in /Users/albayrme/Automation/maestro/Applications/MeteoRSI/MeteoRSI.Tests/GraphicalUnitTest.cs:line 150
  Failed Maestro.MeteoRSI.Tests.TextUnitTests.CreateTextWeatherPages_DefaultFileInput_File_52_01(index: 10, regex: "^[a-zA-Z0-9àèéìòóù°_\\-\\[\\.]+") [2 ms]
  Error Message:
   System.Exception : File combinedText.xml is in the wrong format. It should be of type WeatherRecords.
---- System.InvalidOperationException : There is an error in XML document (1, 40).
-------- System.InvalidOperationException : <xml xmlns='http://www.meteosvizzera.ch/rsi/VOFH08'> was not expected.
  Stack Trace:
     at Maestro.MeteoRSI.Application.MetoRsiText.CreateTextWeatherPages(FileInfo fileInfo, Ep1BuilderConverterConfig config, Ep1BuilderConverterConfigFilter filter) in /Users/albayrme/Automation/maestro/Applications/MeteoRSI/MeteoRSI.Application/MetoRsiText.cs:line 61
   at Maestro.MeteoRSI.Tests.TextUnitTests.CreateTextWeatherPages_DefaultFileInput_File_52_01(Int32 index, String regex) in /Users/albayrme/Automation/maestro/Applications/MeteoRSI/MeteoRSI.Tests/TextUnitTests.cs:line 228
----- Inner Stack Trace -----
   at System.Xml.Serialization.XmlSerializer.Deserialize(XmlReader xmlReader, String encodingStyle, XmlDeserializationEvents events)
   at System.Xml.Serialization.XmlSerializer.Deserialize(TextReader textReader)
   at Maestro.Core.Helpers.XmlHelper.Deserialize[T](String content) in /Users/albayrme/Automation/maestro/Core/Maestro.Core/Helpers/XmlHelper.cs:line 37
   at Maestro.MeteoRSI.Application.MetoRsiText.CreateTextWeatherPages(FileInfo fileInfo, Ep1BuilderConverterConfig config, Ep1BuilderConverterConfigFilter filter) in /Users/albayrme/Automation/maestro/Applications/MeteoRSI/MeteoRSI.Application/MetoRsiText.cs:line 31
----- Inner Stack Trace -----
   at Microsoft.Xml.Serialization.GeneratedAssembly.XmlSerializationReaderWeatherRecords.Read9_xml()
  Failed Maestro.MeteoRSI.Tests.GraphicalUnitTest.CreateGraphicalWeatherPages_DefaultFileInput_File_58_01(index: 12, regex: "^$") [1 ms]
  Error Message:
   System.NullReferenceException : Object reference not set to an instance of an object.
  Stack Trace:
     at Maestro.MeteoRSI.Application.MeteoRsiGraphic.CreateGraphicalWeatherPages(FileInfo fileInfo, Ep1BuilderConverterConfig config, Ep1BuilderConverterConfigFilter filter) in /Users/albayrme/Automation/maestro/Applications/MeteoRSI/MeteoRSI.Application/MeteoRsiGraphic.cs:line 24
   at Maestro.MeteoRSI.Tests.GraphicalUnitTest.CreateGraphicalWeatherPages_DefaultFileInput_File_58_01(Int32 index, String regex) in /Users/albayrme/Automation/maestro/Applications/MeteoRSI/MeteoRSI.Tests/GraphicalUnitTest.cs:line 150
  Failed Maestro.MeteoRSI.Tests.TextUnitTests.CreateTextWeatherPages_DefaultFileInput_File_52_01(index: 0, regex: "^$") [1 ms]
  Error Message:
   System.Exception : File combinedText.xml is in the wrong format. It should be of type WeatherRecords.
---- System.InvalidOperationException : There is an error in XML document (1, 40).
-------- System.InvalidOperationException : <xml xmlns='http://www.meteosvizzera.ch/rsi/VOFH08'> was not expected.
  Stack Trace:
     at Maestro.MeteoRSI.Application.MetoRsiText.CreateTextWeatherPages(FileInfo fileInfo, Ep1BuilderConverterConfig config, Ep1BuilderConverterConfigFilter filter) in /Users/albayrme/Automation/maestro/Applications/MeteoRSI/MeteoRSI.Application/MetoRsiText.cs:line 61
   at Maestro.MeteoRSI.Tests.TextUnitTests.CreateTextWeatherPages_DefaultFileInput_File_52_01(Int32 index, String regex) in /Users/albayrme/Automation/maestro/Applications/MeteoRSI/MeteoRSI.Tests/TextUnitTests.cs:line 228
----- Inner Stack Trace -----
   at System.Xml.Serialization.XmlSerializer.Deserialize(XmlReader xmlReader, String encodingStyle, XmlDeserializationEvents events)
   at System.Xml.Serialization.XmlSerializer.Deserialize(TextReader textReader)
   at Maestro.Core.Helpers.XmlHelper.Deserialize[T](String content) in /Users/albayrme/Automation/maestro/Core/Maestro.Core/Helpers/XmlHelper.cs:line 37
   at Maestro.MeteoRSI.Application.MetoRsiText.CreateTextWeatherPages(FileInfo fileInfo, Ep1BuilderConverterConfig config, Ep1BuilderConverterConfigFilter filter) in /Users/albayrme/Automation/maestro/Applications/MeteoRSI/MeteoRSI.Application/MetoRsiText.cs:line 31
----- Inner Stack Trace -----
   at Microsoft.Xml.Serialization.GeneratedAssembly.XmlSerializationReaderWeatherRecords.Read9_xml()
  Failed Maestro.MeteoRSI.Tests.GraphicalUnitTest.CreateGraphicalWeatherPages_DefaultFileInput_File_58_01(index: 7, regex: "^$") [5 ms]
  Error Message:
   System.NullReferenceException : Object reference not set to an instance of an object.
  Stack Trace:
     at Maestro.MeteoRSI.Application.MeteoRsiGraphic.CreateGraphicalWeatherPages(FileInfo fileInfo, Ep1BuilderConverterConfig config, Ep1BuilderConverterConfigFilter filter) in /Users/albayrme/Automation/maestro/Applications/MeteoRSI/MeteoRSI.Application/MeteoRsiGraphic.cs:line 24
   at Maestro.MeteoRSI.Tests.GraphicalUnitTest.CreateGraphicalWeatherPages_DefaultFileInput_File_58_01(Int32 index, String regex) in /Users/albayrme/Automation/maestro/Applications/MeteoRSI/MeteoRSI.Tests/GraphicalUnitTest.cs:line 150
  Failed Maestro.MeteoRSI.Tests.TextUnitTests.CreateTextWeatherPages_DefaultFileInput_File_52_01(index: 3, regex: "^Ore 07:00\\s+\\(prossima: 12:00\\)$") [4 ms]
  Error Message:
   System.Exception : File combinedText.xml is in the wrong format. It should be of type WeatherRecords.
---- System.InvalidOperationException : There is an error in XML document (1, 40).
-------- System.InvalidOperationException : <xml xmlns='http://www.meteosvizzera.ch/rsi/VOFH08'> was not expected.
  Stack Trace:
     at Maestro.MeteoRSI.Application.MetoRsiText.CreateTextWeatherPages(FileInfo fileInfo, Ep1BuilderConverterConfig config, Ep1BuilderConverterConfigFilter filter) in /Users/albayrme/Automation/maestro/Applications/MeteoRSI/MeteoRSI.Application/MetoRsiText.cs:line 61
   at Maestro.MeteoRSI.Tests.TextUnitTests.CreateTextWeatherPages_DefaultFileInput_File_52_01(Int32 index, String regex) in /Users/albayrme/Automation/maestro/Applications/MeteoRSI/MeteoRSI.Tests/TextUnitTests.cs:line 228
----- Inner Stack Trace -----
   at System.Xml.Serialization.XmlSerializer.Deserialize(XmlReader xmlReader, String encodingStyle, XmlDeserializationEvents events)
   at System.Xml.Serialization.XmlSerializer.Deserialize(TextReader textReader)
   at Maestro.Core.Helpers.XmlHelper.Deserialize[T](String content) in /Users/albayrme/Automation/maestro/Core/Maestro.Core/Helpers/XmlHelper.cs:line 37
   at Maestro.MeteoRSI.Application.MetoRsiText.CreateTextWeatherPages(FileInfo fileInfo, Ep1BuilderConverterConfig config, Ep1BuilderConverterConfigFilter filter) in /Users/albayrme/Automation/maestro/Applications/MeteoRSI/MeteoRSI.Application/MetoRsiText.cs:line 31
----- Inner Stack Trace -----
   at Microsoft.Xml.Serialization.GeneratedAssembly.XmlSerializationReaderWeatherRecords.Read9_xml()
[xUnit.net 00:00:02.31]     Maestro.MeteoRSI.Tests.TextUnitTests.CreateTextWeatherPages_DefaultFileInput_File_52_01(index: 13, regex: "^[a-zA-Z0-9àèéìòóù°_\\-\\[\\.]*") [FAIL]
[xUnit.net 00:00:02.31]       System.Exception : File combinedText.xml is in the wrong format. It should be of type WeatherRecords.
[xUnit.net 00:00:02.31]       ---- System.InvalidOperationException : There is an error in XML document (1, 40).
[xUnit.net 00:00:02.31]       -------- System.InvalidOperationException : <xml xmlns='http://www.meteosvizzera.ch/rsi/VOFH08'> was not expected.
[xUnit.net 00:00:02.31]       Stack Trace:
[xUnit.net 00:00:02.31]         /Users/albayrme/Automation/maestro/Applications/MeteoRSI/MeteoRSI.Application/MetoRsiText.cs(61,0): at Maestro.MeteoRSI.Application.MetoRsiText.CreateTextWeatherPages(FileInfo fileInfo, Ep1BuilderConverterConfig config, Ep1BuilderConverterConfigFilter filter)
[xUnit.net 00:00:02.31]         /Users/albayrme/Automation/maestro/Applications/MeteoRSI/MeteoRSI.Tests/TextUnitTests.cs(228,0): at Maestro.MeteoRSI.Tests.TextUnitTests.CreateTextWeatherPages_DefaultFileInput_File_52_01(Int32 index, String regex)
[xUnit.net 00:00:02.31]         ----- Inner Stack Trace -----
[xUnit.net 00:00:02.31]            at System.Xml.Serialization.XmlSerializer.Deserialize(XmlReader xmlReader, String encodingStyle, XmlDeserializationEvents events)
[xUnit.net 00:00:02.31]            at System.Xml.Serialization.XmlSerializer.Deserialize(TextReader textReader)
[xUnit.net 00:00:02.31]         /Users/albayrme/Automation/maestro/Core/Maestro.Core/Helpers/XmlHelper.cs(37,0): at Maestro.Core.Helpers.XmlHelper.Deserialize[T](String content)
[xUnit.net 00:00:02.31]         /Users/albayrme/Automation/maestro/Applications/MeteoRSI/MeteoRSI.Application/MetoRsiText.cs(31,0): at Maestro.MeteoRSI.Application.MetoRsiText.CreateTextWeatherPages(FileInfo fileInfo, Ep1BuilderConverterConfig config, Ep1BuilderConverterConfigFilter filter)
[xUnit.net 00:00:02.31]         ----- Inner Stack Trace -----
[xUnit.net 00:00:02.31]            at Microsoft.Xml.Serialization.GeneratedAssembly.XmlSerializationReaderWeatherRecords.Read9_xml()
[xUnit.net 00:00:02.31]     Maestro.MeteoRSI.Tests.GraphicalUnitTest.CreateGraphicalWeatherPages_DefaultFileInput_File_57_01(index: 6, regex: "^------------------------------------$") [FAIL]
[xUnit.net 00:00:02.31]       System.NullReferenceException : Object reference not set to an instance of an object.
[xUnit.net 00:00:02.31]       Stack Trace:
[xUnit.net 00:00:02.31]         /Users/albayrme/Automation/maestro/Applications/MeteoRSI/MeteoRSI.Application/MeteoRsiGraphic.cs(24,0): at Maestro.MeteoRSI.Application.MeteoRsiGraphic.CreateGraphicalWeatherPages(FileInfo fileInfo, Ep1BuilderConverterConfig config, Ep1BuilderConverterConfigFilter filter)
[xUnit.net 00:00:02.31]         /Users/albayrme/Automation/maestro/Applications/MeteoRSI/MeteoRSI.Tests/GraphicalUnitTest.cs(110,0): at Maestro.MeteoRSI.Tests.GraphicalUnitTest.CreateGraphicalWeatherPages_DefaultFileInput_File_57_01(Int32 index, String regex)
[xUnit.net 00:00:02.31]     Maestro.MeteoRSI.Tests.TextUnitTests.CreateTextWeatherPages_DefaultFileInput_File_52_01(index: 19, regex: "^[a-zA-Z0-9àèéìòóù°_\\-\\[\\.]*") [FAIL]
[xUnit.net 00:00:02.31]       System.Exception : File combinedText.xml is in the wrong format. It should be of type WeatherRecords.
[xUnit.net 00:00:02.31]       ---- System.InvalidOperationException : There is an error in XML document (1, 40).
[xUnit.net 00:00:02.31]       -------- System.InvalidOperationException : <xml xmlns='http://www.meteosvizzera.ch/rsi/VOFH08'> was not expected.
[xUnit.net 00:00:02.31]       Stack Trace:
[xUnit.net 00:00:02.31]         /Users/albayrme/Automation/maestro/Applications/MeteoRSI/MeteoRSI.Application/MetoRsiText.cs(61,0): at Maestro.MeteoRSI.Application.MetoRsiText.CreateTextWeatherPages(FileInfo fileInfo, Ep1BuilderConverterConfig config, Ep1BuilderConverterConfigFilter filter)
[xUnit.net 00:00:02.31]         /Users/albayrme/Automation/maestro/Applications/MeteoRSI/MeteoRSI.Tests/TextUnitTests.cs(228,0): at Maestro.MeteoRSI.Tests.TextUnitTests.CreateTextWeatherPages_DefaultFileInput_File_52_01(Int32 index, String regex)
[xUnit.net 00:00:02.31]         ----- Inner Stack Trace -----
[xUnit.net 00:00:02.31]            at System.Xml.Serialization.XmlSerializer.Deserialize(XmlReader xmlReader, String encodingStyle, XmlDeserializationEvents events)
[xUnit.net 00:00:02.31]            at System.Xml.Serialization.XmlSerializer.Deserialize(TextReader textReader)
[xUnit.net 00:00:02.31]         /Users/albayrme/Automation/maestro/Core/Maestro.Core/Helpers/XmlHelper.cs(37,0): at Maestro.Core.Helpers.XmlHelper.Deserialize[T](String content)
[xUnit.net 00:00:02.31]         /Users/albayrme/Automation/maestro/Applications/MeteoRSI/MeteoRSI.Application/MetoRsiText.cs(31,0): at Maestro.MeteoRSI.Application.MetoRsiText.CreateTextWeatherPages(FileInfo fileInfo, Ep1BuilderConverterConfig config, Ep1BuilderConverterConfigFilter filter)
[xUnit.net 00:00:02.31]         ----- Inner Stack Trace -----
[xUnit.net 00:00:02.31]            at Microsoft.Xml.Serialization.GeneratedAssembly.XmlSerializationReaderWeatherRecords.Read9_xml()
[xUnit.net 00:00:02.33]     Maestro.MeteoRSI.Tests.GraphicalUnitTest.CreateGraphicalWeatherPages_DefaultFileInput_File_57_01(index: 0, regex: "^$") [FAIL]
[xUnit.net 00:00:02.33]       System.NullReferenceException : Object reference not set to an instance of an object.
[xUnit.net 00:00:02.33]       Stack Trace:
[xUnit.net 00:00:02.33]         /Users/albayrme/Automation/maestro/Applications/MeteoRSI/MeteoRSI.Application/MeteoRsiGraphic.cs(24,0): at Maestro.MeteoRSI.Application.MeteoRsiGraphic.CreateGraphicalWeatherPages(FileInfo fileInfo, Ep1BuilderConverterConfig config, Ep1BuilderConverterConfigFilter filter)
[xUnit.net 00:00:02.33]         /Users/albayrme/Automation/maestro/Applications/MeteoRSI/MeteoRSI.Tests/GraphicalUnitTest.cs(110,0): at Maestro.MeteoRSI.Tests.GraphicalUnitTest.CreateGraphicalWeatherPages_DefaultFileInput_File_57_01(Int32 index, String regex)
[xUnit.net 00:00:02.33]     Maestro.MeteoRSI.Tests.TextUnitTests.CreateTextWeatherPages_DefaultFileInput_File_52_01(index: 7, regex: "^$") [FAIL]
[xUnit.net 00:00:02.33]       System.Exception : File combinedText.xml is in the wrong format. It should be of type WeatherRecords.
[xUnit.net 00:00:02.33]       ---- System.InvalidOperationException : There is an error in XML document (1, 40).
[xUnit.net 00:00:02.33]       -------- System.InvalidOperationException : <xml xmlns='http://www.meteosvizzera.ch/rsi/VOFH08'> was not expected.
[xUnit.net 00:00:02.33]       Stack Trace:
[xUnit.net 00:00:02.33]         /Users/albayrme/Automation/maestro/Applications/MeteoRSI/MeteoRSI.Application/MetoRsiText.cs(61,0): at Maestro.MeteoRSI.Application.MetoRsiText.CreateTextWeatherPages(FileInfo fileInfo, Ep1BuilderConverterConfig config, Ep1BuilderConverterConfigFilter filter)
[xUnit.net 00:00:02.33]         /Users/albayrme/Automation/maestro/Applications/MeteoRSI/MeteoRSI.Tests/TextUnitTests.cs(228,0): at Maestro.MeteoRSI.Tests.TextUnitTests.CreateTextWeatherPages_DefaultFileInput_File_52_01(Int32 index, String regex)
[xUnit.net 00:00:02.33]         ----- Inner Stack Trace -----
[xUnit.net 00:00:02.33]            at System.Xml.Serialization.XmlSerializer.Deserialize(XmlReader xmlReader, String encodingStyle, XmlDeserializationEvents events)
[xUnit.net 00:00:02.33]            at System.Xml.Serialization.XmlSerializer.Deserialize(TextReader textReader)
[xUnit.net 00:00:02.33]         /Users/albayrme/Automation/maestro/Core/Maestro.Core/Helpers/XmlHelper.cs(37,0): at Maestro.Core.Helpers.XmlHelper.Deserialize[T](String content)
[xUnit.net 00:00:02.33]         /Users/albayrme/Automation/maestro/Applications/MeteoRSI/MeteoRSI.Application/MetoRsiText.cs(31,0): at Maestro.MeteoRSI.Application.MetoRsiText.CreateTextWeatherPages(FileInfo fileInfo, Ep1BuilderConverterConfig config, Ep1BuilderConverterConfigFilter filter)
[xUnit.net 00:00:02.33]         ----- Inner Stack Trace -----
[xUnit.net 00:00:02.33]            at Microsoft.Xml.Serialization.GeneratedAssembly.XmlSerializationReaderWeatherRecords.Read9_xml()
[xUnit.net 00:00:02.35]     Maestro.MeteoRSI.Tests.GraphicalUnitTest.CreateGraphicalWeatherPages_DefaultFileInput_File_57_01(index: 19, regex: "^$") [FAIL]
[xUnit.net 00:00:02.35]       System.NullReferenceException : Object reference not set to an instance of an object.
[xUnit.net 00:00:02.35]       Stack Trace:
[xUnit.net 00:00:02.35]         /Users/albayrme/Automation/maestro/Applications/MeteoRSI/MeteoRSI.Application/MeteoRsiGraphic.cs(24,0): at Maestro.MeteoRSI.Application.MeteoRsiGraphic.CreateGraphicalWeatherPages(FileInfo fileInfo, Ep1BuilderConverterConfig config, Ep1BuilderConverterConfigFilter filter)
[xUnit.net 00:00:02.35]         /Users/albayrme/Automation/maestro/Applications/MeteoRSI/MeteoRSI.Tests/GraphicalUnitTest.cs(110,0): at Maestro.MeteoRSI.Tests.GraphicalUnitTest.CreateGraphicalWeatherPages_DefaultFileInput_File_57_01(Int32 index, String regex)
[xUnit.net 00:00:02.35]     Maestro.MeteoRSI.Tests.TextUnitTests.CreateTextWeatherPages_DefaultFileInput_File_52_01(index: 21, regex: "^Fonte: MeteoSvizzera$") [FAIL]
[xUnit.net 00:00:02.35]       System.Exception : File combinedText.xml is in the wrong format. It should be of type WeatherRecords.
[xUnit.net 00:00:02.35]       ---- System.InvalidOperationException : There is an error in XML document (1, 40).
[xUnit.net 00:00:02.35]       -------- System.InvalidOperationException : <xml xmlns='http://www.meteosvizzera.ch/rsi/VOFH08'> was not expected.
[xUnit.net 00:00:02.35]       Stack Trace:
[xUnit.net 00:00:02.35]         /Users/albayrme/Automation/maestro/Applications/MeteoRSI/MeteoRSI.Application/MetoRsiText.cs(61,0): at Maestro.MeteoRSI.Application.MetoRsiText.CreateTextWeatherPages(FileInfo fileInfo, Ep1BuilderConverterConfig config, Ep1BuilderConverterConfigFilter filter)
[xUnit.net 00:00:02.35]         /Users/albayrme/Automation/maestro/Applications/MeteoRSI/MeteoRSI.Tests/TextUnitTests.cs(228,0): at Maestro.MeteoRSI.Tests.TextUnitTests.CreateTextWeatherPages_DefaultFileInput_File_52_01(Int32 index, String regex)
[xUnit.net 00:00:02.35]         ----- Inner Stack Trace -----
[xUnit.net 00:00:02.35]            at System.Xml.Serialization.XmlSerializer.Deserialize(XmlReader xmlReader, String encodingStyle, XmlDeserializationEvents events)
[xUnit.net 00:00:02.35]            at System.Xml.Serialization.XmlSerializer.Deserialize(TextReader textReader)
[xUnit.net 00:00:02.35]         /Users/albayrme/Automation/maestro/Core/Maestro.Core/Helpers/XmlHelper.cs(37,0): at Maestro.Core.Helpers.XmlHelper.Deserialize[T](String content)
[xUnit.net 00:00:02.35]         /Users/albayrme/Automation/maestro/Applications/MeteoRSI/MeteoRSI.Application/MetoRsiText.cs(31,0): at Maestro.MeteoRSI.Application.MetoRsiText.CreateTextWeatherPages(FileInfo fileInfo, Ep1BuilderConverterConfig config, Ep1BuilderConverterConfigFilter filter)
[xUnit.net 00:00:02.35]         ----- Inner Stack Trace -----
[xUnit.net 00:00:02.35]            at Microsoft.Xml.Serialization.GeneratedAssembly.XmlSerializationReaderWeatherRecords.Read9_xml()
[xUnit.net 00:00:02.35]     Maestro.MeteoRSI.Tests.GraphicalUnitTest.CreateGraphicalWeatherPages_DefaultFileInput_File_57_01(index: 1, regex: "^EVOLUZIONE$") [FAIL]
[xUnit.net 00:00:02.35]       System.NullReferenceException : Object reference not set to an instance of an object.
[xUnit.net 00:00:02.35]       Stack Trace:
[xUnit.net 00:00:02.35]         /Users/albayrme/Automation/maestro/Applications/MeteoRSI/MeteoRSI.Application/MeteoRsiGraphic.cs(24,0): at Maestro.MeteoRSI.Application.MeteoRsiGraphic.CreateGraphicalWeatherPages(FileInfo fileInfo, Ep1BuilderConverterConfig config, Ep1BuilderConverterConfigFilter filter)
[xUnit.net 00:00:02.35]         /Users/albayrme/Automation/maestro/Applications/MeteoRSI/MeteoRSI.Tests/GraphicalUnitTest.cs(110,0): at Maestro.MeteoRSI.Tests.GraphicalUnitTest.CreateGraphicalWeatherPages_DefaultFileInput_File_57_01(Int32 index, String regex)
  Failed Maestro.MeteoRSI.Tests.TextUnitTests.CreateTextWeatherPages_DefaultFileInput_File_52_01(index: 13, regex: "^[a-zA-Z0-9àèéìòóù°_\\-\\[\\.]*") [24 ms]
  Error Message:
   System.Exception : File combinedText.xml is in the wrong format. It should be of type WeatherRecords.
---- System.InvalidOperationException : There is an error in XML document (1, 40).
-------- System.InvalidOperationException : <xml xmlns='http://www.meteosvizzera.ch/rsi/VOFH08'> was not expected.
  Stack Trace:
     at Maestro.MeteoRSI.Application.MetoRsiText.CreateTextWeatherPages(FileInfo fileInfo, Ep1BuilderConverterConfig config, Ep1BuilderConverterConfigFilter filter) in /Users/albayrme/Automation/maestro/Applications/MeteoRSI/MeteoRSI.Application/MetoRsiText.cs:line 61
   at Maestro.MeteoRSI.Tests.TextUnitTests.CreateTextWeatherPages_DefaultFileInput_File_52_01(Int32 index, String regex) in /Users/albayrme/Automation/maestro/Applications/MeteoRSI/MeteoRSI.Tests/TextUnitTests.cs:line 228
----- Inner Stack Trace -----
   at System.Xml.Serialization.XmlSerializer.Deserialize(XmlReader xmlReader, String encodingStyle, XmlDeserializationEvents events)
   at System.Xml.Serialization.XmlSerializer.Deserialize(TextReader textReader)
   at Maestro.Core.Helpers.XmlHelper.Deserialize[T](String content) in /Users/albayrme/Automation/maestro/Core/Maestro.Core/Helpers/XmlHelper.cs:line 37
   at Maestro.MeteoRSI.Application.MetoRsiText.CreateTextWeatherPages(FileInfo fileInfo, Ep1BuilderConverterConfig config, Ep1BuilderConverterConfigFilter filter) in /Users/albayrme/Automation/maestro/Applications/MeteoRSI/MeteoRSI.Application/MetoRsiText.cs:line 31
----- Inner Stack Trace -----
   at Microsoft.Xml.Serialization.GeneratedAssembly.XmlSerializationReaderWeatherRecords.Read9_xml()
  Failed Maestro.MeteoRSI.Tests.GraphicalUnitTest.CreateGraphicalWeatherPages_DefaultFileInput_File_57_01(index: 6, regex: "^------------------------------------$") [25 ms]
  Error Message:
   System.NullReferenceException : Object reference not set to an instance of an object.
  Stack Trace:
     at Maestro.MeteoRSI.Application.MeteoRsiGraphic.CreateGraphicalWeatherPages(FileInfo fileInfo, Ep1BuilderConverterConfig config, Ep1BuilderConverterConfigFilter filter) in /Users/albayrme/Automation/maestro/Applications/MeteoRSI/MeteoRSI.Application/MeteoRsiGraphic.cs:line 24
   at Maestro.MeteoRSI.Tests.GraphicalUnitTest.CreateGraphicalWeatherPages_DefaultFileInput_File_57_01(Int32 index, String regex) in /Users/albayrme/Automation/maestro/Applications/MeteoRSI/MeteoRSI.Tests/GraphicalUnitTest.cs:line 110
  Failed Maestro.MeteoRSI.Tests.TextUnitTests.CreateTextWeatherPages_DefaultFileInput_File_52_01(index: 19, regex: "^[a-zA-Z0-9àèéìòóù°_\\-\\[\\.]*") [1 ms]
  Error Message:
   System.Exception : File combinedText.xml is in the wrong format. It should be of type WeatherRecords.
---- System.InvalidOperationException : There is an error in XML document (1, 40).
-------- System.InvalidOperationException : <xml xmlns='http://www.meteosvizzera.ch/rsi/VOFH08'> was not expected.
  Stack Trace:
     at Maestro.MeteoRSI.Application.MetoRsiText.CreateTextWeatherPages(FileInfo fileInfo, Ep1BuilderConverterConfig config, Ep1BuilderConverterConfigFilter filter) in /Users/albayrme/Automation/maestro/Applications/MeteoRSI/MeteoRSI.Application/MetoRsiText.cs:line 61
   at Maestro.MeteoRSI.Tests.TextUnitTests.CreateTextWeatherPages_DefaultFileInput_File_52_01(Int32 index, String regex) in /Users/albayrme/Automation/maestro/Applications/MeteoRSI/MeteoRSI.Tests/TextUnitTests.cs:line 228
----- Inner Stack Trace -----
   at System.Xml.Serialization.XmlSerializer.Deserialize(XmlReader xmlReader, String encodingStyle, XmlDeserializationEvents events)
   at System.Xml.Serialization.XmlSerializer.Deserialize(TextReader textReader)
   at Maestro.Core.Helpers.XmlHelper.Deserialize[T](String content) in /Users/albayrme/Automation/maestro/Core/Maestro.Core/Helpers/XmlHelper.cs:line 37
   at Maestro.MeteoRSI.Application.MetoRsiText.CreateTextWeatherPages(FileInfo fileInfo, Ep1BuilderConverterConfig config, Ep1BuilderConverterConfigFilter filter) in /Users/albayrme/Automation/maestro/Applications/MeteoRSI/MeteoRSI.Application/MetoRsiText.cs:line 31
----- Inner Stack Trace -----
   at Microsoft.Xml.Serialization.GeneratedAssembly.XmlSerializationReaderWeatherRecords.Read9_xml()
  Failed Maestro.MeteoRSI.Tests.GraphicalUnitTest.CreateGraphicalWeatherPages_DefaultFileInput_File_57_01(index: 0, regex: "^$") [21 ms]
  Error Message:
   System.NullReferenceException : Object reference not set to an instance of an object.
  Stack Trace:
     at Maestro.MeteoRSI.Application.MeteoRsiGraphic.CreateGraphicalWeatherPages(FileInfo fileInfo, Ep1BuilderConverterConfig config, Ep1BuilderConverterConfigFilter filter) in /Users/albayrme/Automation/maestro/Applications/MeteoRSI/MeteoRSI.Application/MeteoRsiGraphic.cs:line 24
   at Maestro.MeteoRSI.Tests.GraphicalUnitTest.CreateGraphicalWeatherPages_DefaultFileInput_File_57_01(Int32 index, String regex) in /Users/albayrme/Automation/maestro/Applications/MeteoRSI/MeteoRSI.Tests/GraphicalUnitTest.cs:line 110
  Failed Maestro.MeteoRSI.Tests.TextUnitTests.CreateTextWeatherPages_DefaultFileInput_File_52_01(index: 7, regex: "^$") [20 ms]
  Error Message:
   System.Exception : File combinedText.xml is in the wrong format. It should be of type WeatherRecords.
---- System.InvalidOperationException : There is an error in XML document (1, 40).
-------- System.InvalidOperationException : <xml xmlns='http://www.meteosvizzera.ch/rsi/VOFH08'> was not expected.
  Stack Trace:
     at Maestro.MeteoRSI.Application.MetoRsiText.CreateTextWeatherPages(FileInfo fileInfo, Ep1BuilderConverterConfig config, Ep1BuilderConverterConfigFilter filter) in /Users/albayrme/Automation/maestro/Applications/MeteoRSI/MeteoRSI.Application/MetoRsiText.cs:line 61
   at Maestro.MeteoRSI.Tests.TextUnitTests.CreateTextWeatherPages_DefaultFileInput_File_52_01(Int32 index, String regex) in /Users/albayrme/Automation/maestro/Applications/MeteoRSI/MeteoRSI.Tests/TextUnitTests.cs:line 228
----- Inner Stack Trace -----
   at System.Xml.Serialization.XmlSerializer.Deserialize(XmlReader xmlReader, String encodingStyle, XmlDeserializationEvents events)
   at System.Xml.Serialization.XmlSerializer.Deserialize(TextReader textReader)
   at Maestro.Core.Helpers.XmlHelper.Deserialize[T](String content) in /Users/albayrme/Automation/maestro/Core/Maestro.Core/Helpers/XmlHelper.cs:line 37
   at Maestro.MeteoRSI.Application.MetoRsiText.CreateTextWeatherPages(FileInfo fileInfo, Ep1BuilderConverterConfig config, Ep1BuilderConverterConfigFilter filter) in /Users/albayrme/Automation/maestro/Applications/MeteoRSI/MeteoRSI.Application/MetoRsiText.cs:line 31
----- Inner Stack Trace -----
   at Microsoft.Xml.Serialization.GeneratedAssembly.XmlSerializationReaderWeatherRecords.Read9_xml()
  Failed Maestro.MeteoRSI.Tests.GraphicalUnitTest.CreateGraphicalWeatherPages_DefaultFileInput_File_57_01(index: 19, regex: "^$") [17 ms]
  Error Message:
   System.NullReferenceException : Object reference not set to an instance of an object.
  Stack Trace:
     at Maestro.MeteoRSI.Application.MeteoRsiGraphic.CreateGraphicalWeatherPages(FileInfo fileInfo, Ep1BuilderConverterConfig config, Ep1BuilderConverterConfigFilter filter) in /Users/albayrme/Automation/maestro/Applications/MeteoRSI/MeteoRSI.Application/MeteoRsiGraphic.cs:line 24
   at Maestro.MeteoRSI.Tests.GraphicalUnitTest.CreateGraphicalWeatherPages_DefaultFileInput_File_57_01(Int32 index, String regex) in /Users/albayrme/Automation/maestro/Applications/MeteoRSI/MeteoRSI.Tests/GraphicalUnitTest.cs:line 110
  Failed Maestro.MeteoRSI.Tests.TextUnitTests.CreateTextWeatherPages_DefaultFileInput_File_52_01(index: 21, regex: "^Fonte: MeteoSvizzera$") [16 ms]
  Error Message:
   System.Exception : File combinedText.xml is in the wrong format. It should be of type WeatherRecords.
---- System.InvalidOperationException : There is an error in XML document (1, 40).
-------- System.InvalidOperationException : <xml xmlns='http://www.meteosvizzera.ch/rsi/VOFH08'> was not expected.
  Stack Trace:
     at Maestro.MeteoRSI.Application.MetoRsiText.CreateTextWeatherPages(FileInfo fileInfo, Ep1BuilderConverterConfig config, Ep1BuilderConverterConfigFilter filter) in /Users/albayrme/Automation/maestro/Applications/MeteoRSI/MeteoRSI.Application/MetoRsiText.cs:line 61
   at Maestro.MeteoRSI.Tests.TextUnitTests.CreateTextWeatherPages_DefaultFileInput_File_52_01(Int32 index, String regex) in /Users/albayrme/Automation/maestro/Applications/MeteoRSI/MeteoRSI.Tests/TextUnitTests.cs:line 228
----- Inner Stack Trace -----
   at System.Xml.Serialization.XmlSerializer.Deserialize(XmlReader xmlReader, String encodingStyle, XmlDeserializationEvents events)
   at System.Xml.Serialization.XmlSerializer.Deserialize(TextReader textReader)
   at Maestro.Core.Helpers.XmlHelper.Deserialize[T](String content) in /Users/albayrme/Automation/maestro/Core/Maestro.Core/Helpers/XmlHelper.cs:line 37
   at Maestro.MeteoRSI.Application.MetoRsiText.CreateTextWeatherPages(FileInfo fileInfo, Ep1BuilderConverterConfig config, Ep1BuilderConverterConfigFilter filter) in /Users/albayrme/Automation/maestro/Applications/MeteoRSI/MeteoRSI.Application/MetoRsiText.cs:line 31
----- Inner Stack Trace -----
   at Microsoft.Xml.Serialization.GeneratedAssembly.XmlSerializationReaderWeatherRecords.Read9_xml()
  Failed Maestro.MeteoRSI.Tests.GraphicalUnitTest.CreateGraphicalWeatherPages_DefaultFileInput_File_57_01(index: 1, regex: "^EVOLUZIONE$") [1 ms]
  Error Message:
   System.NullReferenceException : Object reference not set to an instance of an object.
  Stack Trace:
     at Maestro.MeteoRSI.Application.MeteoRsiGraphic.CreateGraphicalWeatherPages(FileInfo fileInfo, Ep1BuilderConverterConfig config, Ep1BuilderConverterConfigFilter filter) in /Users/albayrme/Automation/maestro/Applications/MeteoRSI/MeteoRSI.Application/MeteoRsiGraphic.cs:line 24
   at Maestro.MeteoRSI.Tests.GraphicalUnitTest.CreateGraphicalWeatherPages_DefaultFileInput_File_57_01(Int32 index, String regex) in /Users/albayrme/Automation/maestro/Applications/MeteoRSI/MeteoRSI.Tests/GraphicalUnitTest.cs:line 110
[xUnit.net 00:00:02.35]     Maestro.MeteoRSI.Tests.TextUnitTests.CreateTextWeatherPages_DefaultFileInput_File_50_89(index: 8, regex: "^$") [FAIL]
[xUnit.net 00:00:02.35]       System.Exception : File combinedText.xml is in the wrong format. It should be of type WeatherRecords.
[xUnit.net 00:00:02.35]       ---- System.InvalidOperationException : There is an error in XML document (1, 40).
[xUnit.net 00:00:02.35]       -------- System.InvalidOperationException : <xml xmlns='http://www.meteosvizzera.ch/rsi/VOFH08'> was not expected.
[xUnit.net 00:00:02.35]       Stack Trace:
[xUnit.net 00:00:02.35]         /Users/albayrme/Automation/maestro/Applications/MeteoRSI/MeteoRSI.Application/MetoRsiText.cs(61,0): at Maestro.MeteoRSI.Application.MetoRsiText.CreateTextWeatherPages(FileInfo fileInfo, Ep1BuilderConverterConfig config, Ep1BuilderConverterConfigFilter filter)
[xUnit.net 00:00:02.35]         /Users/albayrme/Automation/maestro/Applications/MeteoRSI/MeteoRSI.Tests/TextUnitTests.cs(180,0): at Maestro.MeteoRSI.Tests.TextUnitTests.CreateTextWeatherPages_DefaultFileInput_File_50_89(Int32 index, String regex)
[xUnit.net 00:00:02.35]         ----- Inner Stack Trace -----
[xUnit.net 00:00:02.35]            at System.Xml.Serialization.XmlSerializer.Deserialize(XmlReader xmlReader, String encodingStyle, XmlDeserializationEvents events)
[xUnit.net 00:00:02.35]            at System.Xml.Serialization.XmlSerializer.Deserialize(TextReader textReader)
[xUnit.net 00:00:02.35]         /Users/albayrme/Automation/maestro/Core/Maestro.Core/Helpers/XmlHelper.cs(37,0): at Maestro.Core.Helpers.XmlHelper.Deserialize[T](String content)
[xUnit.net 00:00:02.35]         /Users/albayrme/Automation/maestro/Applications/MeteoRSI/MeteoRSI.Application/MetoRsiText.cs(31,0): at Maestro.MeteoRSI.Application.MetoRsiText.CreateTextWeatherPages(FileInfo fileInfo, Ep1BuilderConverterConfig config, Ep1BuilderConverterConfigFilter filter)
[xUnit.net 00:00:02.35]         ----- Inner Stack Trace -----
[xUnit.net 00:00:02.35]            at Microsoft.Xml.Serialization.GeneratedAssembly.XmlSerializationReaderWeatherRecords.Read9_xml()
[xUnit.net 00:00:02.35]     Maestro.MeteoRSI.Tests.GraphicalUnitTest.CreateGraphicalWeatherPages_DefaultFileInput_File_57_01(index: 20, regex: "^$") [FAIL]
[xUnit.net 00:00:02.35]       System.NullReferenceException : Object reference not set to an instance of an object.
[xUnit.net 00:00:02.35]       Stack Trace:
[xUnit.net 00:00:02.35]         /Users/albayrme/Automation/maestro/Applications/MeteoRSI/MeteoRSI.Application/MeteoRsiGraphic.cs(24,0): at Maestro.MeteoRSI.Application.MeteoRsiGraphic.CreateGraphicalWeatherPages(FileInfo fileInfo, Ep1BuilderConverterConfig config, Ep1BuilderConverterConfigFilter filter)
[xUnit.net 00:00:02.35]         /Users/albayrme/Automation/maestro/Applications/MeteoRSI/MeteoRSI.Tests/GraphicalUnitTest.cs(110,0): at Maestro.MeteoRSI.Tests.GraphicalUnitTest.CreateGraphicalWeatherPages_DefaultFileInput_File_57_01(Int32 index, String regex)
[xUnit.net 00:00:02.35]     Maestro.MeteoRSI.Tests.GraphicalUnitTest.CreateGraphicalWeatherPages_DefaultFileInput_File_57_01(index: 10, regex: "^$") [FAIL]
[xUnit.net 00:00:02.35]       System.NullReferenceException : Object reference not set to an instance of an object.
[xUnit.net 00:00:02.35]       Stack Trace:
[xUnit.net 00:00:02.35]         /Users/albayrme/Automation/maestro/Applications/MeteoRSI/MeteoRSI.Application/MeteoRsiGraphic.cs(24,0): at Maestro.MeteoRSI.Application.MeteoRsiGraphic.CreateGraphicalWeatherPages(FileInfo fileInfo, Ep1BuilderConverterConfig config, Ep1BuilderConverterConfigFilter filter)
[xUnit.net 00:00:02.35]         /Users/albayrme/Automation/maestro/Applications/MeteoRSI/MeteoRSI.Tests/GraphicalUnitTest.cs(110,0): at Maestro.MeteoRSI.Tests.GraphicalUnitTest.CreateGraphicalWeatherPages_DefaultFileInput_File_57_01(Int32 index, String regex)
[xUnit.net 00:00:02.35]     Maestro.MeteoRSI.Tests.TextUnitTests.CreateTextWeatherPages_DefaultFileInput_File_50_89(index: 13, regex: "^METEO\\s+ATTUALE$") [FAIL]
[xUnit.net 00:00:02.35]       System.Exception : File combinedText.xml is in the wrong format. It should be of type WeatherRecords.
[xUnit.net 00:00:02.35]       ---- System.InvalidOperationException : There is an error in XML document (1, 40).
[xUnit.net 00:00:02.35]       -------- System.InvalidOperationException : <xml xmlns='http://www.meteosvizzera.ch/rsi/VOFH08'> was not expected.
[xUnit.net 00:00:02.35]       Stack Trace:
[xUnit.net 00:00:02.35]         /Users/albayrme/Automation/maestro/Applications/MeteoRSI/MeteoRSI.Application/MetoRsiText.cs(61,0): at Maestro.MeteoRSI.Application.MetoRsiText.CreateTextWeatherPages(FileInfo fileInfo, Ep1BuilderConverterConfig config, Ep1BuilderConverterConfigFilter filter)
[xUnit.net 00:00:02.35]         /Users/albayrme/Automation/maestro/Applications/MeteoRSI/MeteoRSI.Tests/TextUnitTests.cs(180,0): at Maestro.MeteoRSI.Tests.TextUnitTests.CreateTextWeatherPages_DefaultFileInput_File_50_89(Int32 index, String regex)
[xUnit.net 00:00:02.35]         ----- Inner Stack Trace -----
[xUnit.net 00:00:02.35]            at System.Xml.Serialization.XmlSerializer.Deserialize(XmlReader xmlReader, String encodingStyle, XmlDeserializationEvents events)
[xUnit.net 00:00:02.35]            at System.Xml.Serialization.XmlSerializer.Deserialize(TextReader textReader)
[xUnit.net 00:00:02.35]         /Users/albayrme/Automation/maestro/Core/Maestro.Core/Helpers/XmlHelper.cs(37,0): at Maestro.Core.Helpers.XmlHelper.Deserialize[T](String content)
[xUnit.net 00:00:02.35]         /Users/albayrme/Automation/maestro/Applications/MeteoRSI/MeteoRSI.Application/MetoRsiText.cs(31,0): at Maestro.MeteoRSI.Application.MetoRsiText.CreateTextWeatherPages(FileInfo fileInfo, Ep1BuilderConverterConfig config, Ep1BuilderConverterConfigFilter filter)
[xUnit.net 00:00:02.35]         ----- Inner Stack Trace -----
[xUnit.net 00:00:02.35]            at Microsoft.Xml.Serialization.GeneratedAssembly.XmlSerializationReaderWeatherRecords.Read9_xml()
[xUnit.net 00:00:02.35]     Maestro.MeteoRSI.Tests.GraphicalUnitTest.CreateGraphicalWeatherPages_DefaultFileInput_File_57_01(index: 4, regex: "^$") [FAIL]
[xUnit.net 00:00:02.35]       System.NullReferenceException : Object reference not set to an instance of an object.
[xUnit.net 00:00:02.35]       Stack Trace:
[xUnit.net 00:00:02.35]         /Users/albayrme/Automation/maestro/Applications/MeteoRSI/MeteoRSI.Application/MeteoRsiGraphic.cs(24,0): at Maestro.MeteoRSI.Application.MeteoRsiGraphic.CreateGraphicalWeatherPages(FileInfo fileInfo, Ep1BuilderConverterConfig config, Ep1BuilderConverterConfigFilter filter)
[xUnit.net 00:00:02.35]         /Users/albayrme/Automation/maestro/Applications/MeteoRSI/MeteoRSI.Tests/GraphicalUnitTest.cs(110,0): at Maestro.MeteoRSI.Tests.GraphicalUnitTest.CreateGraphicalWeatherPages_DefaultFileInput_File_57_01(Int32 index, String regex)
[xUnit.net 00:00:02.35]     Maestro.MeteoRSI.Tests.TextUnitTests.CreateTextWeatherPages_DefaultFileInput_File_50_89(index: 14, regex: "^[a-zA-Z0-9àèéìòóù_\\-\\[\\.\\s]+$") [FAIL]
[xUnit.net 00:00:02.35]       System.Exception : File combinedText.xml is in the wrong format. It should be of type WeatherRecords.
[xUnit.net 00:00:02.35]       ---- System.InvalidOperationException : There is an error in XML document (1, 40).
[xUnit.net 00:00:02.35]       -------- System.InvalidOperationException : <xml xmlns='http://www.meteosvizzera.ch/rsi/VOFH08'> was not expected.
[xUnit.net 00:00:02.36]       Stack Trace:
[xUnit.net 00:00:02.36]         /Users/albayrme/Automation/maestro/Applications/MeteoRSI/MeteoRSI.Application/MetoRsiText.cs(61,0): at Maestro.MeteoRSI.Application.MetoRsiText.CreateTextWeatherPages(FileInfo fileInfo, Ep1BuilderConverterConfig config, Ep1BuilderConverterConfigFilter filter)
[xUnit.net 00:00:02.36]         /Users/albayrme/Automation/maestro/Applications/MeteoRSI/MeteoRSI.Tests/TextUnitTests.cs(180,0): at Maestro.MeteoRSI.Tests.TextUnitTests.CreateTextWeatherPages_DefaultFileInput_File_50_89(Int32 index, String regex)
[xUnit.net 00:00:02.36]         ----- Inner Stack Trace -----
[xUnit.net 00:00:02.36]            at System.Xml.Serialization.XmlSerializer.Deserialize(XmlReader xmlReader, String encodingStyle, XmlDeserializationEvents events)
[xUnit.net 00:00:02.36]            at System.Xml.Serialization.XmlSerializer.Deserialize(TextReader textReader)
[xUnit.net 00:00:02.36]         /Users/albayrme/Automation/maestro/Core/Maestro.Core/Helpers/XmlHelper.cs(37,0): at Maestro.Core.Helpers.XmlHelper.Deserialize[T](String content)
[xUnit.net 00:00:02.36]         /Users/albayrme/Automation/maestro/Applications/MeteoRSI/MeteoRSI.Application/MetoRsiText.cs(31,0): at Maestro.MeteoRSI.Application.MetoRsiText.CreateTextWeatherPages(FileInfo fileInfo, Ep1BuilderConverterConfig config, Ep1BuilderConverterConfigFilter filter)
[xUnit.net 00:00:02.36]         ----- Inner Stack Trace -----
[xUnit.net 00:00:02.36]            at Microsoft.Xml.Serialization.GeneratedAssembly.XmlSerializationReaderWeatherRecords.Read9_xml()
[xUnit.net 00:00:02.36]     Maestro.MeteoRSI.Tests.GraphicalUnitTest.CreateGraphicalWeatherPages_DefaultFileInput_File_57_01(index: 9, regex: "^$") [FAIL]
[xUnit.net 00:00:02.36]       System.NullReferenceException : Object reference not set to an instance of an object.
[xUnit.net 00:00:02.36]       Stack Trace:
[xUnit.net 00:00:02.36]         /Users/albayrme/Automation/maestro/Applications/MeteoRSI/MeteoRSI.Application/MeteoRsiGraphic.cs(24,0): at Maestro.MeteoRSI.Application.MeteoRsiGraphic.CreateGraphicalWeatherPages(FileInfo fileInfo, Ep1BuilderConverterConfig config, Ep1BuilderConverterConfigFilter filter)
[xUnit.net 00:00:02.36]         /Users/albayrme/Automation/maestro/Applications/MeteoRSI/MeteoRSI.Tests/GraphicalUnitTest.cs(110,0): at Maestro.MeteoRSI.Tests.GraphicalUnitTest.CreateGraphicalWeatherPages_DefaultFileInput_File_57_01(Int32 index, String regex)
[xUnit.net 00:00:02.36]     Maestro.MeteoRSI.Tests.GraphicalUnitTest.CreateGraphicalWeatherPages_DefaultFileInput_File_57_01(index: 15, regex: "^piogge\\s+piogge\\s+piogge$") [FAIL]
[xUnit.net 00:00:02.36]       System.NullReferenceException : Object reference not set to an instance of an object.
[xUnit.net 00:00:02.36]       Stack Trace:
[xUnit.net 00:00:02.36]         /Users/albayrme/Automation/maestro/Applications/MeteoRSI/MeteoRSI.Application/MeteoRsiGraphic.cs(24,0): at Maestro.MeteoRSI.Application.MeteoRsiGraphic.CreateGraphicalWeatherPages(FileInfo fileInfo, Ep1BuilderConverterConfig config, Ep1BuilderConverterConfigFilter filter)
[xUnit.net 00:00:02.36]         /Users/albayrme/Automation/maestro/Applications/MeteoRSI/MeteoRSI.Tests/GraphicalUnitTest.cs(110,0): at Maestro.MeteoRSI.Tests.GraphicalUnitTest.CreateGraphicalWeatherPages_DefaultFileInput_File_57_01(Int32 index, String regex)
  Failed Maestro.MeteoRSI.Tests.TextUnitTests.CreateTextWeatherPages_DefaultFileInput_File_50_89(index: 8, regex: "^$") [1 ms]
  Error Message:
   System.Exception : File combinedText.xml is in the wrong format. It should be of type WeatherRecords.
---- System.InvalidOperationException : There is an error in XML document (1, 40).
-------- System.InvalidOperationException : <xml xmlns='http://www.meteosvizzera.ch/rsi/VOFH08'> was not expected.
  Stack Trace:
     at Maestro.MeteoRSI.Application.MetoRsiText.CreateTextWeatherPages(FileInfo fileInfo, Ep1BuilderConverterConfig config, Ep1BuilderConverterConfigFilter filter) in /Users/albayrme/Automation/maestro/Applications/MeteoRSI/MeteoRSI.Application/MetoRsiText.cs:line 61
   at Maestro.MeteoRSI.Tests.TextUnitTests.CreateTextWeatherPages_DefaultFileInput_File_50_89(Int32 index, String regex) in /Users/albayrme/Automation/maestro/Applications/MeteoRSI/MeteoRSI.Tests/TextUnitTests.cs:line 180
----- Inner Stack Trace -----
   at System.Xml.Serialization.XmlSerializer.Deserialize(XmlReader xmlReader, String encodingStyle, XmlDeserializationEvents events)
   at System.Xml.Serialization.XmlSerializer.Deserialize(TextReader textReader)
   at Maestro.Core.Helpers.XmlHelper.Deserialize[T](String content) in /Users/albayrme/Automation/maestro/Core/Maestro.Core/Helpers/XmlHelper.cs:line 37
   at Maestro.MeteoRSI.Application.MetoRsiText.CreateTextWeatherPages(FileInfo fileInfo, Ep1BuilderConverterConfig config, Ep1BuilderConverterConfigFilter filter) in /Users/albayrme/Automation/maestro/Applications/MeteoRSI/MeteoRSI.Application/MetoRsiText.cs:line 31
----- Inner Stack Trace -----
   at Microsoft.Xml.Serialization.GeneratedAssembly.XmlSerializationReaderWeatherRecords.Read9_xml()
  Failed Maestro.MeteoRSI.Tests.GraphicalUnitTest.CreateGraphicalWeatherPages_DefaultFileInput_File_57_01(index: 20, regex: "^$") [< 1 ms]
  Error Message:
   System.NullReferenceException : Object reference not set to an instance of an object.
  Stack Trace:
     at Maestro.MeteoRSI.Application.MeteoRsiGraphic.CreateGraphicalWeatherPages(FileInfo fileInfo, Ep1BuilderConverterConfig config, Ep1BuilderConverterConfigFilter filter) in /Users/albayrme/Automation/maestro/Applications/MeteoRSI/MeteoRSI.Application/MeteoRsiGraphic.cs:line 24
   at Maestro.MeteoRSI.Tests.GraphicalUnitTest.CreateGraphicalWeatherPages_DefaultFileInput_File_57_01(Int32 index, String regex) in /Users/albayrme/Automation/maestro/Applications/MeteoRSI/MeteoRSI.Tests/GraphicalUnitTest.cs:line 110
  Failed Maestro.MeteoRSI.Tests.GraphicalUnitTest.CreateGraphicalWeatherPages_DefaultFileInput_File_57_01(index: 10, regex: "^$") [1 ms]
  Error Message:
   System.NullReferenceException : Object reference not set to an instance of an object.
  Stack Trace:
     at Maestro.MeteoRSI.Application.MeteoRsiGraphic.CreateGraphicalWeatherPages(FileInfo fileInfo, Ep1BuilderConverterConfig config, Ep1BuilderConverterConfigFilter filter) in /Users/albayrme/Automation/maestro/Applications/MeteoRSI/MeteoRSI.Application/MeteoRsiGraphic.cs:line 24
   at Maestro.MeteoRSI.Tests.GraphicalUnitTest.CreateGraphicalWeatherPages_DefaultFileInput_File_57_01(Int32 index, String regex) in /Users/albayrme/Automation/maestro/Applications/MeteoRSI/MeteoRSI.Tests/GraphicalUnitTest.cs:line 110
  Failed Maestro.MeteoRSI.Tests.TextUnitTests.CreateTextWeatherPages_DefaultFileInput_File_50_89(index: 13, regex: "^METEO\\s+ATTUALE$") [1 ms]
  Error Message:
   System.Exception : File combinedText.xml is in the wrong format. It should be of type WeatherRecords.
---- System.InvalidOperationException : There is an error in XML document (1, 40).
-------- System.InvalidOperationException : <xml xmlns='http://www.meteosvizzera.ch/rsi/VOFH08'> was not expected.
  Stack Trace:
     at Maestro.MeteoRSI.Application.MetoRsiText.CreateTextWeatherPages(FileInfo fileInfo, Ep1BuilderConverterConfig config, Ep1BuilderConverterConfigFilter filter) in /Users/albayrme/Automation/maestro/Applications/MeteoRSI/MeteoRSI.Application/MetoRsiText.cs:line 61
   at Maestro.MeteoRSI.Tests.TextUnitTests.CreateTextWeatherPages_DefaultFileInput_File_50_89(Int32 index, String regex) in /Users/albayrme/Automation/maestro/Applications/MeteoRSI/MeteoRSI.Tests/TextUnitTests.cs:line 180
----- Inner Stack Trace -----
   at System.Xml.Serialization.XmlSerializer.Deserialize(XmlReader xmlReader, String encodingStyle, XmlDeserializationEvents events)
   at System.Xml.Serialization.XmlSerializer.Deserialize(TextReader textReader)
   at Maestro.Core.Helpers.XmlHelper.Deserialize[T](String content) in /Users/albayrme/Automation/maestro/Core/Maestro.Core/Helpers/XmlHelper.cs:line 37
   at Maestro.MeteoRSI.Application.MetoRsiText.CreateTextWeatherPages(FileInfo fileInfo, Ep1BuilderConverterConfig config, Ep1BuilderConverterConfigFilter filter) in /Users/albayrme/Automation/maestro/Applications/MeteoRSI/MeteoRSI.Application/MetoRsiText.cs:line 31
----- Inner Stack Trace -----
   at Microsoft.Xml.Serialization.GeneratedAssembly.XmlSerializationReaderWeatherRecords.Read9_xml()
  Failed Maestro.MeteoRSI.Tests.GraphicalUnitTest.CreateGraphicalWeatherPages_DefaultFileInput_File_57_01(index: 4, regex: "^$") [1 ms]
  Error Message:
   System.NullReferenceException : Object reference not set to an instance of an object.
  Stack Trace:
     at Maestro.MeteoRSI.Application.MeteoRsiGraphic.CreateGraphicalWeatherPages(FileInfo fileInfo, Ep1BuilderConverterConfig config, Ep1BuilderConverterConfigFilter filter) in /Users/albayrme/Automation/maestro/Applications/MeteoRSI/MeteoRSI.Application/MeteoRsiGraphic.cs:line 24
   at Maestro.MeteoRSI.Tests.GraphicalUnitTest.CreateGraphicalWeatherPages_DefaultFileInput_File_57_01(Int32 index, String regex) in /Users/albayrme/Automation/maestro/Applications/MeteoRSI/MeteoRSI.Tests/GraphicalUnitTest.cs:line 110
  Failed Maestro.MeteoRSI.Tests.TextUnitTests.CreateTextWeatherPages_DefaultFileInput_File_50_89(index: 14, regex: "^[a-zA-Z0-9àèéìòóù_\\-\\[\\.\\s]+$") [1 ms]
  Error Message:
   System.Exception : File combinedText.xml is in the wrong format. It should be of type WeatherRecords.
---- System.InvalidOperationException : There is an error in XML document (1, 40).
-------- System.InvalidOperationException : <xml xmlns='http://www.meteosvizzera.ch/rsi/VOFH08'> was not expected.
  Stack Trace:
     at Maestro.MeteoRSI.Application.MetoRsiText.CreateTextWeatherPages(FileInfo fileInfo, Ep1BuilderConverterConfig config, Ep1BuilderConverterConfigFilter filter) in /Users/albayrme/Automation/maestro/Applications/MeteoRSI/MeteoRSI.Application/MetoRsiText.cs:line 61
   at Maestro.MeteoRSI.Tests.TextUnitTests.CreateTextWeatherPages_DefaultFileInput_File_50_89(Int32 index, String regex) in /Users/albayrme/Automation/maestro/Applications/MeteoRSI/MeteoRSI.Tests/TextUnitTests.cs:line 180
----- Inner Stack Trace -----
   at System.Xml.Serialization.XmlSerializer.Deserialize(XmlReader xmlReader, String encodingStyle, XmlDeserializationEvents events)
   at System.Xml.Serialization.XmlSerializer.Deserialize(TextReader textReader)
   at Maestro.Core.Helpers.XmlHelper.Deserialize[T](String content) in /Users/albayrme/Automation/maestro/Core/Maestro.Core/Helpers/XmlHelper.cs:line 37
   at Maestro.MeteoRSI.Application.MetoRsiText.CreateTextWeatherPages(FileInfo fileInfo, Ep1BuilderConverterConfig config, Ep1BuilderConverterConfigFilter filter) in /Users/albayrme/Automation/maestro/Applications/MeteoRSI/MeteoRSI.Application/MetoRsiText.cs:line 31
----- Inner Stack Trace -----
   at Microsoft.Xml.Serialization.GeneratedAssembly.XmlSerializationReaderWeatherRecords.Read9_xml()
  Failed Maestro.MeteoRSI.Tests.GraphicalUnitTest.CreateGraphicalWeatherPages_DefaultFileInput_File_57_01(index: 9, regex: "^$") [< 1 ms]
  Error Message:
   System.NullReferenceException : Object reference not set to an instance of an object.
  Stack Trace:
     at Maestro.MeteoRSI.Application.MeteoRsiGraphic.CreateGraphicalWeatherPages(FileInfo fileInfo, Ep1BuilderConverterConfig config, Ep1BuilderConverterConfigFilter filter) in /Users/albayrme/Automation/maestro/Applications/MeteoRSI/MeteoRSI.Application/MeteoRsiGraphic.cs:line 24
   at Maestro.MeteoRSI.Tests.GraphicalUnitTest.CreateGraphicalWeatherPages_DefaultFileInput_File_57_01(Int32 index, String regex) in /Users/albayrme/Automation/maestro/Applications/MeteoRSI/MeteoRSI.Tests/GraphicalUnitTest.cs:line 110
  Failed Maestro.MeteoRSI.Tests.GraphicalUnitTest.CreateGraphicalWeatherPages_DefaultFileInput_File_57_01(index: 15, regex: "^piogge\\s+piogge\\s+piogge$") [< 1 ms]
  Error Message:
   System.NullReferenceException : Object reference not set to an instance of an object.
  Stack Trace:
     at Maestro.MeteoRSI.Application.MeteoRsiGraphic.CreateGraphicalWeatherPages(FileInfo fileInfo, Ep1BuilderConverterConfig config, Ep1BuilderConverterConfigFilter filter) in /Users/albayrme/Automation/maestro/Applications/MeteoRSI/MeteoRSI.Application/MeteoRsiGraphic.cs:line 24
   at Maestro.MeteoRSI.Tests.GraphicalUnitTest.CreateGraphicalWeatherPages_DefaultFileInput_File_57_01(Int32 index, String regex) in /Users/albayrme/Automation/maestro/Applications/MeteoRSI/MeteoRSI.Tests/GraphicalUnitTest.cs:line 110
[xUnit.net 00:00:02.36]     Maestro.MeteoRSI.Tests.TextUnitTests.CreateTextWeatherPages_DefaultFileInput_File_50_89(index: 6, regex: "^$") [FAIL]
[xUnit.net 00:00:02.36]       System.Exception : File combinedText.xml is in the wrong format. It should be of type WeatherRecords.
[xUnit.net 00:00:02.36]       ---- System.InvalidOperationException : There is an error in XML document (1, 40).
[xUnit.net 00:00:02.36]       -------- System.InvalidOperationException : <xml xmlns='http://www.meteosvizzera.ch/rsi/VOFH08'> was not expected.
[xUnit.net 00:00:02.36]       Stack Trace:
[xUnit.net 00:00:02.36]         /Users/albayrme/Automation/maestro/Applications/MeteoRSI/MeteoRSI.Application/MetoRsiText.cs(61,0): at Maestro.MeteoRSI.Application.MetoRsiText.CreateTextWeatherPages(FileInfo fileInfo, Ep1BuilderConverterConfig config, Ep1BuilderConverterConfigFilter filter)
[xUnit.net 00:00:02.36]         /Users/albayrme/Automation/maestro/Applications/MeteoRSI/MeteoRSI.Tests/TextUnitTests.cs(180,0): at Maestro.MeteoRSI.Tests.TextUnitTests.CreateTextWeatherPages_DefaultFileInput_File_50_89(Int32 index, String regex)
[xUnit.net 00:00:02.36]         ----- Inner Stack Trace -----
[xUnit.net 00:00:02.36]            at System.Xml.Serialization.XmlSerializer.Deserialize(XmlReader xmlReader, String encodingStyle, XmlDeserializationEvents events)
[xUnit.net 00:00:02.36]            at System.Xml.Serialization.XmlSerializer.Deserialize(TextReader textReader)
[xUnit.net 00:00:02.36]         /Users/albayrme/Automation/maestro/Core/Maestro.Core/Helpers/XmlHelper.cs(37,0): at Maestro.Core.Helpers.XmlHelper.Deserialize[T](String content)
[xUnit.net 00:00:02.36]         /Users/albayrme/Automation/maestro/Applications/MeteoRSI/MeteoRSI.Application/MetoRsiText.cs(31,0): at Maestro.MeteoRSI.Application.MetoRsiText.CreateTextWeatherPages(FileInfo fileInfo, Ep1BuilderConverterConfig config, Ep1BuilderConverterConfigFilter filter)
[xUnit.net 00:00:02.36]         ----- Inner Stack Trace -----
[xUnit.net 00:00:02.36]            at Microsoft.Xml.Serialization.GeneratedAssembly.XmlSerializationReaderWeatherRecords.Read9_xml()
[xUnit.net 00:00:02.36]     Maestro.MeteoRSI.Tests.GraphicalUnitTest.CreateGraphicalWeatherPages_DefaultFileInput_File_57_01(index: 21, regex: "^Fonte: MeteoSvizzera$") [FAIL]
[xUnit.net 00:00:02.36]       System.NullReferenceException : Object reference not set to an instance of an object.
[xUnit.net 00:00:02.36]       Stack Trace:
[xUnit.net 00:00:02.36]         /Users/albayrme/Automation/maestro/Applications/MeteoRSI/MeteoRSI.Application/MeteoRsiGraphic.cs(24,0): at Maestro.MeteoRSI.Application.MeteoRsiGraphic.CreateGraphicalWeatherPages(FileInfo fileInfo, Ep1BuilderConverterConfig config, Ep1BuilderConverterConfigFilter filter)
[xUnit.net 00:00:02.36]         /Users/albayrme/Automation/maestro/Applications/MeteoRSI/MeteoRSI.Tests/GraphicalUnitTest.cs(110,0): at Maestro.MeteoRSI.Tests.GraphicalUnitTest.CreateGraphicalWeatherPages_DefaultFileInput_File_57_01(Int32 index, String regex)
[xUnit.net 00:00:02.36]     Maestro.MeteoRSI.Tests.TextUnitTests.CreateTextWeatherPages_DefaultFileInput_File_50_89(index: 18, regex: "^$") [FAIL]
[xUnit.net 00:00:02.36]       System.Exception : File combinedText.xml is in the wrong format. It should be of type WeatherRecords.
[xUnit.net 00:00:02.36]       ---- System.InvalidOperationException : There is an error in XML document (1, 40).
[xUnit.net 00:00:02.36]       -------- System.InvalidOperationException : <xml xmlns='http://www.meteosvizzera.ch/rsi/VOFH08'> was not expected.
[xUnit.net 00:00:02.36]       Stack Trace:
[xUnit.net 00:00:02.36]         /Users/albayrme/Automation/maestro/Applications/MeteoRSI/MeteoRSI.Application/MetoRsiText.cs(61,0): at Maestro.MeteoRSI.Application.MetoRsiText.CreateTextWeatherPages(FileInfo fileInfo, Ep1BuilderConverterConfig config, Ep1BuilderConverterConfigFilter filter)
[xUnit.net 00:00:02.36]         /Users/albayrme/Automation/maestro/Applications/MeteoRSI/MeteoRSI.Tests/TextUnitTests.cs(180,0): at Maestro.MeteoRSI.Tests.TextUnitTests.CreateTextWeatherPages_DefaultFileInput_File_50_89(Int32 index, String regex)
[xUnit.net 00:00:02.36]         ----- Inner Stack Trace -----
[xUnit.net 00:00:02.36]            at System.Xml.Serialization.XmlSerializer.Deserialize(XmlReader xmlReader, String encodingStyle, XmlDeserializationEvents events)
[xUnit.net 00:00:02.36]            at System.Xml.Serialization.XmlSerializer.Deserialize(TextReader textReader)
[xUnit.net 00:00:02.36]         /Users/albayrme/Automation/maestro/Core/Maestro.Core/Helpers/XmlHelper.cs(37,0): at Maestro.Core.Helpers.XmlHelper.Deserialize[T](String content)
[xUnit.net 00:00:02.36]         /Users/albayrme/Automation/maestro/Applications/MeteoRSI/MeteoRSI.Application/MetoRsiText.cs(31,0): at Maestro.MeteoRSI.Application.MetoRsiText.CreateTextWeatherPages(FileInfo fileInfo, Ep1BuilderConverterConfig config, Ep1BuilderConverterConfigFilter filter)
[xUnit.net 00:00:02.36]         ----- Inner Stack Trace -----
[xUnit.net 00:00:02.36]            at Microsoft.Xml.Serialization.GeneratedAssembly.XmlSerializationReaderWeatherRecords.Read9_xml()
[xUnit.net 00:00:02.36]     Maestro.MeteoRSI.Tests.GraphicalUnitTest.CreateGraphicalWeatherPages_DefaultFileInput_File_57_01(index: 7, regex: "^$") [FAIL]
[xUnit.net 00:00:02.36]       System.NullReferenceException : Object reference not set to an instance of an object.
[xUnit.net 00:00:02.36]       Stack Trace:
[xUnit.net 00:00:02.36]         /Users/albayrme/Automation/maestro/Applications/MeteoRSI/MeteoRSI.Application/MeteoRsiGraphic.cs(24,0): at Maestro.MeteoRSI.Application.MeteoRsiGraphic.CreateGraphicalWeatherPages(FileInfo fileInfo, Ep1BuilderConverterConfig config, Ep1BuilderConverterConfigFilter filter)
[xUnit.net 00:00:02.36]         /Users/albayrme/Automation/maestro/Applications/MeteoRSI/MeteoRSI.Tests/GraphicalUnitTest.cs(110,0): at Maestro.MeteoRSI.Tests.GraphicalUnitTest.CreateGraphicalWeatherPages_DefaultFileInput_File_57_01(Int32 index, String regex)
[xUnit.net 00:00:02.36]     Maestro.MeteoRSI.Tests.GraphicalUnitTest.CreateGraphicalWeatherPages_DefaultFileInput_File_57_01(index: 13, regex: "^Coperto\\s+Coperto\\s+Coperto$") [FAIL]
[xUnit.net 00:00:02.36]       System.NullReferenceException : Object reference not set to an instance of an object.
[xUnit.net 00:00:02.36]       Stack Trace:
[xUnit.net 00:00:02.36]         /Users/albayrme/Automation/maestro/Applications/MeteoRSI/MeteoRSI.Application/MeteoRsiGraphic.cs(24,0): at Maestro.MeteoRSI.Application.MeteoRsiGraphic.CreateGraphicalWeatherPages(FileInfo fileInfo, Ep1BuilderConverterConfig config, Ep1BuilderConverterConfigFilter filter)
[xUnit.net 00:00:02.36]         /Users/albayrme/Automation/maestro/Applications/MeteoRSI/MeteoRSI.Tests/GraphicalUnitTest.cs(110,0): at Maestro.MeteoRSI.Tests.GraphicalUnitTest.CreateGraphicalWeatherPages_DefaultFileInput_File_57_01(Int32 index, String regex)
[xUnit.net 00:00:02.36]     Maestro.MeteoRSI.Tests.TextUnitTests.CreateTextWeatherPages_DefaultFileInput_File_50_89(index: 7, regex: "^$") [FAIL]
[xUnit.net 00:00:02.36]       System.Exception : File combinedText.xml is in the wrong format. It should be of type WeatherRecords.
[xUnit.net 00:00:02.36]       ---- System.InvalidOperationException : There is an error in XML document (1, 40).
[xUnit.net 00:00:02.36]       -------- System.InvalidOperationException : <xml xmlns='http://www.meteosvizzera.ch/rsi/VOFH08'> was not expected.
[xUnit.net 00:00:02.36]       Stack Trace:
[xUnit.net 00:00:02.36]         /Users/albayrme/Automation/maestro/Applications/MeteoRSI/MeteoRSI.Application/MetoRsiText.cs(61,0): at Maestro.MeteoRSI.Application.MetoRsiText.CreateTextWeatherPages(FileInfo fileInfo, Ep1BuilderConverterConfig config, Ep1BuilderConverterConfigFilter filter)
[xUnit.net 00:00:02.36]         /Users/albayrme/Automation/maestro/Applications/MeteoRSI/MeteoRSI.Tests/TextUnitTests.cs(180,0): at Maestro.MeteoRSI.Tests.TextUnitTests.CreateTextWeatherPages_DefaultFileInput_File_50_89(Int32 index, String regex)
[xUnit.net 00:00:02.36]         ----- Inner Stack Trace -----
[xUnit.net 00:00:02.36]            at System.Xml.Serialization.XmlSerializer.Deserialize(XmlReader xmlReader, String encodingStyle, XmlDeserializationEvents events)
[xUnit.net 00:00:02.36]            at System.Xml.Serialization.XmlSerializer.Deserialize(TextReader textReader)
[xUnit.net 00:00:02.36]         /Users/albayrme/Automation/maestro/Core/Maestro.Core/Helpers/XmlHelper.cs(37,0): at Maestro.Core.Helpers.XmlHelper.Deserialize[T](String content)
[xUnit.net 00:00:02.36]         /Users/albayrme/Automation/maestro/Applications/MeteoRSI/MeteoRSI.Application/MetoRsiText.cs(31,0): at Maestro.MeteoRSI.Application.MetoRsiText.CreateTextWeatherPages(FileInfo fileInfo, Ep1BuilderConverterConfig config, Ep1BuilderConverterConfigFilter filter)
[xUnit.net 00:00:02.36]         ----- Inner Stack Trace -----
[xUnit.net 00:00:02.36]            at Microsoft.Xml.Serialization.GeneratedAssembly.XmlSerializationReaderWeatherRecords.Read9_xml()
[xUnit.net 00:00:02.36]     Maestro.MeteoRSI.Tests.GraphicalUnitTest.CreateGraphicalWeatherPages_DefaultFileInput_File_57_01(index: 2, regex: "^$") [FAIL]
[xUnit.net 00:00:02.36]       System.NullReferenceException : Object reference not set to an instance of an object.
[xUnit.net 00:00:02.36]       Stack Trace:
[xUnit.net 00:00:02.36]         /Users/albayrme/Automation/maestro/Applications/MeteoRSI/MeteoRSI.Application/MeteoRsiGraphic.cs(24,0): at Maestro.MeteoRSI.Application.MeteoRsiGraphic.CreateGraphicalWeatherPages(FileInfo fileInfo, Ep1BuilderConverterConfig config, Ep1BuilderConverterConfigFilter filter)
[xUnit.net 00:00:02.36]         /Users/albayrme/Automation/maestro/Applications/MeteoRSI/MeteoRSI.Tests/GraphicalUnitTest.cs(110,0): at Maestro.MeteoRSI.Tests.GraphicalUnitTest.CreateGraphicalWeatherPages_DefaultFileInput_File_57_01(Int32 index, String regex)
[xUnit.net 00:00:02.36]     Maestro.MeteoRSI.Tests.TextUnitTests.CreateTextWeatherPages_DefaultFileInput_File_50_89(index: 19, regex: "^$") [FAIL]
[xUnit.net 00:00:02.36]       System.Exception : File combinedText.xml is in the wrong format. It should be of type WeatherRecords.
[xUnit.net 00:00:02.36]       ---- System.InvalidOperationException : There is an error in XML document (1, 40).
[xUnit.net 00:00:02.36]       -------- System.InvalidOperationException : <xml xmlns='http://www.meteosvizzera.ch/rsi/VOFH08'> was not expected.
[xUnit.net 00:00:02.36]       Stack Trace:
[xUnit.net 00:00:02.36]         /Users/albayrme/Automation/maestro/Applications/MeteoRSI/MeteoRSI.Application/MetoRsiText.cs(61,0): at Maestro.MeteoRSI.Application.MetoRsiText.CreateTextWeatherPages(FileInfo fileInfo, Ep1BuilderConverterConfig config, Ep1BuilderConverterConfigFilter filter)
[xUnit.net 00:00:02.36]         /Users/albayrme/Automation/maestro/Applications/MeteoRSI/MeteoRSI.Tests/TextUnitTests.cs(180,0): at Maestro.MeteoRSI.Tests.TextUnitTests.CreateTextWeatherPages_DefaultFileInput_File_50_89(Int32 index, String regex)
[xUnit.net 00:00:02.36]         ----- Inner Stack Trace -----
[xUnit.net 00:00:02.36]            at System.Xml.Serialization.XmlSerializer.Deserialize(XmlReader xmlReader, String encodingStyle, XmlDeserializationEvents events)
[xUnit.net 00:00:02.36]            at System.Xml.Serialization.XmlSerializer.Deserialize(TextReader textReader)
[xUnit.net 00:00:02.36]         /Users/albayrme/Automation/maestro/Core/Maestro.Core/Helpers/XmlHelper.cs(37,0): at Maestro.Core.Helpers.XmlHelper.Deserialize[T](String content)
[xUnit.net 00:00:02.36]         /Users/albayrme/Automation/maestro/Applications/MeteoRSI/MeteoRSI.Application/MetoRsiText.cs(31,0): at Maestro.MeteoRSI.Application.MetoRsiText.CreateTextWeatherPages(FileInfo fileInfo, Ep1BuilderConverterConfig config, Ep1BuilderConverterConfigFilter filter)
[xUnit.net 00:00:02.36]         ----- Inner Stack Trace -----
[xUnit.net 00:00:02.36]            at Microsoft.Xml.Serialization.GeneratedAssembly.XmlSerializationReaderWeatherRecords.Read9_xml()
  Failed Maestro.MeteoRSI.Tests.TextUnitTests.CreateTextWeatherPages_DefaultFileInput_File_50_89(index: 6, regex: "^$") [1 ms]
  Error Message:
   System.Exception : File combinedText.xml is in the wrong format. It should be of type WeatherRecords.
---- System.InvalidOperationException : There is an error in XML document (1, 40).
-------- System.InvalidOperationException : <xml xmlns='http://www.meteosvizzera.ch/rsi/VOFH08'> was not expected.
  Stack Trace:
     at Maestro.MeteoRSI.Application.MetoRsiText.CreateTextWeatherPages(FileInfo fileInfo, Ep1BuilderConverterConfig config, Ep1BuilderConverterConfigFilter filter) in /Users/albayrme/Automation/maestro/Applications/MeteoRSI/MeteoRSI.Application/MetoRsiText.cs:line 61
   at Maestro.MeteoRSI.Tests.TextUnitTests.CreateTextWeatherPages_DefaultFileInput_File_50_89(Int32 index, String regex) in /Users/albayrme/Automation/maestro/Applications/MeteoRSI/MeteoRSI.Tests/TextUnitTests.cs:line 180
----- Inner Stack Trace -----
   at System.Xml.Serialization.XmlSerializer.Deserialize(XmlReader xmlReader, String encodingStyle, XmlDeserializationEvents events)
   at System.Xml.Serialization.XmlSerializer.Deserialize(TextReader textReader)
   at Maestro.Core.Helpers.XmlHelper.Deserialize[T](String content) in /Users/albayrme/Automation/maestro/Core/Maestro.Core/Helpers/XmlHelper.cs:line 37
   at Maestro.MeteoRSI.Application.MetoRsiText.CreateTextWeatherPages(FileInfo fileInfo, Ep1BuilderConverterConfig config, Ep1BuilderConverterConfigFilter filter) in /Users/albayrme/Automation/maestro/Applications/MeteoRSI/MeteoRSI.Application/MetoRsiText.cs:line 31
----- Inner Stack Trace -----
   at Microsoft.Xml.Serialization.GeneratedAssembly.XmlSerializationReaderWeatherRecords.Read9_xml()
  Failed Maestro.MeteoRSI.Tests.GraphicalUnitTest.CreateGraphicalWeatherPages_DefaultFileInput_File_57_01(index: 21, regex: "^Fonte: MeteoSvizzera$") [< 1 ms]
  Error Message:
   System.NullReferenceException : Object reference not set to an instance of an object.
  Stack Trace:
     at Maestro.MeteoRSI.Application.MeteoRsiGraphic.CreateGraphicalWeatherPages(FileInfo fileInfo, Ep1BuilderConverterConfig config, Ep1BuilderConverterConfigFilter filter) in /Users/albayrme/Automation/maestro/Applications/MeteoRSI/MeteoRSI.Application/MeteoRsiGraphic.cs:line 24
   at Maestro.MeteoRSI.Tests.GraphicalUnitTest.CreateGraphicalWeatherPages_DefaultFileInput_File_57_01(Int32 index, String regex) in /Users/albayrme/Automation/maestro/Applications/MeteoRSI/MeteoRSI.Tests/GraphicalUnitTest.cs:line 110
  Failed Maestro.MeteoRSI.Tests.TextUnitTests.CreateTextWeatherPages_DefaultFileInput_File_50_89(index: 18, regex: "^$") [1 ms]
  Error Message:
   System.Exception : File combinedText.xml is in the wrong format. It should be of type WeatherRecords.
---- System.InvalidOperationException : There is an error in XML document (1, 40).
-------- System.InvalidOperationException : <xml xmlns='http://www.meteosvizzera.ch/rsi/VOFH08'> was not expected.
  Stack Trace:
     at Maestro.MeteoRSI.Application.MetoRsiText.CreateTextWeatherPages(FileInfo fileInfo, Ep1BuilderConverterConfig config, Ep1BuilderConverterConfigFilter filter) in /Users/albayrme/Automation/maestro/Applications/MeteoRSI/MeteoRSI.Application/MetoRsiText.cs:line 61
   at Maestro.MeteoRSI.Tests.TextUnitTests.CreateTextWeatherPages_DefaultFileInput_File_50_89(Int32 index, String regex) in /Users/albayrme/Automation/maestro/Applications/MeteoRSI/MeteoRSI.Tests/TextUnitTests.cs:line 180
----- Inner Stack Trace -----
   at System.Xml.Serialization.XmlSerializer.Deserialize(XmlReader xmlReader, String encodingStyle, XmlDeserializationEvents events)
   at System.Xml.Serialization.XmlSerializer.Deserialize(TextReader textReader)
   at Maestro.Core.Helpers.XmlHelper.Deserialize[T](String content) in /Users/albayrme/Automation/maestro/Core/Maestro.Core/Helpers/XmlHelper.cs:line 37
   at Maestro.MeteoRSI.Application.MetoRsiText.CreateTextWeatherPages(FileInfo fileInfo, Ep1BuilderConverterConfig config, Ep1BuilderConverterConfigFilter filter) in /Users/albayrme/Automation/maestro/Applications/MeteoRSI/MeteoRSI.Application/MetoRsiText.cs:line 31
----- Inner Stack Trace -----
   at Microsoft.Xml.Serialization.GeneratedAssembly.XmlSerializationReaderWeatherRecords.Read9_xml()
  Failed Maestro.MeteoRSI.Tests.GraphicalUnitTest.CreateGraphicalWeatherPages_DefaultFileInput_File_57_01(index: 7, regex: "^$") [< 1 ms]
  Error Message:
   System.NullReferenceException : Object reference not set to an instance of an object.
  Stack Trace:
     at Maestro.MeteoRSI.Application.MeteoRsiGraphic.CreateGraphicalWeatherPages(FileInfo fileInfo, Ep1BuilderConverterConfig config, Ep1BuilderConverterConfigFilter filter) in /Users/albayrme/Automation/maestro/Applications/MeteoRSI/MeteoRSI.Application/MeteoRsiGraphic.cs:line 24
   at Maestro.MeteoRSI.Tests.GraphicalUnitTest.CreateGraphicalWeatherPages_DefaultFileInput_File_57_01(Int32 index, String regex) in /Users/albayrme/Automation/maestro/Applications/MeteoRSI/MeteoRSI.Tests/GraphicalUnitTest.cs:line 110
  Failed Maestro.MeteoRSI.Tests.GraphicalUnitTest.CreateGraphicalWeatherPages_DefaultFileInput_File_57_01(index: 13, regex: "^Coperto\\s+Coperto\\s+Coperto$") [< 1 ms]
  Error Message:
   System.NullReferenceException : Object reference not set to an instance of an object.
  Stack Trace:
     at Maestro.MeteoRSI.Application.MeteoRsiGraphic.CreateGraphicalWeatherPages(FileInfo fileInfo, Ep1BuilderConverterConfig config, Ep1BuilderConverterConfigFilter filter) in /Users/albayrme/Automation/maestro/Applications/MeteoRSI/MeteoRSI.Application/MeteoRsiGraphic.cs:line 24
   at Maestro.MeteoRSI.Tests.GraphicalUnitTest.CreateGraphicalWeatherPages_DefaultFileInput_File_57_01(Int32 index, String regex) in /Users/albayrme/Automation/maestro/Applications/MeteoRSI/MeteoRSI.Tests/GraphicalUnitTest.cs:line 110
  Failed Maestro.MeteoRSI.Tests.TextUnitTests.CreateTextWeatherPages_DefaultFileInput_File_50_89(index: 7, regex: "^$") [1 ms]
  Error Message:
   System.Exception : File combinedText.xml is in the wrong format. It should be of type WeatherRecords.
---- System.InvalidOperationException : There is an error in XML document (1, 40).
-------- System.InvalidOperationException : <xml xmlns='http://www.meteosvizzera.ch/rsi/VOFH08'> was not expected.
  Stack Trace:
     at Maestro.MeteoRSI.Application.MetoRsiText.CreateTextWeatherPages(FileInfo fileInfo, Ep1BuilderConverterConfig config, Ep1BuilderConverterConfigFilter filter) in /Users/albayrme/Automation/maestro/Applications/MeteoRSI/MeteoRSI.Application/MetoRsiText.cs:line 61
   at Maestro.MeteoRSI.Tests.TextUnitTests.CreateTextWeatherPages_DefaultFileInput_File_50_89(Int32 index, String regex) in /Users/albayrme/Automation/maestro/Applications/MeteoRSI/MeteoRSI.Tests/TextUnitTests.cs:line 180
----- Inner Stack Trace -----
   at System.Xml.Serialization.XmlSerializer.Deserialize(XmlReader xmlReader, String encodingStyle, XmlDeserializationEvents events)
   at System.Xml.Serialization.XmlSerializer.Deserialize(TextReader textReader)
   at Maestro.Core.Helpers.XmlHelper.Deserialize[T](String content) in /Users/albayrme/Automation/maestro/Core/Maestro.Core/Helpers/XmlHelper.cs:line 37
   at Maestro.MeteoRSI.Application.MetoRsiText.CreateTextWeatherPages(FileInfo fileInfo, Ep1BuilderConverterConfig config, Ep1BuilderConverterConfigFilter filter) in /Users/albayrme/Automation/maestro/Applications/MeteoRSI/MeteoRSI.Application/MetoRsiText.cs:line 31
----- Inner Stack Trace -----
   at Microsoft.Xml.Serialization.GeneratedAssembly.XmlSerializationReaderWeatherRecords.Read9_xml()
  Failed Maestro.MeteoRSI.Tests.GraphicalUnitTest.CreateGraphicalWeatherPages_DefaultFileInput_File_57_01(index: 2, regex: "^$") [< 1 ms]
  Error Message:
   System.NullReferenceException : Object reference not set to an instance of an object.
  Stack Trace:
     at Maestro.MeteoRSI.Application.MeteoRsiGraphic.CreateGraphicalWeatherPages(FileInfo fileInfo, Ep1BuilderConverterConfig config, Ep1BuilderConverterConfigFilter filter) in /Users/albayrme/Automation/maestro/Applications/MeteoRSI/MeteoRSI.Application/MeteoRsiGraphic.cs:line 24
   at Maestro.MeteoRSI.Tests.GraphicalUnitTest.CreateGraphicalWeatherPages_DefaultFileInput_File_57_01(Int32 index, String regex) in /Users/albayrme/Automation/maestro/Applications/MeteoRSI/MeteoRSI.Tests/GraphicalUnitTest.cs:line 110
  Failed Maestro.MeteoRSI.Tests.TextUnitTests.CreateTextWeatherPages_DefaultFileInput_File_50_89(index: 19, regex: "^$") [1 ms]
  Error Message:
   System.Exception : File combinedText.xml is in the wrong format. It should be of type WeatherRecords.
---- System.InvalidOperationException : There is an error in XML document (1, 40).
-------- System.InvalidOperationException : <xml xmlns='http://www.meteosvizzera.ch/rsi/VOFH08'> was not expected.
  Stack Trace:
     at Maestro.MeteoRSI.Application.MetoRsiText.CreateTextWeatherPages(FileInfo fileInfo, Ep1BuilderConverterConfig config, Ep1BuilderConverterConfigFilter filter) in /Users/albayrme/Automation/maestro/Applications/MeteoRSI/MeteoRSI.Application/MetoRsiText.cs:line 61
   at Maestro.MeteoRSI.Tests.TextUnitTests.CreateTextWeatherPages_DefaultFileInput_File_50_89(Int32 index, String regex) in /Users/albayrme/Automation/maestro/Applications/MeteoRSI/MeteoRSI.Tests/TextUnitTests.cs:line 180
----- Inner Stack Trace -----
   at System.Xml.Serialization.XmlSerializer.Deserialize(XmlReader xmlReader, String encodingStyle, XmlDeserializationEvents events)
   at System.Xml.Serialization.XmlSerializer.Deserialize(TextReader textReader)
   at Maestro.Core.Helpers.XmlHelper.Deserialize[T](String content) in /Users/albayrme/Automation/maestro/Core/Maestro.Core/Helpers/XmlHelper.cs:line 37
   at Maestro.MeteoRSI.Application.MetoRsiText.CreateTextWeatherPages(FileInfo fileInfo, Ep1BuilderConverterConfig config, Ep1BuilderConverterConfigFilter filter) in /Users/albayrme/Automation/maestro/Applications/MeteoRSI/MeteoRSI.Application/MetoRsiText.cs:line 31
----- Inner Stack Trace -----
   at Microsoft.Xml.Serialization.GeneratedAssembly.XmlSerializationReaderWeatherRecords.Read9_xml()
[xUnit.net 00:00:02.36]     Maestro.MeteoRSI.Tests.GraphicalUnitTest.CreateGraphicalWeatherPages_DefaultFileInput_File_57_01(index: 5, regex: "^Martedì\\s+Mercoledì\\s+Giovedì$") [FAIL]
[xUnit.net 00:00:02.36]       System.NullReferenceException : Object reference not set to an instance of an object.
[xUnit.net 00:00:02.36]       Stack Trace:
[xUnit.net 00:00:02.36]         /Users/albayrme/Automation/maestro/Applications/MeteoRSI/MeteoRSI.Application/MeteoRsiGraphic.cs(24,0): at Maestro.MeteoRSI.Application.MeteoRsiGraphic.CreateGraphicalWeatherPages(FileInfo fileInfo, Ep1BuilderConverterConfig config, Ep1BuilderConverterConfigFilter filter)
[xUnit.net 00:00:02.36]         /Users/albayrme/Automation/maestro/Applications/MeteoRSI/MeteoRSI.Tests/GraphicalUnitTest.cs(110,0): at Maestro.MeteoRSI.Tests.GraphicalUnitTest.CreateGraphicalWeatherPages_DefaultFileInput_File_57_01(Int32 index, String regex)
[xUnit.net 00:00:02.36]     Maestro.MeteoRSI.Tests.GraphicalUnitTest.CreateGraphicalWeatherPages_DefaultFileInput_File_57_01(index: 16, regex: "^------------------------------------$") [FAIL]
[xUnit.net 00:00:02.36]       System.NullReferenceException : Object reference not set to an instance of an object.
[xUnit.net 00:00:02.36]       Stack Trace:
[xUnit.net 00:00:02.36]         /Users/albayrme/Automation/maestro/Applications/MeteoRSI/MeteoRSI.Application/MeteoRsiGraphic.cs(24,0): at Maestro.MeteoRSI.Application.MeteoRsiGraphic.CreateGraphicalWeatherPages(FileInfo fileInfo, Ep1BuilderConverterConfig config, Ep1BuilderConverterConfigFilter filter)
[xUnit.net 00:00:02.36]         /Users/albayrme/Automation/maestro/Applications/MeteoRSI/MeteoRSI.Tests/GraphicalUnitTest.cs(110,0): at Maestro.MeteoRSI.Tests.GraphicalUnitTest.CreateGraphicalWeatherPages_DefaultFileInput_File_57_01(Int32 index, String regex)
[xUnit.net 00:00:02.36]     Maestro.MeteoRSI.Tests.TextUnitTests.CreateTextWeatherPages_DefaultFileInput_File_50_89(index: 0, regex: "^$") [FAIL]
[xUnit.net 00:00:02.36]       System.Exception : File combinedText.xml is in the wrong format. It should be of type WeatherRecords.
[xUnit.net 00:00:02.36]       ---- System.InvalidOperationException : There is an error in XML document (1, 40).
[xUnit.net 00:00:02.36]       -------- System.InvalidOperationException : <xml xmlns='http://www.meteosvizzera.ch/rsi/VOFH08'> was not expected.
[xUnit.net 00:00:02.36]       Stack Trace:
[xUnit.net 00:00:02.36]         /Users/albayrme/Automation/maestro/Applications/MeteoRSI/MeteoRSI.Application/MetoRsiText.cs(61,0): at Maestro.MeteoRSI.Application.MetoRsiText.CreateTextWeatherPages(FileInfo fileInfo, Ep1BuilderConverterConfig config, Ep1BuilderConverterConfigFilter filter)
[xUnit.net 00:00:02.36]         /Users/albayrme/Automation/maestro/Applications/MeteoRSI/MeteoRSI.Tests/TextUnitTests.cs(180,0): at Maestro.MeteoRSI.Tests.TextUnitTests.CreateTextWeatherPages_DefaultFileInput_File_50_89(Int32 index, String regex)
[xUnit.net 00:00:02.36]         ----- Inner Stack Trace -----
[xUnit.net 00:00:02.36]            at System.Xml.Serialization.XmlSerializer.Deserialize(XmlReader xmlReader, String encodingStyle, XmlDeserializationEvents events)
[xUnit.net 00:00:02.36]            at System.Xml.Serialization.XmlSerializer.Deserialize(TextReader textReader)
[xUnit.net 00:00:02.36]         /Users/albayrme/Automation/maestro/Core/Maestro.Core/Helpers/XmlHelper.cs(37,0): at Maestro.Core.Helpers.XmlHelper.Deserialize[T](String content)
[xUnit.net 00:00:02.36]         /Users/albayrme/Automation/maestro/Applications/MeteoRSI/MeteoRSI.Application/MetoRsiText.cs(31,0): at Maestro.MeteoRSI.Application.MetoRsiText.CreateTextWeatherPages(FileInfo fileInfo, Ep1BuilderConverterConfig config, Ep1BuilderConverterConfigFilter filter)
[xUnit.net 00:00:02.36]         ----- Inner Stack Trace -----
[xUnit.net 00:00:02.36]            at Microsoft.Xml.Serialization.GeneratedAssembly.XmlSerializationReaderWeatherRecords.Read9_xml()
[xUnit.net 00:00:02.36]     Maestro.MeteoRSI.Tests.GraphicalUnitTest.CreateGraphicalWeatherPages_DefaultFileInput_File_57_01(index: 17, regex: "^Max:\\s+15°CMax:\\s+11°CMax:\\s+12°C$") [FAIL]
[xUnit.net 00:00:02.36]       System.NullReferenceException : Object reference not set to an instance of an object.
[xUnit.net 00:00:02.36]       Stack Trace:
[xUnit.net 00:00:02.36]         /Users/albayrme/Automation/maestro/Applications/MeteoRSI/MeteoRSI.Application/MeteoRsiGraphic.cs(24,0): at Maestro.MeteoRSI.Application.MeteoRsiGraphic.CreateGraphicalWeatherPages(FileInfo fileInfo, Ep1BuilderConverterConfig config, Ep1BuilderConverterConfigFilter filter)
[xUnit.net 00:00:02.36]         /Users/albayrme/Automation/maestro/Applications/MeteoRSI/MeteoRSI.Tests/GraphicalUnitTest.cs(110,0): at Maestro.MeteoRSI.Tests.GraphicalUnitTest.CreateGraphicalWeatherPages_DefaultFileInput_File_57_01(Int32 index, String regex)
[xUnit.net 00:00:02.36]     Maestro.MeteoRSI.Tests.TextUnitTests.CreateTextWeatherPages_DefaultFileInput_File_50_89(index: 4, regex: "^$") [FAIL]
[xUnit.net 00:00:02.36]       System.Exception : File combinedText.xml is in the wrong format. It should be of type WeatherRecords.
[xUnit.net 00:00:02.36]       ---- System.InvalidOperationException : There is an error in XML document (1, 40).
[xUnit.net 00:00:02.36]       -------- System.InvalidOperationException : <xml xmlns='http://www.meteosvizzera.ch/rsi/VOFH08'> was not expected.
[xUnit.net 00:00:02.36]       Stack Trace:
[xUnit.net 00:00:02.36]         /Users/albayrme/Automation/maestro/Applications/MeteoRSI/MeteoRSI.Application/MetoRsiText.cs(61,0): at Maestro.MeteoRSI.Application.MetoRsiText.CreateTextWeatherPages(FileInfo fileInfo, Ep1BuilderConverterConfig config, Ep1BuilderConverterConfigFilter filter)
[xUnit.net 00:00:02.36]         /Users/albayrme/Automation/maestro/Applications/MeteoRSI/MeteoRSI.Tests/TextUnitTests.cs(180,0): at Maestro.MeteoRSI.Tests.TextUnitTests.CreateTextWeatherPages_DefaultFileInput_File_50_89(Int32 index, String regex)
[xUnit.net 00:00:02.36]         ----- Inner Stack Trace -----
[xUnit.net 00:00:02.36]            at System.Xml.Serialization.XmlSerializer.Deserialize(XmlReader xmlReader, String encodingStyle, XmlDeserializationEvents events)
[xUnit.net 00:00:02.36]            at System.Xml.Serialization.XmlSerializer.Deserialize(TextReader textReader)
[xUnit.net 00:00:02.36]         /Users/albayrme/Automation/maestro/Core/Maestro.Core/Helpers/XmlHelper.cs(37,0): at Maestro.Core.Helpers.XmlHelper.Deserialize[T](String content)
[xUnit.net 00:00:02.36]         /Users/albayrme/Automation/maestro/Applications/MeteoRSI/MeteoRSI.Application/MetoRsiText.cs(31,0): at Maestro.MeteoRSI.Application.MetoRsiText.CreateTextWeatherPages(FileInfo fileInfo, Ep1BuilderConverterConfig config, Ep1BuilderConverterConfigFilter filter)
[xUnit.net 00:00:02.36]         ----- Inner Stack Trace -----
[xUnit.net 00:00:02.36]            at Microsoft.Xml.Serialization.GeneratedAssembly.XmlSerializationReaderWeatherRecords.Read9_xml()
[xUnit.net 00:00:02.36]     Maestro.MeteoRSI.Tests.GraphicalUnitTest.CreateGraphicalWeatherPages_DefaultFileInput_File_57_01(index: 11, regex: "^\\/\\s+\\/\\s+\\/$") [FAIL]
[xUnit.net 00:00:02.36]       System.NullReferenceException : Object reference not set to an instance of an object.
[xUnit.net 00:00:02.36]       Stack Trace:
[xUnit.net 00:00:02.36]         /Users/albayrme/Automation/maestro/Applications/MeteoRSI/MeteoRSI.Application/MeteoRsiGraphic.cs(24,0): at Maestro.MeteoRSI.Application.MeteoRsiGraphic.CreateGraphicalWeatherPages(FileInfo fileInfo, Ep1BuilderConverterConfig config, Ep1BuilderConverterConfigFilter filter)
[xUnit.net 00:00:02.36]         /Users/albayrme/Automation/maestro/Applications/MeteoRSI/MeteoRSI.Tests/GraphicalUnitTest.cs(110,0): at Maestro.MeteoRSI.Tests.GraphicalUnitTest.CreateGraphicalWeatherPages_DefaultFileInput_File_57_01(Int32 index, String regex)
[xUnit.net 00:00:02.37]     Maestro.MeteoRSI.Tests.TextUnitTests.CreateTextWeatherPages_DefaultFileInput_File_50_89(index: 12, regex: "^$") [FAIL]
[xUnit.net 00:00:02.37]       System.Exception : File combinedText.xml is in the wrong format. It should be of type WeatherRecords.
[xUnit.net 00:00:02.37]       ---- System.InvalidOperationException : There is an error in XML document (1, 40).
[xUnit.net 00:00:02.37]       -------- System.InvalidOperationException : <xml xmlns='http://www.meteosvizzera.ch/rsi/VOFH08'> was not expected.
[xUnit.net 00:00:02.37]       Stack Trace:
[xUnit.net 00:00:02.37]         /Users/albayrme/Automation/maestro/Applications/MeteoRSI/MeteoRSI.Application/MetoRsiText.cs(61,0): at Maestro.MeteoRSI.Application.MetoRsiText.CreateTextWeatherPages(FileInfo fileInfo, Ep1BuilderConverterConfig config, Ep1BuilderConverterConfigFilter filter)
[xUnit.net 00:00:02.37]         /Users/albayrme/Automation/maestro/Applications/MeteoRSI/MeteoRSI.Tests/TextUnitTests.cs(180,0): at Maestro.MeteoRSI.Tests.TextUnitTests.CreateTextWeatherPages_DefaultFileInput_File_50_89(Int32 index, String regex)
[xUnit.net 00:00:02.37]         ----- Inner Stack Trace -----
[xUnit.net 00:00:02.37]            at System.Xml.Serialization.XmlSerializer.Deserialize(XmlReader xmlReader, String encodingStyle, XmlDeserializationEvents events)
[xUnit.net 00:00:02.37]            at System.Xml.Serialization.XmlSerializer.Deserialize(TextReader textReader)
[xUnit.net 00:00:02.37]         /Users/albayrme/Automation/maestro/Core/Maestro.Core/Helpers/XmlHelper.cs(37,0): at Maestro.Core.Helpers.XmlHelper.Deserialize[T](String content)
[xUnit.net 00:00:02.37]         /Users/albayrme/Automation/maestro/Applications/MeteoRSI/MeteoRSI.Application/MetoRsiText.cs(31,0): at Maestro.MeteoRSI.Application.MetoRsiText.CreateTextWeatherPages(FileInfo fileInfo, Ep1BuilderConverterConfig config, Ep1BuilderConverterConfigFilter filter)
[xUnit.net 00:00:02.37]         ----- Inner Stack Trace -----
[xUnit.net 00:00:02.37]            at Microsoft.Xml.Serialization.GeneratedAssembly.XmlSerializationReaderWeatherRecords.Read9_xml()
[xUnit.net 00:00:02.37]     Maestro.MeteoRSI.Tests.GraphicalUnitTest.CreateGraphicalWeatherPages_DefaultFileInput_File_57_01(index: 3, regex: "^Nord delle Alpi$") [FAIL]
[xUnit.net 00:00:02.37]       System.NullReferenceException : Object reference not set to an instance of an object.
[xUnit.net 00:00:02.37]       Stack Trace:
[xUnit.net 00:00:02.37]         /Users/albayrme/Automation/maestro/Applications/MeteoRSI/MeteoRSI.Application/MeteoRsiGraphic.cs(24,0): at Maestro.MeteoRSI.Application.MeteoRsiGraphic.CreateGraphicalWeatherPages(FileInfo fileInfo, Ep1BuilderConverterConfig config, Ep1BuilderConverterConfigFilter filter)
[xUnit.net 00:00:02.37]         /Users/albayrme/Automation/maestro/Applications/MeteoRSI/MeteoRSI.Tests/GraphicalUnitTest.cs(110,0): at Maestro.MeteoRSI.Tests.GraphicalUnitTest.CreateGraphicalWeatherPages_DefaultFileInput_File_57_01(Int32 index, String regex)
  Failed Maestro.MeteoRSI.Tests.GraphicalUnitTest.CreateGraphicalWeatherPages_DefaultFileInput_File_57_01(index: 5, regex: "^Martedì\\s+Mercoledì\\s+Giovedì$") [< 1 ms]
  Error Message:
   System.NullReferenceException : Object reference not set to an instance of an object.
  Stack Trace:
     at Maestro.MeteoRSI.Application.MeteoRsiGraphic.CreateGraphicalWeatherPages(FileInfo fileInfo, Ep1BuilderConverterConfig config, Ep1BuilderConverterConfigFilter filter) in /Users/albayrme/Automation/maestro/Applications/MeteoRSI/MeteoRSI.Application/MeteoRsiGraphic.cs:line 24
   at Maestro.MeteoRSI.Tests.GraphicalUnitTest.CreateGraphicalWeatherPages_DefaultFileInput_File_57_01(Int32 index, String regex) in /Users/albayrme/Automation/maestro/Applications/MeteoRSI/MeteoRSI.Tests/GraphicalUnitTest.cs:line 110
  Failed Maestro.MeteoRSI.Tests.GraphicalUnitTest.CreateGraphicalWeatherPages_DefaultFileInput_File_57_01(index: 16, regex: "^------------------------------------$") [< 1 ms]
  Error Message:
   System.NullReferenceException : Object reference not set to an instance of an object.
  Stack Trace:
     at Maestro.MeteoRSI.Application.MeteoRsiGraphic.CreateGraphicalWeatherPages(FileInfo fileInfo, Ep1BuilderConverterConfig config, Ep1BuilderConverterConfigFilter filter) in /Users/albayrme/Automation/maestro/Applications/MeteoRSI/MeteoRSI.Application/MeteoRsiGraphic.cs:line 24
   at Maestro.MeteoRSI.Tests.GraphicalUnitTest.CreateGraphicalWeatherPages_DefaultFileInput_File_57_01(Int32 index, String regex) in /Users/albayrme/Automation/maestro/Applications/MeteoRSI/MeteoRSI.Tests/GraphicalUnitTest.cs:line 110
  Failed Maestro.MeteoRSI.Tests.TextUnitTests.CreateTextWeatherPages_DefaultFileInput_File_50_89(index: 0, regex: "^$") [1 ms]
  Error Message:
   System.Exception : File combinedText.xml is in the wrong format. It should be of type WeatherRecords.
---- System.InvalidOperationException : There is an error in XML document (1, 40).
-------- System.InvalidOperationException : <xml xmlns='http://www.meteosvizzera.ch/rsi/VOFH08'> was not expected.
  Stack Trace:
     at Maestro.MeteoRSI.Application.MetoRsiText.CreateTextWeatherPages(FileInfo fileInfo, Ep1BuilderConverterConfig config, Ep1BuilderConverterConfigFilter filter) in /Users/albayrme/Automation/maestro/Applications/MeteoRSI/MeteoRSI.Application/MetoRsiText.cs:line 61
   at Maestro.MeteoRSI.Tests.TextUnitTests.CreateTextWeatherPages_DefaultFileInput_File_50_89(Int32 index, String regex) in /Users/albayrme/Automation/maestro/Applications/MeteoRSI/MeteoRSI.Tests/TextUnitTests.cs:line 180
----- Inner Stack Trace -----
   at System.Xml.Serialization.XmlSerializer.Deserialize(XmlReader xmlReader, String encodingStyle, XmlDeserializationEvents events)
   at System.Xml.Serialization.XmlSerializer.Deserialize(TextReader textReader)
   at Maestro.Core.Helpers.XmlHelper.Deserialize[T](String content) in /Users/albayrme/Automation/maestro/Core/Maestro.Core/Helpers/XmlHelper.cs:line 37
   at Maestro.MeteoRSI.Application.MetoRsiText.CreateTextWeatherPages(FileInfo fileInfo, Ep1BuilderConverterConfig config, Ep1BuilderConverterConfigFilter filter) in /Users/albayrme/Automation/maestro/Applications/MeteoRSI/MeteoRSI.Application/MetoRsiText.cs:line 31
----- Inner Stack Trace -----
   at Microsoft.Xml.Serialization.GeneratedAssembly.XmlSerializationReaderWeatherRecords.Read9_xml()
  Failed Maestro.MeteoRSI.Tests.GraphicalUnitTest.CreateGraphicalWeatherPages_DefaultFileInput_File_57_01(index: 17, regex: "^Max:\\s+15°CMax:\\s+11°CMax:\\s+12°C$") [< 1 ms]
  Error Message:
   System.NullReferenceException : Object reference not set to an instance of an object.
  Stack Trace:
     at Maestro.MeteoRSI.Application.MeteoRsiGraphic.CreateGraphicalWeatherPages(FileInfo fileInfo, Ep1BuilderConverterConfig config, Ep1BuilderConverterConfigFilter filter) in /Users/albayrme/Automation/maestro/Applications/MeteoRSI/MeteoRSI.Application/MeteoRsiGraphic.cs:line 24
   at Maestro.MeteoRSI.Tests.GraphicalUnitTest.CreateGraphicalWeatherPages_DefaultFileInput_File_57_01(Int32 index, String regex) in /Users/albayrme/Automation/maestro/Applications/MeteoRSI/MeteoRSI.Tests/GraphicalUnitTest.cs:line 110
  Failed Maestro.MeteoRSI.Tests.TextUnitTests.CreateTextWeatherPages_DefaultFileInput_File_50_89(index: 4, regex: "^$") [1 ms]
  Error Message:
   System.Exception : File combinedText.xml is in the wrong format. It should be of type WeatherRecords.
---- System.InvalidOperationException : There is an error in XML document (1, 40).
-------- System.InvalidOperationException : <xml xmlns='http://www.meteosvizzera.ch/rsi/VOFH08'> was not expected.
  Stack Trace:
     at Maestro.MeteoRSI.Application.MetoRsiText.CreateTextWeatherPages(FileInfo fileInfo, Ep1BuilderConverterConfig config, Ep1BuilderConverterConfigFilter filter) in /Users/albayrme/Automation/maestro/Applications/MeteoRSI/MeteoRSI.Application/MetoRsiText.cs:line 61
   at Maestro.MeteoRSI.Tests.TextUnitTests.CreateTextWeatherPages_DefaultFileInput_File_50_89(Int32 index, String regex) in /Users/albayrme/Automation/maestro/Applications/MeteoRSI/MeteoRSI.Tests/TextUnitTests.cs:line 180
----- Inner Stack Trace -----
   at System.Xml.Serialization.XmlSerializer.Deserialize(XmlReader xmlReader, String encodingStyle, XmlDeserializationEvents events)
   at System.Xml.Serialization.XmlSerializer.Deserialize(TextReader textReader)
   at Maestro.Core.Helpers.XmlHelper.Deserialize[T](String content) in /Users/albayrme/Automation/maestro/Core/Maestro.Core/Helpers/XmlHelper.cs:line 37
   at Maestro.MeteoRSI.Application.MetoRsiText.CreateTextWeatherPages(FileInfo fileInfo, Ep1BuilderConverterConfig config, Ep1BuilderConverterConfigFilter filter) in /Users/albayrme/Automation/maestro/Applications/MeteoRSI/MeteoRSI.Application/MetoRsiText.cs:line 31
----- Inner Stack Trace -----
   at Microsoft.Xml.Serialization.GeneratedAssembly.XmlSerializationReaderWeatherRecords.Read9_xml()
  Failed Maestro.MeteoRSI.Tests.GraphicalUnitTest.CreateGraphicalWeatherPages_DefaultFileInput_File_57_01(index: 11, regex: "^\\/\\s+\\/\\s+\\/$") [< 1 ms]
  Error Message:
   System.NullReferenceException : Object reference not set to an instance of an object.
  Stack Trace:
     at Maestro.MeteoRSI.Application.MeteoRsiGraphic.CreateGraphicalWeatherPages(FileInfo fileInfo, Ep1BuilderConverterConfig config, Ep1BuilderConverterConfigFilter filter) in /Users/albayrme/Automation/maestro/Applications/MeteoRSI/MeteoRSI.Application/MeteoRsiGraphic.cs:line 24
   at Maestro.MeteoRSI.Tests.GraphicalUnitTest.CreateGraphicalWeatherPages_DefaultFileInput_File_57_01(Int32 index, String regex) in /Users/albayrme/Automation/maestro/Applications/MeteoRSI/MeteoRSI.Tests/GraphicalUnitTest.cs:line 110
  Failed Maestro.MeteoRSI.Tests.TextUnitTests.CreateTextWeatherPages_DefaultFileInput_File_50_89(index: 12, regex: "^$") [1 ms]
  Error Message:
   System.Exception : File combinedText.xml is in the wrong format. It should be of type WeatherRecords.
---- System.InvalidOperationException : There is an error in XML document (1, 40).
-------- System.InvalidOperationException : <xml xmlns='http://www.meteosvizzera.ch/rsi/VOFH08'> was not expected.
  Stack Trace:
     at Maestro.MeteoRSI.Application.MetoRsiText.CreateTextWeatherPages(FileInfo fileInfo, Ep1BuilderConverterConfig config, Ep1BuilderConverterConfigFilter filter) in /Users/albayrme/Automation/maestro/Applications/MeteoRSI/MeteoRSI.Application/MetoRsiText.cs:line 61
   at Maestro.MeteoRSI.Tests.TextUnitTests.CreateTextWeatherPages_DefaultFileInput_File_50_89(Int32 index, String regex) in /Users/albayrme/Automation/maestro/Applications/MeteoRSI/MeteoRSI.Tests/TextUnitTests.cs:line 180
----- Inner Stack Trace -----
   at System.Xml.Serialization.XmlSerializer.Deserialize(XmlReader xmlReader, String encodingStyle, XmlDeserializationEvents events)
   at System.Xml.Serialization.XmlSerializer.Deserialize(TextReader textReader)
   at Maestro.Core.Helpers.XmlHelper.Deserialize[T](String content) in /Users/albayrme/Automation/maestro/Core/Maestro.Core/Helpers/XmlHelper.cs:line 37
   at Maestro.MeteoRSI.Application.MetoRsiText.CreateTextWeatherPages(FileInfo fileInfo, Ep1BuilderConverterConfig config, Ep1BuilderConverterConfigFilter filter) in /Users/albayrme/Automation/maestro/Applications/MeteoRSI/MeteoRSI.Application/MetoRsiText.cs:line 31
----- Inner Stack Trace -----
   at Microsoft.Xml.Serialization.GeneratedAssembly.XmlSerializationReaderWeatherRecords.Read9_xml()
  Failed Maestro.MeteoRSI.Tests.GraphicalUnitTest.CreateGraphicalWeatherPages_DefaultFileInput_File_57_01(index: 3, regex: "^Nord delle Alpi$") [< 1 ms]
  Error Message:
   System.NullReferenceException : Object reference not set to an instance of an object.
  Stack Trace:
     at Maestro.MeteoRSI.Application.MeteoRsiGraphic.CreateGraphicalWeatherPages(FileInfo fileInfo, Ep1BuilderConverterConfig config, Ep1BuilderConverterConfigFilter filter) in /Users/albayrme/Automation/maestro/Applications/MeteoRSI/MeteoRSI.Application/MeteoRsiGraphic.cs:line 24
   at Maestro.MeteoRSI.Tests.GraphicalUnitTest.CreateGraphicalWeatherPages_DefaultFileInput_File_57_01(Int32 index, String regex) in /Users/albayrme/Automation/maestro/Applications/MeteoRSI/MeteoRSI.Tests/GraphicalUnitTest.cs:line 110
[xUnit.net 00:00:02.37]     Maestro.MeteoRSI.Tests.GraphicalUnitTest.CreateGraphicalWeatherPages_DefaultFileInput_File_57_01(index: 8, regex: "^$") [FAIL]
[xUnit.net 00:00:02.37]       System.NullReferenceException : Object reference not set to an instance of an object.
[xUnit.net 00:00:02.37]       Stack Trace:
[xUnit.net 00:00:02.37]         /Users/albayrme/Automation/maestro/Applications/MeteoRSI/MeteoRSI.Application/MeteoRsiGraphic.cs(24,0): at Maestro.MeteoRSI.Application.MeteoRsiGraphic.CreateGraphicalWeatherPages(FileInfo fileInfo, Ep1BuilderConverterConfig config, Ep1BuilderConverterConfigFilter filter)
[xUnit.net 00:00:02.37]         /Users/albayrme/Automation/maestro/Applications/MeteoRSI/MeteoRSI.Tests/GraphicalUnitTest.cs(110,0): at Maestro.MeteoRSI.Tests.GraphicalUnitTest.CreateGraphicalWeatherPages_DefaultFileInput_File_57_01(Int32 index, String regex)
[xUnit.net 00:00:02.37]     Maestro.MeteoRSI.Tests.TextUnitTests.CreateTextWeatherPages_DefaultFileInput_File_50_89(index: 16, regex: "^[a-zA-Z0-9àèéìòóù_\\-\\[\\.\\s]*") [FAIL]
[xUnit.net 00:00:02.37]       System.Exception : File combinedText.xml is in the wrong format. It should be of type WeatherRecords.
[xUnit.net 00:00:02.37]       ---- System.InvalidOperationException : There is an error in XML document (1, 40).
[xUnit.net 00:00:02.37]       -------- System.InvalidOperationException : <xml xmlns='http://www.meteosvizzera.ch/rsi/VOFH08'> was not expected.
[xUnit.net 00:00:02.37]       Stack Trace:
[xUnit.net 00:00:02.37]         /Users/albayrme/Automation/maestro/Applications/MeteoRSI/MeteoRSI.Application/MetoRsiText.cs(61,0): at Maestro.MeteoRSI.Application.MetoRsiText.CreateTextWeatherPages(FileInfo fileInfo, Ep1BuilderConverterConfig config, Ep1BuilderConverterConfigFilter filter)
[xUnit.net 00:00:02.37]         /Users/albayrme/Automation/maestro/Applications/MeteoRSI/MeteoRSI.Tests/TextUnitTests.cs(180,0): at Maestro.MeteoRSI.Tests.TextUnitTests.CreateTextWeatherPages_DefaultFileInput_File_50_89(Int32 index, String regex)
[xUnit.net 00:00:02.37]         ----- Inner Stack Trace -----
[xUnit.net 00:00:02.37]            at System.Xml.Serialization.XmlSerializer.Deserialize(XmlReader xmlReader, String encodingStyle, XmlDeserializationEvents events)
[xUnit.net 00:00:02.37]            at System.Xml.Serialization.XmlSerializer.Deserialize(TextReader textReader)
[xUnit.net 00:00:02.37]         /Users/albayrme/Automation/maestro/Core/Maestro.Core/Helpers/XmlHelper.cs(37,0): at Maestro.Core.Helpers.XmlHelper.Deserialize[T](String content)
[xUnit.net 00:00:02.37]         /Users/albayrme/Automation/maestro/Applications/MeteoRSI/MeteoRSI.Application/MetoRsiText.cs(31,0): at Maestro.MeteoRSI.Application.MetoRsiText.CreateTextWeatherPages(FileInfo fileInfo, Ep1BuilderConverterConfig config, Ep1BuilderConverterConfigFilter filter)
[xUnit.net 00:00:02.37]         ----- Inner Stack Trace -----
[xUnit.net 00:00:02.37]            at Microsoft.Xml.Serialization.GeneratedAssembly.XmlSerializationReaderWeatherRecords.Read9_xml()
[xUnit.net 00:00:02.37]     Maestro.MeteoRSI.Tests.GraphicalUnitTest.CreateGraphicalWeatherPages_DefaultFileInput_File_57_01(index: 14, regex: "^con\\s+deboli\\s+con\\s+deboli\\s+con\\s+deboli$") [FAIL]
[xUnit.net 00:00:02.37]       System.NullReferenceException : Object reference not set to an instance of an object.
[xUnit.net 00:00:02.37]       Stack Trace:
[xUnit.net 00:00:02.37]         /Users/albayrme/Automation/maestro/Applications/MeteoRSI/MeteoRSI.Application/MeteoRsiGraphic.cs(24,0): at Maestro.MeteoRSI.Application.MeteoRsiGraphic.CreateGraphicalWeatherPages(FileInfo fileInfo, Ep1BuilderConverterConfig config, Ep1BuilderConverterConfigFilter filter)
[xUnit.net 00:00:02.37]         /Users/albayrme/Automation/maestro/Applications/MeteoRSI/MeteoRSI.Tests/GraphicalUnitTest.cs(110,0): at Maestro.MeteoRSI.Tests.GraphicalUnitTest.CreateGraphicalWeatherPages_DefaultFileInput_File_57_01(Int32 index, String regex)
[xUnit.net 00:00:02.37]     Maestro.MeteoRSI.Tests.TextUnitTests.CreateTextWeatherPages_DefaultFileInput_File_50_89(index: 1, regex: "^$") [FAIL]
[xUnit.net 00:00:02.37]       System.Exception : File combinedText.xml is in the wrong format. It should be of type WeatherRecords.
[xUnit.net 00:00:02.37]       ---- System.InvalidOperationException : There is an error in XML document (1, 40).
[xUnit.net 00:00:02.37]       -------- System.InvalidOperationException : <xml xmlns='http://www.meteosvizzera.ch/rsi/VOFH08'> was not expected.
[xUnit.net 00:00:02.37]       Stack Trace:
[xUnit.net 00:00:02.37]         /Users/albayrme/Automation/maestro/Applications/MeteoRSI/MeteoRSI.Application/MetoRsiText.cs(61,0): at Maestro.MeteoRSI.Application.MetoRsiText.CreateTextWeatherPages(FileInfo fileInfo, Ep1BuilderConverterConfig config, Ep1BuilderConverterConfigFilter filter)
[xUnit.net 00:00:02.37]         /Users/albayrme/Automation/maestro/Applications/MeteoRSI/MeteoRSI.Tests/TextUnitTests.cs(180,0): at Maestro.MeteoRSI.Tests.TextUnitTests.CreateTextWeatherPages_DefaultFileInput_File_50_89(Int32 index, String regex)
[xUnit.net 00:00:02.37]         ----- Inner Stack Trace -----
[xUnit.net 00:00:02.37]            at System.Xml.Serialization.XmlSerializer.Deserialize(XmlReader xmlReader, String encodingStyle, XmlDeserializationEvents events)
[xUnit.net 00:00:02.37]            at System.Xml.Serialization.XmlSerializer.Deserialize(TextReader textReader)
[xUnit.net 00:00:02.37]         /Users/albayrme/Automation/maestro/Core/Maestro.Core/Helpers/XmlHelper.cs(37,0): at Maestro.Core.Helpers.XmlHelper.Deserialize[T](String content)
[xUnit.net 00:00:02.37]         /Users/albayrme/Automation/maestro/Applications/MeteoRSI/MeteoRSI.Application/MetoRsiText.cs(31,0): at Maestro.MeteoRSI.Application.MetoRsiText.CreateTextWeatherPages(FileInfo fileInfo, Ep1BuilderConverterConfig config, Ep1BuilderConverterConfigFilter filter)
[xUnit.net 00:00:02.37]         ----- Inner Stack Trace -----
[xUnit.net 00:00:02.37]            at Microsoft.Xml.Serialization.GeneratedAssembly.XmlSerializationReaderWeatherRecords.Read9_xml()
[xUnit.net 00:00:02.37]     Maestro.MeteoRSI.Tests.GraphicalUnitTest.CreateGraphicalWeatherPages_DefaultFileInput_File_57_01(index: 12, regex: "^\\/\\s+\\/\\s+\\/\\s+\\/\\s+\\/\\s+\\/$") [FAIL]
[xUnit.net 00:00:02.37]       System.NullReferenceException : Object reference not set to an instance of an object.
[xUnit.net 00:00:02.37]       Stack Trace:
[xUnit.net 00:00:02.37]         /Users/albayrme/Automation/maestro/Applications/MeteoRSI/MeteoRSI.Application/MeteoRsiGraphic.cs(24,0): at Maestro.MeteoRSI.Application.MeteoRsiGraphic.CreateGraphicalWeatherPages(FileInfo fileInfo, Ep1BuilderConverterConfig config, Ep1BuilderConverterConfigFilter filter)
[xUnit.net 00:00:02.37]         /Users/albayrme/Automation/maestro/Applications/MeteoRSI/MeteoRSI.Tests/GraphicalUnitTest.cs(110,0): at Maestro.MeteoRSI.Tests.GraphicalUnitTest.CreateGraphicalWeatherPages_DefaultFileInput_File_57_01(Int32 index, String regex)
[xUnit.net 00:00:02.37]     Maestro.MeteoRSI.Tests.GraphicalUnitTest.CreateGraphicalWeatherPages_DefaultFileInput_File_57_01(index: 18, regex: "^$") [FAIL]
[xUnit.net 00:00:02.37]       System.NullReferenceException : Object reference not set to an instance of an object.
[xUnit.net 00:00:02.37]       Stack Trace:
[xUnit.net 00:00:02.37]         /Users/albayrme/Automation/maestro/Applications/MeteoRSI/MeteoRSI.Application/MeteoRsiGraphic.cs(24,0): at Maestro.MeteoRSI.Application.MeteoRsiGraphic.CreateGraphicalWeatherPages(FileInfo fileInfo, Ep1BuilderConverterConfig config, Ep1BuilderConverterConfigFilter filter)
[xUnit.net 00:00:02.37]         /Users/albayrme/Automation/maestro/Applications/MeteoRSI/MeteoRSI.Tests/GraphicalUnitTest.cs(110,0): at Maestro.MeteoRSI.Tests.GraphicalUnitTest.CreateGraphicalWeatherPages_DefaultFileInput_File_57_01(Int32 index, String regex)
[xUnit.net 00:00:02.37]     Maestro.MeteoRSI.Tests.TextUnitTests.CreateTextWeatherPages_DefaultFileInput_File_50_89(index: 9, regex: "^$") [FAIL]
[xUnit.net 00:00:02.37]       System.Exception : File combinedText.xml is in the wrong format. It should be of type WeatherRecords.
[xUnit.net 00:00:02.37]       ---- System.InvalidOperationException : There is an error in XML document (1, 40).
[xUnit.net 00:00:02.37]       -------- System.InvalidOperationException : <xml xmlns='http://www.meteosvizzera.ch/rsi/VOFH08'> was not expected.
[xUnit.net 00:00:02.37]       Stack Trace:
[xUnit.net 00:00:02.37]         /Users/albayrme/Automation/maestro/Applications/MeteoRSI/MeteoRSI.Application/MetoRsiText.cs(61,0): at Maestro.MeteoRSI.Application.MetoRsiText.CreateTextWeatherPages(FileInfo fileInfo, Ep1BuilderConverterConfig config, Ep1BuilderConverterConfigFilter filter)
[xUnit.net 00:00:02.37]         /Users/albayrme/Automation/maestro/Applications/MeteoRSI/MeteoRSI.Tests/TextUnitTests.cs(180,0): at Maestro.MeteoRSI.Tests.TextUnitTests.CreateTextWeatherPages_DefaultFileInput_File_50_89(Int32 index, String regex)
[xUnit.net 00:00:02.37]         ----- Inner Stack Trace -----
[xUnit.net 00:00:02.37]            at System.Xml.Serialization.XmlSerializer.Deserialize(XmlReader xmlReader, String encodingStyle, XmlDeserializationEvents events)
[xUnit.net 00:00:02.37]            at System.Xml.Serialization.XmlSerializer.Deserialize(TextReader textReader)
[xUnit.net 00:00:02.37]         /Users/albayrme/Automation/maestro/Core/Maestro.Core/Helpers/XmlHelper.cs(37,0): at Maestro.Core.Helpers.XmlHelper.Deserialize[T](String content)
[xUnit.net 00:00:02.37]         /Users/albayrme/Automation/maestro/Applications/MeteoRSI/MeteoRSI.Application/MetoRsiText.cs(31,0): at Maestro.MeteoRSI.Application.MetoRsiText.CreateTextWeatherPages(FileInfo fileInfo, Ep1BuilderConverterConfig config, Ep1BuilderConverterConfigFilter filter)
[xUnit.net 00:00:02.37]         ----- Inner Stack Trace -----
[xUnit.net 00:00:02.37]            at Microsoft.Xml.Serialization.GeneratedAssembly.XmlSerializationReaderWeatherRecords.Read9_xml()
[xUnit.net 00:00:02.37]     Maestro.MeteoRSI.Tests.GraphicalUnitTest.CreateGraphicalWeatherPages_DefaultFileInput_File_58_02(index: 15, regex: "^di\\s+pioggia\\s+soleggiato\\s+quota$") [FAIL]
[xUnit.net 00:00:02.37]       System.NullReferenceException : Object reference not set to an instance of an object.
[xUnit.net 00:00:02.37]       Stack Trace:
[xUnit.net 00:00:02.37]         /Users/albayrme/Automation/maestro/Applications/MeteoRSI/MeteoRSI.Application/MeteoRsiGraphic.cs(24,0): at Maestro.MeteoRSI.Application.MeteoRsiGraphic.CreateGraphicalWeatherPages(FileInfo fileInfo, Ep1BuilderConverterConfig config, Ep1BuilderConverterConfigFilter filter)
[xUnit.net 00:00:02.37]         /Users/albayrme/Automation/maestro/Applications/MeteoRSI/MeteoRSI.Tests/GraphicalUnitTest.cs(190,0): at Maestro.MeteoRSI.Tests.GraphicalUnitTest.CreateGraphicalWeatherPages_DefaultFileInput_File_58_02(Int32 index, String regex)
  Failed Maestro.MeteoRSI.Tests.GraphicalUnitTest.CreateGraphicalWeatherPages_DefaultFileInput_File_57_01(index: 8, regex: "^$") [< 1 ms]
  Error Message:
   System.NullReferenceException : Object reference not set to an instance of an object.
  Stack Trace:
     at Maestro.MeteoRSI.Application.MeteoRsiGraphic.CreateGraphicalWeatherPages(FileInfo fileInfo, Ep1BuilderConverterConfig config, Ep1BuilderConverterConfigFilter filter) in /Users/albayrme/Automation/maestro/Applications/MeteoRSI/MeteoRSI.Application/MeteoRsiGraphic.cs:line 24
   at Maestro.MeteoRSI.Tests.GraphicalUnitTest.CreateGraphicalWeatherPages_DefaultFileInput_File_57_01(Int32 index, String regex) in /Users/albayrme/Automation/maestro/Applications/MeteoRSI/MeteoRSI.Tests/GraphicalUnitTest.cs:line 110
  Failed Maestro.MeteoRSI.Tests.TextUnitTests.CreateTextWeatherPages_DefaultFileInput_File_50_89(index: 16, regex: "^[a-zA-Z0-9àèéìòóù_\\-\\[\\.\\s]*") [1 ms]
  Error Message:
   System.Exception : File combinedText.xml is in the wrong format. It should be of type WeatherRecords.
---- System.InvalidOperationException : There is an error in XML document (1, 40).
-------- System.InvalidOperationException : <xml xmlns='http://www.meteosvizzera.ch/rsi/VOFH08'> was not expected.
  Stack Trace:
     at Maestro.MeteoRSI.Application.MetoRsiText.CreateTextWeatherPages(FileInfo fileInfo, Ep1BuilderConverterConfig config, Ep1BuilderConverterConfigFilter filter) in /Users/albayrme/Automation/maestro/Applications/MeteoRSI/MeteoRSI.Application/MetoRsiText.cs:line 61
   at Maestro.MeteoRSI.Tests.TextUnitTests.CreateTextWeatherPages_DefaultFileInput_File_50_89(Int32 index, String regex) in /Users/albayrme/Automation/maestro/Applications/MeteoRSI/MeteoRSI.Tests/TextUnitTests.cs:line 180
----- Inner Stack Trace -----
   at System.Xml.Serialization.XmlSerializer.Deserialize(XmlReader xmlReader, String encodingStyle, XmlDeserializationEvents events)
   at System.Xml.Serialization.XmlSerializer.Deserialize(TextReader textReader)
   at Maestro.Core.Helpers.XmlHelper.Deserialize[T](String content) in /Users/albayrme/Automation/maestro/Core/Maestro.Core/Helpers/XmlHelper.cs:line 37
   at Maestro.MeteoRSI.Application.MetoRsiText.CreateTextWeatherPages(FileInfo fileInfo, Ep1BuilderConverterConfig config, Ep1BuilderConverterConfigFilter filter) in /Users/albayrme/Automation/maestro/Applications/MeteoRSI/MeteoRSI.Application/MetoRsiText.cs:line 31
----- Inner Stack Trace -----
   at Microsoft.Xml.Serialization.GeneratedAssembly.XmlSerializationReaderWeatherRecords.Read9_xml()
  Failed Maestro.MeteoRSI.Tests.GraphicalUnitTest.CreateGraphicalWeatherPages_DefaultFileInput_File_57_01(index: 14, regex: "^con\\s+deboli\\s+con\\s+deboli\\s+con\\s+deboli$") [< 1 ms]
  Error Message:
   System.NullReferenceException : Object reference not set to an instance of an object.
  Stack Trace:
     at Maestro.MeteoRSI.Application.MeteoRsiGraphic.CreateGraphicalWeatherPages(FileInfo fileInfo, Ep1BuilderConverterConfig config, Ep1BuilderConverterConfigFilter filter) in /Users/albayrme/Automation/maestro/Applications/MeteoRSI/MeteoRSI.Application/MeteoRsiGraphic.cs:line 24
   at Maestro.MeteoRSI.Tests.GraphicalUnitTest.CreateGraphicalWeatherPages_DefaultFileInput_File_57_01(Int32 index, String regex) in /Users/albayrme/Automation/maestro/Applications/MeteoRSI/MeteoRSI.Tests/GraphicalUnitTest.cs:line 110
  Failed Maestro.MeteoRSI.Tests.TextUnitTests.CreateTextWeatherPages_DefaultFileInput_File_50_89(index: 1, regex: "^$") [1 ms]
  Error Message:
   System.Exception : File combinedText.xml is in the wrong format. It should be of type WeatherRecords.
---- System.InvalidOperationException : There is an error in XML document (1, 40).
-------- System.InvalidOperationException : <xml xmlns='http://www.meteosvizzera.ch/rsi/VOFH08'> was not expected.
  Stack Trace:
     at Maestro.MeteoRSI.Application.MetoRsiText.CreateTextWeatherPages(FileInfo fileInfo, Ep1BuilderConverterConfig config, Ep1BuilderConverterConfigFilter filter) in /Users/albayrme/Automation/maestro/Applications/MeteoRSI/MeteoRSI.Application/MetoRsiText.cs:line 61
   at Maestro.MeteoRSI.Tests.TextUnitTests.CreateTextWeatherPages_DefaultFileInput_File_50_89(Int32 index, String regex) in /Users/albayrme/Automation/maestro/Applications/MeteoRSI/MeteoRSI.Tests/TextUnitTests.cs:line 180
----- Inner Stack Trace -----
   at System.Xml.Serialization.XmlSerializer.Deserialize(XmlReader xmlReader, String encodingStyle, XmlDeserializationEvents events)
   at System.Xml.Serialization.XmlSerializer.Deserialize(TextReader textReader)
   at Maestro.Core.Helpers.XmlHelper.Deserialize[T](String content) in /Users/albayrme/Automation/maestro/Core/Maestro.Core/Helpers/XmlHelper.cs:line 37
   at Maestro.MeteoRSI.Application.MetoRsiText.CreateTextWeatherPages(FileInfo fileInfo, Ep1BuilderConverterConfig config, Ep1BuilderConverterConfigFilter filter) in /Users/albayrme/Automation/maestro/Applications/MeteoRSI/MeteoRSI.Application/MetoRsiText.cs:line 31
----- Inner Stack Trace -----
   at Microsoft.Xml.Serialization.GeneratedAssembly.XmlSerializationReaderWeatherRecords.Read9_xml()
  Failed Maestro.MeteoRSI.Tests.GraphicalUnitTest.CreateGraphicalWeatherPages_DefaultFileInput_File_57_01(index: 12, regex: "^\\/\\s+\\/\\s+\\/\\s+\\/\\s+\\/\\s+\\/$") [< 1 ms]
  Error Message:
   System.NullReferenceException : Object reference not set to an instance of an object.
  Stack Trace:
     at Maestro.MeteoRSI.Application.MeteoRsiGraphic.CreateGraphicalWeatherPages(FileInfo fileInfo, Ep1BuilderConverterConfig config, Ep1BuilderConverterConfigFilter filter) in /Users/albayrme/Automation/maestro/Applications/MeteoRSI/MeteoRSI.Application/MeteoRsiGraphic.cs:line 24
   at Maestro.MeteoRSI.Tests.GraphicalUnitTest.CreateGraphicalWeatherPages_DefaultFileInput_File_57_01(Int32 index, String regex) in /Users/albayrme/Automation/maestro/Applications/MeteoRSI/MeteoRSI.Tests/GraphicalUnitTest.cs:line 110
  Failed Maestro.MeteoRSI.Tests.GraphicalUnitTest.CreateGraphicalWeatherPages_DefaultFileInput_File_57_01(index: 18, regex: "^$") [< 1 ms]
  Error Message:
   System.NullReferenceException : Object reference not set to an instance of an object.
  Stack Trace:
     at Maestro.MeteoRSI.Application.MeteoRsiGraphic.CreateGraphicalWeatherPages(FileInfo fileInfo, Ep1BuilderConverterConfig config, Ep1BuilderConverterConfigFilter filter) in /Users/albayrme/Automation/maestro/Applications/MeteoRSI/MeteoRSI.Application/MeteoRsiGraphic.cs:line 24
   at Maestro.MeteoRSI.Tests.GraphicalUnitTest.CreateGraphicalWeatherPages_DefaultFileInput_File_57_01(Int32 index, String regex) in /Users/albayrme/Automation/maestro/Applications/MeteoRSI/MeteoRSI.Tests/GraphicalUnitTest.cs:line 110
  Failed Maestro.MeteoRSI.Tests.TextUnitTests.CreateTextWeatherPages_DefaultFileInput_File_50_89(index: 9, regex: "^$") [1 ms]
  Error Message:
   System.Exception : File combinedText.xml is in the wrong format. It should be of type WeatherRecords.
---- System.InvalidOperationException : There is an error in XML document (1, 40).
-------- System.InvalidOperationException : <xml xmlns='http://www.meteosvizzera.ch/rsi/VOFH08'> was not expected.
  Stack Trace:
     at Maestro.MeteoRSI.Application.MetoRsiText.CreateTextWeatherPages(FileInfo fileInfo, Ep1BuilderConverterConfig config, Ep1BuilderConverterConfigFilter filter) in /Users/albayrme/Automation/maestro/Applications/MeteoRSI/MeteoRSI.Application/MetoRsiText.cs:line 61
   at Maestro.MeteoRSI.Tests.TextUnitTests.CreateTextWeatherPages_DefaultFileInput_File_50_89(Int32 index, String regex) in /Users/albayrme/Automation/maestro/Applications/MeteoRSI/MeteoRSI.Tests/TextUnitTests.cs:line 180
----- Inner Stack Trace -----
   at System.Xml.Serialization.XmlSerializer.Deserialize(XmlReader xmlReader, String encodingStyle, XmlDeserializationEvents events)
   at System.Xml.Serialization.XmlSerializer.Deserialize(TextReader textReader)
   at Maestro.Core.Helpers.XmlHelper.Deserialize[T](String content) in /Users/albayrme/Automation/maestro/Core/Maestro.Core/Helpers/XmlHelper.cs:line 37
   at Maestro.MeteoRSI.Application.MetoRsiText.CreateTextWeatherPages(FileInfo fileInfo, Ep1BuilderConverterConfig config, Ep1BuilderConverterConfigFilter filter) in /Users/albayrme/Automation/maestro/Applications/MeteoRSI/MeteoRSI.Application/MetoRsiText.cs:line 31
----- Inner Stack Trace -----
   at Microsoft.Xml.Serialization.GeneratedAssembly.XmlSerializationReaderWeatherRecords.Read9_xml()
  Failed Maestro.MeteoRSI.Tests.GraphicalUnitTest.CreateGraphicalWeatherPages_DefaultFileInput_File_58_02(index: 15, regex: "^di\\s+pioggia\\s+soleggiato\\s+quota$") [2 ms]
  Error Message:
   System.NullReferenceException : Object reference not set to an instance of an object.
  Stack Trace:
     at Maestro.MeteoRSI.Application.MeteoRsiGraphic.CreateGraphicalWeatherPages(FileInfo fileInfo, Ep1BuilderConverterConfig config, Ep1BuilderConverterConfigFilter filter) in /Users/albayrme/Automation/maestro/Applications/MeteoRSI/MeteoRSI.Application/MeteoRsiGraphic.cs:line 24
   at Maestro.MeteoRSI.Tests.GraphicalUnitTest.CreateGraphicalWeatherPages_DefaultFileInput_File_58_02(Int32 index, String regex) in /Users/albayrme/Automation/maestro/Applications/MeteoRSI/MeteoRSI.Tests/GraphicalUnitTest.cs:line 190
[xUnit.net 00:00:02.37]     Maestro.MeteoRSI.Tests.TextUnitTests.CreateTextWeatherPages_DefaultFileInput_File_50_89(index: 15, regex: "^[a-zA-Z0-9àèéìòóù_\\-\\[\\.\\s]*") [FAIL]
[xUnit.net 00:00:02.37]       System.Exception : File combinedText.xml is in the wrong format. It should be of type WeatherRecords.
[xUnit.net 00:00:02.37]       ---- System.InvalidOperationException : There is an error in XML document (1, 40).
[xUnit.net 00:00:02.37]       -------- System.InvalidOperationException : <xml xmlns='http://www.meteosvizzera.ch/rsi/VOFH08'> was not expected.
[xUnit.net 00:00:02.37]       Stack Trace:
[xUnit.net 00:00:02.37]         /Users/albayrme/Automation/maestro/Applications/MeteoRSI/MeteoRSI.Application/MetoRsiText.cs(61,0): at Maestro.MeteoRSI.Application.MetoRsiText.CreateTextWeatherPages(FileInfo fileInfo, Ep1BuilderConverterConfig config, Ep1BuilderConverterConfigFilter filter)
[xUnit.net 00:00:02.37]         /Users/albayrme/Automation/maestro/Applications/MeteoRSI/MeteoRSI.Tests/TextUnitTests.cs(180,0): at Maestro.MeteoRSI.Tests.TextUnitTests.CreateTextWeatherPages_DefaultFileInput_File_50_89(Int32 index, String regex)
[xUnit.net 00:00:02.37]         ----- Inner Stack Trace -----
[xUnit.net 00:00:02.37]            at System.Xml.Serialization.XmlSerializer.Deserialize(XmlReader xmlReader, String encodingStyle, XmlDeserializationEvents events)
[xUnit.net 00:00:02.37]            at System.Xml.Serialization.XmlSerializer.Deserialize(TextReader textReader)
[xUnit.net 00:00:02.37]         /Users/albayrme/Automation/maestro/Core/Maestro.Core/Helpers/XmlHelper.cs(37,0): at Maestro.Core.Helpers.XmlHelper.Deserialize[T](String content)
[xUnit.net 00:00:02.37]         /Users/albayrme/Automation/maestro/Applications/MeteoRSI/MeteoRSI.Application/MetoRsiText.cs(31,0): at Maestro.MeteoRSI.Application.MetoRsiText.CreateTextWeatherPages(FileInfo fileInfo, Ep1BuilderConverterConfig config, Ep1BuilderConverterConfigFilter filter)
[xUnit.net 00:00:02.37]         ----- Inner Stack Trace -----
[xUnit.net 00:00:02.37]            at Microsoft.Xml.Serialization.GeneratedAssembly.XmlSerializationReaderWeatherRecords.Read9_xml()
[xUnit.net 00:00:02.37]     Maestro.MeteoRSI.Tests.GraphicalUnitTest.CreateGraphicalWeatherPages_DefaultFileInput_File_58_02(index: 12, regex: "^\\/\\s+\\/\\s+\\/$") [FAIL]
[xUnit.net 00:00:02.37]       System.NullReferenceException : Object reference not set to an instance of an object.
[xUnit.net 00:00:02.37]       Stack Trace:
[xUnit.net 00:00:02.37]         /Users/albayrme/Automation/maestro/Applications/MeteoRSI/MeteoRSI.Application/MeteoRsiGraphic.cs(24,0): at Maestro.MeteoRSI.Application.MeteoRsiGraphic.CreateGraphicalWeatherPages(FileInfo fileInfo, Ep1BuilderConverterConfig config, Ep1BuilderConverterConfigFilter filter)
[xUnit.net 00:00:02.37]         /Users/albayrme/Automation/maestro/Applications/MeteoRSI/MeteoRSI.Tests/GraphicalUnitTest.cs(190,0): at Maestro.MeteoRSI.Tests.GraphicalUnitTest.CreateGraphicalWeatherPages_DefaultFileInput_File_58_02(Int32 index, String regex)
[xUnit.net 00:00:02.37]     Maestro.MeteoRSI.Tests.TextUnitTests.CreateTextWeatherPages_DefaultFileInput_File_50_89(index: 17, regex: "^[a-zA-Z0-9àèéìòóù_\\-\\[\\.\\s]*") [FAIL]
[xUnit.net 00:00:02.37]       System.Exception : File combinedText.xml is in the wrong format. It should be of type WeatherRecords.
[xUnit.net 00:00:02.37]       ---- System.InvalidOperationException : There is an error in XML document (1, 40).
[xUnit.net 00:00:02.37]       -------- System.InvalidOperationException : <xml xmlns='http://www.meteosvizzera.ch/rsi/VOFH08'> was not expected.
[xUnit.net 00:00:02.37]       Stack Trace:
[xUnit.net 00:00:02.37]         /Users/albayrme/Automation/maestro/Applications/MeteoRSI/MeteoRSI.Application/MetoRsiText.cs(61,0): at Maestro.MeteoRSI.Application.MetoRsiText.CreateTextWeatherPages(FileInfo fileInfo, Ep1BuilderConverterConfig config, Ep1BuilderConverterConfigFilter filter)
[xUnit.net 00:00:02.37]         /Users/albayrme/Automation/maestro/Applications/MeteoRSI/MeteoRSI.Tests/TextUnitTests.cs(180,0): at Maestro.MeteoRSI.Tests.TextUnitTests.CreateTextWeatherPages_DefaultFileInput_File_50_89(Int32 index, String regex)
[xUnit.net 00:00:02.37]         ----- Inner Stack Trace -----
[xUnit.net 00:00:02.37]            at System.Xml.Serialization.XmlSerializer.Deserialize(XmlReader xmlReader, String encodingStyle, XmlDeserializationEvents events)
[xUnit.net 00:00:02.37]            at System.Xml.Serialization.XmlSerializer.Deserialize(TextReader textReader)
[xUnit.net 00:00:02.37]         /Users/albayrme/Automation/maestro/Core/Maestro.Core/Helpers/XmlHelper.cs(37,0): at Maestro.Core.Helpers.XmlHelper.Deserialize[T](String content)
[xUnit.net 00:00:02.37]         /Users/albayrme/Automation/maestro/Applications/MeteoRSI/MeteoRSI.Application/MetoRsiText.cs(31,0): at Maestro.MeteoRSI.Application.MetoRsiText.CreateTextWeatherPages(FileInfo fileInfo, Ep1BuilderConverterConfig config, Ep1BuilderConverterConfigFilter filter)
[xUnit.net 00:00:02.37]         ----- Inner Stack Trace -----
[xUnit.net 00:00:02.37]            at Microsoft.Xml.Serialization.GeneratedAssembly.XmlSerializationReaderWeatherRecords.Read9_xml()
[xUnit.net 00:00:02.37]     Maestro.MeteoRSI.Tests.GraphicalUnitTest.CreateGraphicalWeatherPages_DefaultFileInput_File_58_02(index: 16, regex: "^------------------------------------$") [FAIL]
[xUnit.net 00:00:02.37]       System.NullReferenceException : Object reference not set to an instance of an object.
[xUnit.net 00:00:02.37]       Stack Trace:
[xUnit.net 00:00:02.37]         /Users/albayrme/Automation/maestro/Applications/MeteoRSI/MeteoRSI.Application/MeteoRsiGraphic.cs(24,0): at Maestro.MeteoRSI.Application.MeteoRsiGraphic.CreateGraphicalWeatherPages(FileInfo fileInfo, Ep1BuilderConverterConfig config, Ep1BuilderConverterConfigFilter filter)
[xUnit.net 00:00:02.37]         /Users/albayrme/Automation/maestro/Applications/MeteoRSI/MeteoRSI.Tests/GraphicalUnitTest.cs(190,0): at Maestro.MeteoRSI.Tests.GraphicalUnitTest.CreateGraphicalWeatherPages_DefaultFileInput_File_58_02(Int32 index, String regex)
[xUnit.net 00:00:02.38]     Maestro.MeteoRSI.Tests.GraphicalUnitTest.CreateGraphicalWeatherPages_DefaultFileInput_File_58_02(index: 2, regex: "^$") [FAIL]
[xUnit.net 00:00:02.38]       System.NullReferenceException : Object reference not set to an instance of an object.
[xUnit.net 00:00:02.38]       Stack Trace:
[xUnit.net 00:00:02.38]         /Users/albayrme/Automation/maestro/Applications/MeteoRSI/MeteoRSI.Application/MeteoRsiGraphic.cs(24,0): at Maestro.MeteoRSI.Application.MeteoRsiGraphic.CreateGraphicalWeatherPages(FileInfo fileInfo, Ep1BuilderConverterConfig config, Ep1BuilderConverterConfigFilter filter)
[xUnit.net 00:00:02.38]         /Users/albayrme/Automation/maestro/Applications/MeteoRSI/MeteoRSI.Tests/GraphicalUnitTest.cs(190,0): at Maestro.MeteoRSI.Tests.GraphicalUnitTest.CreateGraphicalWeatherPages_DefaultFileInput_File_58_02(Int32 index, String regex)
[xUnit.net 00:00:02.38]     Maestro.MeteoRSI.Tests.TextUnitTests.CreateTextWeatherPages_DefaultFileInput_File_50_89(index: 11, regex: "^$") [FAIL]
[xUnit.net 00:00:02.38]       System.Exception : File combinedText.xml is in the wrong format. It should be of type WeatherRecords.
[xUnit.net 00:00:02.38]       ---- System.InvalidOperationException : There is an error in XML document (1, 40).
[xUnit.net 00:00:02.38]       -------- System.InvalidOperationException : <xml xmlns='http://www.meteosvizzera.ch/rsi/VOFH08'> was not expected.
[xUnit.net 00:00:02.38]       Stack Trace:
[xUnit.net 00:00:02.38]         /Users/albayrme/Automation/maestro/Applications/MeteoRSI/MeteoRSI.Application/MetoRsiText.cs(61,0): at Maestro.MeteoRSI.Application.MetoRsiText.CreateTextWeatherPages(FileInfo fileInfo, Ep1BuilderConverterConfig config, Ep1BuilderConverterConfigFilter filter)
[xUnit.net 00:00:02.38]         /Users/albayrme/Automation/maestro/Applications/MeteoRSI/MeteoRSI.Tests/TextUnitTests.cs(180,0): at Maestro.MeteoRSI.Tests.TextUnitTests.CreateTextWeatherPages_DefaultFileInput_File_50_89(Int32 index, String regex)
[xUnit.net 00:00:02.38]         ----- Inner Stack Trace -----
[xUnit.net 00:00:02.38]            at System.Xml.Serialization.XmlSerializer.Deserialize(XmlReader xmlReader, String encodingStyle, XmlDeserializationEvents events)
[xUnit.net 00:00:02.38]            at System.Xml.Serialization.XmlSerializer.Deserialize(TextReader textReader)
[xUnit.net 00:00:02.38]         /Users/albayrme/Automation/maestro/Core/Maestro.Core/Helpers/XmlHelper.cs(37,0): at Maestro.Core.Helpers.XmlHelper.Deserialize[T](String content)
[xUnit.net 00:00:02.38]         /Users/albayrme/Automation/maestro/Applications/MeteoRSI/MeteoRSI.Application/MetoRsiText.cs(31,0): at Maestro.MeteoRSI.Application.MetoRsiText.CreateTextWeatherPages(FileInfo fileInfo, Ep1BuilderConverterConfig config, Ep1BuilderConverterConfigFilter filter)
[xUnit.net 00:00:02.38]         ----- Inner Stack Trace -----
[xUnit.net 00:00:02.38]            at Microsoft.Xml.Serialization.GeneratedAssembly.XmlSerializationReaderWeatherRecords.Read9_xml()
[xUnit.net 00:00:02.38]     Maestro.MeteoRSI.Tests.GraphicalUnitTest.CreateGraphicalWeatherPages_DefaultFileInput_File_58_02(index: 19, regex: "^$") [FAIL]
[xUnit.net 00:00:02.38]       System.NullReferenceException : Object reference not set to an instance of an object.
[xUnit.net 00:00:02.38]       Stack Trace:
[xUnit.net 00:00:02.38]         /Users/albayrme/Automation/maestro/Applications/MeteoRSI/MeteoRSI.Application/MeteoRsiGraphic.cs(24,0): at Maestro.MeteoRSI.Application.MeteoRsiGraphic.CreateGraphicalWeatherPages(FileInfo fileInfo, Ep1BuilderConverterConfig config, Ep1BuilderConverterConfigFilter filter)
[xUnit.net 00:00:02.38]         /Users/albayrme/Automation/maestro/Applications/MeteoRSI/MeteoRSI.Tests/GraphicalUnitTest.cs(190,0): at Maestro.MeteoRSI.Tests.GraphicalUnitTest.CreateGraphicalWeatherPages_DefaultFileInput_File_58_02(Int32 index, String regex)
[xUnit.net 00:00:02.38]     Maestro.MeteoRSI.Tests.TextUnitTests.CreateTextWeatherPages_DefaultFileInput_File_50_89(index: 21, regex: "^$") [FAIL]
[xUnit.net 00:00:02.38]       System.Exception : File combinedText.xml is in the wrong format. It should be of type WeatherRecords.
[xUnit.net 00:00:02.38]       ---- System.InvalidOperationException : There is an error in XML document (1, 40).
[xUnit.net 00:00:02.38]       -------- System.InvalidOperationException : <xml xmlns='http://www.meteosvizzera.ch/rsi/VOFH08'> was not expected.
[xUnit.net 00:00:02.38]       Stack Trace:
[xUnit.net 00:00:02.38]         /Users/albayrme/Automation/maestro/Applications/MeteoRSI/MeteoRSI.Application/MetoRsiText.cs(61,0): at Maestro.MeteoRSI.Application.MetoRsiText.CreateTextWeatherPages(FileInfo fileInfo, Ep1BuilderConverterConfig config, Ep1BuilderConverterConfigFilter filter)
[xUnit.net 00:00:02.38]         /Users/albayrme/Automation/maestro/Applications/MeteoRSI/MeteoRSI.Tests/TextUnitTests.cs(180,0): at Maestro.MeteoRSI.Tests.TextUnitTests.CreateTextWeatherPages_DefaultFileInput_File_50_89(Int32 index, String regex)
[xUnit.net 00:00:02.38]         ----- Inner Stack Trace -----
[xUnit.net 00:00:02.38]            at System.Xml.Serialization.XmlSerializer.Deserialize(XmlReader xmlReader, String encodingStyle, XmlDeserializationEvents events)
[xUnit.net 00:00:02.38]            at System.Xml.Serialization.XmlSerializer.Deserialize(TextReader textReader)
[xUnit.net 00:00:02.38]         /Users/albayrme/Automation/maestro/Core/Maestro.Core/Helpers/XmlHelper.cs(37,0): at Maestro.Core.Helpers.XmlHelper.Deserialize[T](String content)
[xUnit.net 00:00:02.38]         /Users/albayrme/Automation/maestro/Applications/MeteoRSI/MeteoRSI.Application/MetoRsiText.cs(31,0): at Maestro.MeteoRSI.Application.MetoRsiText.CreateTextWeatherPages(FileInfo fileInfo, Ep1BuilderConverterConfig config, Ep1BuilderConverterConfigFilter filter)
[xUnit.net 00:00:02.38]         ----- Inner Stack Trace -----
[xUnit.net 00:00:02.38]            at Microsoft.Xml.Serialization.GeneratedAssembly.XmlSerializationReaderWeatherRecords.Read9_xml()
  Failed Maestro.MeteoRSI.Tests.TextUnitTests.CreateTextWeatherPages_DefaultFileInput_File_50_89(index: 15, regex: "^[a-zA-Z0-9àèéìòóù_\\-\\[\\.\\s]*") [2 ms]
  Error Message:
   System.Exception : File combinedText.xml is in the wrong format. It should be of type WeatherRecords.
---- System.InvalidOperationException : There is an error in XML document (1, 40).
-------- System.InvalidOperationException : <xml xmlns='http://www.meteosvizzera.ch/rsi/VOFH08'> was not expected.
  Stack Trace:
     at Maestro.MeteoRSI.Application.MetoRsiText.CreateTextWeatherPages(FileInfo fileInfo, Ep1BuilderConverterConfig config, Ep1BuilderConverterConfigFilter filter) in /Users/albayrme/Automation/maestro/Applications/MeteoRSI/MeteoRSI.Application/MetoRsiText.cs:line 61
   at Maestro.MeteoRSI.Tests.TextUnitTests.CreateTextWeatherPages_DefaultFileInput_File_50_89(Int32 index, String regex) in /Users/albayrme/Automation/maestro/Applications/MeteoRSI/MeteoRSI.Tests/TextUnitTests.cs:line 180
----- Inner Stack Trace -----
   at System.Xml.Serialization.XmlSerializer.Deserialize(XmlReader xmlReader, String encodingStyle, XmlDeserializationEvents events)
   at System.Xml.Serialization.XmlSerializer.Deserialize(TextReader textReader)
   at Maestro.Core.Helpers.XmlHelper.Deserialize[T](String content) in /Users/albayrme/Automation/maestro/Core/Maestro.Core/Helpers/XmlHelper.cs:line 37
   at Maestro.MeteoRSI.Application.MetoRsiText.CreateTextWeatherPages(FileInfo fileInfo, Ep1BuilderConverterConfig config, Ep1BuilderConverterConfigFilter filter) in /Users/albayrme/Automation/maestro/Applications/MeteoRSI/MeteoRSI.Application/MetoRsiText.cs:line 31
----- Inner Stack Trace -----
   at Microsoft.Xml.Serialization.GeneratedAssembly.XmlSerializationReaderWeatherRecords.Read9_xml()
  Failed Maestro.MeteoRSI.Tests.GraphicalUnitTest.CreateGraphicalWeatherPages_DefaultFileInput_File_58_02(index: 12, regex: "^\\/\\s+\\/\\s+\\/$") [< 1 ms]
  Error Message:
   System.NullReferenceException : Object reference not set to an instance of an object.
  Stack Trace:
     at Maestro.MeteoRSI.Application.MeteoRsiGraphic.CreateGraphicalWeatherPages(FileInfo fileInfo, Ep1BuilderConverterConfig config, Ep1BuilderConverterConfigFilter filter) in /Users/albayrme/Automation/maestro/Applications/MeteoRSI/MeteoRSI.Application/MeteoRsiGraphic.cs:line 24
   at Maestro.MeteoRSI.Tests.GraphicalUnitTest.CreateGraphicalWeatherPages_DefaultFileInput_File_58_02(Int32 index, String regex) in /Users/albayrme/Automation/maestro/Applications/MeteoRSI/MeteoRSI.Tests/GraphicalUnitTest.cs:line 190
  Failed Maestro.MeteoRSI.Tests.TextUnitTests.CreateTextWeatherPages_DefaultFileInput_File_50_89(index: 17, regex: "^[a-zA-Z0-9àèéìòóù_\\-\\[\\.\\s]*") [1 ms]
  Error Message:
   System.Exception : File combinedText.xml is in the wrong format. It should be of type WeatherRecords.
---- System.InvalidOperationException : There is an error in XML document (1, 40).
-------- System.InvalidOperationException : <xml xmlns='http://www.meteosvizzera.ch/rsi/VOFH08'> was not expected.
  Stack Trace:
     at Maestro.MeteoRSI.Application.MetoRsiText.CreateTextWeatherPages(FileInfo fileInfo, Ep1BuilderConverterConfig config, Ep1BuilderConverterConfigFilter filter) in /Users/albayrme/Automation/maestro/Applications/MeteoRSI/MeteoRSI.Application/MetoRsiText.cs:line 61
   at Maestro.MeteoRSI.Tests.TextUnitTests.CreateTextWeatherPages_DefaultFileInput_File_50_89(Int32 index, String regex) in /Users/albayrme/Automation/maestro/Applications/MeteoRSI/MeteoRSI.Tests/TextUnitTests.cs:line 180
----- Inner Stack Trace -----
   at System.Xml.Serialization.XmlSerializer.Deserialize(XmlReader xmlReader, String encodingStyle, XmlDeserializationEvents events)
   at System.Xml.Serialization.XmlSerializer.Deserialize(TextReader textReader)
   at Maestro.Core.Helpers.XmlHelper.Deserialize[T](String content) in /Users/albayrme/Automation/maestro/Core/Maestro.Core/Helpers/XmlHelper.cs:line 37
   at Maestro.MeteoRSI.Application.MetoRsiText.CreateTextWeatherPages(FileInfo fileInfo, Ep1BuilderConverterConfig config, Ep1BuilderConverterConfigFilter filter) in /Users/albayrme/Automation/maestro/Applications/MeteoRSI/MeteoRSI.Application/MetoRsiText.cs:line 31
----- Inner Stack Trace -----
   at Microsoft.Xml.Serialization.GeneratedAssembly.XmlSerializationReaderWeatherRecords.Read9_xml()
  Failed Maestro.MeteoRSI.Tests.GraphicalUnitTest.CreateGraphicalWeatherPages_DefaultFileInput_File_58_02(index: 16, regex: "^------------------------------------$") [< 1 ms]
  Error Message:
   System.NullReferenceException : Object reference not set to an instance of an object.
  Stack Trace:
     at Maestro.MeteoRSI.Application.MeteoRsiGraphic.CreateGraphicalWeatherPages(FileInfo fileInfo, Ep1BuilderConverterConfig config, Ep1BuilderConverterConfigFilter filter) in /Users/albayrme/Automation/maestro/Applications/MeteoRSI/MeteoRSI.Application/MeteoRsiGraphic.cs:line 24
   at Maestro.MeteoRSI.Tests.GraphicalUnitTest.CreateGraphicalWeatherPages_DefaultFileInput_File_58_02(Int32 index, String regex) in /Users/albayrme/Automation/maestro/Applications/MeteoRSI/MeteoRSI.Tests/GraphicalUnitTest.cs:line 190
  Failed Maestro.MeteoRSI.Tests.GraphicalUnitTest.CreateGraphicalWeatherPages_DefaultFileInput_File_58_02(index: 2, regex: "^$") [< 1 ms]
  Error Message:
   System.NullReferenceException : Object reference not set to an instance of an object.
  Stack Trace:
     at Maestro.MeteoRSI.Application.MeteoRsiGraphic.CreateGraphicalWeatherPages(FileInfo fileInfo, Ep1BuilderConverterConfig config, Ep1BuilderConverterConfigFilter filter) in /Users/albayrme/Automation/maestro/Applications/MeteoRSI/MeteoRSI.Application/MeteoRsiGraphic.cs:line 24
   at Maestro.MeteoRSI.Tests.GraphicalUnitTest.CreateGraphicalWeatherPages_DefaultFileInput_File_58_02(Int32 index, String regex) in /Users/albayrme/Automation/maestro/Applications/MeteoRSI/MeteoRSI.Tests/GraphicalUnitTest.cs:line 190
  Failed Maestro.MeteoRSI.Tests.TextUnitTests.CreateTextWeatherPages_DefaultFileInput_File_50_89(index: 11, regex: "^$") [1 ms]
  Error Message:
   System.Exception : File combinedText.xml is in the wrong format. It should be of type WeatherRecords.
---- System.InvalidOperationException : There is an error in XML document (1, 40).
-------- System.InvalidOperationException : <xml xmlns='http://www.meteosvizzera.ch/rsi/VOFH08'> was not expected.
  Stack Trace:
     at Maestro.MeteoRSI.Application.MetoRsiText.CreateTextWeatherPages(FileInfo fileInfo, Ep1BuilderConverterConfig config, Ep1BuilderConverterConfigFilter filter) in /Users/albayrme/Automation/maestro/Applications/MeteoRSI/MeteoRSI.Application/MetoRsiText.cs:line 61
   at Maestro.MeteoRSI.Tests.TextUnitTests.CreateTextWeatherPages_DefaultFileInput_File_50_89(Int32 index, String regex) in /Users/albayrme/Automation/maestro/Applications/MeteoRSI/MeteoRSI.Tests/TextUnitTests.cs:line 180
----- Inner Stack Trace -----
   at System.Xml.Serialization.XmlSerializer.Deserialize(XmlReader xmlReader, String encodingStyle, XmlDeserializationEvents events)
   at System.Xml.Serialization.XmlSerializer.Deserialize(TextReader textReader)
   at Maestro.Core.Helpers.XmlHelper.Deserialize[T](String content) in /Users/albayrme/Automation/maestro/Core/Maestro.Core/Helpers/XmlHelper.cs:line 37
   at Maestro.MeteoRSI.Application.MetoRsiText.CreateTextWeatherPages(FileInfo fileInfo, Ep1BuilderConverterConfig config, Ep1BuilderConverterConfigFilter filter) in /Users/albayrme/Automation/maestro/Applications/MeteoRSI/MeteoRSI.Application/MetoRsiText.cs:line 31
----- Inner Stack Trace -----
   at Microsoft.Xml.Serialization.GeneratedAssembly.XmlSerializationReaderWeatherRecords.Read9_xml()
  Failed Maestro.MeteoRSI.Tests.GraphicalUnitTest.CreateGraphicalWeatherPages_DefaultFileInput_File_58_02(index: 19, regex: "^$") [< 1 ms]
  Error Message:
   System.NullReferenceException : Object reference not set to an instance of an object.
  Stack Trace:
     at Maestro.MeteoRSI.Application.MeteoRsiGraphic.CreateGraphicalWeatherPages(FileInfo fileInfo, Ep1BuilderConverterConfig config, Ep1BuilderConverterConfigFilter filter) in /Users/albayrme/Automation/maestro/Applications/MeteoRSI/MeteoRSI.Application/MeteoRsiGraphic.cs:line 24
   at Maestro.MeteoRSI.Tests.GraphicalUnitTest.CreateGraphicalWeatherPages_DefaultFileInput_File_58_02(Int32 index, String regex) in /Users/albayrme/Automation/maestro/Applications/MeteoRSI/MeteoRSI.Tests/GraphicalUnitTest.cs:line 190
  Failed Maestro.MeteoRSI.Tests.TextUnitTests.CreateTextWeatherPages_DefaultFileInput_File_50_89(index: 21, regex: "^$") [1 ms]
  Error Message:
   System.Exception : File combinedText.xml is in the wrong format. It should be of type WeatherRecords.
---- System.InvalidOperationException : There is an error in XML document (1, 40).
-------- System.InvalidOperationException : <xml xmlns='http://www.meteosvizzera.ch/rsi/VOFH08'> was not expected.
  Stack Trace:
     at Maestro.MeteoRSI.Application.MetoRsiText.CreateTextWeatherPages(FileInfo fileInfo, Ep1BuilderConverterConfig config, Ep1BuilderConverterConfigFilter filter) in /Users/albayrme/Automation/maestro/Applications/MeteoRSI/MeteoRSI.Application/MetoRsiText.cs:line 61
   at Maestro.MeteoRSI.Tests.TextUnitTests.CreateTextWeatherPages_DefaultFileInput_File_50_89(Int32 index, String regex) in /Users/albayrme/Automation/maestro/Applications/MeteoRSI/MeteoRSI.Tests/TextUnitTests.cs:line 180
----- Inner Stack Trace -----
   at System.Xml.Serialization.XmlSerializer.Deserialize(XmlReader xmlReader, String encodingStyle, XmlDeserializationEvents events)
   at System.Xml.Serialization.XmlSerializer.Deserialize(TextReader textReader)
   at Maestro.Core.Helpers.XmlHelper.Deserialize[T](String content) in /Users/albayrme/Automation/maestro/Core/Maestro.Core/Helpers/XmlHelper.cs:line 37
   at Maestro.MeteoRSI.Application.MetoRsiText.CreateTextWeatherPages(FileInfo fileInfo, Ep1BuilderConverterConfig config, Ep1BuilderConverterConfigFilter filter) in /Users/albayrme/Automation/maestro/Applications/MeteoRSI/MeteoRSI.Application/MetoRsiText.cs:line 31
----- Inner Stack Trace -----
   at Microsoft.Xml.Serialization.GeneratedAssembly.XmlSerializationReaderWeatherRecords.Read9_xml()
[xUnit.net 00:00:02.38]     Maestro.MeteoRSI.Tests.GraphicalUnitTest.CreateGraphicalWeatherPages_DefaultFileInput_File_58_02(index: 21, regex: "^Fonte: MeteoSvizzera$") [FAIL]
[xUnit.net 00:00:02.38]       System.NullReferenceException : Object reference not set to an instance of an object.
[xUnit.net 00:00:02.38]       Stack Trace:
[xUnit.net 00:00:02.38]         /Users/albayrme/Automation/maestro/Applications/MeteoRSI/MeteoRSI.Application/MeteoRsiGraphic.cs(24,0): at Maestro.MeteoRSI.Application.MeteoRsiGraphic.CreateGraphicalWeatherPages(FileInfo fileInfo, Ep1BuilderConverterConfig config, Ep1BuilderConverterConfigFilter filter)
[xUnit.net 00:00:02.38]         /Users/albayrme/Automation/maestro/Applications/MeteoRSI/MeteoRSI.Tests/GraphicalUnitTest.cs(190,0): at Maestro.MeteoRSI.Tests.GraphicalUnitTest.CreateGraphicalWeatherPages_DefaultFileInput_File_58_02(Int32 index, String regex)
[xUnit.net 00:00:02.38]     Maestro.MeteoRSI.Tests.GraphicalUnitTest.CreateGraphicalWeatherPages_DefaultFileInput_File_58_02(index: 20, regex: "^$") [FAIL]
[xUnit.net 00:00:02.38]       System.NullReferenceException : Object reference not set to an instance of an object.
[xUnit.net 00:00:02.38]       Stack Trace:
[xUnit.net 00:00:02.38]         /Users/albayrme/Automation/maestro/Applications/MeteoRSI/MeteoRSI.Application/MeteoRsiGraphic.cs(24,0): at Maestro.MeteoRSI.Application.MeteoRsiGraphic.CreateGraphicalWeatherPages(FileInfo fileInfo, Ep1BuilderConverterConfig config, Ep1BuilderConverterConfigFilter filter)
[xUnit.net 00:00:02.38]         /Users/albayrme/Automation/maestro/Applications/MeteoRSI/MeteoRSI.Tests/GraphicalUnitTest.cs(190,0): at Maestro.MeteoRSI.Tests.GraphicalUnitTest.CreateGraphicalWeatherPages_DefaultFileInput_File_58_02(Int32 index, String regex)
[xUnit.net 00:00:02.38]     Maestro.MeteoRSI.Tests.TextUnitTests.CreateTextWeatherPages_DefaultFileInput_File_50_89(index: 5, regex: "^$") [FAIL]
[xUnit.net 00:00:02.38]       System.Exception : File combinedText.xml is in the wrong format. It should be of type WeatherRecords.
[xUnit.net 00:00:02.38]       ---- System.InvalidOperationException : There is an error in XML document (1, 40).
[xUnit.net 00:00:02.38]       -------- System.InvalidOperationException : <xml xmlns='http://www.meteosvizzera.ch/rsi/VOFH08'> was not expected.
[xUnit.net 00:00:02.38]       Stack Trace:
[xUnit.net 00:00:02.38]         /Users/albayrme/Automation/maestro/Applications/MeteoRSI/MeteoRSI.Application/MetoRsiText.cs(61,0): at Maestro.MeteoRSI.Application.MetoRsiText.CreateTextWeatherPages(FileInfo fileInfo, Ep1BuilderConverterConfig config, Ep1BuilderConverterConfigFilter filter)
[xUnit.net 00:00:02.38]         /Users/albayrme/Automation/maestro/Applications/MeteoRSI/MeteoRSI.Tests/TextUnitTests.cs(180,0): at Maestro.MeteoRSI.Tests.TextUnitTests.CreateTextWeatherPages_DefaultFileInput_File_50_89(Int32 index, String regex)
[xUnit.net 00:00:02.38]         ----- Inner Stack Trace -----
[xUnit.net 00:00:02.38]            at System.Xml.Serialization.XmlSerializer.Deserialize(XmlReader xmlReader, String encodingStyle, XmlDeserializationEvents events)
[xUnit.net 00:00:02.38]            at System.Xml.Serialization.XmlSerializer.Deserialize(TextReader textReader)
[xUnit.net 00:00:02.38]         /Users/albayrme/Automation/maestro/Core/Maestro.Core/Helpers/XmlHelper.cs(37,0): at Maestro.Core.Helpers.XmlHelper.Deserialize[T](String content)
[xUnit.net 00:00:02.38]         /Users/albayrme/Automation/maestro/Applications/MeteoRSI/MeteoRSI.Application/MetoRsiText.cs(31,0): at Maestro.MeteoRSI.Application.MetoRsiText.CreateTextWeatherPages(FileInfo fileInfo, Ep1BuilderConverterConfig config, Ep1BuilderConverterConfigFilter filter)
[xUnit.net 00:00:02.38]         ----- Inner Stack Trace -----
[xUnit.net 00:00:02.38]            at Microsoft.Xml.Serialization.GeneratedAssembly.XmlSerializationReaderWeatherRecords.Read9_xml()
[xUnit.net 00:00:02.38]     Maestro.MeteoRSI.Tests.GraphicalUnitTest.CreateGraphicalWeatherPages_DefaultFileInput_File_58_02(index: 13, regex: "^Variabile\\s+Nuvolosità$") [FAIL]
[xUnit.net 00:00:02.38]       System.NullReferenceException : Object reference not set to an instance of an object.
[xUnit.net 00:00:02.38]       Stack Trace:
[xUnit.net 00:00:02.38]         /Users/albayrme/Automation/maestro/Applications/MeteoRSI/MeteoRSI.Application/MeteoRsiGraphic.cs(24,0): at Maestro.MeteoRSI.Application.MeteoRsiGraphic.CreateGraphicalWeatherPages(FileInfo fileInfo, Ep1BuilderConverterConfig config, Ep1BuilderConverterConfigFilter filter)
[xUnit.net 00:00:02.38]         /Users/albayrme/Automation/maestro/Applications/MeteoRSI/MeteoRSI.Tests/GraphicalUnitTest.cs(190,0): at Maestro.MeteoRSI.Tests.GraphicalUnitTest.CreateGraphicalWeatherPages_DefaultFileInput_File_58_02(Int32 index, String regex)
[xUnit.net 00:00:02.38]     Maestro.MeteoRSI.Tests.TextUnitTests.CreateTextWeatherPages_DefaultFileInput_File_50_89(index: 20, regex: "^$") [FAIL]
[xUnit.net 00:00:02.38]       System.Exception : File combinedText.xml is in the wrong format. It should be of type WeatherRecords.
[xUnit.net 00:00:02.38]       ---- System.InvalidOperationException : There is an error in XML document (1, 40).
[xUnit.net 00:00:02.38]       -------- System.InvalidOperationException : <xml xmlns='http://www.meteosvizzera.ch/rsi/VOFH08'> was not expected.
[xUnit.net 00:00:02.38]       Stack Trace:
[xUnit.net 00:00:02.38]         /Users/albayrme/Automation/maestro/Applications/MeteoRSI/MeteoRSI.Application/MetoRsiText.cs(61,0): at Maestro.MeteoRSI.Application.MetoRsiText.CreateTextWeatherPages(FileInfo fileInfo, Ep1BuilderConverterConfig config, Ep1BuilderConverterConfigFilter filter)
[xUnit.net 00:00:02.38]         /Users/albayrme/Automation/maestro/Applications/MeteoRSI/MeteoRSI.Tests/TextUnitTests.cs(180,0): at Maestro.MeteoRSI.Tests.TextUnitTests.CreateTextWeatherPages_DefaultFileInput_File_50_89(Int32 index, String regex)
[xUnit.net 00:00:02.38]         ----- Inner Stack Trace -----
[xUnit.net 00:00:02.38]            at System.Xml.Serialization.XmlSerializer.Deserialize(XmlReader xmlReader, String encodingStyle, XmlDeserializationEvents events)
[xUnit.net 00:00:02.38]            at System.Xml.Serialization.XmlSerializer.Deserialize(TextReader textReader)
[xUnit.net 00:00:02.38]         /Users/albayrme/Automation/maestro/Core/Maestro.Core/Helpers/XmlHelper.cs(37,0): at Maestro.Core.Helpers.XmlHelper.Deserialize[T](String content)
[xUnit.net 00:00:02.38]         /Users/albayrme/Automation/maestro/Applications/MeteoRSI/MeteoRSI.Application/MetoRsiText.cs(31,0): at Maestro.MeteoRSI.Application.MetoRsiText.CreateTextWeatherPages(FileInfo fileInfo, Ep1BuilderConverterConfig config, Ep1BuilderConverterConfigFilter filter)
[xUnit.net 00:00:02.38]         ----- Inner Stack Trace -----
[xUnit.net 00:00:02.38]            at Microsoft.Xml.Serialization.GeneratedAssembly.XmlSerializationReaderWeatherRecords.Read9_xml()
[xUnit.net 00:00:02.38]     Maestro.MeteoRSI.Tests.GraphicalUnitTest.CreateGraphicalWeatherPages_DefaultFileInput_File_58_02(index: 9, regex: "^$") [FAIL]
[xUnit.net 00:00:02.38]       System.NullReferenceException : Object reference not set to an instance of an object.
[xUnit.net 00:00:02.38]       Stack Trace:
[xUnit.net 00:00:02.38]         /Users/albayrme/Automation/maestro/Applications/MeteoRSI/MeteoRSI.Application/MeteoRsiGraphic.cs(24,0): at Maestro.MeteoRSI.Application.MeteoRsiGraphic.CreateGraphicalWeatherPages(FileInfo fileInfo, Ep1BuilderConverterConfig config, Ep1BuilderConverterConfigFilter filter)
[xUnit.net 00:00:02.38]         /Users/albayrme/Automation/maestro/Applications/MeteoRSI/MeteoRSI.Tests/GraphicalUnitTest.cs(190,0): at Maestro.MeteoRSI.Tests.GraphicalUnitTest.CreateGraphicalWeatherPages_DefaultFileInput_File_58_02(Int32 index, String regex)
[xUnit.net 00:00:02.38]     Maestro.MeteoRSI.Tests.TextUnitTests.CreateTextWeatherPages_DefaultFileInput_File_50_89(index: 2, regex: "^$") [FAIL]
[xUnit.net 00:00:02.38]       System.Exception : File combinedText.xml is in the wrong format. It should be of type WeatherRecords.
[xUnit.net 00:00:02.38]       ---- System.InvalidOperationException : There is an error in XML document (1, 40).
[xUnit.net 00:00:02.38]       -------- System.InvalidOperationException : <xml xmlns='http://www.meteosvizzera.ch/rsi/VOFH08'> was not expected.
[xUnit.net 00:00:02.38]       Stack Trace:
[xUnit.net 00:00:02.38]         /Users/albayrme/Automation/maestro/Applications/MeteoRSI/MeteoRSI.Application/MetoRsiText.cs(61,0): at Maestro.MeteoRSI.Application.MetoRsiText.CreateTextWeatherPages(FileInfo fileInfo, Ep1BuilderConverterConfig config, Ep1BuilderConverterConfigFilter filter)
[xUnit.net 00:00:02.38]         /Users/albayrme/Automation/maestro/Applications/MeteoRSI/MeteoRSI.Tests/TextUnitTests.cs(180,0): at Maestro.MeteoRSI.Tests.TextUnitTests.CreateTextWeatherPages_DefaultFileInput_File_50_89(Int32 index, String regex)
[xUnit.net 00:00:02.38]         ----- Inner Stack Trace -----
[xUnit.net 00:00:02.38]            at System.Xml.Serialization.XmlSerializer.Deserialize(XmlReader xmlReader, String encodingStyle, XmlDeserializationEvents events)
[xUnit.net 00:00:02.38]            at System.Xml.Serialization.XmlSerializer.Deserialize(TextReader textReader)
[xUnit.net 00:00:02.38]         /Users/albayrme/Automation/maestro/Core/Maestro.Core/Helpers/XmlHelper.cs(37,0): at Maestro.Core.Helpers.XmlHelper.Deserialize[T](String content)
[xUnit.net 00:00:02.38]         /Users/albayrme/Automation/maestro/Applications/MeteoRSI/MeteoRSI.Application/MetoRsiText.cs(31,0): at Maestro.MeteoRSI.Application.MetoRsiText.CreateTextWeatherPages(FileInfo fileInfo, Ep1BuilderConverterConfig config, Ep1BuilderConverterConfigFilter filter)
[xUnit.net 00:00:02.38]         ----- Inner Stack Trace -----
[xUnit.net 00:00:02.38]            at Microsoft.Xml.Serialization.GeneratedAssembly.XmlSerializationReaderWeatherRecords.Read9_xml()
[xUnit.net 00:00:02.38]     Maestro.MeteoRSI.Tests.GraphicalUnitTest.CreateGraphicalWeatherPages_DefaultFileInput_File_58_02(index: 6, regex: "^------------------------------------$") [FAIL]
[xUnit.net 00:00:02.38]       System.NullReferenceException : Object reference not set to an instance of an object.
[xUnit.net 00:00:02.38]       Stack Trace:
[xUnit.net 00:00:02.38]         /Users/albayrme/Automation/maestro/Applications/MeteoRSI/MeteoRSI.Application/MeteoRsiGraphic.cs(24,0): at Maestro.MeteoRSI.Application.MeteoRsiGraphic.CreateGraphicalWeatherPages(FileInfo fileInfo, Ep1BuilderConverterConfig config, Ep1BuilderConverterConfigFilter filter)
[xUnit.net 00:00:02.38]         /Users/albayrme/Automation/maestro/Applications/MeteoRSI/MeteoRSI.Tests/GraphicalUnitTest.cs(190,0): at Maestro.MeteoRSI.Tests.GraphicalUnitTest.CreateGraphicalWeatherPages_DefaultFileInput_File_58_02(Int32 index, String regex)
  Failed Maestro.MeteoRSI.Tests.GraphicalUnitTest.CreateGraphicalWeatherPages_DefaultFileInput_File_58_02(index: 21, regex: "^Fonte: MeteoSvizzera$") [< 1 ms]
  Error Message:
   System.NullReferenceException : Object reference not set to an instance of an object.
  Stack Trace:
     at Maestro.MeteoRSI.Application.MeteoRsiGraphic.CreateGraphicalWeatherPages(FileInfo fileInfo, Ep1BuilderConverterConfig config, Ep1BuilderConverterConfigFilter filter) in /Users/albayrme/Automation/maestro/Applications/MeteoRSI/MeteoRSI.Application/MeteoRsiGraphic.cs:line 24
   at Maestro.MeteoRSI.Tests.GraphicalUnitTest.CreateGraphicalWeatherPages_DefaultFileInput_File_58_02(Int32 index, String regex) in /Users/albayrme/Automation/maestro/Applications/MeteoRSI/MeteoRSI.Tests/GraphicalUnitTest.cs:line 190
  Failed Maestro.MeteoRSI.Tests.GraphicalUnitTest.CreateGraphicalWeatherPages_DefaultFileInput_File_58_02(index: 20, regex: "^$") [< 1 ms]
  Error Message:
   System.NullReferenceException : Object reference not set to an instance of an object.
  Stack Trace:
     at Maestro.MeteoRSI.Application.MeteoRsiGraphic.CreateGraphicalWeatherPages(FileInfo fileInfo, Ep1BuilderConverterConfig config, Ep1BuilderConverterConfigFilter filter) in /Users/albayrme/Automation/maestro/Applications/MeteoRSI/MeteoRSI.Application/MeteoRsiGraphic.cs:line 24
   at Maestro.MeteoRSI.Tests.GraphicalUnitTest.CreateGraphicalWeatherPages_DefaultFileInput_File_58_02(Int32 index, String regex) in /Users/albayrme/Automation/maestro/Applications/MeteoRSI/MeteoRSI.Tests/GraphicalUnitTest.cs:line 190
  Failed Maestro.MeteoRSI.Tests.TextUnitTests.CreateTextWeatherPages_DefaultFileInput_File_50_89(index: 5, regex: "^$") [1 ms]
  Error Message:
   System.Exception : File combinedText.xml is in the wrong format. It should be of type WeatherRecords.
---- System.InvalidOperationException : There is an error in XML document (1, 40).
-------- System.InvalidOperationException : <xml xmlns='http://www.meteosvizzera.ch/rsi/VOFH08'> was not expected.
  Stack Trace:
     at Maestro.MeteoRSI.Application.MetoRsiText.CreateTextWeatherPages(FileInfo fileInfo, Ep1BuilderConverterConfig config, Ep1BuilderConverterConfigFilter filter) in /Users/albayrme/Automation/maestro/Applications/MeteoRSI/MeteoRSI.Application/MetoRsiText.cs:line 61
   at Maestro.MeteoRSI.Tests.TextUnitTests.CreateTextWeatherPages_DefaultFileInput_File_50_89(Int32 index, String regex) in /Users/albayrme/Automation/maestro/Applications/MeteoRSI/MeteoRSI.Tests/TextUnitTests.cs:line 180
----- Inner Stack Trace -----
   at System.Xml.Serialization.XmlSerializer.Deserialize(XmlReader xmlReader, String encodingStyle, XmlDeserializationEvents events)
   at System.Xml.Serialization.XmlSerializer.Deserialize(TextReader textReader)
   at Maestro.Core.Helpers.XmlHelper.Deserialize[T](String content) in /Users/albayrme/Automation/maestro/Core/Maestro.Core/Helpers/XmlHelper.cs:line 37
   at Maestro.MeteoRSI.Application.MetoRsiText.CreateTextWeatherPages(FileInfo fileInfo, Ep1BuilderConverterConfig config, Ep1BuilderConverterConfigFilter filter) in /Users/albayrme/Automation/maestro/Applications/MeteoRSI/MeteoRSI.Application/MetoRsiText.cs:line 31
----- Inner Stack Trace -----
   at Microsoft.Xml.Serialization.GeneratedAssembly.XmlSerializationReaderWeatherRecords.Read9_xml()
  Failed Maestro.MeteoRSI.Tests.GraphicalUnitTest.CreateGraphicalWeatherPages_DefaultFileInput_File_58_02(index: 13, regex: "^Variabile\\s+Nuvolosità$") [1 ms]
  Error Message:
   System.NullReferenceException : Object reference not set to an instance of an object.
  Stack Trace:
     at Maestro.MeteoRSI.Application.MeteoRsiGraphic.CreateGraphicalWeatherPages(FileInfo fileInfo, Ep1BuilderConverterConfig config, Ep1BuilderConverterConfigFilter filter) in /Users/albayrme/Automation/maestro/Applications/MeteoRSI/MeteoRSI.Application/MeteoRsiGraphic.cs:line 24
   at Maestro.MeteoRSI.Tests.GraphicalUnitTest.CreateGraphicalWeatherPages_DefaultFileInput_File_58_02(Int32 index, String regex) in /Users/albayrme/Automation/maestro/Applications/MeteoRSI/MeteoRSI.Tests/GraphicalUnitTest.cs:line 190
  Failed Maestro.MeteoRSI.Tests.TextUnitTests.CreateTextWeatherPages_DefaultFileInput_File_50_89(index: 20, regex: "^$") [1 ms]
  Error Message:
   System.Exception : File combinedText.xml is in the wrong format. It should be of type WeatherRecords.
---- System.InvalidOperationException : There is an error in XML document (1, 40).
-------- System.InvalidOperationException : <xml xmlns='http://www.meteosvizzera.ch/rsi/VOFH08'> was not expected.
  Stack Trace:
     at Maestro.MeteoRSI.Application.MetoRsiText.CreateTextWeatherPages(FileInfo fileInfo, Ep1BuilderConverterConfig config, Ep1BuilderConverterConfigFilter filter) in /Users/albayrme/Automation/maestro/Applications/MeteoRSI/MeteoRSI.Application/MetoRsiText.cs:line 61
   at Maestro.MeteoRSI.Tests.TextUnitTests.CreateTextWeatherPages_DefaultFileInput_File_50_89(Int32 index, String regex) in /Users/albayrme/Automation/maestro/Applications/MeteoRSI/MeteoRSI.Tests/TextUnitTests.cs:line 180
----- Inner Stack Trace -----
   at System.Xml.Serialization.XmlSerializer.Deserialize(XmlReader xmlReader, String encodingStyle, XmlDeserializationEvents events)
   at System.Xml.Serialization.XmlSerializer.Deserialize(TextReader textReader)
   at Maestro.Core.Helpers.XmlHelper.Deserialize[T](String content) in /Users/albayrme/Automation/maestro/Core/Maestro.Core/Helpers/XmlHelper.cs:line 37
   at Maestro.MeteoRSI.Application.MetoRsiText.CreateTextWeatherPages(FileInfo fileInfo, Ep1BuilderConverterConfig config, Ep1BuilderConverterConfigFilter filter) in /Users/albayrme/Automation/maestro/Applications/MeteoRSI/MeteoRSI.Application/MetoRsiText.cs:line 31
----- Inner Stack Trace -----
   at Microsoft.Xml.Serialization.GeneratedAssembly.XmlSerializationReaderWeatherRecords.Read9_xml()
  Failed Maestro.MeteoRSI.Tests.GraphicalUnitTest.CreateGraphicalWeatherPages_DefaultFileInput_File_58_02(index: 9, regex: "^$") [1 ms]
  Error Message:
   System.NullReferenceException : Object reference not set to an instance of an object.
  Stack Trace:
     at Maestro.MeteoRSI.Application.MeteoRsiGraphic.CreateGraphicalWeatherPages(FileInfo fileInfo, Ep1BuilderConverterConfig config, Ep1BuilderConverterConfigFilter filter) in /Users/albayrme/Automation/maestro/Applications/MeteoRSI/MeteoRSI.Application/MeteoRsiGraphic.cs:line 24
   at Maestro.MeteoRSI.Tests.GraphicalUnitTest.CreateGraphicalWeatherPages_DefaultFileInput_File_58_02(Int32 index, String regex) in /Users/albayrme/Automation/maestro/Applications/MeteoRSI/MeteoRSI.Tests/GraphicalUnitTest.cs:line 190
  Failed Maestro.MeteoRSI.Tests.TextUnitTests.CreateTextWeatherPages_DefaultFileInput_File_50_89(index: 2, regex: "^$") [1 ms]
  Error Message:
   System.Exception : File combinedText.xml is in the wrong format. It should be of type WeatherRecords.
---- System.InvalidOperationException : There is an error in XML document (1, 40).
-------- System.InvalidOperationException : <xml xmlns='http://www.meteosvizzera.ch/rsi/VOFH08'> was not expected.
  Stack Trace:
     at Maestro.MeteoRSI.Application.MetoRsiText.CreateTextWeatherPages(FileInfo fileInfo, Ep1BuilderConverterConfig config, Ep1BuilderConverterConfigFilter filter) in /Users/albayrme/Automation/maestro/Applications/MeteoRSI/MeteoRSI.Application/MetoRsiText.cs:line 61
   at Maestro.MeteoRSI.Tests.TextUnitTests.CreateTextWeatherPages_DefaultFileInput_File_50_89(Int32 index, String regex) in /Users/albayrme/Automation/maestro/Applications/MeteoRSI/MeteoRSI.Tests/TextUnitTests.cs:line 180
----- Inner Stack Trace -----
   at System.Xml.Serialization.XmlSerializer.Deserialize(XmlReader xmlReader, String encodingStyle, XmlDeserializationEvents events)
   at System.Xml.Serialization.XmlSerializer.Deserialize(TextReader textReader)
   at Maestro.Core.Helpers.XmlHelper.Deserialize[T](String content) in /Users/albayrme/Automation/maestro/Core/Maestro.Core/Helpers/XmlHelper.cs:line 37
   at Maestro.MeteoRSI.Application.MetoRsiText.CreateTextWeatherPages(FileInfo fileInfo, Ep1BuilderConverterConfig config, Ep1BuilderConverterConfigFilter filter) in /Users/albayrme/Automation/maestro/Applications/MeteoRSI/MeteoRSI.Application/MetoRsiText.cs:line 31
----- Inner Stack Trace -----
   at Microsoft.Xml.Serialization.GeneratedAssembly.XmlSerializationReaderWeatherRecords.Read9_xml()
  Failed Maestro.MeteoRSI.Tests.GraphicalUnitTest.CreateGraphicalWeatherPages_DefaultFileInput_File_58_02(index: 6, regex: "^------------------------------------$") [2 ms]
  Error Message:
   System.NullReferenceException : Object reference not set to an instance of an object.
  Stack Trace:
     at Maestro.MeteoRSI.Application.MeteoRsiGraphic.CreateGraphicalWeatherPages(FileInfo fileInfo, Ep1BuilderConverterConfig config, Ep1BuilderConverterConfigFilter filter) in /Users/albayrme/Automation/maestro/Applications/MeteoRSI/MeteoRSI.Application/MeteoRsiGraphic.cs:line 24
   at Maestro.MeteoRSI.Tests.GraphicalUnitTest.CreateGraphicalWeatherPages_DefaultFileInput_File_58_02(Int32 index, String regex) in /Users/albayrme/Automation/maestro/Applications/MeteoRSI/MeteoRSI.Tests/GraphicalUnitTest.cs:line 190
[xUnit.net 00:00:02.39]     Maestro.MeteoRSI.Tests.TextUnitTests.CreateTextWeatherPages_DefaultFileInput_File_50_89(index: 3, regex: "^$") [FAIL]
[xUnit.net 00:00:02.39]       System.Exception : File combinedText.xml is in the wrong format. It should be of type WeatherRecords.
[xUnit.net 00:00:02.39]       ---- System.InvalidOperationException : There is an error in XML document (1, 40).
[xUnit.net 00:00:02.39]       -------- System.InvalidOperationException : <xml xmlns='http://www.meteosvizzera.ch/rsi/VOFH08'> was not expected.
[xUnit.net 00:00:02.39]       Stack Trace:
[xUnit.net 00:00:02.39]         /Users/albayrme/Automation/maestro/Applications/MeteoRSI/MeteoRSI.Application/MetoRsiText.cs(61,0): at Maestro.MeteoRSI.Application.MetoRsiText.CreateTextWeatherPages(FileInfo fileInfo, Ep1BuilderConverterConfig config, Ep1BuilderConverterConfigFilter filter)
[xUnit.net 00:00:02.39]         /Users/albayrme/Automation/maestro/Applications/MeteoRSI/MeteoRSI.Tests/TextUnitTests.cs(180,0): at Maestro.MeteoRSI.Tests.TextUnitTests.CreateTextWeatherPages_DefaultFileInput_File_50_89(Int32 index, String regex)
[xUnit.net 00:00:02.39]         ----- Inner Stack Trace -----
[xUnit.net 00:00:02.39]            at System.Xml.Serialization.XmlSerializer.Deserialize(XmlReader xmlReader, String encodingStyle, XmlDeserializationEvents events)
[xUnit.net 00:00:02.39]            at System.Xml.Serialization.XmlSerializer.Deserialize(TextReader textReader)
[xUnit.net 00:00:02.39]         /Users/albayrme/Automation/maestro/Core/Maestro.Core/Helpers/XmlHelper.cs(37,0): at Maestro.Core.Helpers.XmlHelper.Deserialize[T](String content)
[xUnit.net 00:00:02.39]         /Users/albayrme/Automation/maestro/Applications/MeteoRSI/MeteoRSI.Application/MetoRsiText.cs(31,0): at Maestro.MeteoRSI.Application.MetoRsiText.CreateTextWeatherPages(FileInfo fileInfo, Ep1BuilderConverterConfig config, Ep1BuilderConverterConfigFilter filter)
[xUnit.net 00:00:02.39]         ----- Inner Stack Trace -----
[xUnit.net 00:00:02.39]            at Microsoft.Xml.Serialization.GeneratedAssembly.XmlSerializationReaderWeatherRecords.Read9_xml()
[xUnit.net 00:00:02.39]     Maestro.MeteoRSI.Tests.GraphicalUnitTest.CreateGraphicalWeatherPages_DefaultFileInput_File_58_02(index: 8, regex: "^$") [FAIL]
[xUnit.net 00:00:02.39]       System.NullReferenceException : Object reference not set to an instance of an object.
[xUnit.net 00:00:02.39]       Stack Trace:
[xUnit.net 00:00:02.39]         /Users/albayrme/Automation/maestro/Applications/MeteoRSI/MeteoRSI.Application/MeteoRsiGraphic.cs(24,0): at Maestro.MeteoRSI.Application.MeteoRsiGraphic.CreateGraphicalWeatherPages(FileInfo fileInfo, Ep1BuilderConverterConfig config, Ep1BuilderConverterConfigFilter filter)
[xUnit.net 00:00:02.39]         /Users/albayrme/Automation/maestro/Applications/MeteoRSI/MeteoRSI.Tests/GraphicalUnitTest.cs(190,0): at Maestro.MeteoRSI.Tests.GraphicalUnitTest.CreateGraphicalWeatherPages_DefaultFileInput_File_58_02(Int32 index, String regex)
[xUnit.net 00:00:02.39]     Maestro.MeteoRSI.Tests.TextUnitTests.CreateTextWeatherPages_DefaultFileInput_File_50_89(index: 10, regex: "^$") [FAIL]
[xUnit.net 00:00:02.39]       System.Exception : File combinedText.xml is in the wrong format. It should be of type WeatherRecords.
[xUnit.net 00:00:02.39]       ---- System.InvalidOperationException : There is an error in XML document (1, 40).
[xUnit.net 00:00:02.39]       -------- System.InvalidOperationException : <xml xmlns='http://www.meteosvizzera.ch/rsi/VOFH08'> was not expected.
[xUnit.net 00:00:02.39]       Stack Trace:
[xUnit.net 00:00:02.39]         /Users/albayrme/Automation/maestro/Applications/MeteoRSI/MeteoRSI.Application/MetoRsiText.cs(61,0): at Maestro.MeteoRSI.Application.MetoRsiText.CreateTextWeatherPages(FileInfo fileInfo, Ep1BuilderConverterConfig config, Ep1BuilderConverterConfigFilter filter)
[xUnit.net 00:00:02.39]         /Users/albayrme/Automation/maestro/Applications/MeteoRSI/MeteoRSI.Tests/TextUnitTests.cs(180,0): at Maestro.MeteoRSI.Tests.TextUnitTests.CreateTextWeatherPages_DefaultFileInput_File_50_89(Int32 index, String regex)
[xUnit.net 00:00:02.39]         ----- Inner Stack Trace -----
[xUnit.net 00:00:02.39]            at System.Xml.Serialization.XmlSerializer.Deserialize(XmlReader xmlReader, String encodingStyle, XmlDeserializationEvents events)
[xUnit.net 00:00:02.39]            at System.Xml.Serialization.XmlSerializer.Deserialize(TextReader textReader)
[xUnit.net 00:00:02.39]         /Users/albayrme/Automation/maestro/Core/Maestro.Core/Helpers/XmlHelper.cs(37,0): at Maestro.Core.Helpers.XmlHelper.Deserialize[T](String content)
[xUnit.net 00:00:02.39]         /Users/albayrme/Automation/maestro/Applications/MeteoRSI/MeteoRSI.Application/MetoRsiText.cs(31,0): at Maestro.MeteoRSI.Application.MetoRsiText.CreateTextWeatherPages(FileInfo fileInfo, Ep1BuilderConverterConfig config, Ep1BuilderConverterConfigFilter filter)
[xUnit.net 00:00:02.39]         ----- Inner Stack Trace -----
[xUnit.net 00:00:02.39]            at Microsoft.Xml.Serialization.GeneratedAssembly.XmlSerializationReaderWeatherRecords.Read9_xml()
[xUnit.net 00:00:02.39]     Maestro.MeteoRSI.Tests.TextUnitTests.CreateTextWeatherPages_DefaultFileInput_File_53_01(index: 0, regex: "^$") [FAIL]
[xUnit.net 00:00:02.39]       System.Exception : File combinedText.xml is in the wrong format. It should be of type WeatherRecords.
[xUnit.net 00:00:02.39]       ---- System.InvalidOperationException : There is an error in XML document (1, 40).
[xUnit.net 00:00:02.39]       -------- System.InvalidOperationException : <xml xmlns='http://www.meteosvizzera.ch/rsi/VOFH08'> was not expected.
[xUnit.net 00:00:02.39]       Stack Trace:
[xUnit.net 00:00:02.39]         /Users/albayrme/Automation/maestro/Applications/MeteoRSI/MeteoRSI.Application/MetoRsiText.cs(61,0): at Maestro.MeteoRSI.Application.MetoRsiText.CreateTextWeatherPages(FileInfo fileInfo, Ep1BuilderConverterConfig config, Ep1BuilderConverterConfigFilter filter)
[xUnit.net 00:00:02.39]         /Users/albayrme/Automation/maestro/Applications/MeteoRSI/MeteoRSI.Tests/TextUnitTests.cs(267,0): at Maestro.MeteoRSI.Tests.TextUnitTests.CreateTextWeatherPages_DefaultFileInput_File_53_01(Int32 index, String regex)
[xUnit.net 00:00:02.39]         ----- Inner Stack Trace -----
[xUnit.net 00:00:02.39]            at System.Xml.Serialization.XmlSerializer.Deserialize(XmlReader xmlReader, String encodingStyle, XmlDeserializationEvents events)
[xUnit.net 00:00:02.39]            at System.Xml.Serialization.XmlSerializer.Deserialize(TextReader textReader)
[xUnit.net 00:00:02.39]         /Users/albayrme/Automation/maestro/Core/Maestro.Core/Helpers/XmlHelper.cs(37,0): at Maestro.Core.Helpers.XmlHelper.Deserialize[T](String content)
[xUnit.net 00:00:02.39]         /Users/albayrme/Automation/maestro/Applications/MeteoRSI/MeteoRSI.Application/MetoRsiText.cs(31,0): at Maestro.MeteoRSI.Application.MetoRsiText.CreateTextWeatherPages(FileInfo fileInfo, Ep1BuilderConverterConfig config, Ep1BuilderConverterConfigFilter filter)
[xUnit.net 00:00:02.39]         ----- Inner Stack Trace -----
[xUnit.net 00:00:02.39]            at Microsoft.Xml.Serialization.GeneratedAssembly.XmlSerializationReaderWeatherRecords.Read9_xml()
[xUnit.net 00:00:02.39]     Maestro.MeteoRSI.Tests.GraphicalUnitTest.CreateGraphicalWeatherPages_DefaultFileInput_File_58_02(index: 4, regex: "^$") [FAIL]
[xUnit.net 00:00:02.39]       System.NullReferenceException : Object reference not set to an instance of an object.
[xUnit.net 00:00:02.39]       Stack Trace:
[xUnit.net 00:00:02.39]         /Users/albayrme/Automation/maestro/Applications/MeteoRSI/MeteoRSI.Application/MeteoRsiGraphic.cs(24,0): at Maestro.MeteoRSI.Application.MeteoRsiGraphic.CreateGraphicalWeatherPages(FileInfo fileInfo, Ep1BuilderConverterConfig config, Ep1BuilderConverterConfigFilter filter)
[xUnit.net 00:00:02.39]         /Users/albayrme/Automation/maestro/Applications/MeteoRSI/MeteoRSI.Tests/GraphicalUnitTest.cs(190,0): at Maestro.MeteoRSI.Tests.GraphicalUnitTest.CreateGraphicalWeatherPages_DefaultFileInput_File_58_02(Int32 index, String regex)
[xUnit.net 00:00:02.39]     Maestro.MeteoRSI.Tests.TextUnitTests.CreateTextWeatherPages_DefaultFileInput_File_53_01(index: 21, regex: "^Fonte: MeteoSvizzera$") [FAIL]
[xUnit.net 00:00:02.39]       System.Exception : File combinedText.xml is in the wrong format. It should be of type WeatherRecords.
[xUnit.net 00:00:02.39]       ---- System.InvalidOperationException : There is an error in XML document (1, 40).
[xUnit.net 00:00:02.39]       -------- System.InvalidOperationException : <xml xmlns='http://www.meteosvizzera.ch/rsi/VOFH08'> was not expected.
[xUnit.net 00:00:02.39]       Stack Trace:
[xUnit.net 00:00:02.39]         /Users/albayrme/Automation/maestro/Applications/MeteoRSI/MeteoRSI.Application/MetoRsiText.cs(61,0): at Maestro.MeteoRSI.Application.MetoRsiText.CreateTextWeatherPages(FileInfo fileInfo, Ep1BuilderConverterConfig config, Ep1BuilderConverterConfigFilter filter)
[xUnit.net 00:00:02.39]         /Users/albayrme/Automation/maestro/Applications/MeteoRSI/MeteoRSI.Tests/TextUnitTests.cs(267,0): at Maestro.MeteoRSI.Tests.TextUnitTests.CreateTextWeatherPages_DefaultFileInput_File_53_01(Int32 index, String regex)
[xUnit.net 00:00:02.39]         ----- Inner Stack Trace -----
[xUnit.net 00:00:02.39]            at System.Xml.Serialization.XmlSerializer.Deserialize(XmlReader xmlReader, String encodingStyle, XmlDeserializationEvents events)
[xUnit.net 00:00:02.39]            at System.Xml.Serialization.XmlSerializer.Deserialize(TextReader textReader)
[xUnit.net 00:00:02.39]         /Users/albayrme/Automation/maestro/Core/Maestro.Core/Helpers/XmlHelper.cs(37,0): at Maestro.Core.Helpers.XmlHelper.Deserialize[T](String content)
[xUnit.net 00:00:02.39]         /Users/albayrme/Automation/maestro/Applications/MeteoRSI/MeteoRSI.Application/MetoRsiText.cs(31,0): at Maestro.MeteoRSI.Application.MetoRsiText.CreateTextWeatherPages(FileInfo fileInfo, Ep1BuilderConverterConfig config, Ep1BuilderConverterConfigFilter filter)
[xUnit.net 00:00:02.40]         ----- Inner Stack Trace -----
[xUnit.net 00:00:02.40]            at Microsoft.Xml.Serialization.GeneratedAssembly.XmlSerializationReaderWeatherRecords.Read9_xml()
[xUnit.net 00:00:02.40]     Maestro.MeteoRSI.Tests.GraphicalUnitTest.CreateGraphicalWeatherPages_DefaultFileInput_File_58_02(index: 10, regex: "^$") [FAIL]
[xUnit.net 00:00:02.40]       System.NullReferenceException : Object reference not set to an instance of an object.
[xUnit.net 00:00:02.40]       Stack Trace:
[xUnit.net 00:00:02.40]         /Users/albayrme/Automation/maestro/Applications/MeteoRSI/MeteoRSI.Application/MeteoRsiGraphic.cs(24,0): at Maestro.MeteoRSI.Application.MeteoRsiGraphic.CreateGraphicalWeatherPages(FileInfo fileInfo, Ep1BuilderConverterConfig config, Ep1BuilderConverterConfigFilter filter)
[xUnit.net 00:00:02.40]         /Users/albayrme/Automation/maestro/Applications/MeteoRSI/MeteoRSI.Tests/GraphicalUnitTest.cs(190,0): at Maestro.MeteoRSI.Tests.GraphicalUnitTest.CreateGraphicalWeatherPages_DefaultFileInput_File_58_02(Int32 index, String regex)
[xUnit.net 00:00:02.40]     Maestro.MeteoRSI.Tests.TextUnitTests.CreateTextWeatherPages_DefaultFileInput_File_53_01(index: 11, regex: "^[a-zA-Z0-9_\\-\\[\\.]*") [FAIL]
[xUnit.net 00:00:02.40]       System.Exception : File combinedText.xml is in the wrong format. It should be of type WeatherRecords.
[xUnit.net 00:00:02.40]       ---- System.InvalidOperationException : There is an error in XML document (1, 40).
[xUnit.net 00:00:02.40]       -------- System.InvalidOperationException : <xml xmlns='http://www.meteosvizzera.ch/rsi/VOFH08'> was not expected.
[xUnit.net 00:00:02.40]       Stack Trace:
[xUnit.net 00:00:02.40]         /Users/albayrme/Automation/maestro/Applications/MeteoRSI/MeteoRSI.Application/MetoRsiText.cs(61,0): at Maestro.MeteoRSI.Application.MetoRsiText.CreateTextWeatherPages(FileInfo fileInfo, Ep1BuilderConverterConfig config, Ep1BuilderConverterConfigFilter filter)
[xUnit.net 00:00:02.40]         /Users/albayrme/Automation/maestro/Applications/MeteoRSI/MeteoRSI.Tests/TextUnitTests.cs(267,0): at Maestro.MeteoRSI.Tests.TextUnitTests.CreateTextWeatherPages_DefaultFileInput_File_53_01(Int32 index, String regex)
[xUnit.net 00:00:02.40]         ----- Inner Stack Trace -----
[xUnit.net 00:00:02.40]            at System.Xml.Serialization.XmlSerializer.Deserialize(XmlReader xmlReader, String encodingStyle, XmlDeserializationEvents events)
[xUnit.net 00:00:02.40]            at System.Xml.Serialization.XmlSerializer.Deserialize(TextReader textReader)
[xUnit.net 00:00:02.40]         /Users/albayrme/Automation/maestro/Core/Maestro.Core/Helpers/XmlHelper.cs(37,0): at Maestro.Core.Helpers.XmlHelper.Deserialize[T](String content)
[xUnit.net 00:00:02.40]         /Users/albayrme/Automation/maestro/Applications/MeteoRSI/MeteoRSI.Application/MetoRsiText.cs(31,0): at Maestro.MeteoRSI.Application.MetoRsiText.CreateTextWeatherPages(FileInfo fileInfo, Ep1BuilderConverterConfig config, Ep1BuilderConverterConfigFilter filter)
[xUnit.net 00:00:02.40]         ----- Inner Stack Trace -----
[xUnit.net 00:00:02.40]            at Microsoft.Xml.Serialization.GeneratedAssembly.XmlSerializationReaderWeatherRecords.Read9_xml()
  Failed Maestro.MeteoRSI.Tests.TextUnitTests.CreateTextWeatherPages_DefaultFileInput_File_50_89(index: 3, regex: "^$") [1 ms]
  Error Message:
   System.Exception : File combinedText.xml is in the wrong format. It should be of type WeatherRecords.
---- System.InvalidOperationException : There is an error in XML document (1, 40).
-------- System.InvalidOperationException : <xml xmlns='http://www.meteosvizzera.ch/rsi/VOFH08'> was not expected.
  Stack Trace:
     at Maestro.MeteoRSI.Application.MetoRsiText.CreateTextWeatherPages(FileInfo fileInfo, Ep1BuilderConverterConfig config, Ep1BuilderConverterConfigFilter filter) in /Users/albayrme/Automation/maestro/Applications/MeteoRSI/MeteoRSI.Application/MetoRsiText.cs:line 61
   at Maestro.MeteoRSI.Tests.TextUnitTests.CreateTextWeatherPages_DefaultFileInput_File_50_89(Int32 index, String regex) in /Users/albayrme/Automation/maestro/Applications/MeteoRSI/MeteoRSI.Tests/TextUnitTests.cs:line 180
----- Inner Stack Trace -----
   at System.Xml.Serialization.XmlSerializer.Deserialize(XmlReader xmlReader, String encodingStyle, XmlDeserializationEvents events)
   at System.Xml.Serialization.XmlSerializer.Deserialize(TextReader textReader)
   at Maestro.Core.Helpers.XmlHelper.Deserialize[T](String content) in /Users/albayrme/Automation/maestro/Core/Maestro.Core/Helpers/XmlHelper.cs:line 37
   at Maestro.MeteoRSI.Application.MetoRsiText.CreateTextWeatherPages(FileInfo fileInfo, Ep1BuilderConverterConfig config, Ep1BuilderConverterConfigFilter filter) in /Users/albayrme/Automation/maestro/Applications/MeteoRSI/MeteoRSI.Application/MetoRsiText.cs:line 31
----- Inner Stack Trace -----
   at Microsoft.Xml.Serialization.GeneratedAssembly.XmlSerializationReaderWeatherRecords.Read9_xml()
  Failed Maestro.MeteoRSI.Tests.GraphicalUnitTest.CreateGraphicalWeatherPages_DefaultFileInput_File_58_02(index: 8, regex: "^$") [2 ms]
  Error Message:
   System.NullReferenceException : Object reference not set to an instance of an object.
  Stack Trace:
     at Maestro.MeteoRSI.Application.MeteoRsiGraphic.CreateGraphicalWeatherPages(FileInfo fileInfo, Ep1BuilderConverterConfig config, Ep1BuilderConverterConfigFilter filter) in /Users/albayrme/Automation/maestro/Applications/MeteoRSI/MeteoRSI.Application/MeteoRsiGraphic.cs:line 24
   at Maestro.MeteoRSI.Tests.GraphicalUnitTest.CreateGraphicalWeatherPages_DefaultFileInput_File_58_02(Int32 index, String regex) in /Users/albayrme/Automation/maestro/Applications/MeteoRSI/MeteoRSI.Tests/GraphicalUnitTest.cs:line 190
  Failed Maestro.MeteoRSI.Tests.TextUnitTests.CreateTextWeatherPages_DefaultFileInput_File_50_89(index: 10, regex: "^$") [3 ms]
  Error Message:
   System.Exception : File combinedText.xml is in the wrong format. It should be of type WeatherRecords.
---- System.InvalidOperationException : There is an error in XML document (1, 40).
-------- System.InvalidOperationException : <xml xmlns='http://www.meteosvizzera.ch/rsi/VOFH08'> was not expected.
  Stack Trace:
     at Maestro.MeteoRSI.Application.MetoRsiText.CreateTextWeatherPages(FileInfo fileInfo, Ep1BuilderConverterConfig config, Ep1BuilderConverterConfigFilter filter) in /Users/albayrme/Automation/maestro/Applications/MeteoRSI/MeteoRSI.Application/MetoRsiText.cs:line 61
   at Maestro.MeteoRSI.Tests.TextUnitTests.CreateTextWeatherPages_DefaultFileInput_File_50_89(Int32 index, String regex) in /Users/albayrme/Automation/maestro/Applications/MeteoRSI/MeteoRSI.Tests/TextUnitTests.cs:line 180
----- Inner Stack Trace -----
   at System.Xml.Serialization.XmlSerializer.Deserialize(XmlReader xmlReader, String encodingStyle, XmlDeserializationEvents events)
   at System.Xml.Serialization.XmlSerializer.Deserialize(TextReader textReader)
   at Maestro.Core.Helpers.XmlHelper.Deserialize[T](String content) in /Users/albayrme/Automation/maestro/Core/Maestro.Core/Helpers/XmlHelper.cs:line 37
   at Maestro.MeteoRSI.Application.MetoRsiText.CreateTextWeatherPages(FileInfo fileInfo, Ep1BuilderConverterConfig config, Ep1BuilderConverterConfigFilter filter) in /Users/albayrme/Automation/maestro/Applications/MeteoRSI/MeteoRSI.Application/MetoRsiText.cs:line 31
----- Inner Stack Trace -----
   at Microsoft.Xml.Serialization.GeneratedAssembly.XmlSerializationReaderWeatherRecords.Read9_xml()
  Failed Maestro.MeteoRSI.Tests.TextUnitTests.CreateTextWeatherPages_DefaultFileInput_File_53_01(index: 0, regex: "^$") [2 ms]
  Error Message:
   System.Exception : File combinedText.xml is in the wrong format. It should be of type WeatherRecords.
---- System.InvalidOperationException : There is an error in XML document (1, 40).
-------- System.InvalidOperationException : <xml xmlns='http://www.meteosvizzera.ch/rsi/VOFH08'> was not expected.
  Stack Trace:
     at Maestro.MeteoRSI.Application.MetoRsiText.CreateTextWeatherPages(FileInfo fileInfo, Ep1BuilderConverterConfig config, Ep1BuilderConverterConfigFilter filter) in /Users/albayrme/Automation/maestro/Applications/MeteoRSI/MeteoRSI.Application/MetoRsiText.cs:line 61
   at Maestro.MeteoRSI.Tests.TextUnitTests.CreateTextWeatherPages_DefaultFileInput_File_53_01(Int32 index, String regex) in /Users/albayrme/Automation/maestro/Applications/MeteoRSI/MeteoRSI.Tests/TextUnitTests.cs:line 267
----- Inner Stack Trace -----
   at System.Xml.Serialization.XmlSerializer.Deserialize(XmlReader xmlReader, String encodingStyle, XmlDeserializationEvents events)
   at System.Xml.Serialization.XmlSerializer.Deserialize(TextReader textReader)
   at Maestro.Core.Helpers.XmlHelper.Deserialize[T](String content) in /Users/albayrme/Automation/maestro/Core/Maestro.Core/Helpers/XmlHelper.cs:line 37
   at Maestro.MeteoRSI.Application.MetoRsiText.CreateTextWeatherPages(FileInfo fileInfo, Ep1BuilderConverterConfig config, Ep1BuilderConverterConfigFilter filter) in /Users/albayrme/Automation/maestro/Applications/MeteoRSI/MeteoRSI.Application/MetoRsiText.cs:line 31
----- Inner Stack Trace -----
   at Microsoft.Xml.Serialization.GeneratedAssembly.XmlSerializationReaderWeatherRecords.Read9_xml()
  Failed Maestro.MeteoRSI.Tests.GraphicalUnitTest.CreateGraphicalWeatherPages_DefaultFileInput_File_58_02(index: 4, regex: "^$") [4 ms]
  Error Message:
   System.NullReferenceException : Object reference not set to an instance of an object.
  Stack Trace:
     at Maestro.MeteoRSI.Application.MeteoRsiGraphic.CreateGraphicalWeatherPages(FileInfo fileInfo, Ep1BuilderConverterConfig config, Ep1BuilderConverterConfigFilter filter) in /Users/albayrme/Automation/maestro/Applications/MeteoRSI/MeteoRSI.Application/MeteoRsiGraphic.cs:line 24
   at Maestro.MeteoRSI.Tests.GraphicalUnitTest.CreateGraphicalWeatherPages_DefaultFileInput_File_58_02(Int32 index, String regex) in /Users/albayrme/Automation/maestro/Applications/MeteoRSI/MeteoRSI.Tests/GraphicalUnitTest.cs:line 190
  Failed Maestro.MeteoRSI.Tests.TextUnitTests.CreateTextWeatherPages_DefaultFileInput_File_53_01(index: 21, regex: "^Fonte: MeteoSvizzera$") [2 ms]
  Error Message:
   System.Exception : File combinedText.xml is in the wrong format. It should be of type WeatherRecords.
---- System.InvalidOperationException : There is an error in XML document (1, 40).
-------- System.InvalidOperationException : <xml xmlns='http://www.meteosvizzera.ch/rsi/VOFH08'> was not expected.
  Stack Trace:
     at Maestro.MeteoRSI.Application.MetoRsiText.CreateTextWeatherPages(FileInfo fileInfo, Ep1BuilderConverterConfig config, Ep1BuilderConverterConfigFilter filter) in /Users/albayrme/Automation/maestro/Applications/MeteoRSI/MeteoRSI.Application/MetoRsiText.cs:line 61
   at Maestro.MeteoRSI.Tests.TextUnitTests.CreateTextWeatherPages_DefaultFileInput_File_53_01(Int32 index, String regex) in /Users/albayrme/Automation/maestro/Applications/MeteoRSI/MeteoRSI.Tests/TextUnitTests.cs:line 267
----- Inner Stack Trace -----
   at System.Xml.Serialization.XmlSerializer.Deserialize(XmlReader xmlReader, String encodingStyle, XmlDeserializationEvents events)
   at System.Xml.Serialization.XmlSerializer.Deserialize(TextReader textReader)
   at Maestro.Core.Helpers.XmlHelper.Deserialize[T](String content) in /Users/albayrme/Automation/maestro/Core/Maestro.Core/Helpers/XmlHelper.cs:line 37
   at Maestro.MeteoRSI.Application.MetoRsiText.CreateTextWeatherPages(FileInfo fileInfo, Ep1BuilderConverterConfig config, Ep1BuilderConverterConfigFilter filter) in /Users/albayrme/Automation/maestro/Applications/MeteoRSI/MeteoRSI.Application/MetoRsiText.cs:line 31
----- Inner Stack Trace -----
   at Microsoft.Xml.Serialization.GeneratedAssembly.XmlSerializationReaderWeatherRecords.Read9_xml()
  Failed Maestro.MeteoRSI.Tests.GraphicalUnitTest.CreateGraphicalWeatherPages_DefaultFileInput_File_58_02(index: 10, regex: "^$") [1 ms]
  Error Message:
   System.NullReferenceException : Object reference not set to an instance of an object.
  Stack Trace:
     at Maestro.MeteoRSI.Application.MeteoRsiGraphic.CreateGraphicalWeatherPages(FileInfo fileInfo, Ep1BuilderConverterConfig config, Ep1BuilderConverterConfigFilter filter) in /Users/albayrme/Automation/maestro/Applications/MeteoRSI/MeteoRSI.Application/MeteoRsiGraphic.cs:line 24
   at Maestro.MeteoRSI.Tests.GraphicalUnitTest.CreateGraphicalWeatherPages_DefaultFileInput_File_58_02(Int32 index, String regex) in /Users/albayrme/Automation/maestro/Applications/MeteoRSI/MeteoRSI.Tests/GraphicalUnitTest.cs:line 190
  Failed Maestro.MeteoRSI.Tests.TextUnitTests.CreateTextWeatherPages_DefaultFileInput_File_53_01(index: 11, regex: "^[a-zA-Z0-9_\\-\\[\\.]*") [2 ms]
  Error Message:
   System.Exception : File combinedText.xml is in the wrong format. It should be of type WeatherRecords.
---- System.InvalidOperationException : There is an error in XML document (1, 40).
-------- System.InvalidOperationException : <xml xmlns='http://www.meteosvizzera.ch/rsi/VOFH08'> was not expected.
  Stack Trace:
     at Maestro.MeteoRSI.Application.MetoRsiText.CreateTextWeatherPages(FileInfo fileInfo, Ep1BuilderConverterConfig config, Ep1BuilderConverterConfigFilter filter) in /Users/albayrme/Automation/maestro/Applications/MeteoRSI/MeteoRSI.Application/MetoRsiText.cs:line 61
   at Maestro.MeteoRSI.Tests.TextUnitTests.CreateTextWeatherPages_DefaultFileInput_File_53_01(Int32 index, String regex) in /Users/albayrme/Automation/maestro/Applications/MeteoRSI/MeteoRSI.Tests/TextUnitTests.cs:line 267
----- Inner Stack Trace -----
   at System.Xml.Serialization.XmlSerializer.Deserialize(XmlReader xmlReader, String encodingStyle, XmlDeserializationEvents events)
   at System.Xml.Serialization.XmlSerializer.Deserialize(TextReader textReader)
   at Maestro.Core.Helpers.XmlHelper.Deserialize[T](String content) in /Users/albayrme/Automation/maestro/Core/Maestro.Core/Helpers/XmlHelper.cs:line 37
   at Maestro.MeteoRSI.Application.MetoRsiText.CreateTextWeatherPages(FileInfo fileInfo, Ep1BuilderConverterConfig config, Ep1BuilderConverterConfigFilter filter) in /Users/albayrme/Automation/maestro/Applications/MeteoRSI/MeteoRSI.Application/MetoRsiText.cs:line 31
----- Inner Stack Trace -----
   at Microsoft.Xml.Serialization.GeneratedAssembly.XmlSerializationReaderWeatherRecords.Read9_xml()
[xUnit.net 00:00:02.40]     Maestro.MeteoRSI.Tests.GraphicalUnitTest.CreateGraphicalWeatherPages_DefaultFileInput_File_58_02(index: 17, regex: "^Max:\\s+12°CMax:\\s+18°CMax:\\s+20°C$") [FAIL]
[xUnit.net 00:00:02.40]       System.NullReferenceException : Object reference not set to an instance of an object.
[xUnit.net 00:00:02.40]       Stack Trace:
[xUnit.net 00:00:02.40]         /Users/albayrme/Automation/maestro/Applications/MeteoRSI/MeteoRSI.Application/MeteoRsiGraphic.cs(24,0): at Maestro.MeteoRSI.Application.MeteoRsiGraphic.CreateGraphicalWeatherPages(FileInfo fileInfo, Ep1BuilderConverterConfig config, Ep1BuilderConverterConfigFilter filter)
[xUnit.net 00:00:02.40]         /Users/albayrme/Automation/maestro/Applications/MeteoRSI/MeteoRSI.Tests/GraphicalUnitTest.cs(190,0): at Maestro.MeteoRSI.Tests.GraphicalUnitTest.CreateGraphicalWeatherPages_DefaultFileInput_File_58_02(Int32 index, String regex)
[xUnit.net 00:00:02.40]     Maestro.MeteoRSI.Tests.GraphicalUnitTest.CreateGraphicalWeatherPages_DefaultFileInput_File_58_02(index: 1, regex: "^TENDENZA") [FAIL]
[xUnit.net 00:00:02.40]       System.NullReferenceException : Object reference not set to an instance of an object.
[xUnit.net 00:00:02.40]       Stack Trace:
[xUnit.net 00:00:02.40]         /Users/albayrme/Automation/maestro/Applications/MeteoRSI/MeteoRSI.Application/MeteoRsiGraphic.cs(24,0): at Maestro.MeteoRSI.Application.MeteoRsiGraphic.CreateGraphicalWeatherPages(FileInfo fileInfo, Ep1BuilderConverterConfig config, Ep1BuilderConverterConfigFilter filter)
[xUnit.net 00:00:02.40]         /Users/albayrme/Automation/maestro/Applications/MeteoRSI/MeteoRSI.Tests/GraphicalUnitTest.cs(190,0): at Maestro.MeteoRSI.Tests.GraphicalUnitTest.CreateGraphicalWeatherPages_DefaultFileInput_File_58_02(Int32 index, String regex)
[xUnit.net 00:00:02.40]     Maestro.MeteoRSI.Tests.TextUnitTests.CreateTextWeatherPages_DefaultFileInput_File_53_01(index: 17, regex: "^[a-zA-Z0-9_\\-\\[\\.]*") [FAIL]
[xUnit.net 00:00:02.40]       System.Exception : File combinedText.xml is in the wrong format. It should be of type WeatherRecords.
[xUnit.net 00:00:02.40]       ---- System.InvalidOperationException : There is an error in XML document (1, 40).
[xUnit.net 00:00:02.40]       -------- System.InvalidOperationException : <xml xmlns='http://www.meteosvizzera.ch/rsi/VOFH08'> was not expected.
[xUnit.net 00:00:02.40]       Stack Trace:
[xUnit.net 00:00:02.40]         /Users/albayrme/Automation/maestro/Applications/MeteoRSI/MeteoRSI.Application/MetoRsiText.cs(61,0): at Maestro.MeteoRSI.Application.MetoRsiText.CreateTextWeatherPages(FileInfo fileInfo, Ep1BuilderConverterConfig config, Ep1BuilderConverterConfigFilter filter)
[xUnit.net 00:00:02.40]         /Users/albayrme/Automation/maestro/Applications/MeteoRSI/MeteoRSI.Tests/TextUnitTests.cs(267,0): at Maestro.MeteoRSI.Tests.TextUnitTests.CreateTextWeatherPages_DefaultFileInput_File_53_01(Int32 index, String regex)
[xUnit.net 00:00:02.40]         ----- Inner Stack Trace -----
[xUnit.net 00:00:02.40]            at System.Xml.Serialization.XmlSerializer.Deserialize(XmlReader xmlReader, String encodingStyle, XmlDeserializationEvents events)
[xUnit.net 00:00:02.40]            at System.Xml.Serialization.XmlSerializer.Deserialize(TextReader textReader)
[xUnit.net 00:00:02.40]         /Users/albayrme/Automation/maestro/Core/Maestro.Core/Helpers/XmlHelper.cs(37,0): at Maestro.Core.Helpers.XmlHelper.Deserialize[T](String content)
[xUnit.net 00:00:02.40]         /Users/albayrme/Automation/maestro/Applications/MeteoRSI/MeteoRSI.Application/MetoRsiText.cs(31,0): at Maestro.MeteoRSI.Application.MetoRsiText.CreateTextWeatherPages(FileInfo fileInfo, Ep1BuilderConverterConfig config, Ep1BuilderConverterConfigFilter filter)
[xUnit.net 00:00:02.40]         ----- Inner Stack Trace -----
[xUnit.net 00:00:02.40]            at Microsoft.Xml.Serialization.GeneratedAssembly.XmlSerializationReaderWeatherRecords.Read9_xml()
[xUnit.net 00:00:02.40]     Maestro.MeteoRSI.Tests.GraphicalUnitTest.CreateGraphicalWeatherPages_DefaultFileInput_File_58_02(index: 7, regex: "^$") [FAIL]
[xUnit.net 00:00:02.40]       System.NullReferenceException : Object reference not set to an instance of an object.
[xUnit.net 00:00:02.40]       Stack Trace:
[xUnit.net 00:00:02.40]         /Users/albayrme/Automation/maestro/Applications/MeteoRSI/MeteoRSI.Application/MeteoRsiGraphic.cs(24,0): at Maestro.MeteoRSI.Application.MeteoRsiGraphic.CreateGraphicalWeatherPages(FileInfo fileInfo, Ep1BuilderConverterConfig config, Ep1BuilderConverterConfigFilter filter)
[xUnit.net 00:00:02.40]         /Users/albayrme/Automation/maestro/Applications/MeteoRSI/MeteoRSI.Tests/GraphicalUnitTest.cs(190,0): at Maestro.MeteoRSI.Tests.GraphicalUnitTest.CreateGraphicalWeatherPages_DefaultFileInput_File_58_02(Int32 index, String regex)
[xUnit.net 00:00:02.40]     Maestro.MeteoRSI.Tests.TextUnitTests.CreateTextWeatherPages_DefaultFileInput_File_53_01(index: 7, regex: "^$") [FAIL]
[xUnit.net 00:00:02.40]       System.Exception : File combinedText.xml is in the wrong format. It should be of type WeatherRecords.
[xUnit.net 00:00:02.40]       ---- System.InvalidOperationException : There is an error in XML document (1, 40).
[xUnit.net 00:00:02.40]       -------- System.InvalidOperationException : <xml xmlns='http://www.meteosvizzera.ch/rsi/VOFH08'> was not expected.
[xUnit.net 00:00:02.40]       Stack Trace:
[xUnit.net 00:00:02.40]         /Users/albayrme/Automation/maestro/Applications/MeteoRSI/MeteoRSI.Application/MetoRsiText.cs(61,0): at Maestro.MeteoRSI.Application.MetoRsiText.CreateTextWeatherPages(FileInfo fileInfo, Ep1BuilderConverterConfig config, Ep1BuilderConverterConfigFilter filter)
[xUnit.net 00:00:02.40]         /Users/albayrme/Automation/maestro/Applications/MeteoRSI/MeteoRSI.Tests/TextUnitTests.cs(267,0): at Maestro.MeteoRSI.Tests.TextUnitTests.CreateTextWeatherPages_DefaultFileInput_File_53_01(Int32 index, String regex)
[xUnit.net 00:00:02.40]         ----- Inner Stack Trace -----
[xUnit.net 00:00:02.40]            at System.Xml.Serialization.XmlSerializer.Deserialize(XmlReader xmlReader, String encodingStyle, XmlDeserializationEvents events)
[xUnit.net 00:00:02.40]            at System.Xml.Serialization.XmlSerializer.Deserialize(TextReader textReader)
[xUnit.net 00:00:02.40]         /Users/albayrme/Automation/maestro/Core/Maestro.Core/Helpers/XmlHelper.cs(37,0): at Maestro.Core.Helpers.XmlHelper.Deserialize[T](String content)
[xUnit.net 00:00:02.40]         /Users/albayrme/Automation/maestro/Applications/MeteoRSI/MeteoRSI.Application/MetoRsiText.cs(31,0): at Maestro.MeteoRSI.Application.MetoRsiText.CreateTextWeatherPages(FileInfo fileInfo, Ep1BuilderConverterConfig config, Ep1BuilderConverterConfigFilter filter)
[xUnit.net 00:00:02.40]         ----- Inner Stack Trace -----
[xUnit.net 00:00:02.40]            at Microsoft.Xml.Serialization.GeneratedAssembly.XmlSerializationReaderWeatherRecords.Read9_xml()
[xUnit.net 00:00:02.40]     Maestro.MeteoRSI.Tests.GraphicalUnitTest.CreateGraphicalWeatherPages_DefaultFileInput_File_58_02(index: 18, regex: "^$") [FAIL]
[xUnit.net 00:00:02.40]       System.NullReferenceException : Object reference not set to an instance of an object.
[xUnit.net 00:00:02.40]       Stack Trace:
[xUnit.net 00:00:02.40]         /Users/albayrme/Automation/maestro/Applications/MeteoRSI/MeteoRSI.Application/MeteoRsiGraphic.cs(24,0): at Maestro.MeteoRSI.Application.MeteoRsiGraphic.CreateGraphicalWeatherPages(FileInfo fileInfo, Ep1BuilderConverterConfig config, Ep1BuilderConverterConfigFilter filter)
[xUnit.net 00:00:02.40]         /Users/albayrme/Automation/maestro/Applications/MeteoRSI/MeteoRSI.Tests/GraphicalUnitTest.cs(190,0): at Maestro.MeteoRSI.Tests.GraphicalUnitTest.CreateGraphicalWeatherPages_DefaultFileInput_File_58_02(Int32 index, String regex)
[xUnit.net 00:00:02.40]     Maestro.MeteoRSI.Tests.TextUnitTests.CreateTextWeatherPages_DefaultFileInput_File_53_01(index: 13, regex: "^$") [FAIL]
[xUnit.net 00:00:02.40]       System.Exception : File combinedText.xml is in the wrong format. It should be of type WeatherRecords.
[xUnit.net 00:00:02.40]       ---- System.InvalidOperationException : There is an error in XML document (1, 40).
[xUnit.net 00:00:02.40]       -------- System.InvalidOperationException : <xml xmlns='http://www.meteosvizzera.ch/rsi/VOFH08'> was not expected.
[xUnit.net 00:00:02.40]       Stack Trace:
[xUnit.net 00:00:02.41]         /Users/albayrme/Automation/maestro/Applications/MeteoRSI/MeteoRSI.Application/MetoRsiText.cs(61,0): at Maestro.MeteoRSI.Application.MetoRsiText.CreateTextWeatherPages(FileInfo fileInfo, Ep1BuilderConverterConfig config, Ep1BuilderConverterConfigFilter filter)
[xUnit.net 00:00:02.41]         /Users/albayrme/Automation/maestro/Applications/MeteoRSI/MeteoRSI.Tests/TextUnitTests.cs(267,0): at Maestro.MeteoRSI.Tests.TextUnitTests.CreateTextWeatherPages_DefaultFileInput_File_53_01(Int32 index, String regex)
[xUnit.net 00:00:02.41]         ----- Inner Stack Trace -----
[xUnit.net 00:00:02.41]            at System.Xml.Serialization.XmlSerializer.Deserialize(XmlReader xmlReader, String encodingStyle, XmlDeserializationEvents events)
[xUnit.net 00:00:02.41]            at System.Xml.Serialization.XmlSerializer.Deserialize(TextReader textReader)
[xUnit.net 00:00:02.41]         /Users/albayrme/Automation/maestro/Core/Maestro.Core/Helpers/XmlHelper.cs(37,0): at Maestro.Core.Helpers.XmlHelper.Deserialize[T](String content)
[xUnit.net 00:00:02.41]         /Users/albayrme/Automation/maestro/Applications/MeteoRSI/MeteoRSI.Application/MetoRsiText.cs(31,0): at Maestro.MeteoRSI.Application.MetoRsiText.CreateTextWeatherPages(FileInfo fileInfo, Ep1BuilderConverterConfig config, Ep1BuilderConverterConfigFilter filter)
[xUnit.net 00:00:02.41]         ----- Inner Stack Trace -----
[xUnit.net 00:00:02.41]            at Microsoft.Xml.Serialization.GeneratedAssembly.XmlSerializationReaderWeatherRecords.Read9_xml()
[xUnit.net 00:00:02.41]     Maestro.MeteoRSI.Tests.GraphicalUnitTest.CreateGraphicalWeatherPages_DefaultFileInput_File_58_02(index: 3, regex: "^Nord delle Alpi$") [FAIL]
[xUnit.net 00:00:02.41]       System.NullReferenceException : Object reference not set to an instance of an object.
[xUnit.net 00:00:02.41]       Stack Trace:
[xUnit.net 00:00:02.41]         /Users/albayrme/Automation/maestro/Applications/MeteoRSI/MeteoRSI.Application/MeteoRsiGraphic.cs(24,0): at Maestro.MeteoRSI.Application.MeteoRsiGraphic.CreateGraphicalWeatherPages(FileInfo fileInfo, Ep1BuilderConverterConfig config, Ep1BuilderConverterConfigFilter filter)
[xUnit.net 00:00:02.41]         /Users/albayrme/Automation/maestro/Applications/MeteoRSI/MeteoRSI.Tests/GraphicalUnitTest.cs(190,0): at Maestro.MeteoRSI.Tests.GraphicalUnitTest.CreateGraphicalWeatherPages_DefaultFileInput_File_58_02(Int32 index, String regex)
  Failed Maestro.MeteoRSI.Tests.GraphicalUnitTest.CreateGraphicalWeatherPages_DefaultFileInput_File_58_02(index: 17, regex: "^Max:\\s+12°CMax:\\s+18°CMax:\\s+20°C$") [2 ms]
  Error Message:
   System.NullReferenceException : Object reference not set to an instance of an object.
  Stack Trace:
     at Maestro.MeteoRSI.Application.MeteoRsiGraphic.CreateGraphicalWeatherPages(FileInfo fileInfo, Ep1BuilderConverterConfig config, Ep1BuilderConverterConfigFilter filter) in /Users/albayrme/Automation/maestro/Applications/MeteoRSI/MeteoRSI.Application/MeteoRsiGraphic.cs:line 24
   at Maestro.MeteoRSI.Tests.GraphicalUnitTest.CreateGraphicalWeatherPages_DefaultFileInput_File_58_02(Int32 index, String regex) in /Users/albayrme/Automation/maestro/Applications/MeteoRSI/MeteoRSI.Tests/GraphicalUnitTest.cs:line 190
  Failed Maestro.MeteoRSI.Tests.GraphicalUnitTest.CreateGraphicalWeatherPages_DefaultFileInput_File_58_02(index: 1, regex: "^TENDENZA") [1 ms]
  Error Message:
   System.NullReferenceException : Object reference not set to an instance of an object.
  Stack Trace:
     at Maestro.MeteoRSI.Application.MeteoRsiGraphic.CreateGraphicalWeatherPages(FileInfo fileInfo, Ep1BuilderConverterConfig config, Ep1BuilderConverterConfigFilter filter) in /Users/albayrme/Automation/maestro/Applications/MeteoRSI/MeteoRSI.Application/MeteoRsiGraphic.cs:line 24
   at Maestro.MeteoRSI.Tests.GraphicalUnitTest.CreateGraphicalWeatherPages_DefaultFileInput_File_58_02(Int32 index, String regex) in /Users/albayrme/Automation/maestro/Applications/MeteoRSI/MeteoRSI.Tests/GraphicalUnitTest.cs:line 190
  Failed Maestro.MeteoRSI.Tests.TextUnitTests.CreateTextWeatherPages_DefaultFileInput_File_53_01(index: 17, regex: "^[a-zA-Z0-9_\\-\\[\\.]*") [2 ms]
  Error Message:
   System.Exception : File combinedText.xml is in the wrong format. It should be of type WeatherRecords.
---- System.InvalidOperationException : There is an error in XML document (1, 40).
-------- System.InvalidOperationException : <xml xmlns='http://www.meteosvizzera.ch/rsi/VOFH08'> was not expected.
  Stack Trace:
     at Maestro.MeteoRSI.Application.MetoRsiText.CreateTextWeatherPages(FileInfo fileInfo, Ep1BuilderConverterConfig config, Ep1BuilderConverterConfigFilter filter) in /Users/albayrme/Automation/maestro/Applications/MeteoRSI/MeteoRSI.Application/MetoRsiText.cs:line 61
   at Maestro.MeteoRSI.Tests.TextUnitTests.CreateTextWeatherPages_DefaultFileInput_File_53_01(Int32 index, String regex) in /Users/albayrme/Automation/maestro/Applications/MeteoRSI/MeteoRSI.Tests/TextUnitTests.cs:line 267
----- Inner Stack Trace -----
   at System.Xml.Serialization.XmlSerializer.Deserialize(XmlReader xmlReader, String encodingStyle, XmlDeserializationEvents events)
   at System.Xml.Serialization.XmlSerializer.Deserialize(TextReader textReader)
   at Maestro.Core.Helpers.XmlHelper.Deserialize[T](String content) in /Users/albayrme/Automation/maestro/Core/Maestro.Core/Helpers/XmlHelper.cs:line 37
   at Maestro.MeteoRSI.Application.MetoRsiText.CreateTextWeatherPages(FileInfo fileInfo, Ep1BuilderConverterConfig config, Ep1BuilderConverterConfigFilter filter) in /Users/albayrme/Automation/maestro/Applications/MeteoRSI/MeteoRSI.Application/MetoRsiText.cs:line 31
----- Inner Stack Trace -----
   at Microsoft.Xml.Serialization.GeneratedAssembly.XmlSerializationReaderWeatherRecords.Read9_xml()
  Failed Maestro.MeteoRSI.Tests.GraphicalUnitTest.CreateGraphicalWeatherPages_DefaultFileInput_File_58_02(index: 7, regex: "^$") [1 ms]
  Error Message:
   System.NullReferenceException : Object reference not set to an instance of an object.
  Stack Trace:
     at Maestro.MeteoRSI.Application.MeteoRsiGraphic.CreateGraphicalWeatherPages(FileInfo fileInfo, Ep1BuilderConverterConfig config, Ep1BuilderConverterConfigFilter filter) in /Users/albayrme/Automation/maestro/Applications/MeteoRSI/MeteoRSI.Application/MeteoRsiGraphic.cs:line 24
   at Maestro.MeteoRSI.Tests.GraphicalUnitTest.CreateGraphicalWeatherPages_DefaultFileInput_File_58_02(Int32 index, String regex) in /Users/albayrme/Automation/maestro/Applications/MeteoRSI/MeteoRSI.Tests/GraphicalUnitTest.cs:line 190
  Failed Maestro.MeteoRSI.Tests.TextUnitTests.CreateTextWeatherPages_DefaultFileInput_File_53_01(index: 7, regex: "^$") [2 ms]
  Error Message:
   System.Exception : File combinedText.xml is in the wrong format. It should be of type WeatherRecords.
---- System.InvalidOperationException : There is an error in XML document (1, 40).
-------- System.InvalidOperationException : <xml xmlns='http://www.meteosvizzera.ch/rsi/VOFH08'> was not expected.
  Stack Trace:
     at Maestro.MeteoRSI.Application.MetoRsiText.CreateTextWeatherPages(FileInfo fileInfo, Ep1BuilderConverterConfig config, Ep1BuilderConverterConfigFilter filter) in /Users/albayrme/Automation/maestro/Applications/MeteoRSI/MeteoRSI.Application/MetoRsiText.cs:line 61
   at Maestro.MeteoRSI.Tests.TextUnitTests.CreateTextWeatherPages_DefaultFileInput_File_53_01(Int32 index, String regex) in /Users/albayrme/Automation/maestro/Applications/MeteoRSI/MeteoRSI.Tests/TextUnitTests.cs:line 267
----- Inner Stack Trace -----
   at System.Xml.Serialization.XmlSerializer.Deserialize(XmlReader xmlReader, String encodingStyle, XmlDeserializationEvents events)
   at System.Xml.Serialization.XmlSerializer.Deserialize(TextReader textReader)
   at Maestro.Core.Helpers.XmlHelper.Deserialize[T](String content) in /Users/albayrme/Automation/maestro/Core/Maestro.Core/Helpers/XmlHelper.cs:line 37
   at Maestro.MeteoRSI.Application.MetoRsiText.CreateTextWeatherPages(FileInfo fileInfo, Ep1BuilderConverterConfig config, Ep1BuilderConverterConfigFilter filter) in /Users/albayrme/Automation/maestro/Applications/MeteoRSI/MeteoRSI.Application/MetoRsiText.cs:line 31
----- Inner Stack Trace -----
   at Microsoft.Xml.Serialization.GeneratedAssembly.XmlSerializationReaderWeatherRecords.Read9_xml()
  Failed Maestro.MeteoRSI.Tests.GraphicalUnitTest.CreateGraphicalWeatherPages_DefaultFileInput_File_58_02(index: 18, regex: "^$") [1 ms]
  Error Message:
   System.NullReferenceException : Object reference not set to an instance of an object.
  Stack Trace:
     at Maestro.MeteoRSI.Application.MeteoRsiGraphic.CreateGraphicalWeatherPages(FileInfo fileInfo, Ep1BuilderConverterConfig config, Ep1BuilderConverterConfigFilter filter) in /Users/albayrme/Automation/maestro/Applications/MeteoRSI/MeteoRSI.Application/MeteoRsiGraphic.cs:line 24
   at Maestro.MeteoRSI.Tests.GraphicalUnitTest.CreateGraphicalWeatherPages_DefaultFileInput_File_58_02(Int32 index, String regex) in /Users/albayrme/Automation/maestro/Applications/MeteoRSI/MeteoRSI.Tests/GraphicalUnitTest.cs:line 190
  Failed Maestro.MeteoRSI.Tests.TextUnitTests.CreateTextWeatherPages_DefaultFileInput_File_53_01(index: 13, regex: "^$") [1 ms]
  Error Message:
   System.Exception : File combinedText.xml is in the wrong format. It should be of type WeatherRecords.
---- System.InvalidOperationException : There is an error in XML document (1, 40).
-------- System.InvalidOperationException : <xml xmlns='http://www.meteosvizzera.ch/rsi/VOFH08'> was not expected.
  Stack Trace:
     at Maestro.MeteoRSI.Application.MetoRsiText.CreateTextWeatherPages(FileInfo fileInfo, Ep1BuilderConverterConfig config, Ep1BuilderConverterConfigFilter filter) in /Users/albayrme/Automation/maestro/Applications/MeteoRSI/MeteoRSI.Application/MetoRsiText.cs:line 61
   at Maestro.MeteoRSI.Tests.TextUnitTests.CreateTextWeatherPages_DefaultFileInput_File_53_01(Int32 index, String regex) in /Users/albayrme/Automation/maestro/Applications/MeteoRSI/MeteoRSI.Tests/TextUnitTests.cs:line 267
----- Inner Stack Trace -----
   at System.Xml.Serialization.XmlSerializer.Deserialize(XmlReader xmlReader, String encodingStyle, XmlDeserializationEvents events)
   at System.Xml.Serialization.XmlSerializer.Deserialize(TextReader textReader)
   at Maestro.Core.Helpers.XmlHelper.Deserialize[T](String content) in /Users/albayrme/Automation/maestro/Core/Maestro.Core/Helpers/XmlHelper.cs:line 37
   at Maestro.MeteoRSI.Application.MetoRsiText.CreateTextWeatherPages(FileInfo fileInfo, Ep1BuilderConverterConfig config, Ep1BuilderConverterConfigFilter filter) in /Users/albayrme/Automation/maestro/Applications/MeteoRSI/MeteoRSI.Application/MetoRsiText.cs:line 31
----- Inner Stack Trace -----
   at Microsoft.Xml.Serialization.GeneratedAssembly.XmlSerializationReaderWeatherRecords.Read9_xml()
  Failed Maestro.MeteoRSI.Tests.GraphicalUnitTest.CreateGraphicalWeatherPages_DefaultFileInput_File_58_02(index: 3, regex: "^Nord delle Alpi$") [1 ms]
  Error Message:
   System.NullReferenceException : Object reference not set to an instance of an object.
  Stack Trace:
     at Maestro.MeteoRSI.Application.MeteoRsiGraphic.CreateGraphicalWeatherPages(FileInfo fileInfo, Ep1BuilderConverterConfig config, Ep1BuilderConverterConfigFilter filter) in /Users/albayrme/Automation/maestro/Applications/MeteoRSI/MeteoRSI.Application/MeteoRsiGraphic.cs:line 24
   at Maestro.MeteoRSI.Tests.GraphicalUnitTest.CreateGraphicalWeatherPages_DefaultFileInput_File_58_02(Int32 index, String regex) in /Users/albayrme/Automation/maestro/Applications/MeteoRSI/MeteoRSI.Tests/GraphicalUnitTest.cs:line 190
[xUnit.net 00:00:02.41]     Maestro.MeteoRSI.Tests.GraphicalUnitTest.CreateGraphicalWeatherPages_DefaultFileInput_File_58_02(index: 11, regex: "^\\/\\s+\\/\\s+\\/$") [FAIL]
[xUnit.net 00:00:02.41]       System.NullReferenceException : Object reference not set to an instance of an object.
[xUnit.net 00:00:02.41]       Stack Trace:
[xUnit.net 00:00:02.41]         /Users/albayrme/Automation/maestro/Applications/MeteoRSI/MeteoRSI.Application/MeteoRsiGraphic.cs(24,0): at Maestro.MeteoRSI.Application.MeteoRsiGraphic.CreateGraphicalWeatherPages(FileInfo fileInfo, Ep1BuilderConverterConfig config, Ep1BuilderConverterConfigFilter filter)
[xUnit.net 00:00:02.41]         /Users/albayrme/Automation/maestro/Applications/MeteoRSI/MeteoRSI.Tests/GraphicalUnitTest.cs(190,0): at Maestro.MeteoRSI.Tests.GraphicalUnitTest.CreateGraphicalWeatherPages_DefaultFileInput_File_58_02(Int32 index, String regex)
[xUnit.net 00:00:02.41]     Maestro.MeteoRSI.Tests.TextUnitTests.CreateTextWeatherPages_DefaultFileInput_File_53_01(index: 4, regex: "^Settore prealpino e padano$") [FAIL]
[xUnit.net 00:00:02.41]       System.Exception : File combinedText.xml is in the wrong format. It should be of type WeatherRecords.
[xUnit.net 00:00:02.41]       ---- System.InvalidOperationException : There is an error in XML document (1, 40).
[xUnit.net 00:00:02.41]       -------- System.InvalidOperationException : <xml xmlns='http://www.meteosvizzera.ch/rsi/VOFH08'> was not expected.
[xUnit.net 00:00:02.41]       Stack Trace:
[xUnit.net 00:00:02.41]         /Users/albayrme/Automation/maestro/Applications/MeteoRSI/MeteoRSI.Application/MetoRsiText.cs(61,0): at Maestro.MeteoRSI.Application.MetoRsiText.CreateTextWeatherPages(FileInfo fileInfo, Ep1BuilderConverterConfig config, Ep1BuilderConverterConfigFilter filter)
[xUnit.net 00:00:02.41]         /Users/albayrme/Automation/maestro/Applications/MeteoRSI/MeteoRSI.Tests/TextUnitTests.cs(267,0): at Maestro.MeteoRSI.Tests.TextUnitTests.CreateTextWeatherPages_DefaultFileInput_File_53_01(Int32 index, String regex)
[xUnit.net 00:00:02.41]         ----- Inner Stack Trace -----
[xUnit.net 00:00:02.41]            at System.Xml.Serialization.XmlSerializer.Deserialize(XmlReader xmlReader, String encodingStyle, XmlDeserializationEvents events)
[xUnit.net 00:00:02.41]            at System.Xml.Serialization.XmlSerializer.Deserialize(TextReader textReader)
[xUnit.net 00:00:02.41]         /Users/albayrme/Automation/maestro/Core/Maestro.Core/Helpers/XmlHelper.cs(37,0): at Maestro.Core.Helpers.XmlHelper.Deserialize[T](String content)
[xUnit.net 00:00:02.41]         /Users/albayrme/Automation/maestro/Applications/MeteoRSI/MeteoRSI.Application/MetoRsiText.cs(31,0): at Maestro.MeteoRSI.Application.MetoRsiText.CreateTextWeatherPages(FileInfo fileInfo, Ep1BuilderConverterConfig config, Ep1BuilderConverterConfigFilter filter)
[xUnit.net 00:00:02.41]         ----- Inner Stack Trace -----
[xUnit.net 00:00:02.41]            at Microsoft.Xml.Serialization.GeneratedAssembly.XmlSerializationReaderWeatherRecords.Read9_xml()
[xUnit.net 00:00:02.41]     Maestro.MeteoRSI.Tests.GraphicalUnitTest.CreateGraphicalWeatherPages_DefaultFileInput_File_58_02(index: 5, regex: "^Venerdì\\s+Sabato\\s+Domenica$") [FAIL]
[xUnit.net 00:00:02.41]       System.NullReferenceException : Object reference not set to an instance of an object.
[xUnit.net 00:00:02.41]       Stack Trace:
[xUnit.net 00:00:02.41]         /Users/albayrme/Automation/maestro/Applications/MeteoRSI/MeteoRSI.Application/MeteoRsiGraphic.cs(24,0): at Maestro.MeteoRSI.Application.MeteoRsiGraphic.CreateGraphicalWeatherPages(FileInfo fileInfo, Ep1BuilderConverterConfig config, Ep1BuilderConverterConfigFilter filter)
[xUnit.net 00:00:02.41]         /Users/albayrme/Automation/maestro/Applications/MeteoRSI/MeteoRSI.Tests/GraphicalUnitTest.cs(190,0): at Maestro.MeteoRSI.Tests.GraphicalUnitTest.CreateGraphicalWeatherPages_DefaultFileInput_File_58_02(Int32 index, String regex)
[xUnit.net 00:00:02.41]     Maestro.MeteoRSI.Tests.TextUnitTests.CreateTextWeatherPages_DefaultFileInput_File_53_01(index: 12, regex: "^[a-zA-Z0-9_\\-\\[\\.]*") [FAIL]
[xUnit.net 00:00:02.41]       System.Exception : File combinedText.xml is in the wrong format. It should be of type WeatherRecords.
[xUnit.net 00:00:02.41]       ---- System.InvalidOperationException : There is an error in XML document (1, 40).
[xUnit.net 00:00:02.41]       -------- System.InvalidOperationException : <xml xmlns='http://www.meteosvizzera.ch/rsi/VOFH08'> was not expected.
[xUnit.net 00:00:02.41]       Stack Trace:
[xUnit.net 00:00:02.41]         /Users/albayrme/Automation/maestro/Applications/MeteoRSI/MeteoRSI.Application/MetoRsiText.cs(61,0): at Maestro.MeteoRSI.Application.MetoRsiText.CreateTextWeatherPages(FileInfo fileInfo, Ep1BuilderConverterConfig config, Ep1BuilderConverterConfigFilter filter)
[xUnit.net 00:00:02.41]         /Users/albayrme/Automation/maestro/Applications/MeteoRSI/MeteoRSI.Tests/TextUnitTests.cs(267,0): at Maestro.MeteoRSI.Tests.TextUnitTests.CreateTextWeatherPages_DefaultFileInput_File_53_01(Int32 index, String regex)
[xUnit.net 00:00:02.41]         ----- Inner Stack Trace -----
[xUnit.net 00:00:02.41]            at System.Xml.Serialization.XmlSerializer.Deserialize(XmlReader xmlReader, String encodingStyle, XmlDeserializationEvents events)
[xUnit.net 00:00:02.41]            at System.Xml.Serialization.XmlSerializer.Deserialize(TextReader textReader)
[xUnit.net 00:00:02.41]         /Users/albayrme/Automation/maestro/Core/Maestro.Core/Helpers/XmlHelper.cs(37,0): at Maestro.Core.Helpers.XmlHelper.Deserialize[T](String content)
[xUnit.net 00:00:02.41]         /Users/albayrme/Automation/maestro/Applications/MeteoRSI/MeteoRSI.Application/MetoRsiText.cs(31,0): at Maestro.MeteoRSI.Application.MetoRsiText.CreateTextWeatherPages(FileInfo fileInfo, Ep1BuilderConverterConfig config, Ep1BuilderConverterConfigFilter filter)
[xUnit.net 00:00:02.41]         ----- Inner Stack Trace -----
[xUnit.net 00:00:02.41]            at Microsoft.Xml.Serialization.GeneratedAssembly.XmlSerializationReaderWeatherRecords.Read9_xml()
[xUnit.net 00:00:02.41]     Maestro.MeteoRSI.Tests.GraphicalUnitTest.CreateGraphicalWeatherPages_DefaultFileInput_File_58_02(index: 0, regex: "^$") [FAIL]
[xUnit.net 00:00:02.41]       System.NullReferenceException : Object reference not set to an instance of an object.
[xUnit.net 00:00:02.41]       Stack Trace:
[xUnit.net 00:00:02.41]         /Users/albayrme/Automation/maestro/Applications/MeteoRSI/MeteoRSI.Application/MeteoRsiGraphic.cs(24,0): at Maestro.MeteoRSI.Application.MeteoRsiGraphic.CreateGraphicalWeatherPages(FileInfo fileInfo, Ep1BuilderConverterConfig config, Ep1BuilderConverterConfigFilter filter)
[xUnit.net 00:00:02.41]         /Users/albayrme/Automation/maestro/Applications/MeteoRSI/MeteoRSI.Tests/GraphicalUnitTest.cs(190,0): at Maestro.MeteoRSI.Tests.GraphicalUnitTest.CreateGraphicalWeatherPages_DefaultFileInput_File_58_02(Int32 index, String regex)
[xUnit.net 00:00:02.41]     Maestro.MeteoRSI.Tests.GraphicalUnitTest.CreateGraphicalWeatherPages_DefaultFileInput_File_58_02(index: 14, regex: "^con\\s+rovesci\\s+Abbastanza\\s+in\\s+alta$") [FAIL]
[xUnit.net 00:00:02.41]       System.NullReferenceException : Object reference not set to an instance of an object.
[xUnit.net 00:00:02.41]       Stack Trace:
[xUnit.net 00:00:02.41]         /Users/albayrme/Automation/maestro/Applications/MeteoRSI/MeteoRSI.Application/MeteoRsiGraphic.cs(24,0): at Maestro.MeteoRSI.Application.MeteoRsiGraphic.CreateGraphicalWeatherPages(FileInfo fileInfo, Ep1BuilderConverterConfig config, Ep1BuilderConverterConfigFilter filter)
[xUnit.net 00:00:02.41]         /Users/albayrme/Automation/maestro/Applications/MeteoRSI/MeteoRSI.Tests/GraphicalUnitTest.cs(190,0): at Maestro.MeteoRSI.Tests.GraphicalUnitTest.CreateGraphicalWeatherPages_DefaultFileInput_File_58_02(Int32 index, String regex)
[xUnit.net 00:00:02.41]     Maestro.MeteoRSI.Tests.TextUnitTests.CreateTextWeatherPages_DefaultFileInput_File_53_01(index: 15, regex: "^[a-zA-Z0-9_\\-\\[\\.]*") [FAIL]
[xUnit.net 00:00:02.41]       System.Exception : File combinedText.xml is in the wrong format. It should be of type WeatherRecords.
[xUnit.net 00:00:02.41]       ---- System.InvalidOperationException : There is an error in XML document (1, 40).
[xUnit.net 00:00:02.41]       -------- System.InvalidOperationException : <xml xmlns='http://www.meteosvizzera.ch/rsi/VOFH08'> was not expected.
[xUnit.net 00:00:02.41]       Stack Trace:
[xUnit.net 00:00:02.41]         /Users/albayrme/Automation/maestro/Applications/MeteoRSI/MeteoRSI.Application/MetoRsiText.cs(61,0): at Maestro.MeteoRSI.Application.MetoRsiText.CreateTextWeatherPages(FileInfo fileInfo, Ep1BuilderConverterConfig config, Ep1BuilderConverterConfigFilter filter)
[xUnit.net 00:00:02.41]         /Users/albayrme/Automation/maestro/Applications/MeteoRSI/MeteoRSI.Tests/TextUnitTests.cs(267,0): at Maestro.MeteoRSI.Tests.TextUnitTests.CreateTextWeatherPages_DefaultFileInput_File_53_01(Int32 index, String regex)
[xUnit.net 00:00:02.41]         ----- Inner Stack Trace -----
[xUnit.net 00:00:02.41]            at System.Xml.Serialization.XmlSerializer.Deserialize(XmlReader xmlReader, String encodingStyle, XmlDeserializationEvents events)
[xUnit.net 00:00:02.41]            at System.Xml.Serialization.XmlSerializer.Deserialize(TextReader textReader)
[xUnit.net 00:00:02.41]         /Users/albayrme/Automation/maestro/Core/Maestro.Core/Helpers/XmlHelper.cs(37,0): at Maestro.Core.Helpers.XmlHelper.Deserialize[T](String content)
[xUnit.net 00:00:02.41]         /Users/albayrme/Automation/maestro/Applications/MeteoRSI/MeteoRSI.Application/MetoRsiText.cs(31,0): at Maestro.MeteoRSI.Application.MetoRsiText.CreateTextWeatherPages(FileInfo fileInfo, Ep1BuilderConverterConfig config, Ep1BuilderConverterConfigFilter filter)
[xUnit.net 00:00:02.41]         ----- Inner Stack Trace -----
[xUnit.net 00:00:02.41]            at Microsoft.Xml.Serialization.GeneratedAssembly.XmlSerializationReaderWeatherRecords.Read9_xml()
[xUnit.net 00:00:02.42]     Maestro.MeteoRSI.Tests.TextUnitTests.CreateTextWeatherPages_DefaultFileInput_File_53_01(index: 2, regex: "^$") [FAIL]
[xUnit.net 00:00:02.42]       System.Exception : File combinedText.xml is in the wrong format. It should be of type WeatherRecords.
[xUnit.net 00:00:02.42]       ---- System.InvalidOperationException : There is an error in XML document (1, 40).
[xUnit.net 00:00:02.42]       -------- System.InvalidOperationException : <xml xmlns='http://www.meteosvizzera.ch/rsi/VOFH08'> was not expected.
[xUnit.net 00:00:02.42]       Stack Trace:
[xUnit.net 00:00:02.42]         /Users/albayrme/Automation/maestro/Applications/MeteoRSI/MeteoRSI.Application/MetoRsiText.cs(61,0): at Maestro.MeteoRSI.Application.MetoRsiText.CreateTextWeatherPages(FileInfo fileInfo, Ep1BuilderConverterConfig config, Ep1BuilderConverterConfigFilter filter)
[xUnit.net 00:00:02.42]         /Users/albayrme/Automation/maestro/Applications/MeteoRSI/MeteoRSI.Tests/TextUnitTests.cs(267,0): at Maestro.MeteoRSI.Tests.TextUnitTests.CreateTextWeatherPages_DefaultFileInput_File_53_01(Int32 index, String regex)
[xUnit.net 00:00:02.42]         ----- Inner Stack Trace -----
[xUnit.net 00:00:02.42]            at System.Xml.Serialization.XmlSerializer.Deserialize(XmlReader xmlReader, String encodingStyle, XmlDeserializationEvents events)
[xUnit.net 00:00:02.42]            at System.Xml.Serialization.XmlSerializer.Deserialize(TextReader textReader)
[xUnit.net 00:00:02.42]         /Users/albayrme/Automation/maestro/Core/Maestro.Core/Helpers/XmlHelper.cs(37,0): at Maestro.Core.Helpers.XmlHelper.Deserialize[T](String content)
[xUnit.net 00:00:02.42]         /Users/albayrme/Automation/maestro/Applications/MeteoRSI/MeteoRSI.Application/MetoRsiText.cs(31,0): at Maestro.MeteoRSI.Application.MetoRsiText.CreateTextWeatherPages(FileInfo fileInfo, Ep1BuilderConverterConfig config, Ep1BuilderConverterConfigFilter filter)
[xUnit.net 00:00:02.42]         ----- Inner Stack Trace -----
[xUnit.net 00:00:02.42]            at Microsoft.Xml.Serialization.GeneratedAssembly.XmlSerializationReaderWeatherRecords.Read9_xml()
  Failed Maestro.MeteoRSI.Tests.GraphicalUnitTest.CreateGraphicalWeatherPages_DefaultFileInput_File_58_02(index: 11, regex: "^\\/\\s+\\/\\s+\\/$") [3 ms]
  Error Message:
   System.NullReferenceException : Object reference not set to an instance of an object.
  Stack Trace:
     at Maestro.MeteoRSI.Application.MeteoRsiGraphic.CreateGraphicalWeatherPages(FileInfo fileInfo, Ep1BuilderConverterConfig config, Ep1BuilderConverterConfigFilter filter) in /Users/albayrme/Automation/maestro/Applications/MeteoRSI/MeteoRSI.Application/MeteoRsiGraphic.cs:line 24
   at Maestro.MeteoRSI.Tests.GraphicalUnitTest.CreateGraphicalWeatherPages_DefaultFileInput_File_58_02(Int32 index, String regex) in /Users/albayrme/Automation/maestro/Applications/MeteoRSI/MeteoRSI.Tests/GraphicalUnitTest.cs:line 190
  Failed Maestro.MeteoRSI.Tests.TextUnitTests.CreateTextWeatherPages_DefaultFileInput_File_53_01(index: 4, regex: "^Settore prealpino e padano$") [4 ms]
  Error Message:
   System.Exception : File combinedText.xml is in the wrong format. It should be of type WeatherRecords.
---- System.InvalidOperationException : There is an error in XML document (1, 40).
-------- System.InvalidOperationException : <xml xmlns='http://www.meteosvizzera.ch/rsi/VOFH08'> was not expected.
  Stack Trace:
     at Maestro.MeteoRSI.Application.MetoRsiText.CreateTextWeatherPages(FileInfo fileInfo, Ep1BuilderConverterConfig config, Ep1BuilderConverterConfigFilter filter) in /Users/albayrme/Automation/maestro/Applications/MeteoRSI/MeteoRSI.Application/MetoRsiText.cs:line 61
   at Maestro.MeteoRSI.Tests.TextUnitTests.CreateTextWeatherPages_DefaultFileInput_File_53_01(Int32 index, String regex) in /Users/albayrme/Automation/maestro/Applications/MeteoRSI/MeteoRSI.Tests/TextUnitTests.cs:line 267
----- Inner Stack Trace -----
   at System.Xml.Serialization.XmlSerializer.Deserialize(XmlReader xmlReader, String encodingStyle, XmlDeserializationEvents events)
   at System.Xml.Serialization.XmlSerializer.Deserialize(TextReader textReader)
   at Maestro.Core.Helpers.XmlHelper.Deserialize[T](String content) in /Users/albayrme/Automation/maestro/Core/Maestro.Core/Helpers/XmlHelper.cs:line 37
   at Maestro.MeteoRSI.Application.MetoRsiText.CreateTextWeatherPages(FileInfo fileInfo, Ep1BuilderConverterConfig config, Ep1BuilderConverterConfigFilter filter) in /Users/albayrme/Automation/maestro/Applications/MeteoRSI/MeteoRSI.Application/MetoRsiText.cs:line 31
----- Inner Stack Trace -----
   at Microsoft.Xml.Serialization.GeneratedAssembly.XmlSerializationReaderWeatherRecords.Read9_xml()
  Failed Maestro.MeteoRSI.Tests.GraphicalUnitTest.CreateGraphicalWeatherPages_DefaultFileInput_File_58_02(index: 5, regex: "^Venerdì\\s+Sabato\\s+Domenica$") [1 ms]
  Error Message:
   System.NullReferenceException : Object reference not set to an instance of an object.
  Stack Trace:
     at Maestro.MeteoRSI.Application.MeteoRsiGraphic.CreateGraphicalWeatherPages(FileInfo fileInfo, Ep1BuilderConverterConfig config, Ep1BuilderConverterConfigFilter filter) in /Users/albayrme/Automation/maestro/Applications/MeteoRSI/MeteoRSI.Application/MeteoRsiGraphic.cs:line 24
   at Maestro.MeteoRSI.Tests.GraphicalUnitTest.CreateGraphicalWeatherPages_DefaultFileInput_File_58_02(Int32 index, String regex) in /Users/albayrme/Automation/maestro/Applications/MeteoRSI/MeteoRSI.Tests/GraphicalUnitTest.cs:line 190
  Failed Maestro.MeteoRSI.Tests.TextUnitTests.CreateTextWeatherPages_DefaultFileInput_File_53_01(index: 12, regex: "^[a-zA-Z0-9_\\-\\[\\.]*") [2 ms]
  Error Message:
   System.Exception : File combinedText.xml is in the wrong format. It should be of type WeatherRecords.
---- System.InvalidOperationException : There is an error in XML document (1, 40).
-------- System.InvalidOperationException : <xml xmlns='http://www.meteosvizzera.ch/rsi/VOFH08'> was not expected.
  Stack Trace:
     at Maestro.MeteoRSI.Application.MetoRsiText.CreateTextWeatherPages(FileInfo fileInfo, Ep1BuilderConverterConfig config, Ep1BuilderConverterConfigFilter filter) in /Users/albayrme/Automation/maestro/Applications/MeteoRSI/MeteoRSI.Application/MetoRsiText.cs:line 61
   at Maestro.MeteoRSI.Tests.TextUnitTests.CreateTextWeatherPages_DefaultFileInput_File_53_01(Int32 index, String regex) in /Users/albayrme/Automation/maestro/Applications/MeteoRSI/MeteoRSI.Tests/TextUnitTests.cs:line 267
----- Inner Stack Trace -----
   at System.Xml.Serialization.XmlSerializer.Deserialize(XmlReader xmlReader, String encodingStyle, XmlDeserializationEvents events)
   at System.Xml.Serialization.XmlSerializer.Deserialize(TextReader textReader)
   at Maestro.Core.Helpers.XmlHelper.Deserialize[T](String content) in /Users/albayrme/Automation/maestro/Core/Maestro.Core/Helpers/XmlHelper.cs:line 37
   at Maestro.MeteoRSI.Application.MetoRsiText.CreateTextWeatherPages(FileInfo fileInfo, Ep1BuilderConverterConfig config, Ep1BuilderConverterConfigFilter filter) in /Users/albayrme/Automation/maestro/Applications/MeteoRSI/MeteoRSI.Application/MetoRsiText.cs:line 31
----- Inner Stack Trace -----
   at Microsoft.Xml.Serialization.GeneratedAssembly.XmlSerializationReaderWeatherRecords.Read9_xml()
  Failed Maestro.MeteoRSI.Tests.GraphicalUnitTest.CreateGraphicalWeatherPages_DefaultFileInput_File_58_02(index: 0, regex: "^$") [1 ms]
  Error Message:
   System.NullReferenceException : Object reference not set to an instance of an object.
  Stack Trace:
     at Maestro.MeteoRSI.Application.MeteoRsiGraphic.CreateGraphicalWeatherPages(FileInfo fileInfo, Ep1BuilderConverterConfig config, Ep1BuilderConverterConfigFilter filter) in /Users/albayrme/Automation/maestro/Applications/MeteoRSI/MeteoRSI.Application/MeteoRsiGraphic.cs:line 24
   at Maestro.MeteoRSI.Tests.GraphicalUnitTest.CreateGraphicalWeatherPages_DefaultFileInput_File_58_02(Int32 index, String regex) in /Users/albayrme/Automation/maestro/Applications/MeteoRSI/MeteoRSI.Tests/GraphicalUnitTest.cs:line 190
  Failed Maestro.MeteoRSI.Tests.GraphicalUnitTest.CreateGraphicalWeatherPages_DefaultFileInput_File_58_02(index: 14, regex: "^con\\s+rovesci\\s+Abbastanza\\s+in\\s+alta$") [1 ms]
  Error Message:
   System.NullReferenceException : Object reference not set to an instance of an object.
  Stack Trace:
     at Maestro.MeteoRSI.Application.MeteoRsiGraphic.CreateGraphicalWeatherPages(FileInfo fileInfo, Ep1BuilderConverterConfig config, Ep1BuilderConverterConfigFilter filter) in /Users/albayrme/Automation/maestro/Applications/MeteoRSI/MeteoRSI.Application/MeteoRsiGraphic.cs:line 24
   at Maestro.MeteoRSI.Tests.GraphicalUnitTest.CreateGraphicalWeatherPages_DefaultFileInput_File_58_02(Int32 index, String regex) in /Users/albayrme/Automation/maestro/Applications/MeteoRSI/MeteoRSI.Tests/GraphicalUnitTest.cs:line 190
  Failed Maestro.MeteoRSI.Tests.TextUnitTests.CreateTextWeatherPages_DefaultFileInput_File_53_01(index: 15, regex: "^[a-zA-Z0-9_\\-\\[\\.]*") [2 ms]
  Error Message:
   System.Exception : File combinedText.xml is in the wrong format. It should be of type WeatherRecords.
---- System.InvalidOperationException : There is an error in XML document (1, 40).
-------- System.InvalidOperationException : <xml xmlns='http://www.meteosvizzera.ch/rsi/VOFH08'> was not expected.
  Stack Trace:
     at Maestro.MeteoRSI.Application.MetoRsiText.CreateTextWeatherPages(FileInfo fileInfo, Ep1BuilderConverterConfig config, Ep1BuilderConverterConfigFilter filter) in /Users/albayrme/Automation/maestro/Applications/MeteoRSI/MeteoRSI.Application/MetoRsiText.cs:line 61
   at Maestro.MeteoRSI.Tests.TextUnitTests.CreateTextWeatherPages_DefaultFileInput_File_53_01(Int32 index, String regex) in /Users/albayrme/Automation/maestro/Applications/MeteoRSI/MeteoRSI.Tests/TextUnitTests.cs:line 267
----- Inner Stack Trace -----
   at System.Xml.Serialization.XmlSerializer.Deserialize(XmlReader xmlReader, String encodingStyle, XmlDeserializationEvents events)
   at System.Xml.Serialization.XmlSerializer.Deserialize(TextReader textReader)
   at Maestro.Core.Helpers.XmlHelper.Deserialize[T](String content) in /Users/albayrme/Automation/maestro/Core/Maestro.Core/Helpers/XmlHelper.cs:line 37
   at Maestro.MeteoRSI.Application.MetoRsiText.CreateTextWeatherPages(FileInfo fileInfo, Ep1BuilderConverterConfig config, Ep1BuilderConverterConfigFilter filter) in /Users/albayrme/Automation/maestro/Applications/MeteoRSI/MeteoRSI.Application/MetoRsiText.cs:line 31
----- Inner Stack Trace -----
   at Microsoft.Xml.Serialization.GeneratedAssembly.XmlSerializationReaderWeatherRecords.Read9_xml()
  Failed Maestro.MeteoRSI.Tests.TextUnitTests.CreateTextWeatherPages_DefaultFileInput_File_53_01(index: 2, regex: "^$") [1 ms]
  Error Message:
   System.Exception : File combinedText.xml is in the wrong format. It should be of type WeatherRecords.
---- System.InvalidOperationException : There is an error in XML document (1, 40).
-------- System.InvalidOperationException : <xml xmlns='http://www.meteosvizzera.ch/rsi/VOFH08'> was not expected.
  Stack Trace:
     at Maestro.MeteoRSI.Application.MetoRsiText.CreateTextWeatherPages(FileInfo fileInfo, Ep1BuilderConverterConfig config, Ep1BuilderConverterConfigFilter filter) in /Users/albayrme/Automation/maestro/Applications/MeteoRSI/MeteoRSI.Application/MetoRsiText.cs:line 61
   at Maestro.MeteoRSI.Tests.TextUnitTests.CreateTextWeatherPages_DefaultFileInput_File_53_01(Int32 index, String regex) in /Users/albayrme/Automation/maestro/Applications/MeteoRSI/MeteoRSI.Tests/TextUnitTests.cs:line 267
----- Inner Stack Trace -----
   at System.Xml.Serialization.XmlSerializer.Deserialize(XmlReader xmlReader, String encodingStyle, XmlDeserializationEvents events)
   at System.Xml.Serialization.XmlSerializer.Deserialize(TextReader textReader)
   at Maestro.Core.Helpers.XmlHelper.Deserialize[T](String content) in /Users/albayrme/Automation/maestro/Core/Maestro.Core/Helpers/XmlHelper.cs:line 37
   at Maestro.MeteoRSI.Application.MetoRsiText.CreateTextWeatherPages(FileInfo fileInfo, Ep1BuilderConverterConfig config, Ep1BuilderConverterConfigFilter filter) in /Users/albayrme/Automation/maestro/Applications/MeteoRSI/MeteoRSI.Application/MetoRsiText.cs:line 31
----- Inner Stack Trace -----
   at Microsoft.Xml.Serialization.GeneratedAssembly.XmlSerializationReaderWeatherRecords.Read9_xml()
[xUnit.net 00:00:02.42]     Maestro.MeteoRSI.Tests.TextUnitTests.CreateTextWeatherPages_DefaultFileInput_File_53_01(index: 19, regex: "^$") [FAIL]
[xUnit.net 00:00:02.42]       System.Exception : File combinedText.xml is in the wrong format. It should be of type WeatherRecords.
[xUnit.net 00:00:02.42]       ---- System.InvalidOperationException : There is an error in XML document (1, 40).
[xUnit.net 00:00:02.42]       -------- System.InvalidOperationException : <xml xmlns='http://www.meteosvizzera.ch/rsi/VOFH08'> was not expected.
[xUnit.net 00:00:02.42]       Stack Trace:
[xUnit.net 00:00:02.42]         /Users/albayrme/Automation/maestro/Applications/MeteoRSI/MeteoRSI.Application/MetoRsiText.cs(61,0): at Maestro.MeteoRSI.Application.MetoRsiText.CreateTextWeatherPages(FileInfo fileInfo, Ep1BuilderConverterConfig config, Ep1BuilderConverterConfigFilter filter)
[xUnit.net 00:00:02.42]         /Users/albayrme/Automation/maestro/Applications/MeteoRSI/MeteoRSI.Tests/TextUnitTests.cs(267,0): at Maestro.MeteoRSI.Tests.TextUnitTests.CreateTextWeatherPages_DefaultFileInput_File_53_01(Int32 index, String regex)
[xUnit.net 00:00:02.42]         ----- Inner Stack Trace -----
[xUnit.net 00:00:02.42]            at System.Xml.Serialization.XmlSerializer.Deserialize(XmlReader xmlReader, String encodingStyle, XmlDeserializationEvents events)
[xUnit.net 00:00:02.42]            at System.Xml.Serialization.XmlSerializer.Deserialize(TextReader textReader)
[xUnit.net 00:00:02.42]         /Users/albayrme/Automation/maestro/Core/Maestro.Core/Helpers/XmlHelper.cs(37,0): at Maestro.Core.Helpers.XmlHelper.Deserialize[T](String content)
[xUnit.net 00:00:02.42]         /Users/albayrme/Automation/maestro/Applications/MeteoRSI/MeteoRSI.Application/MetoRsiText.cs(31,0): at Maestro.MeteoRSI.Application.MetoRsiText.CreateTextWeatherPages(FileInfo fileInfo, Ep1BuilderConverterConfig config, Ep1BuilderConverterConfigFilter filter)
[xUnit.net 00:00:02.42]         ----- Inner Stack Trace -----
[xUnit.net 00:00:02.42]            at Microsoft.Xml.Serialization.GeneratedAssembly.XmlSerializationReaderWeatherRecords.Read9_xml()
[xUnit.net 00:00:02.42]     Maestro.MeteoRSI.Tests.GraphicalUnitTest.CombineXml_DefaultInput_CombindedXmlFile [FAIL]
[xUnit.net 00:00:02.42]       Assert.True() Failure
[xUnit.net 00:00:02.42]       Expected: True
[xUnit.net 00:00:02.42]       Actual:   False
[xUnit.net 00:00:02.42]       Stack Trace:
[xUnit.net 00:00:02.42]         /Users/albayrme/Automation/maestro/Applications/MeteoRSI/MeteoRSI.Tests/GraphicalUnitTest.cs(41,0): at Maestro.MeteoRSI.Tests.GraphicalUnitTest.CombineXml_DefaultInput_CombindedXmlFile()
[xUnit.net 00:00:02.42]     Maestro.MeteoRSI.Tests.TextUnitTests.CreateTextWeatherPages_DefaultFileInput_File_53_01(index: 3, regex: "^Ore 07:00\\s+\\(prossima: 12:00\\)$") [FAIL]
[xUnit.net 00:00:02.42]       System.Exception : File combinedText.xml is in the wrong format. It should be of type WeatherRecords.
[xUnit.net 00:00:02.42]       ---- System.InvalidOperationException : There is an error in XML document (1, 40).
[xUnit.net 00:00:02.42]       -------- System.InvalidOperationException : <xml xmlns='http://www.meteosvizzera.ch/rsi/VOFH08'> was not expected.
[xUnit.net 00:00:02.42]       Stack Trace:
[xUnit.net 00:00:02.42]         /Users/albayrme/Automation/maestro/Applications/MeteoRSI/MeteoRSI.Application/MetoRsiText.cs(61,0): at Maestro.MeteoRSI.Application.MetoRsiText.CreateTextWeatherPages(FileInfo fileInfo, Ep1BuilderConverterConfig config, Ep1BuilderConverterConfigFilter filter)
[xUnit.net 00:00:02.42]         /Users/albayrme/Automation/maestro/Applications/MeteoRSI/MeteoRSI.Tests/TextUnitTests.cs(267,0): at Maestro.MeteoRSI.Tests.TextUnitTests.CreateTextWeatherPages_DefaultFileInput_File_53_01(Int32 index, String regex)
[xUnit.net 00:00:02.42]         ----- Inner Stack Trace -----
[xUnit.net 00:00:02.42]            at System.Xml.Serialization.XmlSerializer.Deserialize(XmlReader xmlReader, String encodingStyle, XmlDeserializationEvents events)
[xUnit.net 00:00:02.42]            at System.Xml.Serialization.XmlSerializer.Deserialize(TextReader textReader)
[xUnit.net 00:00:02.42]         /Users/albayrme/Automation/maestro/Core/Maestro.Core/Helpers/XmlHelper.cs(37,0): at Maestro.Core.Helpers.XmlHelper.Deserialize[T](String content)
[xUnit.net 00:00:02.42]         /Users/albayrme/Automation/maestro/Applications/MeteoRSI/MeteoRSI.Application/MetoRsiText.cs(31,0): at Maestro.MeteoRSI.Application.MetoRsiText.CreateTextWeatherPages(FileInfo fileInfo, Ep1BuilderConverterConfig config, Ep1BuilderConverterConfigFilter filter)
[xUnit.net 00:00:02.42]         ----- Inner Stack Trace -----
[xUnit.net 00:00:02.42]            at Microsoft.Xml.Serialization.GeneratedAssembly.XmlSerializationReaderWeatherRecords.Read9_xml()
[xUnit.net 00:00:02.42]     Maestro.MeteoRSI.Tests.TextUnitTests.CreateTextWeatherPages_DefaultFileInput_File_53_01(index: 9, regex: "^[a-zA-Z0-9_\\-\\[\\.]*") [FAIL]
[xUnit.net 00:00:02.42]       System.Exception : File combinedText.xml is in the wrong format. It should be of type WeatherRecords.
[xUnit.net 00:00:02.42]       ---- System.InvalidOperationException : There is an error in XML document (1, 40).
[xUnit.net 00:00:02.42]       -------- System.InvalidOperationException : <xml xmlns='http://www.meteosvizzera.ch/rsi/VOFH08'> was not expected.
[xUnit.net 00:00:02.42]       Stack Trace:
[xUnit.net 00:00:02.42]         /Users/albayrme/Automation/maestro/Applications/MeteoRSI/MeteoRSI.Application/MetoRsiText.cs(61,0): at Maestro.MeteoRSI.Application.MetoRsiText.CreateTextWeatherPages(FileInfo fileInfo, Ep1BuilderConverterConfig config, Ep1BuilderConverterConfigFilter filter)
[xUnit.net 00:00:02.42]         /Users/albayrme/Automation/maestro/Applications/MeteoRSI/MeteoRSI.Tests/TextUnitTests.cs(267,0): at Maestro.MeteoRSI.Tests.TextUnitTests.CreateTextWeatherPages_DefaultFileInput_File_53_01(Int32 index, String regex)
[xUnit.net 00:00:02.42]         ----- Inner Stack Trace -----
[xUnit.net 00:00:02.42]            at System.Xml.Serialization.XmlSerializer.Deserialize(XmlReader xmlReader, String encodingStyle, XmlDeserializationEvents events)
[xUnit.net 00:00:02.42]            at System.Xml.Serialization.XmlSerializer.Deserialize(TextReader textReader)
[xUnit.net 00:00:02.42]         /Users/albayrme/Automation/maestro/Core/Maestro.Core/Helpers/XmlHelper.cs(37,0): at Maestro.Core.Helpers.XmlHelper.Deserialize[T](String content)
[xUnit.net 00:00:02.42]         /Users/albayrme/Automation/maestro/Applications/MeteoRSI/MeteoRSI.Application/MetoRsiText.cs(31,0): at Maestro.MeteoRSI.Application.MetoRsiText.CreateTextWeatherPages(FileInfo fileInfo, Ep1BuilderConverterConfig config, Ep1BuilderConverterConfigFilter filter)
[xUnit.net 00:00:02.43]         ----- Inner Stack Trace -----
[xUnit.net 00:00:02.43]            at Microsoft.Xml.Serialization.GeneratedAssembly.XmlSerializationReaderWeatherRecords.Read9_xml()
[xUnit.net 00:00:02.43]     Maestro.MeteoRSI.Tests.TextUnitTests.CreateTextWeatherPages_DefaultFileInput_File_53_01(index: 18, regex: "^$") [FAIL]
[xUnit.net 00:00:02.43]       System.Exception : File combinedText.xml is in the wrong format. It should be of type WeatherRecords.
[xUnit.net 00:00:02.43]       ---- System.InvalidOperationException : There is an error in XML document (1, 40).
[xUnit.net 00:00:02.43]       -------- System.InvalidOperationException : <xml xmlns='http://www.meteosvizzera.ch/rsi/VOFH08'> was not expected.
[xUnit.net 00:00:02.43]       Stack Trace:
[xUnit.net 00:00:02.43]         /Users/albayrme/Automation/maestro/Applications/MeteoRSI/MeteoRSI.Application/MetoRsiText.cs(61,0): at Maestro.MeteoRSI.Application.MetoRsiText.CreateTextWeatherPages(FileInfo fileInfo, Ep1BuilderConverterConfig config, Ep1BuilderConverterConfigFilter filter)
[xUnit.net 00:00:02.43]         /Users/albayrme/Automation/maestro/Applications/MeteoRSI/MeteoRSI.Tests/TextUnitTests.cs(267,0): at Maestro.MeteoRSI.Tests.TextUnitTests.CreateTextWeatherPages_DefaultFileInput_File_53_01(Int32 index, String regex)
[xUnit.net 00:00:02.43]         ----- Inner Stack Trace -----
[xUnit.net 00:00:02.43]            at System.Xml.Serialization.XmlSerializer.Deserialize(XmlReader xmlReader, String encodingStyle, XmlDeserializationEvents events)
[xUnit.net 00:00:02.43]            at System.Xml.Serialization.XmlSerializer.Deserialize(TextReader textReader)
[xUnit.net 00:00:02.43]         /Users/albayrme/Automation/maestro/Core/Maestro.Core/Helpers/XmlHelper.cs(37,0): at Maestro.Core.Helpers.XmlHelper.Deserialize[T](String content)
[xUnit.net 00:00:02.43]         /Users/albayrme/Automation/maestro/Applications/MeteoRSI/MeteoRSI.Application/MetoRsiText.cs(31,0): at Maestro.MeteoRSI.Application.MetoRsiText.CreateTextWeatherPages(FileInfo fileInfo, Ep1BuilderConverterConfig config, Ep1BuilderConverterConfigFilter filter)
[xUnit.net 00:00:02.43]         ----- Inner Stack Trace -----
[xUnit.net 00:00:02.43]            at Microsoft.Xml.Serialization.GeneratedAssembly.XmlSerializationReaderWeatherRecords.Read9_xml()
[xUnit.net 00:00:02.43]     Maestro.MeteoRSI.Tests.TextUnitTests.CreateTextWeatherPages_DefaultFileInput_File_53_01(index: 5, regex: "^$") [FAIL]
[xUnit.net 00:00:02.43]       System.Exception : File combinedText.xml is in the wrong format. It should be of type WeatherRecords.
[xUnit.net 00:00:02.43]       ---- System.InvalidOperationException : There is an error in XML document (1, 40).
[xUnit.net 00:00:02.43]       -------- System.InvalidOperationException : <xml xmlns='http://www.meteosvizzera.ch/rsi/VOFH08'> was not expected.
[xUnit.net 00:00:02.43]       Stack Trace:
[xUnit.net 00:00:02.43]         /Users/albayrme/Automation/maestro/Applications/MeteoRSI/MeteoRSI.Application/MetoRsiText.cs(61,0): at Maestro.MeteoRSI.Application.MetoRsiText.CreateTextWeatherPages(FileInfo fileInfo, Ep1BuilderConverterConfig config, Ep1BuilderConverterConfigFilter filter)
[xUnit.net 00:00:02.43]         /Users/albayrme/Automation/maestro/Applications/MeteoRSI/MeteoRSI.Tests/TextUnitTests.cs(267,0): at Maestro.MeteoRSI.Tests.TextUnitTests.CreateTextWeatherPages_DefaultFileInput_File_53_01(Int32 index, String regex)
[xUnit.net 00:00:02.43]         ----- Inner Stack Trace -----
[xUnit.net 00:00:02.43]            at System.Xml.Serialization.XmlSerializer.Deserialize(XmlReader xmlReader, String encodingStyle, XmlDeserializationEvents events)
[xUnit.net 00:00:02.43]            at System.Xml.Serialization.XmlSerializer.Deserialize(TextReader textReader)
[xUnit.net 00:00:02.43]         /Users/albayrme/Automation/maestro/Core/Maestro.Core/Helpers/XmlHelper.cs(37,0): at Maestro.Core.Helpers.XmlHelper.Deserialize[T](String content)
[xUnit.net 00:00:02.43]         /Users/albayrme/Automation/maestro/Applications/MeteoRSI/MeteoRSI.Application/MetoRsiText.cs(31,0): at Maestro.MeteoRSI.Application.MetoRsiText.CreateTextWeatherPages(FileInfo fileInfo, Ep1BuilderConverterConfig config, Ep1BuilderConverterConfigFilter filter)
[xUnit.net 00:00:02.43]         ----- Inner Stack Trace -----
[xUnit.net 00:00:02.43]            at Microsoft.Xml.Serialization.GeneratedAssembly.XmlSerializationReaderWeatherRecords.Read9_xml()
[xUnit.net 00:00:02.43]     Maestro.MeteoRSI.Tests.TextUnitTests.CreateTextWeatherPages_DefaultFileInput_File_53_01(index: 16, regex: "^[a-zA-Z0-9_\\-\\[\\.]*") [FAIL]
[xUnit.net 00:00:02.43]       System.Exception : File combinedText.xml is in the wrong format. It should be of type WeatherRecords.
[xUnit.net 00:00:02.43]       ---- System.InvalidOperationException : There is an error in XML document (1, 40).
[xUnit.net 00:00:02.43]       -------- System.InvalidOperationException : <xml xmlns='http://www.meteosvizzera.ch/rsi/VOFH08'> was not expected.
[xUnit.net 00:00:02.43]       Stack Trace:
[xUnit.net 00:00:02.43]         /Users/albayrme/Automation/maestro/Applications/MeteoRSI/MeteoRSI.Application/MetoRsiText.cs(61,0): at Maestro.MeteoRSI.Application.MetoRsiText.CreateTextWeatherPages(FileInfo fileInfo, Ep1BuilderConverterConfig config, Ep1BuilderConverterConfigFilter filter)
[xUnit.net 00:00:02.43]         /Users/albayrme/Automation/maestro/Applications/MeteoRSI/MeteoRSI.Tests/TextUnitTests.cs(267,0): at Maestro.MeteoRSI.Tests.TextUnitTests.CreateTextWeatherPages_DefaultFileInput_File_53_01(Int32 index, String regex)
[xUnit.net 00:00:02.43]         ----- Inner Stack Trace -----
[xUnit.net 00:00:02.43]            at System.Xml.Serialization.XmlSerializer.Deserialize(XmlReader xmlReader, String encodingStyle, XmlDeserializationEvents events)
[xUnit.net 00:00:02.43]            at System.Xml.Serialization.XmlSerializer.Deserialize(TextReader textReader)
[xUnit.net 00:00:02.43]         /Users/albayrme/Automation/maestro/Core/Maestro.Core/Helpers/XmlHelper.cs(37,0): at Maestro.Core.Helpers.XmlHelper.Deserialize[T](String content)
[xUnit.net 00:00:02.43]         /Users/albayrme/Automation/maestro/Applications/MeteoRSI/MeteoRSI.Application/MetoRsiText.cs(31,0): at Maestro.MeteoRSI.Application.MetoRsiText.CreateTextWeatherPages(FileInfo fileInfo, Ep1BuilderConverterConfig config, Ep1BuilderConverterConfigFilter filter)
[xUnit.net 00:00:02.43]         ----- Inner Stack Trace -----
[xUnit.net 00:00:02.43]            at Microsoft.Xml.Serialization.GeneratedAssembly.XmlSerializationReaderWeatherRecords.Read9_xml()
[xUnit.net 00:00:02.44]     Maestro.MeteoRSI.Tests.TextUnitTests.CreateTextWeatherPages_DefaultFileInput_File_53_01(index: 14, regex: "^Varesotto e Brianza$") [FAIL]
[xUnit.net 00:00:02.44]       System.Exception : File combinedText.xml is in the wrong format. It should be of type WeatherRecords.
[xUnit.net 00:00:02.44]       ---- System.InvalidOperationException : There is an error in XML document (1, 40).
[xUnit.net 00:00:02.44]       -------- System.InvalidOperationException : <xml xmlns='http://www.meteosvizzera.ch/rsi/VOFH08'> was not expected.
[xUnit.net 00:00:02.44]       Stack Trace:
[xUnit.net 00:00:02.44]         /Users/albayrme/Automation/maestro/Applications/MeteoRSI/MeteoRSI.Application/MetoRsiText.cs(61,0): at Maestro.MeteoRSI.Application.MetoRsiText.CreateTextWeatherPages(FileInfo fileInfo, Ep1BuilderConverterConfig config, Ep1BuilderConverterConfigFilter filter)
[xUnit.net 00:00:02.44]         /Users/albayrme/Automation/maestro/Applications/MeteoRSI/MeteoRSI.Tests/TextUnitTests.cs(267,0): at Maestro.MeteoRSI.Tests.TextUnitTests.CreateTextWeatherPages_DefaultFileInput_File_53_01(Int32 index, String regex)
[xUnit.net 00:00:02.44]         ----- Inner Stack Trace -----
[xUnit.net 00:00:02.44]            at System.Xml.Serialization.XmlSerializer.Deserialize(XmlReader xmlReader, String encodingStyle, XmlDeserializationEvents events)
[xUnit.net 00:00:02.44]            at System.Xml.Serialization.XmlSerializer.Deserialize(TextReader textReader)
[xUnit.net 00:00:02.44]         /Users/albayrme/Automation/maestro/Core/Maestro.Core/Helpers/XmlHelper.cs(37,0): at Maestro.Core.Helpers.XmlHelper.Deserialize[T](String content)
[xUnit.net 00:00:02.44]         /Users/albayrme/Automation/maestro/Applications/MeteoRSI/MeteoRSI.Application/MetoRsiText.cs(31,0): at Maestro.MeteoRSI.Application.MetoRsiText.CreateTextWeatherPages(FileInfo fileInfo, Ep1BuilderConverterConfig config, Ep1BuilderConverterConfigFilter filter)
[xUnit.net 00:00:02.44]         ----- Inner Stack Trace -----
[xUnit.net 00:00:02.44]            at Microsoft.Xml.Serialization.GeneratedAssembly.XmlSerializationReaderWeatherRecords.Read9_xml()
[xUnit.net 00:00:02.44]     Maestro.MeteoRSI.Tests.TextUnitTests.CreateTextWeatherPages_DefaultFileInput_File_53_01(index: 1, regex: "^Previsioni$") [FAIL]
[xUnit.net 00:00:02.44]       System.Exception : File combinedText.xml is in the wrong format. It should be of type WeatherRecords.
[xUnit.net 00:00:02.44]       ---- System.InvalidOperationException : There is an error in XML document (1, 40).
[xUnit.net 00:00:02.44]       -------- System.InvalidOperationException : <xml xmlns='http://www.meteosvizzera.ch/rsi/VOFH08'> was not expected.
[xUnit.net 00:00:02.44]       Stack Trace:
[xUnit.net 00:00:02.44]         /Users/albayrme/Automation/maestro/Applications/MeteoRSI/MeteoRSI.Application/MetoRsiText.cs(61,0): at Maestro.MeteoRSI.Application.MetoRsiText.CreateTextWeatherPages(FileInfo fileInfo, Ep1BuilderConverterConfig config, Ep1BuilderConverterConfigFilter filter)
[xUnit.net 00:00:02.44]         /Users/albayrme/Automation/maestro/Applications/MeteoRSI/MeteoRSI.Tests/TextUnitTests.cs(267,0): at Maestro.MeteoRSI.Tests.TextUnitTests.CreateTextWeatherPages_DefaultFileInput_File_53_01(Int32 index, String regex)
[xUnit.net 00:00:02.44]         ----- Inner Stack Trace -----
[xUnit.net 00:00:02.44]            at System.Xml.Serialization.XmlSerializer.Deserialize(XmlReader xmlReader, String encodingStyle, XmlDeserializationEvents events)
[xUnit.net 00:00:02.44]            at System.Xml.Serialization.XmlSerializer.Deserialize(TextReader textReader)
[xUnit.net 00:00:02.44]         /Users/albayrme/Automation/maestro/Core/Maestro.Core/Helpers/XmlHelper.cs(37,0): at Maestro.Core.Helpers.XmlHelper.Deserialize[T](String content)
[xUnit.net 00:00:02.44]         /Users/albayrme/Automation/maestro/Applications/MeteoRSI/MeteoRSI.Application/MetoRsiText.cs(31,0): at Maestro.MeteoRSI.Application.MetoRsiText.CreateTextWeatherPages(FileInfo fileInfo, Ep1BuilderConverterConfig config, Ep1BuilderConverterConfigFilter filter)
[xUnit.net 00:00:02.44]         ----- Inner Stack Trace -----
[xUnit.net 00:00:02.44]            at Microsoft.Xml.Serialization.GeneratedAssembly.XmlSerializationReaderWeatherRecords.Read9_xml()
  Failed Maestro.MeteoRSI.Tests.TextUnitTests.CreateTextWeatherPages_DefaultFileInput_File_53_01(index: 19, regex: "^$") [2 ms]
  Error Message:
   System.Exception : File combinedText.xml is in the wrong format. It should be of type WeatherRecords.
---- System.InvalidOperationException : There is an error in XML document (1, 40).
-------- System.InvalidOperationException : <xml xmlns='http://www.meteosvizzera.ch/rsi/VOFH08'> was not expected.
  Stack Trace:
     at Maestro.MeteoRSI.Application.MetoRsiText.CreateTextWeatherPages(FileInfo fileInfo, Ep1BuilderConverterConfig config, Ep1BuilderConverterConfigFilter filter) in /Users/albayrme/Automation/maestro/Applications/MeteoRSI/MeteoRSI.Application/MetoRsiText.cs:line 61
   at Maestro.MeteoRSI.Tests.TextUnitTests.CreateTextWeatherPages_DefaultFileInput_File_53_01(Int32 index, String regex) in /Users/albayrme/Automation/maestro/Applications/MeteoRSI/MeteoRSI.Tests/TextUnitTests.cs:line 267
----- Inner Stack Trace -----
   at System.Xml.Serialization.XmlSerializer.Deserialize(XmlReader xmlReader, String encodingStyle, XmlDeserializationEvents events)
   at System.Xml.Serialization.XmlSerializer.Deserialize(TextReader textReader)
   at Maestro.Core.Helpers.XmlHelper.Deserialize[T](String content) in /Users/albayrme/Automation/maestro/Core/Maestro.Core/Helpers/XmlHelper.cs:line 37
   at Maestro.MeteoRSI.Application.MetoRsiText.CreateTextWeatherPages(FileInfo fileInfo, Ep1BuilderConverterConfig config, Ep1BuilderConverterConfigFilter filter) in /Users/albayrme/Automation/maestro/Applications/MeteoRSI/MeteoRSI.Application/MetoRsiText.cs:line 31
----- Inner Stack Trace -----
   at Microsoft.Xml.Serialization.GeneratedAssembly.XmlSerializationReaderWeatherRecords.Read9_xml()
  Failed Maestro.MeteoRSI.Tests.GraphicalUnitTest.CombineXml_DefaultInput_CombindedXmlFile [5 ms]
  Error Message:
   Assert.True() Failure
Expected: True
Actual:   False
  Stack Trace:
     at Maestro.MeteoRSI.Tests.GraphicalUnitTest.CombineXml_DefaultInput_CombindedXmlFile() in /Users/albayrme/Automation/maestro/Applications/MeteoRSI/MeteoRSI.Tests/GraphicalUnitTest.cs:line 41
  Failed Maestro.MeteoRSI.Tests.TextUnitTests.CreateTextWeatherPages_DefaultFileInput_File_53_01(index: 3, regex: "^Ore 07:00\\s+\\(prossima: 12:00\\)$") [1 ms]
  Error Message:
   System.Exception : File combinedText.xml is in the wrong format. It should be of type WeatherRecords.
---- System.InvalidOperationException : There is an error in XML document (1, 40).
-------- System.InvalidOperationException : <xml xmlns='http://www.meteosvizzera.ch/rsi/VOFH08'> was not expected.
  Stack Trace:
     at Maestro.MeteoRSI.Application.MetoRsiText.CreateTextWeatherPages(FileInfo fileInfo, Ep1BuilderConverterConfig config, Ep1BuilderConverterConfigFilter filter) in /Users/albayrme/Automation/maestro/Applications/MeteoRSI/MeteoRSI.Application/MetoRsiText.cs:line 61
   at Maestro.MeteoRSI.Tests.TextUnitTests.CreateTextWeatherPages_DefaultFileInput_File_53_01(Int32 index, String regex) in /Users/albayrme/Automation/maestro/Applications/MeteoRSI/MeteoRSI.Tests/TextUnitTests.cs:line 267
----- Inner Stack Trace -----
   at System.Xml.Serialization.XmlSerializer.Deserialize(XmlReader xmlReader, String encodingStyle, XmlDeserializationEvents events)
   at System.Xml.Serialization.XmlSerializer.Deserialize(TextReader textReader)
   at Maestro.Core.Helpers.XmlHelper.Deserialize[T](String content) in /Users/albayrme/Automation/maestro/Core/Maestro.Core/Helpers/XmlHelper.cs:line 37
   at Maestro.MeteoRSI.Application.MetoRsiText.CreateTextWeatherPages(FileInfo fileInfo, Ep1BuilderConverterConfig config, Ep1BuilderConverterConfigFilter filter) in /Users/albayrme/Automation/maestro/Applications/MeteoRSI/MeteoRSI.Application/MetoRsiText.cs:line 31
----- Inner Stack Trace -----
   at Microsoft.Xml.Serialization.GeneratedAssembly.XmlSerializationReaderWeatherRecords.Read9_xml()
  Failed Maestro.MeteoRSI.Tests.TextUnitTests.CreateTextWeatherPages_DefaultFileInput_File_53_01(index: 9, regex: "^[a-zA-Z0-9_\\-\\[\\.]*") [1 ms]
  Error Message:
   System.Exception : File combinedText.xml is in the wrong format. It should be of type WeatherRecords.
---- System.InvalidOperationException : There is an error in XML document (1, 40).
-------- System.InvalidOperationException : <xml xmlns='http://www.meteosvizzera.ch/rsi/VOFH08'> was not expected.
  Stack Trace:
     at Maestro.MeteoRSI.Application.MetoRsiText.CreateTextWeatherPages(FileInfo fileInfo, Ep1BuilderConverterConfig config, Ep1BuilderConverterConfigFilter filter) in /Users/albayrme/Automation/maestro/Applications/MeteoRSI/MeteoRSI.Application/MetoRsiText.cs:line 61
   at Maestro.MeteoRSI.Tests.TextUnitTests.CreateTextWeatherPages_DefaultFileInput_File_53_01(Int32 index, String regex) in /Users/albayrme/Automation/maestro/Applications/MeteoRSI/MeteoRSI.Tests/TextUnitTests.cs:line 267
----- Inner Stack Trace -----
   at System.Xml.Serialization.XmlSerializer.Deserialize(XmlReader xmlReader, String encodingStyle, XmlDeserializationEvents events)
   at System.Xml.Serialization.XmlSerializer.Deserialize(TextReader textReader)
   at Maestro.Core.Helpers.XmlHelper.Deserialize[T](String content) in /Users/albayrme/Automation/maestro/Core/Maestro.Core/Helpers/XmlHelper.cs:line 37
   at Maestro.MeteoRSI.Application.MetoRsiText.CreateTextWeatherPages(FileInfo fileInfo, Ep1BuilderConverterConfig config, Ep1BuilderConverterConfigFilter filter) in /Users/albayrme/Automation/maestro/Applications/MeteoRSI/MeteoRSI.Application/MetoRsiText.cs:line 31
----- Inner Stack Trace -----
   at Microsoft.Xml.Serialization.GeneratedAssembly.XmlSerializationReaderWeatherRecords.Read9_xml()
  Failed Maestro.MeteoRSI.Tests.TextUnitTests.CreateTextWeatherPages_DefaultFileInput_File_53_01(index: 18, regex: "^$") [7 ms]
  Error Message:
   System.Exception : File combinedText.xml is in the wrong format. It should be of type WeatherRecords.
---- System.InvalidOperationException : There is an error in XML document (1, 40).
-------- System.InvalidOperationException : <xml xmlns='http://www.meteosvizzera.ch/rsi/VOFH08'> was not expected.
  Stack Trace:
     at Maestro.MeteoRSI.Application.MetoRsiText.CreateTextWeatherPages(FileInfo fileInfo, Ep1BuilderConverterConfig config, Ep1BuilderConverterConfigFilter filter) in /Users/albayrme/Automation/maestro/Applications/MeteoRSI/MeteoRSI.Application/MetoRsiText.cs:line 61
   at Maestro.MeteoRSI.Tests.TextUnitTests.CreateTextWeatherPages_DefaultFileInput_File_53_01(Int32 index, String regex) in /Users/albayrme/Automation/maestro/Applications/MeteoRSI/MeteoRSI.Tests/TextUnitTests.cs:line 267
----- Inner Stack Trace -----
   at System.Xml.Serialization.XmlSerializer.Deserialize(XmlReader xmlReader, String encodingStyle, XmlDeserializationEvents events)
   at System.Xml.Serialization.XmlSerializer.Deserialize(TextReader textReader)
   at Maestro.Core.Helpers.XmlHelper.Deserialize[T](String content) in /Users/albayrme/Automation/maestro/Core/Maestro.Core/Helpers/XmlHelper.cs:line 37
   at Maestro.MeteoRSI.Application.MetoRsiText.CreateTextWeatherPages(FileInfo fileInfo, Ep1BuilderConverterConfig config, Ep1BuilderConverterConfigFilter filter) in /Users/albayrme/Automation/maestro/Applications/MeteoRSI/MeteoRSI.Application/MetoRsiText.cs:line 31
----- Inner Stack Trace -----
   at Microsoft.Xml.Serialization.GeneratedAssembly.XmlSerializationReaderWeatherRecords.Read9_xml()
  Failed Maestro.MeteoRSI.Tests.TextUnitTests.CreateTextWeatherPages_DefaultFileInput_File_53_01(index: 5, regex: "^$") [1 ms]
  Error Message:
   System.Exception : File combinedText.xml is in the wrong format. It should be of type WeatherRecords.
---- System.InvalidOperationException : There is an error in XML document (1, 40).
-------- System.InvalidOperationException : <xml xmlns='http://www.meteosvizzera.ch/rsi/VOFH08'> was not expected.
  Stack Trace:
     at Maestro.MeteoRSI.Application.MetoRsiText.CreateTextWeatherPages(FileInfo fileInfo, Ep1BuilderConverterConfig config, Ep1BuilderConverterConfigFilter filter) in /Users/albayrme/Automation/maestro/Applications/MeteoRSI/MeteoRSI.Application/MetoRsiText.cs:line 61
   at Maestro.MeteoRSI.Tests.TextUnitTests.CreateTextWeatherPages_DefaultFileInput_File_53_01(Int32 index, String regex) in /Users/albayrme/Automation/maestro/Applications/MeteoRSI/MeteoRSI.Tests/TextUnitTests.cs:line 267
----- Inner Stack Trace -----
   at System.Xml.Serialization.XmlSerializer.Deserialize(XmlReader xmlReader, String encodingStyle, XmlDeserializationEvents events)
   at System.Xml.Serialization.XmlSerializer.Deserialize(TextReader textReader)
   at Maestro.Core.Helpers.XmlHelper.Deserialize[T](String content) in /Users/albayrme/Automation/maestro/Core/Maestro.Core/Helpers/XmlHelper.cs:line 37
   at Maestro.MeteoRSI.Application.MetoRsiText.CreateTextWeatherPages(FileInfo fileInfo, Ep1BuilderConverterConfig config, Ep1BuilderConverterConfigFilter filter) in /Users/albayrme/Automation/maestro/Applications/MeteoRSI/MeteoRSI.Application/MetoRsiText.cs:line 31
----- Inner Stack Trace -----
   at Microsoft.Xml.Serialization.GeneratedAssembly.XmlSerializationReaderWeatherRecords.Read9_xml()
  Failed Maestro.MeteoRSI.Tests.TextUnitTests.CreateTextWeatherPages_DefaultFileInput_File_53_01(index: 16, regex: "^[a-zA-Z0-9_\\-\\[\\.]*") [1 ms]
  Error Message:
   System.Exception : File combinedText.xml is in the wrong format. It should be of type WeatherRecords.
---- System.InvalidOperationException : There is an error in XML document (1, 40).
-------- System.InvalidOperationException : <xml xmlns='http://www.meteosvizzera.ch/rsi/VOFH08'> was not expected.
  Stack Trace:
     at Maestro.MeteoRSI.Application.MetoRsiText.CreateTextWeatherPages(FileInfo fileInfo, Ep1BuilderConverterConfig config, Ep1BuilderConverterConfigFilter filter) in /Users/albayrme/Automation/maestro/Applications/MeteoRSI/MeteoRSI.Application/MetoRsiText.cs:line 61
   at Maestro.MeteoRSI.Tests.TextUnitTests.CreateTextWeatherPages_DefaultFileInput_File_53_01(Int32 index, String regex) in /Users/albayrme/Automation/maestro/Applications/MeteoRSI/MeteoRSI.Tests/TextUnitTests.cs:line 267
----- Inner Stack Trace -----
   at System.Xml.Serialization.XmlSerializer.Deserialize(XmlReader xmlReader, String encodingStyle, XmlDeserializationEvents events)
   at System.Xml.Serialization.XmlSerializer.Deserialize(TextReader textReader)
   at Maestro.Core.Helpers.XmlHelper.Deserialize[T](String content) in /Users/albayrme/Automation/maestro/Core/Maestro.Core/Helpers/XmlHelper.cs:line 37
   at Maestro.MeteoRSI.Application.MetoRsiText.CreateTextWeatherPages(FileInfo fileInfo, Ep1BuilderConverterConfig config, Ep1BuilderConverterConfigFilter filter) in /Users/albayrme/Automation/maestro/Applications/MeteoRSI/MeteoRSI.Application/MetoRsiText.cs:line 31
----- Inner Stack Trace -----
   at Microsoft.Xml.Serialization.GeneratedAssembly.XmlSerializationReaderWeatherRecords.Read9_xml()
  Failed Maestro.MeteoRSI.Tests.TextUnitTests.CreateTextWeatherPages_DefaultFileInput_File_53_01(index: 14, regex: "^Varesotto e Brianza$") [1 ms]
  Error Message:
   System.Exception : File combinedText.xml is in the wrong format. It should be of type WeatherRecords.
---- System.InvalidOperationException : There is an error in XML document (1, 40).
-------- System.InvalidOperationException : <xml xmlns='http://www.meteosvizzera.ch/rsi/VOFH08'> was not expected.
  Stack Trace:
     at Maestro.MeteoRSI.Application.MetoRsiText.CreateTextWeatherPages(FileInfo fileInfo, Ep1BuilderConverterConfig config, Ep1BuilderConverterConfigFilter filter) in /Users/albayrme/Automation/maestro/Applications/MeteoRSI/MeteoRSI.Application/MetoRsiText.cs:line 61
   at Maestro.MeteoRSI.Tests.TextUnitTests.CreateTextWeatherPages_DefaultFileInput_File_53_01(Int32 index, String regex) in /Users/albayrme/Automation/maestro/Applications/MeteoRSI/MeteoRSI.Tests/TextUnitTests.cs:line 267
----- Inner Stack Trace -----
   at System.Xml.Serialization.XmlSerializer.Deserialize(XmlReader xmlReader, String encodingStyle, XmlDeserializationEvents events)
   at System.Xml.Serialization.XmlSerializer.Deserialize(TextReader textReader)
   at Maestro.Core.Helpers.XmlHelper.Deserialize[T](String content) in /Users/albayrme/Automation/maestro/Core/Maestro.Core/Helpers/XmlHelper.cs:line 37
   at Maestro.MeteoRSI.Application.MetoRsiText.CreateTextWeatherPages(FileInfo fileInfo, Ep1BuilderConverterConfig config, Ep1BuilderConverterConfigFilter filter) in /Users/albayrme/Automation/maestro/Applications/MeteoRSI/MeteoRSI.Application/MetoRsiText.cs:line 31
----- Inner Stack Trace -----
   at Microsoft.Xml.Serialization.GeneratedAssembly.XmlSerializationReaderWeatherRecords.Read9_xml()
  Failed Maestro.MeteoRSI.Tests.TextUnitTests.CreateTextWeatherPages_DefaultFileInput_File_53_01(index: 1, regex: "^Previsioni$") [1 ms]
  Error Message:
   System.Exception : File combinedText.xml is in the wrong format. It should be of type WeatherRecords.
---- System.InvalidOperationException : There is an error in XML document (1, 40).
-------- System.InvalidOperationException : <xml xmlns='http://www.meteosvizzera.ch/rsi/VOFH08'> was not expected.
  Stack Trace:
     at Maestro.MeteoRSI.Application.MetoRsiText.CreateTextWeatherPages(FileInfo fileInfo, Ep1BuilderConverterConfig config, Ep1BuilderConverterConfigFilter filter) in /Users/albayrme/Automation/maestro/Applications/MeteoRSI/MeteoRSI.Application/MetoRsiText.cs:line 61
   at Maestro.MeteoRSI.Tests.TextUnitTests.CreateTextWeatherPages_DefaultFileInput_File_53_01(Int32 index, String regex) in /Users/albayrme/Automation/maestro/Applications/MeteoRSI/MeteoRSI.Tests/TextUnitTests.cs:line 267
----- Inner Stack Trace -----
   at System.Xml.Serialization.XmlSerializer.Deserialize(XmlReader xmlReader, String encodingStyle, XmlDeserializationEvents events)
   at System.Xml.Serialization.XmlSerializer.Deserialize(TextReader textReader)
   at Maestro.Core.Helpers.XmlHelper.Deserialize[T](String content) in /Users/albayrme/Automation/maestro/Core/Maestro.Core/Helpers/XmlHelper.cs:line 37
   at Maestro.MeteoRSI.Application.MetoRsiText.CreateTextWeatherPages(FileInfo fileInfo, Ep1BuilderConverterConfig config, Ep1BuilderConverterConfigFilter filter) in /Users/albayrme/Automation/maestro/Applications/MeteoRSI/MeteoRSI.Application/MetoRsiText.cs:line 31
----- Inner Stack Trace -----
   at Microsoft.Xml.Serialization.GeneratedAssembly.XmlSerializationReaderWeatherRecords.Read9_xml()
[xUnit.net 00:00:02.44]     Maestro.MeteoRSI.Tests.TextUnitTests.CreateTextWeatherPages_DefaultFileInput_File_53_01(index: 8, regex: "^Sottoceneri$") [FAIL]
[xUnit.net 00:00:02.44]       System.Exception : File combinedText.xml is in the wrong format. It should be of type WeatherRecords.
[xUnit.net 00:00:02.44]       ---- System.InvalidOperationException : There is an error in XML document (1, 40).
[xUnit.net 00:00:02.44]       -------- System.InvalidOperationException : <xml xmlns='http://www.meteosvizzera.ch/rsi/VOFH08'> was not expected.
[xUnit.net 00:00:02.44]       Stack Trace:
[xUnit.net 00:00:02.44]         /Users/albayrme/Automation/maestro/Applications/MeteoRSI/MeteoRSI.Application/MetoRsiText.cs(61,0): at Maestro.MeteoRSI.Application.MetoRsiText.CreateTextWeatherPages(FileInfo fileInfo, Ep1BuilderConverterConfig config, Ep1BuilderConverterConfigFilter filter)
[xUnit.net 00:00:02.44]         /Users/albayrme/Automation/maestro/Applications/MeteoRSI/MeteoRSI.Tests/TextUnitTests.cs(267,0): at Maestro.MeteoRSI.Tests.TextUnitTests.CreateTextWeatherPages_DefaultFileInput_File_53_01(Int32 index, String regex)
[xUnit.net 00:00:02.44]         ----- Inner Stack Trace -----
[xUnit.net 00:00:02.44]            at System.Xml.Serialization.XmlSerializer.Deserialize(XmlReader xmlReader, String encodingStyle, XmlDeserializationEvents events)
[xUnit.net 00:00:02.44]            at System.Xml.Serialization.XmlSerializer.Deserialize(TextReader textReader)
[xUnit.net 00:00:02.44]         /Users/albayrme/Automation/maestro/Core/Maestro.Core/Helpers/XmlHelper.cs(37,0): at Maestro.Core.Helpers.XmlHelper.Deserialize[T](String content)
[xUnit.net 00:00:02.44]         /Users/albayrme/Automation/maestro/Applications/MeteoRSI/MeteoRSI.Application/MetoRsiText.cs(31,0): at Maestro.MeteoRSI.Application.MetoRsiText.CreateTextWeatherPages(FileInfo fileInfo, Ep1BuilderConverterConfig config, Ep1BuilderConverterConfigFilter filter)
[xUnit.net 00:00:02.44]         ----- Inner Stack Trace -----
[xUnit.net 00:00:02.44]            at Microsoft.Xml.Serialization.GeneratedAssembly.XmlSerializationReaderWeatherRecords.Read9_xml()
[xUnit.net 00:00:02.44]     Maestro.MeteoRSI.Tests.TextUnitTests.CreateTextWeatherPages_DefaultFileInput_File_53_01(index: 20, regex: "^$") [FAIL]
[xUnit.net 00:00:02.44]       System.Exception : File combinedText.xml is in the wrong format. It should be of type WeatherRecords.
[xUnit.net 00:00:02.44]       ---- System.InvalidOperationException : There is an error in XML document (1, 40).
[xUnit.net 00:00:02.44]       -------- System.InvalidOperationException : <xml xmlns='http://www.meteosvizzera.ch/rsi/VOFH08'> was not expected.
[xUnit.net 00:00:02.44]       Stack Trace:
[xUnit.net 00:00:02.44]         /Users/albayrme/Automation/maestro/Applications/MeteoRSI/MeteoRSI.Application/MetoRsiText.cs(61,0): at Maestro.MeteoRSI.Application.MetoRsiText.CreateTextWeatherPages(FileInfo fileInfo, Ep1BuilderConverterConfig config, Ep1BuilderConverterConfigFilter filter)
[xUnit.net 00:00:02.44]         /Users/albayrme/Automation/maestro/Applications/MeteoRSI/MeteoRSI.Tests/TextUnitTests.cs(267,0): at Maestro.MeteoRSI.Tests.TextUnitTests.CreateTextWeatherPages_DefaultFileInput_File_53_01(Int32 index, String regex)
[xUnit.net 00:00:02.44]         ----- Inner Stack Trace -----
[xUnit.net 00:00:02.44]            at System.Xml.Serialization.XmlSerializer.Deserialize(XmlReader xmlReader, String encodingStyle, XmlDeserializationEvents events)
[xUnit.net 00:00:02.44]            at System.Xml.Serialization.XmlSerializer.Deserialize(TextReader textReader)
[xUnit.net 00:00:02.44]         /Users/albayrme/Automation/maestro/Core/Maestro.Core/Helpers/XmlHelper.cs(37,0): at Maestro.Core.Helpers.XmlHelper.Deserialize[T](String content)
[xUnit.net 00:00:02.44]         /Users/albayrme/Automation/maestro/Applications/MeteoRSI/MeteoRSI.Application/MetoRsiText.cs(31,0): at Maestro.MeteoRSI.Application.MetoRsiText.CreateTextWeatherPages(FileInfo fileInfo, Ep1BuilderConverterConfig config, Ep1BuilderConverterConfigFilter filter)
[xUnit.net 00:00:02.44]         ----- Inner Stack Trace -----
[xUnit.net 00:00:02.44]            at Microsoft.Xml.Serialization.GeneratedAssembly.XmlSerializationReaderWeatherRecords.Read9_xml()
[xUnit.net 00:00:02.44]     Maestro.MeteoRSI.Tests.TextUnitTests.CreateTextWeatherPages_DefaultFileInput_File_53_01(index: 10, regex: "^[a-zA-Z0-9_\\-\\[\\.]*") [FAIL]
[xUnit.net 00:00:02.44]       System.Exception : File combinedText.xml is in the wrong format. It should be of type WeatherRecords.
[xUnit.net 00:00:02.44]       ---- System.InvalidOperationException : There is an error in XML document (1, 40).
[xUnit.net 00:00:02.44]       -------- System.InvalidOperationException : <xml xmlns='http://www.meteosvizzera.ch/rsi/VOFH08'> was not expected.
[xUnit.net 00:00:02.44]       Stack Trace:
[xUnit.net 00:00:02.44]         /Users/albayrme/Automation/maestro/Applications/MeteoRSI/MeteoRSI.Application/MetoRsiText.cs(61,0): at Maestro.MeteoRSI.Application.MetoRsiText.CreateTextWeatherPages(FileInfo fileInfo, Ep1BuilderConverterConfig config, Ep1BuilderConverterConfigFilter filter)
[xUnit.net 00:00:02.44]         /Users/albayrme/Automation/maestro/Applications/MeteoRSI/MeteoRSI.Tests/TextUnitTests.cs(267,0): at Maestro.MeteoRSI.Tests.TextUnitTests.CreateTextWeatherPages_DefaultFileInput_File_53_01(Int32 index, String regex)
[xUnit.net 00:00:02.44]         ----- Inner Stack Trace -----
[xUnit.net 00:00:02.44]            at System.Xml.Serialization.XmlSerializer.Deserialize(XmlReader xmlReader, String encodingStyle, XmlDeserializationEvents events)
[xUnit.net 00:00:02.44]            at System.Xml.Serialization.XmlSerializer.Deserialize(TextReader textReader)
[xUnit.net 00:00:02.44]         /Users/albayrme/Automation/maestro/Core/Maestro.Core/Helpers/XmlHelper.cs(37,0): at Maestro.Core.Helpers.XmlHelper.Deserialize[T](String content)
[xUnit.net 00:00:02.44]         /Users/albayrme/Automation/maestro/Applications/MeteoRSI/MeteoRSI.Application/MetoRsiText.cs(31,0): at Maestro.MeteoRSI.Application.MetoRsiText.CreateTextWeatherPages(FileInfo fileInfo, Ep1BuilderConverterConfig config, Ep1BuilderConverterConfigFilter filter)
[xUnit.net 00:00:02.44]         ----- Inner Stack Trace -----
[xUnit.net 00:00:02.44]            at Microsoft.Xml.Serialization.GeneratedAssembly.XmlSerializationReaderWeatherRecords.Read9_xml()
[xUnit.net 00:00:02.45]     Maestro.MeteoRSI.Tests.TextUnitTests.CreateTextWeatherPages_DefaultFileInput_File_53_01(index: 6, regex: "^$") [FAIL]
[xUnit.net 00:00:02.45]       System.Exception : File combinedText.xml is in the wrong format. It should be of type WeatherRecords.
[xUnit.net 00:00:02.45]       ---- System.InvalidOperationException : There is an error in XML document (1, 40).
[xUnit.net 00:00:02.45]       -------- System.InvalidOperationException : <xml xmlns='http://www.meteosvizzera.ch/rsi/VOFH08'> was not expected.
[xUnit.net 00:00:02.45]       Stack Trace:
[xUnit.net 00:00:02.45]         /Users/albayrme/Automation/maestro/Applications/MeteoRSI/MeteoRSI.Application/MetoRsiText.cs(61,0): at Maestro.MeteoRSI.Application.MetoRsiText.CreateTextWeatherPages(FileInfo fileInfo, Ep1BuilderConverterConfig config, Ep1BuilderConverterConfigFilter filter)
[xUnit.net 00:00:02.45]         /Users/albayrme/Automation/maestro/Applications/MeteoRSI/MeteoRSI.Tests/TextUnitTests.cs(267,0): at Maestro.MeteoRSI.Tests.TextUnitTests.CreateTextWeatherPages_DefaultFileInput_File_53_01(Int32 index, String regex)
[xUnit.net 00:00:02.45]         ----- Inner Stack Trace -----
[xUnit.net 00:00:02.45]            at System.Xml.Serialization.XmlSerializer.Deserialize(XmlReader xmlReader, String encodingStyle, XmlDeserializationEvents events)
[xUnit.net 00:00:02.45]            at System.Xml.Serialization.XmlSerializer.Deserialize(TextReader textReader)
[xUnit.net 00:00:02.45]         /Users/albayrme/Automation/maestro/Core/Maestro.Core/Helpers/XmlHelper.cs(37,0): at Maestro.Core.Helpers.XmlHelper.Deserialize[T](String content)
[xUnit.net 00:00:02.45]         /Users/albayrme/Automation/maestro/Applications/MeteoRSI/MeteoRSI.Application/MetoRsiText.cs(31,0): at Maestro.MeteoRSI.Application.MetoRsiText.CreateTextWeatherPages(FileInfo fileInfo, Ep1BuilderConverterConfig config, Ep1BuilderConverterConfigFilter filter)
[xUnit.net 00:00:02.45]         ----- Inner Stack Trace -----
[xUnit.net 00:00:02.45]            at Microsoft.Xml.Serialization.GeneratedAssembly.XmlSerializationReaderWeatherRecords.Read9_xml()
[xUnit.net 00:00:02.45]     Maestro.MeteoRSI.Tests.TextUnitTests.CreateTextWeatherPages_DefaultFileInput_File_54_01(index: 10, regex: "^[a-zA-Z0-9_\\-\\[\\.]*") [FAIL]
[xUnit.net 00:00:02.45]       System.Exception : File combinedText.xml is in the wrong format. It should be of type WeatherRecords.
[xUnit.net 00:00:02.45]       ---- System.InvalidOperationException : There is an error in XML document (1, 40).
[xUnit.net 00:00:02.45]       -------- System.InvalidOperationException : <xml xmlns='http://www.meteosvizzera.ch/rsi/VOFH08'> was not expected.
[xUnit.net 00:00:02.45]       Stack Trace:
[xUnit.net 00:00:02.45]         /Users/albayrme/Automation/maestro/Applications/MeteoRSI/MeteoRSI.Application/MetoRsiText.cs(61,0): at Maestro.MeteoRSI.Application.MetoRsiText.CreateTextWeatherPages(FileInfo fileInfo, Ep1BuilderConverterConfig config, Ep1BuilderConverterConfigFilter filter)
[xUnit.net 00:00:02.45]         /Users/albayrme/Automation/maestro/Applications/MeteoRSI/MeteoRSI.Tests/TextUnitTests.cs(306,0): at Maestro.MeteoRSI.Tests.TextUnitTests.CreateTextWeatherPages_DefaultFileInput_File_54_01(Int32 index, String regex)
[xUnit.net 00:00:02.45]         ----- Inner Stack Trace -----
[xUnit.net 00:00:02.45]            at System.Xml.Serialization.XmlSerializer.Deserialize(XmlReader xmlReader, String encodingStyle, XmlDeserializationEvents events)
[xUnit.net 00:00:02.45]            at System.Xml.Serialization.XmlSerializer.Deserialize(TextReader textReader)
[xUnit.net 00:00:02.45]         /Users/albayrme/Automation/maestro/Core/Maestro.Core/Helpers/XmlHelper.cs(37,0): at Maestro.Core.Helpers.XmlHelper.Deserialize[T](String content)
[xUnit.net 00:00:02.45]         /Users/albayrme/Automation/maestro/Applications/MeteoRSI/MeteoRSI.Application/MetoRsiText.cs(31,0): at Maestro.MeteoRSI.Application.MetoRsiText.CreateTextWeatherPages(FileInfo fileInfo, Ep1BuilderConverterConfig config, Ep1BuilderConverterConfigFilter filter)
[xUnit.net 00:00:02.45]         ----- Inner Stack Trace -----
[xUnit.net 00:00:02.45]            at Microsoft.Xml.Serialization.GeneratedAssembly.XmlSerializationReaderWeatherRecords.Read9_xml()
[xUnit.net 00:00:02.45]     Maestro.MeteoRSI.Tests.TextUnitTests.CreateTextWeatherPages_DefaultFileInput_File_54_01(index: 7, regex: "^$") [FAIL]
[xUnit.net 00:00:02.45]       System.Exception : File combinedText.xml is in the wrong format. It should be of type WeatherRecords.
[xUnit.net 00:00:02.45]       ---- System.InvalidOperationException : There is an error in XML document (1, 40).
[xUnit.net 00:00:02.45]       -------- System.InvalidOperationException : <xml xmlns='http://www.meteosvizzera.ch/rsi/VOFH08'> was not expected.
[xUnit.net 00:00:02.45]       Stack Trace:
[xUnit.net 00:00:02.45]         /Users/albayrme/Automation/maestro/Applications/MeteoRSI/MeteoRSI.Application/MetoRsiText.cs(61,0): at Maestro.MeteoRSI.Application.MetoRsiText.CreateTextWeatherPages(FileInfo fileInfo, Ep1BuilderConverterConfig config, Ep1BuilderConverterConfigFilter filter)
[xUnit.net 00:00:02.45]         /Users/albayrme/Automation/maestro/Applications/MeteoRSI/MeteoRSI.Tests/TextUnitTests.cs(306,0): at Maestro.MeteoRSI.Tests.TextUnitTests.CreateTextWeatherPages_DefaultFileInput_File_54_01(Int32 index, String regex)
[xUnit.net 00:00:02.45]         ----- Inner Stack Trace -----
[xUnit.net 00:00:02.45]            at System.Xml.Serialization.XmlSerializer.Deserialize(XmlReader xmlReader, String encodingStyle, XmlDeserializationEvents events)
[xUnit.net 00:00:02.45]            at System.Xml.Serialization.XmlSerializer.Deserialize(TextReader textReader)
[xUnit.net 00:00:02.45]         /Users/albayrme/Automation/maestro/Core/Maestro.Core/Helpers/XmlHelper.cs(37,0): at Maestro.Core.Helpers.XmlHelper.Deserialize[T](String content)
[xUnit.net 00:00:02.45]         /Users/albayrme/Automation/maestro/Applications/MeteoRSI/MeteoRSI.Application/MetoRsiText.cs(31,0): at Maestro.MeteoRSI.Application.MetoRsiText.CreateTextWeatherPages(FileInfo fileInfo, Ep1BuilderConverterConfig config, Ep1BuilderConverterConfigFilter filter)
[xUnit.net 00:00:02.45]         ----- Inner Stack Trace -----
[xUnit.net 00:00:02.45]            at Microsoft.Xml.Serialization.GeneratedAssembly.XmlSerializationReaderWeatherRecords.Read9_xml()
[xUnit.net 00:00:02.45]     Maestro.MeteoRSI.Tests.TextUnitTests.CreateTextWeatherPages_DefaultFileInput_File_54_01(index: 0, regex: "^$") [FAIL]
[xUnit.net 00:00:02.45]       System.Exception : File combinedText.xml is in the wrong format. It should be of type WeatherRecords.
[xUnit.net 00:00:02.45]       ---- System.InvalidOperationException : There is an error in XML document (1, 40).
[xUnit.net 00:00:02.45]       -------- System.InvalidOperationException : <xml xmlns='http://www.meteosvizzera.ch/rsi/VOFH08'> was not expected.
[xUnit.net 00:00:02.45]       Stack Trace:
[xUnit.net 00:00:02.45]         /Users/albayrme/Automation/maestro/Applications/MeteoRSI/MeteoRSI.Application/MetoRsiText.cs(61,0): at Maestro.MeteoRSI.Application.MetoRsiText.CreateTextWeatherPages(FileInfo fileInfo, Ep1BuilderConverterConfig config, Ep1BuilderConverterConfigFilter filter)
[xUnit.net 00:00:02.45]         /Users/albayrme/Automation/maestro/Applications/MeteoRSI/MeteoRSI.Tests/TextUnitTests.cs(306,0): at Maestro.MeteoRSI.Tests.TextUnitTests.CreateTextWeatherPages_DefaultFileInput_File_54_01(Int32 index, String regex)
[xUnit.net 00:00:02.45]         ----- Inner Stack Trace -----
[xUnit.net 00:00:02.45]            at System.Xml.Serialization.XmlSerializer.Deserialize(XmlReader xmlReader, String encodingStyle, XmlDeserializationEvents events)
[xUnit.net 00:00:02.45]            at System.Xml.Serialization.XmlSerializer.Deserialize(TextReader textReader)
[xUnit.net 00:00:02.45]         /Users/albayrme/Automation/maestro/Core/Maestro.Core/Helpers/XmlHelper.cs(37,0): at Maestro.Core.Helpers.XmlHelper.Deserialize[T](String content)
[xUnit.net 00:00:02.45]         /Users/albayrme/Automation/maestro/Applications/MeteoRSI/MeteoRSI.Application/MetoRsiText.cs(31,0): at Maestro.MeteoRSI.Application.MetoRsiText.CreateTextWeatherPages(FileInfo fileInfo, Ep1BuilderConverterConfig config, Ep1BuilderConverterConfigFilter filter)
[xUnit.net 00:00:02.45]         ----- Inner Stack Trace -----
[xUnit.net 00:00:02.45]            at Microsoft.Xml.Serialization.GeneratedAssembly.XmlSerializationReaderWeatherRecords.Read9_xml()
[xUnit.net 00:00:02.45]     Maestro.MeteoRSI.Tests.TextUnitTests.CreateTextWeatherPages_DefaultFileInput_File_54_01(index: 2, regex: "^$") [FAIL]
[xUnit.net 00:00:02.45]       System.Exception : File combinedText.xml is in the wrong format. It should be of type WeatherRecords.
[xUnit.net 00:00:02.45]       ---- System.InvalidOperationException : There is an error in XML document (1, 40).
[xUnit.net 00:00:02.45]       -------- System.InvalidOperationException : <xml xmlns='http://www.meteosvizzera.ch/rsi/VOFH08'> was not expected.
[xUnit.net 00:00:02.45]       Stack Trace:
[xUnit.net 00:00:02.45]         /Users/albayrme/Automation/maestro/Applications/MeteoRSI/MeteoRSI.Application/MetoRsiText.cs(61,0): at Maestro.MeteoRSI.Application.MetoRsiText.CreateTextWeatherPages(FileInfo fileInfo, Ep1BuilderConverterConfig config, Ep1BuilderConverterConfigFilter filter)
[xUnit.net 00:00:02.45]         /Users/albayrme/Automation/maestro/Applications/MeteoRSI/MeteoRSI.Tests/TextUnitTests.cs(306,0): at Maestro.MeteoRSI.Tests.TextUnitTests.CreateTextWeatherPages_DefaultFileInput_File_54_01(Int32 index, String regex)
[xUnit.net 00:00:02.45]         ----- Inner Stack Trace -----
[xUnit.net 00:00:02.45]            at System.Xml.Serialization.XmlSerializer.Deserialize(XmlReader xmlReader, String encodingStyle, XmlDeserializationEvents events)
[xUnit.net 00:00:02.45]            at System.Xml.Serialization.XmlSerializer.Deserialize(TextReader textReader)
[xUnit.net 00:00:02.45]         /Users/albayrme/Automation/maestro/Core/Maestro.Core/Helpers/XmlHelper.cs(37,0): at Maestro.Core.Helpers.XmlHelper.Deserialize[T](String content)
[xUnit.net 00:00:02.45]         /Users/albayrme/Automation/maestro/Applications/MeteoRSI/MeteoRSI.Application/MetoRsiText.cs(31,0): at Maestro.MeteoRSI.Application.MetoRsiText.CreateTextWeatherPages(FileInfo fileInfo, Ep1BuilderConverterConfig config, Ep1BuilderConverterConfigFilter filter)
[xUnit.net 00:00:02.45]         ----- Inner Stack Trace -----
[xUnit.net 00:00:02.45]            at Microsoft.Xml.Serialization.GeneratedAssembly.XmlSerializationReaderWeatherRecords.Read9_xml()
[xUnit.net 00:00:02.45]     Maestro.MeteoRSI.Tests.TextUnitTests.CreateTextWeatherPages_DefaultFileInput_File_54_01(index: 16, regex: "^[a-zA-Z0-9_\\-\\[\\.]*") [FAIL]
[xUnit.net 00:00:02.45]       System.Exception : File combinedText.xml is in the wrong format. It should be of type WeatherRecords.
[xUnit.net 00:00:02.45]       ---- System.InvalidOperationException : There is an error in XML document (1, 40).
[xUnit.net 00:00:02.45]       -------- System.InvalidOperationException : <xml xmlns='http://www.meteosvizzera.ch/rsi/VOFH08'> was not expected.
[xUnit.net 00:00:02.45]       Stack Trace:
[xUnit.net 00:00:02.45]         /Users/albayrme/Automation/maestro/Applications/MeteoRSI/MeteoRSI.Application/MetoRsiText.cs(61,0): at Maestro.MeteoRSI.Application.MetoRsiText.CreateTextWeatherPages(FileInfo fileInfo, Ep1BuilderConverterConfig config, Ep1BuilderConverterConfigFilter filter)
[xUnit.net 00:00:02.45]         /Users/albayrme/Automation/maestro/Applications/MeteoRSI/MeteoRSI.Tests/TextUnitTests.cs(306,0): at Maestro.MeteoRSI.Tests.TextUnitTests.CreateTextWeatherPages_DefaultFileInput_File_54_01(Int32 index, String regex)
[xUnit.net 00:00:02.45]         ----- Inner Stack Trace -----
[xUnit.net 00:00:02.45]            at System.Xml.Serialization.XmlSerializer.Deserialize(XmlReader xmlReader, String encodingStyle, XmlDeserializationEvents events)
[xUnit.net 00:00:02.45]            at System.Xml.Serialization.XmlSerializer.Deserialize(TextReader textReader)
[xUnit.net 00:00:02.45]         /Users/albayrme/Automation/maestro/Core/Maestro.Core/Helpers/XmlHelper.cs(37,0): at Maestro.Core.Helpers.XmlHelper.Deserialize[T](String content)
[xUnit.net 00:00:02.45]         /Users/albayrme/Automation/maestro/Applications/MeteoRSI/MeteoRSI.Application/MetoRsiText.cs(31,0): at Maestro.MeteoRSI.Application.MetoRsiText.CreateTextWeatherPages(FileInfo fileInfo, Ep1BuilderConverterConfig config, Ep1BuilderConverterConfigFilter filter)
[xUnit.net 00:00:02.45]         ----- Inner Stack Trace -----
[xUnit.net 00:00:02.45]            at Microsoft.Xml.Serialization.GeneratedAssembly.XmlSerializationReaderWeatherRecords.Read9_xml()
  Failed Maestro.MeteoRSI.Tests.TextUnitTests.CreateTextWeatherPages_DefaultFileInput_File_53_01(index: 8, regex: "^Sottoceneri$") [1 ms]
  Error Message:
   System.Exception : File combinedText.xml is in the wrong format. It should be of type WeatherRecords.
---- System.InvalidOperationException : There is an error in XML document (1, 40).
-------- System.InvalidOperationException : <xml xmlns='http://www.meteosvizzera.ch/rsi/VOFH08'> was not expected.
  Stack Trace:
     at Maestro.MeteoRSI.Application.MetoRsiText.CreateTextWeatherPages(FileInfo fileInfo, Ep1BuilderConverterConfig config, Ep1BuilderConverterConfigFilter filter) in /Users/albayrme/Automation/maestro/Applications/MeteoRSI/MeteoRSI.Application/MetoRsiText.cs:line 61
   at Maestro.MeteoRSI.Tests.TextUnitTests.CreateTextWeatherPages_DefaultFileInput_File_53_01(Int32 index, String regex) in /Users/albayrme/Automation/maestro/Applications/MeteoRSI/MeteoRSI.Tests/TextUnitTests.cs:line 267
----- Inner Stack Trace -----
   at System.Xml.Serialization.XmlSerializer.Deserialize(XmlReader xmlReader, String encodingStyle, XmlDeserializationEvents events)
   at System.Xml.Serialization.XmlSerializer.Deserialize(TextReader textReader)
   at Maestro.Core.Helpers.XmlHelper.Deserialize[T](String content) in /Users/albayrme/Automation/maestro/Core/Maestro.Core/Helpers/XmlHelper.cs:line 37
   at Maestro.MeteoRSI.Application.MetoRsiText.CreateTextWeatherPages(FileInfo fileInfo, Ep1BuilderConverterConfig config, Ep1BuilderConverterConfigFilter filter) in /Users/albayrme/Automation/maestro/Applications/MeteoRSI/MeteoRSI.Application/MetoRsiText.cs:line 31
----- Inner Stack Trace -----
   at Microsoft.Xml.Serialization.GeneratedAssembly.XmlSerializationReaderWeatherRecords.Read9_xml()
  Failed Maestro.MeteoRSI.Tests.TextUnitTests.CreateTextWeatherPages_DefaultFileInput_File_53_01(index: 20, regex: "^$") [1 ms]
  Error Message:
   System.Exception : File combinedText.xml is in the wrong format. It should be of type WeatherRecords.
---- System.InvalidOperationException : There is an error in XML document (1, 40).
-------- System.InvalidOperationException : <xml xmlns='http://www.meteosvizzera.ch/rsi/VOFH08'> was not expected.
  Stack Trace:
     at Maestro.MeteoRSI.Application.MetoRsiText.CreateTextWeatherPages(FileInfo fileInfo, Ep1BuilderConverterConfig config, Ep1BuilderConverterConfigFilter filter) in /Users/albayrme/Automation/maestro/Applications/MeteoRSI/MeteoRSI.Application/MetoRsiText.cs:line 61
   at Maestro.MeteoRSI.Tests.TextUnitTests.CreateTextWeatherPages_DefaultFileInput_File_53_01(Int32 index, String regex) in /Users/albayrme/Automation/maestro/Applications/MeteoRSI/MeteoRSI.Tests/TextUnitTests.cs:line 267
----- Inner Stack Trace -----
   at System.Xml.Serialization.XmlSerializer.Deserialize(XmlReader xmlReader, String encodingStyle, XmlDeserializationEvents events)
   at System.Xml.Serialization.XmlSerializer.Deserialize(TextReader textReader)
   at Maestro.Core.Helpers.XmlHelper.Deserialize[T](String content) in /Users/albayrme/Automation/maestro/Core/Maestro.Core/Helpers/XmlHelper.cs:line 37
   at Maestro.MeteoRSI.Application.MetoRsiText.CreateTextWeatherPages(FileInfo fileInfo, Ep1BuilderConverterConfig config, Ep1BuilderConverterConfigFilter filter) in /Users/albayrme/Automation/maestro/Applications/MeteoRSI/MeteoRSI.Application/MetoRsiText.cs:line 31
----- Inner Stack Trace -----
   at Microsoft.Xml.Serialization.GeneratedAssembly.XmlSerializationReaderWeatherRecords.Read9_xml()
  Failed Maestro.MeteoRSI.Tests.TextUnitTests.CreateTextWeatherPages_DefaultFileInput_File_53_01(index: 10, regex: "^[a-zA-Z0-9_\\-\\[\\.]*") [1 ms]
  Error Message:
   System.Exception : File combinedText.xml is in the wrong format. It should be of type WeatherRecords.
---- System.InvalidOperationException : There is an error in XML document (1, 40).
-------- System.InvalidOperationException : <xml xmlns='http://www.meteosvizzera.ch/rsi/VOFH08'> was not expected.
  Stack Trace:
     at Maestro.MeteoRSI.Application.MetoRsiText.CreateTextWeatherPages(FileInfo fileInfo, Ep1BuilderConverterConfig config, Ep1BuilderConverterConfigFilter filter) in /Users/albayrme/Automation/maestro/Applications/MeteoRSI/MeteoRSI.Application/MetoRsiText.cs:line 61
   at Maestro.MeteoRSI.Tests.TextUnitTests.CreateTextWeatherPages_DefaultFileInput_File_53_01(Int32 index, String regex) in /Users/albayrme/Automation/maestro/Applications/MeteoRSI/MeteoRSI.Tests/TextUnitTests.cs:line 267
----- Inner Stack Trace -----
   at System.Xml.Serialization.XmlSerializer.Deserialize(XmlReader xmlReader, String encodingStyle, XmlDeserializationEvents events)
   at System.Xml.Serialization.XmlSerializer.Deserialize(TextReader textReader)
   at Maestro.Core.Helpers.XmlHelper.Deserialize[T](String content) in /Users/albayrme/Automation/maestro/Core/Maestro.Core/Helpers/XmlHelper.cs:line 37
   at Maestro.MeteoRSI.Application.MetoRsiText.CreateTextWeatherPages(FileInfo fileInfo, Ep1BuilderConverterConfig config, Ep1BuilderConverterConfigFilter filter) in /Users/albayrme/Automation/maestro/Applications/MeteoRSI/MeteoRSI.Application/MetoRsiText.cs:line 31
----- Inner Stack Trace -----
   at Microsoft.Xml.Serialization.GeneratedAssembly.XmlSerializationReaderWeatherRecords.Read9_xml()
  Failed Maestro.MeteoRSI.Tests.TextUnitTests.CreateTextWeatherPages_DefaultFileInput_File_53_01(index: 6, regex: "^$") [1 ms]
  Error Message:
   System.Exception : File combinedText.xml is in the wrong format. It should be of type WeatherRecords.
---- System.InvalidOperationException : There is an error in XML document (1, 40).
-------- System.InvalidOperationException : <xml xmlns='http://www.meteosvizzera.ch/rsi/VOFH08'> was not expected.
  Stack Trace:
     at Maestro.MeteoRSI.Application.MetoRsiText.CreateTextWeatherPages(FileInfo fileInfo, Ep1BuilderConverterConfig config, Ep1BuilderConverterConfigFilter filter) in /Users/albayrme/Automation/maestro/Applications/MeteoRSI/MeteoRSI.Application/MetoRsiText.cs:line 61
   at Maestro.MeteoRSI.Tests.TextUnitTests.CreateTextWeatherPages_DefaultFileInput_File_53_01(Int32 index, String regex) in /Users/albayrme/Automation/maestro/Applications/MeteoRSI/MeteoRSI.Tests/TextUnitTests.cs:line 267
----- Inner Stack Trace -----
   at System.Xml.Serialization.XmlSerializer.Deserialize(XmlReader xmlReader, String encodingStyle, XmlDeserializationEvents events)
   at System.Xml.Serialization.XmlSerializer.Deserialize(TextReader textReader)
   at Maestro.Core.Helpers.XmlHelper.Deserialize[T](String content) in /Users/albayrme/Automation/maestro/Core/Maestro.Core/Helpers/XmlHelper.cs:line 37
   at Maestro.MeteoRSI.Application.MetoRsiText.CreateTextWeatherPages(FileInfo fileInfo, Ep1BuilderConverterConfig config, Ep1BuilderConverterConfigFilter filter) in /Users/albayrme/Automation/maestro/Applications/MeteoRSI/MeteoRSI.Application/MetoRsiText.cs:line 31
----- Inner Stack Trace -----
   at Microsoft.Xml.Serialization.GeneratedAssembly.XmlSerializationReaderWeatherRecords.Read9_xml()
  Failed Maestro.MeteoRSI.Tests.TextUnitTests.CreateTextWeatherPages_DefaultFileInput_File_54_01(index: 10, regex: "^[a-zA-Z0-9_\\-\\[\\.]*") [2 ms]
  Error Message:
   System.Exception : File combinedText.xml is in the wrong format. It should be of type WeatherRecords.
---- System.InvalidOperationException : There is an error in XML document (1, 40).
-------- System.InvalidOperationException : <xml xmlns='http://www.meteosvizzera.ch/rsi/VOFH08'> was not expected.
  Stack Trace:
     at Maestro.MeteoRSI.Application.MetoRsiText.CreateTextWeatherPages(FileInfo fileInfo, Ep1BuilderConverterConfig config, Ep1BuilderConverterConfigFilter filter) in /Users/albayrme/Automation/maestro/Applications/MeteoRSI/MeteoRSI.Application/MetoRsiText.cs:line 61
   at Maestro.MeteoRSI.Tests.TextUnitTests.CreateTextWeatherPages_DefaultFileInput_File_54_01(Int32 index, String regex) in /Users/albayrme/Automation/maestro/Applications/MeteoRSI/MeteoRSI.Tests/TextUnitTests.cs:line 306
----- Inner Stack Trace -----
   at System.Xml.Serialization.XmlSerializer.Deserialize(XmlReader xmlReader, String encodingStyle, XmlDeserializationEvents events)
   at System.Xml.Serialization.XmlSerializer.Deserialize(TextReader textReader)
   at Maestro.Core.Helpers.XmlHelper.Deserialize[T](String content) in /Users/albayrme/Automation/maestro/Core/Maestro.Core/Helpers/XmlHelper.cs:line 37
   at Maestro.MeteoRSI.Application.MetoRsiText.CreateTextWeatherPages(FileInfo fileInfo, Ep1BuilderConverterConfig config, Ep1BuilderConverterConfigFilter filter) in /Users/albayrme/Automation/maestro/Applications/MeteoRSI/MeteoRSI.Application/MetoRsiText.cs:line 31
----- Inner Stack Trace -----
   at Microsoft.Xml.Serialization.GeneratedAssembly.XmlSerializationReaderWeatherRecords.Read9_xml()
  Failed Maestro.MeteoRSI.Tests.TextUnitTests.CreateTextWeatherPages_DefaultFileInput_File_54_01(index: 7, regex: "^$") [1 ms]
  Error Message:
   System.Exception : File combinedText.xml is in the wrong format. It should be of type WeatherRecords.
---- System.InvalidOperationException : There is an error in XML document (1, 40).
-------- System.InvalidOperationException : <xml xmlns='http://www.meteosvizzera.ch/rsi/VOFH08'> was not expected.
  Stack Trace:
     at Maestro.MeteoRSI.Application.MetoRsiText.CreateTextWeatherPages(FileInfo fileInfo, Ep1BuilderConverterConfig config, Ep1BuilderConverterConfigFilter filter) in /Users/albayrme/Automation/maestro/Applications/MeteoRSI/MeteoRSI.Application/MetoRsiText.cs:line 61
   at Maestro.MeteoRSI.Tests.TextUnitTests.CreateTextWeatherPages_DefaultFileInput_File_54_01(Int32 index, String regex) in /Users/albayrme/Automation/maestro/Applications/MeteoRSI/MeteoRSI.Tests/TextUnitTests.cs:line 306
----- Inner Stack Trace -----
   at System.Xml.Serialization.XmlSerializer.Deserialize(XmlReader xmlReader, String encodingStyle, XmlDeserializationEvents events)
   at System.Xml.Serialization.XmlSerializer.Deserialize(TextReader textReader)
   at Maestro.Core.Helpers.XmlHelper.Deserialize[T](String content) in /Users/albayrme/Automation/maestro/Core/Maestro.Core/Helpers/XmlHelper.cs:line 37
   at Maestro.MeteoRSI.Application.MetoRsiText.CreateTextWeatherPages(FileInfo fileInfo, Ep1BuilderConverterConfig config, Ep1BuilderConverterConfigFilter filter) in /Users/albayrme/Automation/maestro/Applications/MeteoRSI/MeteoRSI.Application/MetoRsiText.cs:line 31
----- Inner Stack Trace -----
   at Microsoft.Xml.Serialization.GeneratedAssembly.XmlSerializationReaderWeatherRecords.Read9_xml()
  Failed Maestro.MeteoRSI.Tests.TextUnitTests.CreateTextWeatherPages_DefaultFileInput_File_54_01(index: 0, regex: "^$") [1 ms]
  Error Message:
   System.Exception : File combinedText.xml is in the wrong format. It should be of type WeatherRecords.
---- System.InvalidOperationException : There is an error in XML document (1, 40).
-------- System.InvalidOperationException : <xml xmlns='http://www.meteosvizzera.ch/rsi/VOFH08'> was not expected.
  Stack Trace:
     at Maestro.MeteoRSI.Application.MetoRsiText.CreateTextWeatherPages(FileInfo fileInfo, Ep1BuilderConverterConfig config, Ep1BuilderConverterConfigFilter filter) in /Users/albayrme/Automation/maestro/Applications/MeteoRSI/MeteoRSI.Application/MetoRsiText.cs:line 61
   at Maestro.MeteoRSI.Tests.TextUnitTests.CreateTextWeatherPages_DefaultFileInput_File_54_01(Int32 index, String regex) in /Users/albayrme/Automation/maestro/Applications/MeteoRSI/MeteoRSI.Tests/TextUnitTests.cs:line 306
----- Inner Stack Trace -----
   at System.Xml.Serialization.XmlSerializer.Deserialize(XmlReader xmlReader, String encodingStyle, XmlDeserializationEvents events)
   at System.Xml.Serialization.XmlSerializer.Deserialize(TextReader textReader)
   at Maestro.Core.Helpers.XmlHelper.Deserialize[T](String content) in /Users/albayrme/Automation/maestro/Core/Maestro.Core/Helpers/XmlHelper.cs:line 37
   at Maestro.MeteoRSI.Application.MetoRsiText.CreateTextWeatherPages(FileInfo fileInfo, Ep1BuilderConverterConfig config, Ep1BuilderConverterConfigFilter filter) in /Users/albayrme/Automation/maestro/Applications/MeteoRSI/MeteoRSI.Application/MetoRsiText.cs:line 31
----- Inner Stack Trace -----
   at Microsoft.Xml.Serialization.GeneratedAssembly.XmlSerializationReaderWeatherRecords.Read9_xml()
  Failed Maestro.MeteoRSI.Tests.TextUnitTests.CreateTextWeatherPages_DefaultFileInput_File_54_01(index: 2, regex: "^$") [1 ms]
  Error Message:
   System.Exception : File combinedText.xml is in the wrong format. It should be of type WeatherRecords.
---- System.InvalidOperationException : There is an error in XML document (1, 40).
-------- System.InvalidOperationException : <xml xmlns='http://www.meteosvizzera.ch/rsi/VOFH08'> was not expected.
  Stack Trace:
     at Maestro.MeteoRSI.Application.MetoRsiText.CreateTextWeatherPages(FileInfo fileInfo, Ep1BuilderConverterConfig config, Ep1BuilderConverterConfigFilter filter) in /Users/albayrme/Automation/maestro/Applications/MeteoRSI/MeteoRSI.Application/MetoRsiText.cs:line 61
   at Maestro.MeteoRSI.Tests.TextUnitTests.CreateTextWeatherPages_DefaultFileInput_File_54_01(Int32 index, String regex) in /Users/albayrme/Automation/maestro/Applications/MeteoRSI/MeteoRSI.Tests/TextUnitTests.cs:line 306
----- Inner Stack Trace -----
   at System.Xml.Serialization.XmlSerializer.Deserialize(XmlReader xmlReader, String encodingStyle, XmlDeserializationEvents events)
   at System.Xml.Serialization.XmlSerializer.Deserialize(TextReader textReader)
   at Maestro.Core.Helpers.XmlHelper.Deserialize[T](String content) in /Users/albayrme/Automation/maestro/Core/Maestro.Core/Helpers/XmlHelper.cs:line 37
   at Maestro.MeteoRSI.Application.MetoRsiText.CreateTextWeatherPages(FileInfo fileInfo, Ep1BuilderConverterConfig config, Ep1BuilderConverterConfigFilter filter) in /Users/albayrme/Automation/maestro/Applications/MeteoRSI/MeteoRSI.Application/MetoRsiText.cs:line 31
----- Inner Stack Trace -----
   at Microsoft.Xml.Serialization.GeneratedAssembly.XmlSerializationReaderWeatherRecords.Read9_xml()
  Failed Maestro.MeteoRSI.Tests.TextUnitTests.CreateTextWeatherPages_DefaultFileInput_File_54_01(index: 16, regex: "^[a-zA-Z0-9_\\-\\[\\.]*") [1 ms]
  Error Message:
   System.Exception : File combinedText.xml is in the wrong format. It should be of type WeatherRecords.
---- System.InvalidOperationException : There is an error in XML document (1, 40).
-------- System.InvalidOperationException : <xml xmlns='http://www.meteosvizzera.ch/rsi/VOFH08'> was not expected.
  Stack Trace:
     at Maestro.MeteoRSI.Application.MetoRsiText.CreateTextWeatherPages(FileInfo fileInfo, Ep1BuilderConverterConfig config, Ep1BuilderConverterConfigFilter filter) in /Users/albayrme/Automation/maestro/Applications/MeteoRSI/MeteoRSI.Application/MetoRsiText.cs:line 61
   at Maestro.MeteoRSI.Tests.TextUnitTests.CreateTextWeatherPages_DefaultFileInput_File_54_01(Int32 index, String regex) in /Users/albayrme/Automation/maestro/Applications/MeteoRSI/MeteoRSI.Tests/TextUnitTests.cs:line 306
----- Inner Stack Trace -----
   at System.Xml.Serialization.XmlSerializer.Deserialize(XmlReader xmlReader, String encodingStyle, XmlDeserializationEvents events)
   at System.Xml.Serialization.XmlSerializer.Deserialize(TextReader textReader)
   at Maestro.Core.Helpers.XmlHelper.Deserialize[T](String content) in /Users/albayrme/Automation/maestro/Core/Maestro.Core/Helpers/XmlHelper.cs:line 37
   at Maestro.MeteoRSI.Application.MetoRsiText.CreateTextWeatherPages(FileInfo fileInfo, Ep1BuilderConverterConfig config, Ep1BuilderConverterConfigFilter filter) in /Users/albayrme/Automation/maestro/Applications/MeteoRSI/MeteoRSI.Application/MetoRsiText.cs:line 31
----- Inner Stack Trace -----
   at Microsoft.Xml.Serialization.GeneratedAssembly.XmlSerializationReaderWeatherRecords.Read9_xml()
[xUnit.net 00:00:02.46]     Maestro.MeteoRSI.Tests.TextUnitTests.CreateTextWeatherPages_DefaultFileInput_File_54_01(index: 6, regex: "^$") [FAIL]
[xUnit.net 00:00:02.46]       System.Exception : File combinedText.xml is in the wrong format. It should be of type WeatherRecords.
[xUnit.net 00:00:02.46]       ---- System.InvalidOperationException : There is an error in XML document (1, 40).
[xUnit.net 00:00:02.46]       -------- System.InvalidOperationException : <xml xmlns='http://www.meteosvizzera.ch/rsi/VOFH08'> was not expected.
[xUnit.net 00:00:02.46]       Stack Trace:
[xUnit.net 00:00:02.46]         /Users/albayrme/Automation/maestro/Applications/MeteoRSI/MeteoRSI.Application/MetoRsiText.cs(61,0): at Maestro.MeteoRSI.Application.MetoRsiText.CreateTextWeatherPages(FileInfo fileInfo, Ep1BuilderConverterConfig config, Ep1BuilderConverterConfigFilter filter)
[xUnit.net 00:00:02.46]         /Users/albayrme/Automation/maestro/Applications/MeteoRSI/MeteoRSI.Tests/TextUnitTests.cs(306,0): at Maestro.MeteoRSI.Tests.TextUnitTests.CreateTextWeatherPages_DefaultFileInput_File_54_01(Int32 index, String regex)
[xUnit.net 00:00:02.46]         ----- Inner Stack Trace -----
[xUnit.net 00:00:02.46]            at System.Xml.Serialization.XmlSerializer.Deserialize(XmlReader xmlReader, String encodingStyle, XmlDeserializationEvents events)
[xUnit.net 00:00:02.46]            at System.Xml.Serialization.XmlSerializer.Deserialize(TextReader textReader)
[xUnit.net 00:00:02.46]         /Users/albayrme/Automation/maestro/Core/Maestro.Core/Helpers/XmlHelper.cs(37,0): at Maestro.Core.Helpers.XmlHelper.Deserialize[T](String content)
[xUnit.net 00:00:02.46]         /Users/albayrme/Automation/maestro/Applications/MeteoRSI/MeteoRSI.Application/MetoRsiText.cs(31,0): at Maestro.MeteoRSI.Application.MetoRsiText.CreateTextWeatherPages(FileInfo fileInfo, Ep1BuilderConverterConfig config, Ep1BuilderConverterConfigFilter filter)
[xUnit.net 00:00:02.46]         ----- Inner Stack Trace -----
[xUnit.net 00:00:02.46]            at Microsoft.Xml.Serialization.GeneratedAssembly.XmlSerializationReaderWeatherRecords.Read9_xml()
[xUnit.net 00:00:02.46]     Maestro.MeteoRSI.Tests.TextUnitTests.CreateTextWeatherPages_DefaultFileInput_File_54_01(index: 9, regex: "^[a-zA-Z0-9_\\-\\[\\.]*") [FAIL]
[xUnit.net 00:00:02.46]       System.Exception : File combinedText.xml is in the wrong format. It should be of type WeatherRecords.
[xUnit.net 00:00:02.46]       ---- System.InvalidOperationException : There is an error in XML document (1, 40).
[xUnit.net 00:00:02.46]       -------- System.InvalidOperationException : <xml xmlns='http://www.meteosvizzera.ch/rsi/VOFH08'> was not expected.
[xUnit.net 00:00:02.46]       Stack Trace:
[xUnit.net 00:00:02.46]         /Users/albayrme/Automation/maestro/Applications/MeteoRSI/MeteoRSI.Application/MetoRsiText.cs(61,0): at Maestro.MeteoRSI.Application.MetoRsiText.CreateTextWeatherPages(FileInfo fileInfo, Ep1BuilderConverterConfig config, Ep1BuilderConverterConfigFilter filter)
[xUnit.net 00:00:02.46]         /Users/albayrme/Automation/maestro/Applications/MeteoRSI/MeteoRSI.Tests/TextUnitTests.cs(306,0): at Maestro.MeteoRSI.Tests.TextUnitTests.CreateTextWeatherPages_DefaultFileInput_File_54_01(Int32 index, String regex)
[xUnit.net 00:00:02.46]         ----- Inner Stack Trace -----
[xUnit.net 00:00:02.46]            at System.Xml.Serialization.XmlSerializer.Deserialize(XmlReader xmlReader, String encodingStyle, XmlDeserializationEvents events)
[xUnit.net 00:00:02.46]            at System.Xml.Serialization.XmlSerializer.Deserialize(TextReader textReader)
[xUnit.net 00:00:02.46]         /Users/albayrme/Automation/maestro/Core/Maestro.Core/Helpers/XmlHelper.cs(37,0): at Maestro.Core.Helpers.XmlHelper.Deserialize[T](String content)
[xUnit.net 00:00:02.46]         /Users/albayrme/Automation/maestro/Applications/MeteoRSI/MeteoRSI.Application/MetoRsiText.cs(31,0): at Maestro.MeteoRSI.Application.MetoRsiText.CreateTextWeatherPages(FileInfo fileInfo, Ep1BuilderConverterConfig config, Ep1BuilderConverterConfigFilter filter)
[xUnit.net 00:00:02.46]         ----- Inner Stack Trace -----
[xUnit.net 00:00:02.46]            at Microsoft.Xml.Serialization.GeneratedAssembly.XmlSerializationReaderWeatherRecords.Read9_xml()
[xUnit.net 00:00:02.46]     Maestro.MeteoRSI.Tests.TextUnitTests.CreateTextWeatherPages_DefaultFileInput_File_54_01(index: 4, regex: "^Settore alpino orientale$") [FAIL]
[xUnit.net 00:00:02.46]       System.Exception : File combinedText.xml is in the wrong format. It should be of type WeatherRecords.
[xUnit.net 00:00:02.46]       ---- System.InvalidOperationException : There is an error in XML document (1, 40).
[xUnit.net 00:00:02.46]       -------- System.InvalidOperationException : <xml xmlns='http://www.meteosvizzera.ch/rsi/VOFH08'> was not expected.
[xUnit.net 00:00:02.46]       Stack Trace:
[xUnit.net 00:00:02.46]         /Users/albayrme/Automation/maestro/Applications/MeteoRSI/MeteoRSI.Application/MetoRsiText.cs(61,0): at Maestro.MeteoRSI.Application.MetoRsiText.CreateTextWeatherPages(FileInfo fileInfo, Ep1BuilderConverterConfig config, Ep1BuilderConverterConfigFilter filter)
[xUnit.net 00:00:02.46]         /Users/albayrme/Automation/maestro/Applications/MeteoRSI/MeteoRSI.Tests/TextUnitTests.cs(306,0): at Maestro.MeteoRSI.Tests.TextUnitTests.CreateTextWeatherPages_DefaultFileInput_File_54_01(Int32 index, String regex)
[xUnit.net 00:00:02.46]         ----- Inner Stack Trace -----
[xUnit.net 00:00:02.46]            at System.Xml.Serialization.XmlSerializer.Deserialize(XmlReader xmlReader, String encodingStyle, XmlDeserializationEvents events)
[xUnit.net 00:00:02.46]            at System.Xml.Serialization.XmlSerializer.Deserialize(TextReader textReader)
[xUnit.net 00:00:02.46]         /Users/albayrme/Automation/maestro/Core/Maestro.Core/Helpers/XmlHelper.cs(37,0): at Maestro.Core.Helpers.XmlHelper.Deserialize[T](String content)
[xUnit.net 00:00:02.46]         /Users/albayrme/Automation/maestro/Applications/MeteoRSI/MeteoRSI.Application/MetoRsiText.cs(31,0): at Maestro.MeteoRSI.Application.MetoRsiText.CreateTextWeatherPages(FileInfo fileInfo, Ep1BuilderConverterConfig config, Ep1BuilderConverterConfigFilter filter)
[xUnit.net 00:00:02.46]         ----- Inner Stack Trace -----
[xUnit.net 00:00:02.46]            at Microsoft.Xml.Serialization.GeneratedAssembly.XmlSerializationReaderWeatherRecords.Read9_xml()
[xUnit.net 00:00:02.46]     Maestro.MeteoRSI.Tests.TextUnitTests.CreateTextWeatherPages_DefaultFileInput_File_54_01(index: 3, regex: "^Ore 07:00\\s+\\(prossima: 12:00\\)$") [FAIL]
[xUnit.net 00:00:02.46]       System.Exception : File combinedText.xml is in the wrong format. It should be of type WeatherRecords.
[xUnit.net 00:00:02.46]       ---- System.InvalidOperationException : There is an error in XML document (1, 40).
[xUnit.net 00:00:02.46]       -------- System.InvalidOperationException : <xml xmlns='http://www.meteosvizzera.ch/rsi/VOFH08'> was not expected.
[xUnit.net 00:00:02.46]       Stack Trace:
[xUnit.net 00:00:02.46]         /Users/albayrme/Automation/maestro/Applications/MeteoRSI/MeteoRSI.Application/MetoRsiText.cs(61,0): at Maestro.MeteoRSI.Application.MetoRsiText.CreateTextWeatherPages(FileInfo fileInfo, Ep1BuilderConverterConfig config, Ep1BuilderConverterConfigFilter filter)
[xUnit.net 00:00:02.46]         /Users/albayrme/Automation/maestro/Applications/MeteoRSI/MeteoRSI.Tests/TextUnitTests.cs(306,0): at Maestro.MeteoRSI.Tests.TextUnitTests.CreateTextWeatherPages_DefaultFileInput_File_54_01(Int32 index, String regex)
[xUnit.net 00:00:02.46]         ----- Inner Stack Trace -----
[xUnit.net 00:00:02.46]            at System.Xml.Serialization.XmlSerializer.Deserialize(XmlReader xmlReader, String encodingStyle, XmlDeserializationEvents events)
[xUnit.net 00:00:02.46]            at System.Xml.Serialization.XmlSerializer.Deserialize(TextReader textReader)
[xUnit.net 00:00:02.46]         /Users/albayrme/Automation/maestro/Core/Maestro.Core/Helpers/XmlHelper.cs(37,0): at Maestro.Core.Helpers.XmlHelper.Deserialize[T](String content)
[xUnit.net 00:00:02.46]         /Users/albayrme/Automation/maestro/Applications/MeteoRSI/MeteoRSI.Application/MetoRsiText.cs(31,0): at Maestro.MeteoRSI.Application.MetoRsiText.CreateTextWeatherPages(FileInfo fileInfo, Ep1BuilderConverterConfig config, Ep1BuilderConverterConfigFilter filter)
[xUnit.net 00:00:02.46]         ----- Inner Stack Trace -----
[xUnit.net 00:00:02.46]            at Microsoft.Xml.Serialization.GeneratedAssembly.XmlSerializationReaderWeatherRecords.Read9_xml()
[xUnit.net 00:00:02.46]     Maestro.MeteoRSI.Tests.TextUnitTests.CreateTextWeatherPages_DefaultFileInput_File_54_01(index: 18, regex: "^$") [FAIL]
[xUnit.net 00:00:02.46]       System.Exception : File combinedText.xml is in the wrong format. It should be of type WeatherRecords.
[xUnit.net 00:00:02.46]       ---- System.InvalidOperationException : There is an error in XML document (1, 40).
[xUnit.net 00:00:02.46]       -------- System.InvalidOperationException : <xml xmlns='http://www.meteosvizzera.ch/rsi/VOFH08'> was not expected.
[xUnit.net 00:00:02.46]       Stack Trace:
[xUnit.net 00:00:02.46]         /Users/albayrme/Automation/maestro/Applications/MeteoRSI/MeteoRSI.Application/MetoRsiText.cs(61,0): at Maestro.MeteoRSI.Application.MetoRsiText.CreateTextWeatherPages(FileInfo fileInfo, Ep1BuilderConverterConfig config, Ep1BuilderConverterConfigFilter filter)
[xUnit.net 00:00:02.46]         /Users/albayrme/Automation/maestro/Applications/MeteoRSI/MeteoRSI.Tests/TextUnitTests.cs(306,0): at Maestro.MeteoRSI.Tests.TextUnitTests.CreateTextWeatherPages_DefaultFileInput_File_54_01(Int32 index, String regex)
[xUnit.net 00:00:02.46]         ----- Inner Stack Trace -----
[xUnit.net 00:00:02.46]            at System.Xml.Serialization.XmlSerializer.Deserialize(XmlReader xmlReader, String encodingStyle, XmlDeserializationEvents events)
[xUnit.net 00:00:02.46]            at System.Xml.Serialization.XmlSerializer.Deserialize(TextReader textReader)
[xUnit.net 00:00:02.46]         /Users/albayrme/Automation/maestro/Core/Maestro.Core/Helpers/XmlHelper.cs(37,0): at Maestro.Core.Helpers.XmlHelper.Deserialize[T](String content)
[xUnit.net 00:00:02.46]         /Users/albayrme/Automation/maestro/Applications/MeteoRSI/MeteoRSI.Application/MetoRsiText.cs(31,0): at Maestro.MeteoRSI.Application.MetoRsiText.CreateTextWeatherPages(FileInfo fileInfo, Ep1BuilderConverterConfig config, Ep1BuilderConverterConfigFilter filter)
[xUnit.net 00:00:02.46]         ----- Inner Stack Trace -----
[xUnit.net 00:00:02.46]            at Microsoft.Xml.Serialization.GeneratedAssembly.XmlSerializationReaderWeatherRecords.Read9_xml()
[xUnit.net 00:00:02.46]     Maestro.MeteoRSI.Tests.TextUnitTests.CreateTextWeatherPages_DefaultFileInput_File_54_01(index: 14, regex: "^Engadina$") [FAIL]
[xUnit.net 00:00:02.46]       System.Exception : File combinedText.xml is in the wrong format. It should be of type WeatherRecords.
[xUnit.net 00:00:02.46]       ---- System.InvalidOperationException : There is an error in XML document (1, 40).
[xUnit.net 00:00:02.46]       -------- System.InvalidOperationException : <xml xmlns='http://www.meteosvizzera.ch/rsi/VOFH08'> was not expected.
[xUnit.net 00:00:02.46]       Stack Trace:
[xUnit.net 00:00:02.46]         /Users/albayrme/Automation/maestro/Applications/MeteoRSI/MeteoRSI.Application/MetoRsiText.cs(61,0): at Maestro.MeteoRSI.Application.MetoRsiText.CreateTextWeatherPages(FileInfo fileInfo, Ep1BuilderConverterConfig config, Ep1BuilderConverterConfigFilter filter)
[xUnit.net 00:00:02.46]         /Users/albayrme/Automation/maestro/Applications/MeteoRSI/MeteoRSI.Tests/TextUnitTests.cs(306,0): at Maestro.MeteoRSI.Tests.TextUnitTests.CreateTextWeatherPages_DefaultFileInput_File_54_01(Int32 index, String regex)
[xUnit.net 00:00:02.46]         ----- Inner Stack Trace -----
[xUnit.net 00:00:02.46]            at System.Xml.Serialization.XmlSerializer.Deserialize(XmlReader xmlReader, String encodingStyle, XmlDeserializationEvents events)
[xUnit.net 00:00:02.46]            at System.Xml.Serialization.XmlSerializer.Deserialize(TextReader textReader)
[xUnit.net 00:00:02.46]         /Users/albayrme/Automation/maestro/Core/Maestro.Core/Helpers/XmlHelper.cs(37,0): at Maestro.Core.Helpers.XmlHelper.Deserialize[T](String content)
[xUnit.net 00:00:02.47]         /Users/albayrme/Automation/maestro/Applications/MeteoRSI/MeteoRSI.Application/MetoRsiText.cs(31,0): at Maestro.MeteoRSI.Application.MetoRsiText.CreateTextWeatherPages(FileInfo fileInfo, Ep1BuilderConverterConfig config, Ep1BuilderConverterConfigFilter filter)
[xUnit.net 00:00:02.47]         ----- Inner Stack Trace -----
[xUnit.net 00:00:02.47]            at Microsoft.Xml.Serialization.GeneratedAssembly.XmlSerializationReaderWeatherRecords.Read9_xml()
[xUnit.net 00:00:02.47]     Maestro.MeteoRSI.Tests.TextUnitTests.CreateTextWeatherPages_DefaultFileInput_File_54_01(index: 17, regex: "^[a-zA-Z0-9_\\-\\[\\.]*") [FAIL]
[xUnit.net 00:00:02.47]       System.Exception : File combinedText.xml is in the wrong format. It should be of type WeatherRecords.
[xUnit.net 00:00:02.47]       ---- System.InvalidOperationException : There is an error in XML document (1, 40).
[xUnit.net 00:00:02.47]       -------- System.InvalidOperationException : <xml xmlns='http://www.meteosvizzera.ch/rsi/VOFH08'> was not expected.
[xUnit.net 00:00:02.47]       Stack Trace:
[xUnit.net 00:00:02.47]         /Users/albayrme/Automation/maestro/Applications/MeteoRSI/MeteoRSI.Application/MetoRsiText.cs(61,0): at Maestro.MeteoRSI.Application.MetoRsiText.CreateTextWeatherPages(FileInfo fileInfo, Ep1BuilderConverterConfig config, Ep1BuilderConverterConfigFilter filter)
[xUnit.net 00:00:02.47]         /Users/albayrme/Automation/maestro/Applications/MeteoRSI/MeteoRSI.Tests/TextUnitTests.cs(306,0): at Maestro.MeteoRSI.Tests.TextUnitTests.CreateTextWeatherPages_DefaultFileInput_File_54_01(Int32 index, String regex)
[xUnit.net 00:00:02.47]         ----- Inner Stack Trace -----
[xUnit.net 00:00:02.47]            at System.Xml.Serialization.XmlSerializer.Deserialize(XmlReader xmlReader, String encodingStyle, XmlDeserializationEvents events)
[xUnit.net 00:00:02.47]            at System.Xml.Serialization.XmlSerializer.Deserialize(TextReader textReader)
[xUnit.net 00:00:02.47]         /Users/albayrme/Automation/maestro/Core/Maestro.Core/Helpers/XmlHelper.cs(37,0): at Maestro.Core.Helpers.XmlHelper.Deserialize[T](String content)
[xUnit.net 00:00:02.47]         /Users/albayrme/Automation/maestro/Applications/MeteoRSI/MeteoRSI.Application/MetoRsiText.cs(31,0): at Maestro.MeteoRSI.Application.MetoRsiText.CreateTextWeatherPages(FileInfo fileInfo, Ep1BuilderConverterConfig config, Ep1BuilderConverterConfigFilter filter)
[xUnit.net 00:00:02.47]         ----- Inner Stack Trace -----
[xUnit.net 00:00:02.47]            at Microsoft.Xml.Serialization.GeneratedAssembly.XmlSerializationReaderWeatherRecords.Read9_xml()
[xUnit.net 00:00:02.47]     Maestro.MeteoRSI.Tests.TextUnitTests.CreateTextWeatherPages_DefaultFileInput_File_54_01(index: 20, regex: "^$") [FAIL]
[xUnit.net 00:00:02.47]       System.Exception : File combinedText.xml is in the wrong format. It should be of type WeatherRecords.
[xUnit.net 00:00:02.47]       ---- System.InvalidOperationException : There is an error in XML document (1, 40).
[xUnit.net 00:00:02.47]       -------- System.InvalidOperationException : <xml xmlns='http://www.meteosvizzera.ch/rsi/VOFH08'> was not expected.
[xUnit.net 00:00:02.47]       Stack Trace:
[xUnit.net 00:00:02.47]         /Users/albayrme/Automation/maestro/Applications/MeteoRSI/MeteoRSI.Application/MetoRsiText.cs(61,0): at Maestro.MeteoRSI.Application.MetoRsiText.CreateTextWeatherPages(FileInfo fileInfo, Ep1BuilderConverterConfig config, Ep1BuilderConverterConfigFilter filter)
[xUnit.net 00:00:02.47]         /Users/albayrme/Automation/maestro/Applications/MeteoRSI/MeteoRSI.Tests/TextUnitTests.cs(306,0): at Maestro.MeteoRSI.Tests.TextUnitTests.CreateTextWeatherPages_DefaultFileInput_File_54_01(Int32 index, String regex)
[xUnit.net 00:00:02.47]         ----- Inner Stack Trace -----
[xUnit.net 00:00:02.47]            at System.Xml.Serialization.XmlSerializer.Deserialize(XmlReader xmlReader, String encodingStyle, XmlDeserializationEvents events)
[xUnit.net 00:00:02.47]            at System.Xml.Serialization.XmlSerializer.Deserialize(TextReader textReader)
[xUnit.net 00:00:02.47]         /Users/albayrme/Automation/maestro/Core/Maestro.Core/Helpers/XmlHelper.cs(37,0): at Maestro.Core.Helpers.XmlHelper.Deserialize[T](String content)
[xUnit.net 00:00:02.47]         /Users/albayrme/Automation/maestro/Applications/MeteoRSI/MeteoRSI.Application/MetoRsiText.cs(31,0): at Maestro.MeteoRSI.Application.MetoRsiText.CreateTextWeatherPages(FileInfo fileInfo, Ep1BuilderConverterConfig config, Ep1BuilderConverterConfigFilter filter)
[xUnit.net 00:00:02.47]         ----- Inner Stack Trace -----
[xUnit.net 00:00:02.47]            at Microsoft.Xml.Serialization.GeneratedAssembly.XmlSerializationReaderWeatherRecords.Read9_xml()
[xUnit.net 00:00:02.47]     Maestro.MeteoRSI.Tests.TextUnitTests.CreateTextWeatherPages_DefaultFileInput_File_54_01(index: 21, regex: "^Fonte: MeteoSvizzera$") [FAIL]
[xUnit.net 00:00:02.47]       System.Exception : File combinedText.xml is in the wrong format. It should be of type WeatherRecords.
[xUnit.net 00:00:02.47]       ---- System.InvalidOperationException : There is an error in XML document (1, 40).
[xUnit.net 00:00:02.47]       -------- System.InvalidOperationException : <xml xmlns='http://www.meteosvizzera.ch/rsi/VOFH08'> was not expected.
[xUnit.net 00:00:02.47]       Stack Trace:
[xUnit.net 00:00:02.47]         /Users/albayrme/Automation/maestro/Applications/MeteoRSI/MeteoRSI.Application/MetoRsiText.cs(61,0): at Maestro.MeteoRSI.Application.MetoRsiText.CreateTextWeatherPages(FileInfo fileInfo, Ep1BuilderConverterConfig config, Ep1BuilderConverterConfigFilter filter)
[xUnit.net 00:00:02.47]         /Users/albayrme/Automation/maestro/Applications/MeteoRSI/MeteoRSI.Tests/TextUnitTests.cs(306,0): at Maestro.MeteoRSI.Tests.TextUnitTests.CreateTextWeatherPages_DefaultFileInput_File_54_01(Int32 index, String regex)
[xUnit.net 00:00:02.47]         ----- Inner Stack Trace -----
[xUnit.net 00:00:02.47]            at System.Xml.Serialization.XmlSerializer.Deserialize(XmlReader xmlReader, String encodingStyle, XmlDeserializationEvents events)
[xUnit.net 00:00:02.47]            at System.Xml.Serialization.XmlSerializer.Deserialize(TextReader textReader)
[xUnit.net 00:00:02.47]         /Users/albayrme/Automation/maestro/Core/Maestro.Core/Helpers/XmlHelper.cs(37,0): at Maestro.Core.Helpers.XmlHelper.Deserialize[T](String content)
[xUnit.net 00:00:02.47]         /Users/albayrme/Automation/maestro/Applications/MeteoRSI/MeteoRSI.Application/MetoRsiText.cs(31,0): at Maestro.MeteoRSI.Application.MetoRsiText.CreateTextWeatherPages(FileInfo fileInfo, Ep1BuilderConverterConfig config, Ep1BuilderConverterConfigFilter filter)
[xUnit.net 00:00:02.47]         ----- Inner Stack Trace -----
[xUnit.net 00:00:02.47]            at Microsoft.Xml.Serialization.GeneratedAssembly.XmlSerializationReaderWeatherRecords.Read9_xml()
  Failed Maestro.MeteoRSI.Tests.TextUnitTests.CreateTextWeatherPages_DefaultFileInput_File_54_01(index: 6, regex: "^$") [1 ms]
  Error Message:
   System.Exception : File combinedText.xml is in the wrong format. It should be of type WeatherRecords.
---- System.InvalidOperationException : There is an error in XML document (1, 40).
-------- System.InvalidOperationException : <xml xmlns='http://www.meteosvizzera.ch/rsi/VOFH08'> was not expected.
  Stack Trace:
     at Maestro.MeteoRSI.Application.MetoRsiText.CreateTextWeatherPages(FileInfo fileInfo, Ep1BuilderConverterConfig config, Ep1BuilderConverterConfigFilter filter) in /Users/albayrme/Automation/maestro/Applications/MeteoRSI/MeteoRSI.Application/MetoRsiText.cs:line 61
   at Maestro.MeteoRSI.Tests.TextUnitTests.CreateTextWeatherPages_DefaultFileInput_File_54_01(Int32 index, String regex) in /Users/albayrme/Automation/maestro/Applications/MeteoRSI/MeteoRSI.Tests/TextUnitTests.cs:line 306
----- Inner Stack Trace -----
   at System.Xml.Serialization.XmlSerializer.Deserialize(XmlReader xmlReader, String encodingStyle, XmlDeserializationEvents events)
   at System.Xml.Serialization.XmlSerializer.Deserialize(TextReader textReader)
   at Maestro.Core.Helpers.XmlHelper.Deserialize[T](String content) in /Users/albayrme/Automation/maestro/Core/Maestro.Core/Helpers/XmlHelper.cs:line 37
   at Maestro.MeteoRSI.Application.MetoRsiText.CreateTextWeatherPages(FileInfo fileInfo, Ep1BuilderConverterConfig config, Ep1BuilderConverterConfigFilter filter) in /Users/albayrme/Automation/maestro/Applications/MeteoRSI/MeteoRSI.Application/MetoRsiText.cs:line 31
----- Inner Stack Trace -----
   at Microsoft.Xml.Serialization.GeneratedAssembly.XmlSerializationReaderWeatherRecords.Read9_xml()
  Failed Maestro.MeteoRSI.Tests.TextUnitTests.CreateTextWeatherPages_DefaultFileInput_File_54_01(index: 9, regex: "^[a-zA-Z0-9_\\-\\[\\.]*") [1 ms]
  Error Message:
   System.Exception : File combinedText.xml is in the wrong format. It should be of type WeatherRecords.
---- System.InvalidOperationException : There is an error in XML document (1, 40).
-------- System.InvalidOperationException : <xml xmlns='http://www.meteosvizzera.ch/rsi/VOFH08'> was not expected.
  Stack Trace:
     at Maestro.MeteoRSI.Application.MetoRsiText.CreateTextWeatherPages(FileInfo fileInfo, Ep1BuilderConverterConfig config, Ep1BuilderConverterConfigFilter filter) in /Users/albayrme/Automation/maestro/Applications/MeteoRSI/MeteoRSI.Application/MetoRsiText.cs:line 61
   at Maestro.MeteoRSI.Tests.TextUnitTests.CreateTextWeatherPages_DefaultFileInput_File_54_01(Int32 index, String regex) in /Users/albayrme/Automation/maestro/Applications/MeteoRSI/MeteoRSI.Tests/TextUnitTests.cs:line 306
----- Inner Stack Trace -----
   at System.Xml.Serialization.XmlSerializer.Deserialize(XmlReader xmlReader, String encodingStyle, XmlDeserializationEvents events)
   at System.Xml.Serialization.XmlSerializer.Deserialize(TextReader textReader)
   at Maestro.Core.Helpers.XmlHelper.Deserialize[T](String content) in /Users/albayrme/Automation/maestro/Core/Maestro.Core/Helpers/XmlHelper.cs:line 37
   at Maestro.MeteoRSI.Application.MetoRsiText.CreateTextWeatherPages(FileInfo fileInfo, Ep1BuilderConverterConfig config, Ep1BuilderConverterConfigFilter filter) in /Users/albayrme/Automation/maestro/Applications/MeteoRSI/MeteoRSI.Application/MetoRsiText.cs:line 31
----- Inner Stack Trace -----
   at Microsoft.Xml.Serialization.GeneratedAssembly.XmlSerializationReaderWeatherRecords.Read9_xml()
  Failed Maestro.MeteoRSI.Tests.TextUnitTests.CreateTextWeatherPages_DefaultFileInput_File_54_01(index: 4, regex: "^Settore alpino orientale$") [1 ms]
  Error Message:
   System.Exception : File combinedText.xml is in the wrong format. It should be of type WeatherRecords.
---- System.InvalidOperationException : There is an error in XML document (1, 40).
-------- System.InvalidOperationException : <xml xmlns='http://www.meteosvizzera.ch/rsi/VOFH08'> was not expected.
  Stack Trace:
     at Maestro.MeteoRSI.Application.MetoRsiText.CreateTextWeatherPages(FileInfo fileInfo, Ep1BuilderConverterConfig config, Ep1BuilderConverterConfigFilter filter) in /Users/albayrme/Automation/maestro/Applications/MeteoRSI/MeteoRSI.Application/MetoRsiText.cs:line 61
   at Maestro.MeteoRSI.Tests.TextUnitTests.CreateTextWeatherPages_DefaultFileInput_File_54_01(Int32 index, String regex) in /Users/albayrme/Automation/maestro/Applications/MeteoRSI/MeteoRSI.Tests/TextUnitTests.cs:line 306
----- Inner Stack Trace -----
   at System.Xml.Serialization.XmlSerializer.Deserialize(XmlReader xmlReader, String encodingStyle, XmlDeserializationEvents events)
   at System.Xml.Serialization.XmlSerializer.Deserialize(TextReader textReader)
   at Maestro.Core.Helpers.XmlHelper.Deserialize[T](String content) in /Users/albayrme/Automation/maestro/Core/Maestro.Core/Helpers/XmlHelper.cs:line 37
   at Maestro.MeteoRSI.Application.MetoRsiText.CreateTextWeatherPages(FileInfo fileInfo, Ep1BuilderConverterConfig config, Ep1BuilderConverterConfigFilter filter) in /Users/albayrme/Automation/maestro/Applications/MeteoRSI/MeteoRSI.Application/MetoRsiText.cs:line 31
----- Inner Stack Trace -----
   at Microsoft.Xml.Serialization.GeneratedAssembly.XmlSerializationReaderWeatherRecords.Read9_xml()
  Failed Maestro.MeteoRSI.Tests.TextUnitTests.CreateTextWeatherPages_DefaultFileInput_File_54_01(index: 3, regex: "^Ore 07:00\\s+\\(prossima: 12:00\\)$") [1 ms]
  Error Message:
   System.Exception : File combinedText.xml is in the wrong format. It should be of type WeatherRecords.
---- System.InvalidOperationException : There is an error in XML document (1, 40).
-------- System.InvalidOperationException : <xml xmlns='http://www.meteosvizzera.ch/rsi/VOFH08'> was not expected.
  Stack Trace:
     at Maestro.MeteoRSI.Application.MetoRsiText.CreateTextWeatherPages(FileInfo fileInfo, Ep1BuilderConverterConfig config, Ep1BuilderConverterConfigFilter filter) in /Users/albayrme/Automation/maestro/Applications/MeteoRSI/MeteoRSI.Application/MetoRsiText.cs:line 61
   at Maestro.MeteoRSI.Tests.TextUnitTests.CreateTextWeatherPages_DefaultFileInput_File_54_01(Int32 index, String regex) in /Users/albayrme/Automation/maestro/Applications/MeteoRSI/MeteoRSI.Tests/TextUnitTests.cs:line 306
----- Inner Stack Trace -----
   at System.Xml.Serialization.XmlSerializer.Deserialize(XmlReader xmlReader, String encodingStyle, XmlDeserializationEvents events)
   at System.Xml.Serialization.XmlSerializer.Deserialize(TextReader textReader)
   at Maestro.Core.Helpers.XmlHelper.Deserialize[T](String content) in /Users/albayrme/Automation/maestro/Core/Maestro.Core/Helpers/XmlHelper.cs:line 37
   at Maestro.MeteoRSI.Application.MetoRsiText.CreateTextWeatherPages(FileInfo fileInfo, Ep1BuilderConverterConfig config, Ep1BuilderConverterConfigFilter filter) in /Users/albayrme/Automation/maestro/Applications/MeteoRSI/MeteoRSI.Application/MetoRsiText.cs:line 31
----- Inner Stack Trace -----
   at Microsoft.Xml.Serialization.GeneratedAssembly.XmlSerializationReaderWeatherRecords.Read9_xml()
  Failed Maestro.MeteoRSI.Tests.TextUnitTests.CreateTextWeatherPages_DefaultFileInput_File_54_01(index: 18, regex: "^$") [1 ms]
  Error Message:
   System.Exception : File combinedText.xml is in the wrong format. It should be of type WeatherRecords.
---- System.InvalidOperationException : There is an error in XML document (1, 40).
-------- System.InvalidOperationException : <xml xmlns='http://www.meteosvizzera.ch/rsi/VOFH08'> was not expected.
  Stack Trace:
     at Maestro.MeteoRSI.Application.MetoRsiText.CreateTextWeatherPages(FileInfo fileInfo, Ep1BuilderConverterConfig config, Ep1BuilderConverterConfigFilter filter) in /Users/albayrme/Automation/maestro/Applications/MeteoRSI/MeteoRSI.Application/MetoRsiText.cs:line 61
   at Maestro.MeteoRSI.Tests.TextUnitTests.CreateTextWeatherPages_DefaultFileInput_File_54_01(Int32 index, String regex) in /Users/albayrme/Automation/maestro/Applications/MeteoRSI/MeteoRSI.Tests/TextUnitTests.cs:line 306
----- Inner Stack Trace -----
   at System.Xml.Serialization.XmlSerializer.Deserialize(XmlReader xmlReader, String encodingStyle, XmlDeserializationEvents events)
   at System.Xml.Serialization.XmlSerializer.Deserialize(TextReader textReader)
   at Maestro.Core.Helpers.XmlHelper.Deserialize[T](String content) in /Users/albayrme/Automation/maestro/Core/Maestro.Core/Helpers/XmlHelper.cs:line 37
   at Maestro.MeteoRSI.Application.MetoRsiText.CreateTextWeatherPages(FileInfo fileInfo, Ep1BuilderConverterConfig config, Ep1BuilderConverterConfigFilter filter) in /Users/albayrme/Automation/maestro/Applications/MeteoRSI/MeteoRSI.Application/MetoRsiText.cs:line 31
----- Inner Stack Trace -----
   at Microsoft.Xml.Serialization.GeneratedAssembly.XmlSerializationReaderWeatherRecords.Read9_xml()
  Failed Maestro.MeteoRSI.Tests.TextUnitTests.CreateTextWeatherPages_DefaultFileInput_File_54_01(index: 14, regex: "^Engadina$") [1 ms]
  Error Message:
   System.Exception : File combinedText.xml is in the wrong format. It should be of type WeatherRecords.
---- System.InvalidOperationException : There is an error in XML document (1, 40).
-------- System.InvalidOperationException : <xml xmlns='http://www.meteosvizzera.ch/rsi/VOFH08'> was not expected.
  Stack Trace:
     at Maestro.MeteoRSI.Application.MetoRsiText.CreateTextWeatherPages(FileInfo fileInfo, Ep1BuilderConverterConfig config, Ep1BuilderConverterConfigFilter filter) in /Users/albayrme/Automation/maestro/Applications/MeteoRSI/MeteoRSI.Application/MetoRsiText.cs:line 61
   at Maestro.MeteoRSI.Tests.TextUnitTests.CreateTextWeatherPages_DefaultFileInput_File_54_01(Int32 index, String regex) in /Users/albayrme/Automation/maestro/Applications/MeteoRSI/MeteoRSI.Tests/TextUnitTests.cs:line 306
----- Inner Stack Trace -----
   at System.Xml.Serialization.XmlSerializer.Deserialize(XmlReader xmlReader, String encodingStyle, XmlDeserializationEvents events)
   at System.Xml.Serialization.XmlSerializer.Deserialize(TextReader textReader)
   at Maestro.Core.Helpers.XmlHelper.Deserialize[T](String content) in /Users/albayrme/Automation/maestro/Core/Maestro.Core/Helpers/XmlHelper.cs:line 37
   at Maestro.MeteoRSI.Application.MetoRsiText.CreateTextWeatherPages(FileInfo fileInfo, Ep1BuilderConverterConfig config, Ep1BuilderConverterConfigFilter filter) in /Users/albayrme/Automation/maestro/Applications/MeteoRSI/MeteoRSI.Application/MetoRsiText.cs:line 31
----- Inner Stack Trace -----
   at Microsoft.Xml.Serialization.GeneratedAssembly.XmlSerializationReaderWeatherRecords.Read9_xml()
  Failed Maestro.MeteoRSI.Tests.TextUnitTests.CreateTextWeatherPages_DefaultFileInput_File_54_01(index: 17, regex: "^[a-zA-Z0-9_\\-\\[\\.]*") [1 ms]
  Error Message:
   System.Exception : File combinedText.xml is in the wrong format. It should be of type WeatherRecords.
---- System.InvalidOperationException : There is an error in XML document (1, 40).
-------- System.InvalidOperationException : <xml xmlns='http://www.meteosvizzera.ch/rsi/VOFH08'> was not expected.
  Stack Trace:
     at Maestro.MeteoRSI.Application.MetoRsiText.CreateTextWeatherPages(FileInfo fileInfo, Ep1BuilderConverterConfig config, Ep1BuilderConverterConfigFilter filter) in /Users/albayrme/Automation/maestro/Applications/MeteoRSI/MeteoRSI.Application/MetoRsiText.cs:line 61
   at Maestro.MeteoRSI.Tests.TextUnitTests.CreateTextWeatherPages_DefaultFileInput_File_54_01(Int32 index, String regex) in /Users/albayrme/Automation/maestro/Applications/MeteoRSI/MeteoRSI.Tests/TextUnitTests.cs:line 306
----- Inner Stack Trace -----
   at System.Xml.Serialization.XmlSerializer.Deserialize(XmlReader xmlReader, String encodingStyle, XmlDeserializationEvents events)
   at System.Xml.Serialization.XmlSerializer.Deserialize(TextReader textReader)
   at Maestro.Core.Helpers.XmlHelper.Deserialize[T](String content) in /Users/albayrme/Automation/maestro/Core/Maestro.Core/Helpers/XmlHelper.cs:line 37
   at Maestro.MeteoRSI.Application.MetoRsiText.CreateTextWeatherPages(FileInfo fileInfo, Ep1BuilderConverterConfig config, Ep1BuilderConverterConfigFilter filter) in /Users/albayrme/Automation/maestro/Applications/MeteoRSI/MeteoRSI.Application/MetoRsiText.cs:line 31
----- Inner Stack Trace -----
   at Microsoft.Xml.Serialization.GeneratedAssembly.XmlSerializationReaderWeatherRecords.Read9_xml()
  Failed Maestro.MeteoRSI.Tests.TextUnitTests.CreateTextWeatherPages_DefaultFileInput_File_54_01(index: 20, regex: "^$") [1 ms]
  Error Message:
   System.Exception : File combinedText.xml is in the wrong format. It should be of type WeatherRecords.
---- System.InvalidOperationException : There is an error in XML document (1, 40).
-------- System.InvalidOperationException : <xml xmlns='http://www.meteosvizzera.ch/rsi/VOFH08'> was not expected.
  Stack Trace:
     at Maestro.MeteoRSI.Application.MetoRsiText.CreateTextWeatherPages(FileInfo fileInfo, Ep1BuilderConverterConfig config, Ep1BuilderConverterConfigFilter filter) in /Users/albayrme/Automation/maestro/Applications/MeteoRSI/MeteoRSI.Application/MetoRsiText.cs:line 61
   at Maestro.MeteoRSI.Tests.TextUnitTests.CreateTextWeatherPages_DefaultFileInput_File_54_01(Int32 index, String regex) in /Users/albayrme/Automation/maestro/Applications/MeteoRSI/MeteoRSI.Tests/TextUnitTests.cs:line 306
----- Inner Stack Trace -----
   at System.Xml.Serialization.XmlSerializer.Deserialize(XmlReader xmlReader, String encodingStyle, XmlDeserializationEvents events)
   at System.Xml.Serialization.XmlSerializer.Deserialize(TextReader textReader)
   at Maestro.Core.Helpers.XmlHelper.Deserialize[T](String content) in /Users/albayrme/Automation/maestro/Core/Maestro.Core/Helpers/XmlHelper.cs:line 37
   at Maestro.MeteoRSI.Application.MetoRsiText.CreateTextWeatherPages(FileInfo fileInfo, Ep1BuilderConverterConfig config, Ep1BuilderConverterConfigFilter filter) in /Users/albayrme/Automation/maestro/Applications/MeteoRSI/MeteoRSI.Application/MetoRsiText.cs:line 31
----- Inner Stack Trace -----
   at Microsoft.Xml.Serialization.GeneratedAssembly.XmlSerializationReaderWeatherRecords.Read9_xml()
  Failed Maestro.MeteoRSI.Tests.TextUnitTests.CreateTextWeatherPages_DefaultFileInput_File_54_01(index: 21, regex: "^Fonte: MeteoSvizzera$") [1 ms]
  Error Message:
   System.Exception : File combinedText.xml is in the wrong format. It should be of type WeatherRecords.
---- System.InvalidOperationException : There is an error in XML document (1, 40).
-------- System.InvalidOperationException : <xml xmlns='http://www.meteosvizzera.ch/rsi/VOFH08'> was not expected.
  Stack Trace:
     at Maestro.MeteoRSI.Application.MetoRsiText.CreateTextWeatherPages(FileInfo fileInfo, Ep1BuilderConverterConfig config, Ep1BuilderConverterConfigFilter filter) in /Users/albayrme/Automation/maestro/Applications/MeteoRSI/MeteoRSI.Application/MetoRsiText.cs:line 61
   at Maestro.MeteoRSI.Tests.TextUnitTests.CreateTextWeatherPages_DefaultFileInput_File_54_01(Int32 index, String regex) in /Users/albayrme/Automation/maestro/Applications/MeteoRSI/MeteoRSI.Tests/TextUnitTests.cs:line 306
----- Inner Stack Trace -----
   at System.Xml.Serialization.XmlSerializer.Deserialize(XmlReader xmlReader, String encodingStyle, XmlDeserializationEvents events)
   at System.Xml.Serialization.XmlSerializer.Deserialize(TextReader textReader)
   at Maestro.Core.Helpers.XmlHelper.Deserialize[T](String content) in /Users/albayrme/Automation/maestro/Core/Maestro.Core/Helpers/XmlHelper.cs:line 37
   at Maestro.MeteoRSI.Application.MetoRsiText.CreateTextWeatherPages(FileInfo fileInfo, Ep1BuilderConverterConfig config, Ep1BuilderConverterConfigFilter filter) in /Users/albayrme/Automation/maestro/Applications/MeteoRSI/MeteoRSI.Application/MetoRsiText.cs:line 31
----- Inner Stack Trace -----
   at Microsoft.Xml.Serialization.GeneratedAssembly.XmlSerializationReaderWeatherRecords.Read9_xml()
[xUnit.net 00:00:02.47]     Maestro.MeteoRSI.Tests.TextUnitTests.CreateTextWeatherPages_DefaultFileInput_File_54_01(index: 12, regex: "^$") [FAIL]
[xUnit.net 00:00:02.47]       System.Exception : File combinedText.xml is in the wrong format. It should be of type WeatherRecords.
[xUnit.net 00:00:02.47]       ---- System.InvalidOperationException : There is an error in XML document (1, 40).
[xUnit.net 00:00:02.47]       -------- System.InvalidOperationException : <xml xmlns='http://www.meteosvizzera.ch/rsi/VOFH08'> was not expected.
[xUnit.net 00:00:02.47]       Stack Trace:
[xUnit.net 00:00:02.47]         /Users/albayrme/Automation/maestro/Applications/MeteoRSI/MeteoRSI.Application/MetoRsiText.cs(61,0): at Maestro.MeteoRSI.Application.MetoRsiText.CreateTextWeatherPages(FileInfo fileInfo, Ep1BuilderConverterConfig config, Ep1BuilderConverterConfigFilter filter)
[xUnit.net 00:00:02.47]         /Users/albayrme/Automation/maestro/Applications/MeteoRSI/MeteoRSI.Tests/TextUnitTests.cs(306,0): at Maestro.MeteoRSI.Tests.TextUnitTests.CreateTextWeatherPages_DefaultFileInput_File_54_01(Int32 index, String regex)
[xUnit.net 00:00:02.47]         ----- Inner Stack Trace -----
[xUnit.net 00:00:02.47]            at System.Xml.Serialization.XmlSerializer.Deserialize(XmlReader xmlReader, String encodingStyle, XmlDeserializationEvents events)
[xUnit.net 00:00:02.47]            at System.Xml.Serialization.XmlSerializer.Deserialize(TextReader textReader)
[xUnit.net 00:00:02.47]         /Users/albayrme/Automation/maestro/Core/Maestro.Core/Helpers/XmlHelper.cs(37,0): at Maestro.Core.Helpers.XmlHelper.Deserialize[T](String content)
[xUnit.net 00:00:02.47]         /Users/albayrme/Automation/maestro/Applications/MeteoRSI/MeteoRSI.Application/MetoRsiText.cs(31,0): at Maestro.MeteoRSI.Application.MetoRsiText.CreateTextWeatherPages(FileInfo fileInfo, Ep1BuilderConverterConfig config, Ep1BuilderConverterConfigFilter filter)
[xUnit.net 00:00:02.47]         ----- Inner Stack Trace -----
[xUnit.net 00:00:02.47]            at Microsoft.Xml.Serialization.GeneratedAssembly.XmlSerializationReaderWeatherRecords.Read9_xml()
[xUnit.net 00:00:02.47]     Maestro.MeteoRSI.Tests.TextUnitTests.CreateTextWeatherPages_DefaultFileInput_File_54_01(index: 13, regex: "^$") [FAIL]
[xUnit.net 00:00:02.47]       System.Exception : File combinedText.xml is in the wrong format. It should be of type WeatherRecords.
[xUnit.net 00:00:02.47]       ---- System.InvalidOperationException : There is an error in XML document (1, 40).
[xUnit.net 00:00:02.47]       -------- System.InvalidOperationException : <xml xmlns='http://www.meteosvizzera.ch/rsi/VOFH08'> was not expected.
[xUnit.net 00:00:02.47]       Stack Trace:
[xUnit.net 00:00:02.48]         /Users/albayrme/Automation/maestro/Applications/MeteoRSI/MeteoRSI.Application/MetoRsiText.cs(61,0): at Maestro.MeteoRSI.Application.MetoRsiText.CreateTextWeatherPages(FileInfo fileInfo, Ep1BuilderConverterConfig config, Ep1BuilderConverterConfigFilter filter)
[xUnit.net 00:00:02.48]         /Users/albayrme/Automation/maestro/Applications/MeteoRSI/MeteoRSI.Tests/TextUnitTests.cs(306,0): at Maestro.MeteoRSI.Tests.TextUnitTests.CreateTextWeatherPages_DefaultFileInput_File_54_01(Int32 index, String regex)
[xUnit.net 00:00:02.48]         ----- Inner Stack Trace -----
[xUnit.net 00:00:02.48]            at System.Xml.Serialization.XmlSerializer.Deserialize(XmlReader xmlReader, String encodingStyle, XmlDeserializationEvents events)
[xUnit.net 00:00:02.48]            at System.Xml.Serialization.XmlSerializer.Deserialize(TextReader textReader)
[xUnit.net 00:00:02.48]         /Users/albayrme/Automation/maestro/Core/Maestro.Core/Helpers/XmlHelper.cs(37,0): at Maestro.Core.Helpers.XmlHelper.Deserialize[T](String content)
[xUnit.net 00:00:02.48]         /Users/albayrme/Automation/maestro/Applications/MeteoRSI/MeteoRSI.Application/MetoRsiText.cs(31,0): at Maestro.MeteoRSI.Application.MetoRsiText.CreateTextWeatherPages(FileInfo fileInfo, Ep1BuilderConverterConfig config, Ep1BuilderConverterConfigFilter filter)
[xUnit.net 00:00:02.48]         ----- Inner Stack Trace -----
[xUnit.net 00:00:02.48]            at Microsoft.Xml.Serialization.GeneratedAssembly.XmlSerializationReaderWeatherRecords.Read9_xml()
[xUnit.net 00:00:02.48]     Maestro.MeteoRSI.Tests.TextUnitTests.CreateTextWeatherPages_DefaultFileInput_File_54_01(index: 1, regex: "^Previsioni$") [FAIL]
[xUnit.net 00:00:02.48]       System.Exception : File combinedText.xml is in the wrong format. It should be of type WeatherRecords.
[xUnit.net 00:00:02.48]       ---- System.InvalidOperationException : There is an error in XML document (1, 40).
[xUnit.net 00:00:02.48]       -------- System.InvalidOperationException : <xml xmlns='http://www.meteosvizzera.ch/rsi/VOFH08'> was not expected.
[xUnit.net 00:00:02.48]       Stack Trace:
[xUnit.net 00:00:02.48]         /Users/albayrme/Automation/maestro/Applications/MeteoRSI/MeteoRSI.Application/MetoRsiText.cs(61,0): at Maestro.MeteoRSI.Application.MetoRsiText.CreateTextWeatherPages(FileInfo fileInfo, Ep1BuilderConverterConfig config, Ep1BuilderConverterConfigFilter filter)
[xUnit.net 00:00:02.48]         /Users/albayrme/Automation/maestro/Applications/MeteoRSI/MeteoRSI.Tests/TextUnitTests.cs(306,0): at Maestro.MeteoRSI.Tests.TextUnitTests.CreateTextWeatherPages_DefaultFileInput_File_54_01(Int32 index, String regex)
[xUnit.net 00:00:02.48]         ----- Inner Stack Trace -----
[xUnit.net 00:00:02.48]            at System.Xml.Serialization.XmlSerializer.Deserialize(XmlReader xmlReader, String encodingStyle, XmlDeserializationEvents events)
[xUnit.net 00:00:02.48]            at System.Xml.Serialization.XmlSerializer.Deserialize(TextReader textReader)
[xUnit.net 00:00:02.48]         /Users/albayrme/Automation/maestro/Core/Maestro.Core/Helpers/XmlHelper.cs(37,0): at Maestro.Core.Helpers.XmlHelper.Deserialize[T](String content)
[xUnit.net 00:00:02.48]         /Users/albayrme/Automation/maestro/Applications/MeteoRSI/MeteoRSI.Application/MetoRsiText.cs(31,0): at Maestro.MeteoRSI.Application.MetoRsiText.CreateTextWeatherPages(FileInfo fileInfo, Ep1BuilderConverterConfig config, Ep1BuilderConverterConfigFilter filter)
[xUnit.net 00:00:02.48]         ----- Inner Stack Trace -----
[xUnit.net 00:00:02.48]            at Microsoft.Xml.Serialization.GeneratedAssembly.XmlSerializationReaderWeatherRecords.Read9_xml()
[xUnit.net 00:00:02.48]     Maestro.MeteoRSI.Tests.TextUnitTests.CreateTextWeatherPages_DefaultFileInput_File_54_01(index: 19, regex: "^$") [FAIL]
[xUnit.net 00:00:02.48]       System.Exception : File combinedText.xml is in the wrong format. It should be of type WeatherRecords.
[xUnit.net 00:00:02.48]       ---- System.InvalidOperationException : There is an error in XML document (1, 40).
[xUnit.net 00:00:02.48]       -------- System.InvalidOperationException : <xml xmlns='http://www.meteosvizzera.ch/rsi/VOFH08'> was not expected.
[xUnit.net 00:00:02.48]       Stack Trace:
[xUnit.net 00:00:02.48]         /Users/albayrme/Automation/maestro/Applications/MeteoRSI/MeteoRSI.Application/MetoRsiText.cs(61,0): at Maestro.MeteoRSI.Application.MetoRsiText.CreateTextWeatherPages(FileInfo fileInfo, Ep1BuilderConverterConfig config, Ep1BuilderConverterConfigFilter filter)
[xUnit.net 00:00:02.48]         /Users/albayrme/Automation/maestro/Applications/MeteoRSI/MeteoRSI.Tests/TextUnitTests.cs(306,0): at Maestro.MeteoRSI.Tests.TextUnitTests.CreateTextWeatherPages_DefaultFileInput_File_54_01(Int32 index, String regex)
[xUnit.net 00:00:02.48]         ----- Inner Stack Trace -----
[xUnit.net 00:00:02.48]            at System.Xml.Serialization.XmlSerializer.Deserialize(XmlReader xmlReader, String encodingStyle, XmlDeserializationEvents events)
[xUnit.net 00:00:02.48]            at System.Xml.Serialization.XmlSerializer.Deserialize(TextReader textReader)
[xUnit.net 00:00:02.48]         /Users/albayrme/Automation/maestro/Core/Maestro.Core/Helpers/XmlHelper.cs(37,0): at Maestro.Core.Helpers.XmlHelper.Deserialize[T](String content)
[xUnit.net 00:00:02.48]         /Users/albayrme/Automation/maestro/Applications/MeteoRSI/MeteoRSI.Application/MetoRsiText.cs(31,0): at Maestro.MeteoRSI.Application.MetoRsiText.CreateTextWeatherPages(FileInfo fileInfo, Ep1BuilderConverterConfig config, Ep1BuilderConverterConfigFilter filter)
[xUnit.net 00:00:02.48]         ----- Inner Stack Trace -----
[xUnit.net 00:00:02.48]            at Microsoft.Xml.Serialization.GeneratedAssembly.XmlSerializationReaderWeatherRecords.Read9_xml()
[xUnit.net 00:00:02.48]     Maestro.MeteoRSI.Tests.TextUnitTests.CreateTextWeatherPages_DefaultFileInput_File_54_01(index: 15, regex: "^[a-zA-Z0-9_\\-\\[\\.]*") [FAIL]
[xUnit.net 00:00:02.48]       System.Exception : File combinedText.xml is in the wrong format. It should be of type WeatherRecords.
[xUnit.net 00:00:02.48]       ---- System.InvalidOperationException : There is an error in XML document (1, 40).
[xUnit.net 00:00:02.48]       -------- System.InvalidOperationException : <xml xmlns='http://www.meteosvizzera.ch/rsi/VOFH08'> was not expected.
[xUnit.net 00:00:02.48]       Stack Trace:
[xUnit.net 00:00:02.48]         /Users/albayrme/Automation/maestro/Applications/MeteoRSI/MeteoRSI.Application/MetoRsiText.cs(61,0): at Maestro.MeteoRSI.Application.MetoRsiText.CreateTextWeatherPages(FileInfo fileInfo, Ep1BuilderConverterConfig config, Ep1BuilderConverterConfigFilter filter)
[xUnit.net 00:00:02.48]         /Users/albayrme/Automation/maestro/Applications/MeteoRSI/MeteoRSI.Tests/TextUnitTests.cs(306,0): at Maestro.MeteoRSI.Tests.TextUnitTests.CreateTextWeatherPages_DefaultFileInput_File_54_01(Int32 index, String regex)
[xUnit.net 00:00:02.48]         ----- Inner Stack Trace -----
[xUnit.net 00:00:02.48]            at System.Xml.Serialization.XmlSerializer.Deserialize(XmlReader xmlReader, String encodingStyle, XmlDeserializationEvents events)
[xUnit.net 00:00:02.48]            at System.Xml.Serialization.XmlSerializer.Deserialize(TextReader textReader)
[xUnit.net 00:00:02.48]         /Users/albayrme/Automation/maestro/Core/Maestro.Core/Helpers/XmlHelper.cs(37,0): at Maestro.Core.Helpers.XmlHelper.Deserialize[T](String content)
[xUnit.net 00:00:02.48]         /Users/albayrme/Automation/maestro/Applications/MeteoRSI/MeteoRSI.Application/MetoRsiText.cs(31,0): at Maestro.MeteoRSI.Application.MetoRsiText.CreateTextWeatherPages(FileInfo fileInfo, Ep1BuilderConverterConfig config, Ep1BuilderConverterConfigFilter filter)
[xUnit.net 00:00:02.48]         ----- Inner Stack Trace -----
[xUnit.net 00:00:02.48]            at Microsoft.Xml.Serialization.GeneratedAssembly.XmlSerializationReaderWeatherRecords.Read9_xml()
[xUnit.net 00:00:02.48]     Maestro.MeteoRSI.Tests.TextUnitTests.CreateTextWeatherPages_DefaultFileInput_File_54_01(index: 11, regex: "^[a-zA-Z0-9_\\-\\[\\.]*") [FAIL]
[xUnit.net 00:00:02.48]       System.Exception : File combinedText.xml is in the wrong format. It should be of type WeatherRecords.
[xUnit.net 00:00:02.48]       ---- System.InvalidOperationException : There is an error in XML document (1, 40).
[xUnit.net 00:00:02.48]       -------- System.InvalidOperationException : <xml xmlns='http://www.meteosvizzera.ch/rsi/VOFH08'> was not expected.
[xUnit.net 00:00:02.48]       Stack Trace:
[xUnit.net 00:00:02.48]         /Users/albayrme/Automation/maestro/Applications/MeteoRSI/MeteoRSI.Application/MetoRsiText.cs(61,0): at Maestro.MeteoRSI.Application.MetoRsiText.CreateTextWeatherPages(FileInfo fileInfo, Ep1BuilderConverterConfig config, Ep1BuilderConverterConfigFilter filter)
[xUnit.net 00:00:02.48]         /Users/albayrme/Automation/maestro/Applications/MeteoRSI/MeteoRSI.Tests/TextUnitTests.cs(306,0): at Maestro.MeteoRSI.Tests.TextUnitTests.CreateTextWeatherPages_DefaultFileInput_File_54_01(Int32 index, String regex)
[xUnit.net 00:00:02.48]         ----- Inner Stack Trace -----
[xUnit.net 00:00:02.48]            at System.Xml.Serialization.XmlSerializer.Deserialize(XmlReader xmlReader, String encodingStyle, XmlDeserializationEvents events)
[xUnit.net 00:00:02.48]            at System.Xml.Serialization.XmlSerializer.Deserialize(TextReader textReader)
[xUnit.net 00:00:02.48]         /Users/albayrme/Automation/maestro/Core/Maestro.Core/Helpers/XmlHelper.cs(37,0): at Maestro.Core.Helpers.XmlHelper.Deserialize[T](String content)
[xUnit.net 00:00:02.48]         /Users/albayrme/Automation/maestro/Applications/MeteoRSI/MeteoRSI.Application/MetoRsiText.cs(31,0): at Maestro.MeteoRSI.Application.MetoRsiText.CreateTextWeatherPages(FileInfo fileInfo, Ep1BuilderConverterConfig config, Ep1BuilderConverterConfigFilter filter)
[xUnit.net 00:00:02.48]         ----- Inner Stack Trace -----
[xUnit.net 00:00:02.48]            at Microsoft.Xml.Serialization.GeneratedAssembly.XmlSerializationReaderWeatherRecords.Read9_xml()
[xUnit.net 00:00:02.48]     Maestro.MeteoRSI.Tests.TextUnitTests.CreateTextWeatherPages_DefaultFileInput_File_54_01(index: 5, regex: "^$") [FAIL]
[xUnit.net 00:00:02.48]       System.Exception : File combinedText.xml is in the wrong format. It should be of type WeatherRecords.
[xUnit.net 00:00:02.48]       ---- System.InvalidOperationException : There is an error in XML document (1, 40).
[xUnit.net 00:00:02.48]       -------- System.InvalidOperationException : <xml xmlns='http://www.meteosvizzera.ch/rsi/VOFH08'> was not expected.
[xUnit.net 00:00:02.48]       Stack Trace:
[xUnit.net 00:00:02.48]         /Users/albayrme/Automation/maestro/Applications/MeteoRSI/MeteoRSI.Application/MetoRsiText.cs(61,0): at Maestro.MeteoRSI.Application.MetoRsiText.CreateTextWeatherPages(FileInfo fileInfo, Ep1BuilderConverterConfig config, Ep1BuilderConverterConfigFilter filter)
[xUnit.net 00:00:02.48]         /Users/albayrme/Automation/maestro/Applications/MeteoRSI/MeteoRSI.Tests/TextUnitTests.cs(306,0): at Maestro.MeteoRSI.Tests.TextUnitTests.CreateTextWeatherPages_DefaultFileInput_File_54_01(Int32 index, String regex)
[xUnit.net 00:00:02.48]         ----- Inner Stack Trace -----
[xUnit.net 00:00:02.48]            at System.Xml.Serialization.XmlSerializer.Deserialize(XmlReader xmlReader, String encodingStyle, XmlDeserializationEvents events)
[xUnit.net 00:00:02.48]            at System.Xml.Serialization.XmlSerializer.Deserialize(TextReader textReader)
[xUnit.net 00:00:02.48]         /Users/albayrme/Automation/maestro/Core/Maestro.Core/Helpers/XmlHelper.cs(37,0): at Maestro.Core.Helpers.XmlHelper.Deserialize[T](String content)
[xUnit.net 00:00:02.48]         /Users/albayrme/Automation/maestro/Applications/MeteoRSI/MeteoRSI.Application/MetoRsiText.cs(31,0): at Maestro.MeteoRSI.Application.MetoRsiText.CreateTextWeatherPages(FileInfo fileInfo, Ep1BuilderConverterConfig config, Ep1BuilderConverterConfigFilter filter)
[xUnit.net 00:00:02.48]         ----- Inner Stack Trace -----
[xUnit.net 00:00:02.48]            at Microsoft.Xml.Serialization.GeneratedAssembly.XmlSerializationReaderWeatherRecords.Read9_xml()
[xUnit.net 00:00:02.49]     Maestro.MeteoRSI.Tests.TextUnitTests.CreateTextWeatherPages_DefaultFileInput_File_54_01(index: 8, regex: "^Bregaglia, Poschiavo e Valtellina$") [FAIL]
[xUnit.net 00:00:02.49]       System.Exception : File combinedText.xml is in the wrong format. It should be of type WeatherRecords.
[xUnit.net 00:00:02.49]       ---- System.InvalidOperationException : There is an error in XML document (1, 40).
[xUnit.net 00:00:02.49]       -------- System.InvalidOperationException : <xml xmlns='http://www.meteosvizzera.ch/rsi/VOFH08'> was not expected.
[xUnit.net 00:00:02.49]       Stack Trace:
[xUnit.net 00:00:02.49]         /Users/albayrme/Automation/maestro/Applications/MeteoRSI/MeteoRSI.Application/MetoRsiText.cs(61,0): at Maestro.MeteoRSI.Application.MetoRsiText.CreateTextWeatherPages(FileInfo fileInfo, Ep1BuilderConverterConfig config, Ep1BuilderConverterConfigFilter filter)
[xUnit.net 00:00:02.49]         /Users/albayrme/Automation/maestro/Applications/MeteoRSI/MeteoRSI.Tests/TextUnitTests.cs(306,0): at Maestro.MeteoRSI.Tests.TextUnitTests.CreateTextWeatherPages_DefaultFileInput_File_54_01(Int32 index, String regex)
[xUnit.net 00:00:02.49]         ----- Inner Stack Trace -----
[xUnit.net 00:00:02.49]            at System.Xml.Serialization.XmlSerializer.Deserialize(XmlReader xmlReader, String encodingStyle, XmlDeserializationEvents events)
[xUnit.net 00:00:02.49]            at System.Xml.Serialization.XmlSerializer.Deserialize(TextReader textReader)
[xUnit.net 00:00:02.49]         /Users/albayrme/Automation/maestro/Core/Maestro.Core/Helpers/XmlHelper.cs(37,0): at Maestro.Core.Helpers.XmlHelper.Deserialize[T](String content)
[xUnit.net 00:00:02.49]         /Users/albayrme/Automation/maestro/Applications/MeteoRSI/MeteoRSI.Application/MetoRsiText.cs(31,0): at Maestro.MeteoRSI.Application.MetoRsiText.CreateTextWeatherPages(FileInfo fileInfo, Ep1BuilderConverterConfig config, Ep1BuilderConverterConfigFilter filter)
[xUnit.net 00:00:02.49]         ----- Inner Stack Trace -----
[xUnit.net 00:00:02.49]            at Microsoft.Xml.Serialization.GeneratedAssembly.XmlSerializationReaderWeatherRecords.Read9_xml()
  Failed Maestro.MeteoRSI.Tests.TextUnitTests.CreateTextWeatherPages_DefaultFileInput_File_54_01(index: 12, regex: "^$") [1 ms]
  Error Message:
   System.Exception : File combinedText.xml is in the wrong format. It should be of type WeatherRecords.
---- System.InvalidOperationException : There is an error in XML document (1, 40).
-------- System.InvalidOperationException : <xml xmlns='http://www.meteosvizzera.ch/rsi/VOFH08'> was not expected.
  Stack Trace:
     at Maestro.MeteoRSI.Application.MetoRsiText.CreateTextWeatherPages(FileInfo fileInfo, Ep1BuilderConverterConfig config, Ep1BuilderConverterConfigFilter filter) in /Users/albayrme/Automation/maestro/Applications/MeteoRSI/MeteoRSI.Application/MetoRsiText.cs:line 61
   at Maestro.MeteoRSI.Tests.TextUnitTests.CreateTextWeatherPages_DefaultFileInput_File_54_01(Int32 index, String regex) in /Users/albayrme/Automation/maestro/Applications/MeteoRSI/MeteoRSI.Tests/TextUnitTests.cs:line 306
----- Inner Stack Trace -----
   at System.Xml.Serialization.XmlSerializer.Deserialize(XmlReader xmlReader, String encodingStyle, XmlDeserializationEvents events)
   at System.Xml.Serialization.XmlSerializer.Deserialize(TextReader textReader)
   at Maestro.Core.Helpers.XmlHelper.Deserialize[T](String content) in /Users/albayrme/Automation/maestro/Core/Maestro.Core/Helpers/XmlHelper.cs:line 37
   at Maestro.MeteoRSI.Application.MetoRsiText.CreateTextWeatherPages(FileInfo fileInfo, Ep1BuilderConverterConfig config, Ep1BuilderConverterConfigFilter filter) in /Users/albayrme/Automation/maestro/Applications/MeteoRSI/MeteoRSI.Application/MetoRsiText.cs:line 31
----- Inner Stack Trace -----
   at Microsoft.Xml.Serialization.GeneratedAssembly.XmlSerializationReaderWeatherRecords.Read9_xml()
  Failed Maestro.MeteoRSI.Tests.TextUnitTests.CreateTextWeatherPages_DefaultFileInput_File_54_01(index: 13, regex: "^$") [2 ms]
  Error Message:
   System.Exception : File combinedText.xml is in the wrong format. It should be of type WeatherRecords.
---- System.InvalidOperationException : There is an error in XML document (1, 40).
-------- System.InvalidOperationException : <xml xmlns='http://www.meteosvizzera.ch/rsi/VOFH08'> was not expected.
  Stack Trace:
     at Maestro.MeteoRSI.Application.MetoRsiText.CreateTextWeatherPages(FileInfo fileInfo, Ep1BuilderConverterConfig config, Ep1BuilderConverterConfigFilter filter) in /Users/albayrme/Automation/maestro/Applications/MeteoRSI/MeteoRSI.Application/MetoRsiText.cs:line 61
   at Maestro.MeteoRSI.Tests.TextUnitTests.CreateTextWeatherPages_DefaultFileInput_File_54_01(Int32 index, String regex) in /Users/albayrme/Automation/maestro/Applications/MeteoRSI/MeteoRSI.Tests/TextUnitTests.cs:line 306
----- Inner Stack Trace -----
   at System.Xml.Serialization.XmlSerializer.Deserialize(XmlReader xmlReader, String encodingStyle, XmlDeserializationEvents events)
   at System.Xml.Serialization.XmlSerializer.Deserialize(TextReader textReader)
   at Maestro.Core.Helpers.XmlHelper.Deserialize[T](String content) in /Users/albayrme/Automation/maestro/Core/Maestro.Core/Helpers/XmlHelper.cs:line 37
   at Maestro.MeteoRSI.Application.MetoRsiText.CreateTextWeatherPages(FileInfo fileInfo, Ep1BuilderConverterConfig config, Ep1BuilderConverterConfigFilter filter) in /Users/albayrme/Automation/maestro/Applications/MeteoRSI/MeteoRSI.Application/MetoRsiText.cs:line 31
----- Inner Stack Trace -----
   at Microsoft.Xml.Serialization.GeneratedAssembly.XmlSerializationReaderWeatherRecords.Read9_xml()
  Failed Maestro.MeteoRSI.Tests.TextUnitTests.CreateTextWeatherPages_DefaultFileInput_File_54_01(index: 1, regex: "^Previsioni$") [1 ms]
  Error Message:
   System.Exception : File combinedText.xml is in the wrong format. It should be of type WeatherRecords.
---- System.InvalidOperationException : There is an error in XML document (1, 40).
-------- System.InvalidOperationException : <xml xmlns='http://www.meteosvizzera.ch/rsi/VOFH08'> was not expected.
  Stack Trace:
     at Maestro.MeteoRSI.Application.MetoRsiText.CreateTextWeatherPages(FileInfo fileInfo, Ep1BuilderConverterConfig config, Ep1BuilderConverterConfigFilter filter) in /Users/albayrme/Automation/maestro/Applications/MeteoRSI/MeteoRSI.Application/MetoRsiText.cs:line 61
   at Maestro.MeteoRSI.Tests.TextUnitTests.CreateTextWeatherPages_DefaultFileInput_File_54_01(Int32 index, String regex) in /Users/albayrme/Automation/maestro/Applications/MeteoRSI/MeteoRSI.Tests/TextUnitTests.cs:line 306
----- Inner Stack Trace -----
   at System.Xml.Serialization.XmlSerializer.Deserialize(XmlReader xmlReader, String encodingStyle, XmlDeserializationEvents events)
   at System.Xml.Serialization.XmlSerializer.Deserialize(TextReader textReader)
   at Maestro.Core.Helpers.XmlHelper.Deserialize[T](String content) in /Users/albayrme/Automation/maestro/Core/Maestro.Core/Helpers/XmlHelper.cs:line 37
   at Maestro.MeteoRSI.Application.MetoRsiText.CreateTextWeatherPages(FileInfo fileInfo, Ep1BuilderConverterConfig config, Ep1BuilderConverterConfigFilter filter) in /Users/albayrme/Automation/maestro/Applications/MeteoRSI/MeteoRSI.Application/MetoRsiText.cs:line 31
----- Inner Stack Trace -----
   at Microsoft.Xml.Serialization.GeneratedAssembly.XmlSerializationReaderWeatherRecords.Read9_xml()
  Failed Maestro.MeteoRSI.Tests.TextUnitTests.CreateTextWeatherPages_DefaultFileInput_File_54_01(index: 19, regex: "^$") [1 ms]
  Error Message:
   System.Exception : File combinedText.xml is in the wrong format. It should be of type WeatherRecords.
---- System.InvalidOperationException : There is an error in XML document (1, 40).
-------- System.InvalidOperationException : <xml xmlns='http://www.meteosvizzera.ch/rsi/VOFH08'> was not expected.
  Stack Trace:
     at Maestro.MeteoRSI.Application.MetoRsiText.CreateTextWeatherPages(FileInfo fileInfo, Ep1BuilderConverterConfig config, Ep1BuilderConverterConfigFilter filter) in /Users/albayrme/Automation/maestro/Applications/MeteoRSI/MeteoRSI.Application/MetoRsiText.cs:line 61
   at Maestro.MeteoRSI.Tests.TextUnitTests.CreateTextWeatherPages_DefaultFileInput_File_54_01(Int32 index, String regex) in /Users/albayrme/Automation/maestro/Applications/MeteoRSI/MeteoRSI.Tests/TextUnitTests.cs:line 306
----- Inner Stack Trace -----
   at System.Xml.Serialization.XmlSerializer.Deserialize(XmlReader xmlReader, String encodingStyle, XmlDeserializationEvents events)
   at System.Xml.Serialization.XmlSerializer.Deserialize(TextReader textReader)
   at Maestro.Core.Helpers.XmlHelper.Deserialize[T](String content) in /Users/albayrme/Automation/maestro/Core/Maestro.Core/Helpers/XmlHelper.cs:line 37
   at Maestro.MeteoRSI.Application.MetoRsiText.CreateTextWeatherPages(FileInfo fileInfo, Ep1BuilderConverterConfig config, Ep1BuilderConverterConfigFilter filter) in /Users/albayrme/Automation/maestro/Applications/MeteoRSI/MeteoRSI.Application/MetoRsiText.cs:line 31
----- Inner Stack Trace -----
   at Microsoft.Xml.Serialization.GeneratedAssembly.XmlSerializationReaderWeatherRecords.Read9_xml()
  Failed Maestro.MeteoRSI.Tests.TextUnitTests.CreateTextWeatherPages_DefaultFileInput_File_54_01(index: 15, regex: "^[a-zA-Z0-9_\\-\\[\\.]*") [1 ms]
  Error Message:
   System.Exception : File combinedText.xml is in the wrong format. It should be of type WeatherRecords.
---- System.InvalidOperationException : There is an error in XML document (1, 40).
-------- System.InvalidOperationException : <xml xmlns='http://www.meteosvizzera.ch/rsi/VOFH08'> was not expected.
  Stack Trace:
     at Maestro.MeteoRSI.Application.MetoRsiText.CreateTextWeatherPages(FileInfo fileInfo, Ep1BuilderConverterConfig config, Ep1BuilderConverterConfigFilter filter) in /Users/albayrme/Automation/maestro/Applications/MeteoRSI/MeteoRSI.Application/MetoRsiText.cs:line 61
   at Maestro.MeteoRSI.Tests.TextUnitTests.CreateTextWeatherPages_DefaultFileInput_File_54_01(Int32 index, String regex) in /Users/albayrme/Automation/maestro/Applications/MeteoRSI/MeteoRSI.Tests/TextUnitTests.cs:line 306
----- Inner Stack Trace -----
   at System.Xml.Serialization.XmlSerializer.Deserialize(XmlReader xmlReader, String encodingStyle, XmlDeserializationEvents events)
   at System.Xml.Serialization.XmlSerializer.Deserialize(TextReader textReader)
   at Maestro.Core.Helpers.XmlHelper.Deserialize[T](String content) in /Users/albayrme/Automation/maestro/Core/Maestro.Core/Helpers/XmlHelper.cs:line 37
   at Maestro.MeteoRSI.Application.MetoRsiText.CreateTextWeatherPages(FileInfo fileInfo, Ep1BuilderConverterConfig config, Ep1BuilderConverterConfigFilter filter) in /Users/albayrme/Automation/maestro/Applications/MeteoRSI/MeteoRSI.Application/MetoRsiText.cs:line 31
----- Inner Stack Trace -----
   at Microsoft.Xml.Serialization.GeneratedAssembly.XmlSerializationReaderWeatherRecords.Read9_xml()
  Failed Maestro.MeteoRSI.Tests.TextUnitTests.CreateTextWeatherPages_DefaultFileInput_File_54_01(index: 11, regex: "^[a-zA-Z0-9_\\-\\[\\.]*") [2 ms]
  Error Message:
   System.Exception : File combinedText.xml is in the wrong format. It should be of type WeatherRecords.
---- System.InvalidOperationException : There is an error in XML document (1, 40).
-------- System.InvalidOperationException : <xml xmlns='http://www.meteosvizzera.ch/rsi/VOFH08'> was not expected.
  Stack Trace:
     at Maestro.MeteoRSI.Application.MetoRsiText.CreateTextWeatherPages(FileInfo fileInfo, Ep1BuilderConverterConfig config, Ep1BuilderConverterConfigFilter filter) in /Users/albayrme/Automation/maestro/Applications/MeteoRSI/MeteoRSI.Application/MetoRsiText.cs:line 61
   at Maestro.MeteoRSI.Tests.TextUnitTests.CreateTextWeatherPages_DefaultFileInput_File_54_01(Int32 index, String regex) in /Users/albayrme/Automation/maestro/Applications/MeteoRSI/MeteoRSI.Tests/TextUnitTests.cs:line 306
----- Inner Stack Trace -----
   at System.Xml.Serialization.XmlSerializer.Deserialize(XmlReader xmlReader, String encodingStyle, XmlDeserializationEvents events)
   at System.Xml.Serialization.XmlSerializer.Deserialize(TextReader textReader)
   at Maestro.Core.Helpers.XmlHelper.Deserialize[T](String content) in /Users/albayrme/Automation/maestro/Core/Maestro.Core/Helpers/XmlHelper.cs:line 37
   at Maestro.MeteoRSI.Application.MetoRsiText.CreateTextWeatherPages(FileInfo fileInfo, Ep1BuilderConverterConfig config, Ep1BuilderConverterConfigFilter filter) in /Users/albayrme/Automation/maestro/Applications/MeteoRSI/MeteoRSI.Application/MetoRsiText.cs:line 31
----- Inner Stack Trace -----
   at Microsoft.Xml.Serialization.GeneratedAssembly.XmlSerializationReaderWeatherRecords.Read9_xml()
  Failed Maestro.MeteoRSI.Tests.TextUnitTests.CreateTextWeatherPages_DefaultFileInput_File_54_01(index: 5, regex: "^$") [1 ms]
  Error Message:
   System.Exception : File combinedText.xml is in the wrong format. It should be of type WeatherRecords.
---- System.InvalidOperationException : There is an error in XML document (1, 40).
-------- System.InvalidOperationException : <xml xmlns='http://www.meteosvizzera.ch/rsi/VOFH08'> was not expected.
  Stack Trace:
     at Maestro.MeteoRSI.Application.MetoRsiText.CreateTextWeatherPages(FileInfo fileInfo, Ep1BuilderConverterConfig config, Ep1BuilderConverterConfigFilter filter) in /Users/albayrme/Automation/maestro/Applications/MeteoRSI/MeteoRSI.Application/MetoRsiText.cs:line 61
   at Maestro.MeteoRSI.Tests.TextUnitTests.CreateTextWeatherPages_DefaultFileInput_File_54_01(Int32 index, String regex) in /Users/albayrme/Automation/maestro/Applications/MeteoRSI/MeteoRSI.Tests/TextUnitTests.cs:line 306
----- Inner Stack Trace -----
   at System.Xml.Serialization.XmlSerializer.Deserialize(XmlReader xmlReader, String encodingStyle, XmlDeserializationEvents events)
   at System.Xml.Serialization.XmlSerializer.Deserialize(TextReader textReader)
   at Maestro.Core.Helpers.XmlHelper.Deserialize[T](String content) in /Users/albayrme/Automation/maestro/Core/Maestro.Core/Helpers/XmlHelper.cs:line 37
   at Maestro.MeteoRSI.Application.MetoRsiText.CreateTextWeatherPages(FileInfo fileInfo, Ep1BuilderConverterConfig config, Ep1BuilderConverterConfigFilter filter) in /Users/albayrme/Automation/maestro/Applications/MeteoRSI/MeteoRSI.Application/MetoRsiText.cs:line 31
----- Inner Stack Trace -----
   at Microsoft.Xml.Serialization.GeneratedAssembly.XmlSerializationReaderWeatherRecords.Read9_xml()
  Failed Maestro.MeteoRSI.Tests.TextUnitTests.CreateTextWeatherPages_DefaultFileInput_File_54_01(index: 8, regex: "^Bregaglia, Poschiavo e Valtellina$") [1 ms]
  Error Message:
   System.Exception : File combinedText.xml is in the wrong format. It should be of type WeatherRecords.
---- System.InvalidOperationException : There is an error in XML document (1, 40).
-------- System.InvalidOperationException : <xml xmlns='http://www.meteosvizzera.ch/rsi/VOFH08'> was not expected.
  Stack Trace:
     at Maestro.MeteoRSI.Application.MetoRsiText.CreateTextWeatherPages(FileInfo fileInfo, Ep1BuilderConverterConfig config, Ep1BuilderConverterConfigFilter filter) in /Users/albayrme/Automation/maestro/Applications/MeteoRSI/MeteoRSI.Application/MetoRsiText.cs:line 61
   at Maestro.MeteoRSI.Tests.TextUnitTests.CreateTextWeatherPages_DefaultFileInput_File_54_01(Int32 index, String regex) in /Users/albayrme/Automation/maestro/Applications/MeteoRSI/MeteoRSI.Tests/TextUnitTests.cs:line 306
----- Inner Stack Trace -----
   at System.Xml.Serialization.XmlSerializer.Deserialize(XmlReader xmlReader, String encodingStyle, XmlDeserializationEvents events)
   at System.Xml.Serialization.XmlSerializer.Deserialize(TextReader textReader)
   at Maestro.Core.Helpers.XmlHelper.Deserialize[T](String content) in /Users/albayrme/Automation/maestro/Core/Maestro.Core/Helpers/XmlHelper.cs:line 37
   at Maestro.MeteoRSI.Application.MetoRsiText.CreateTextWeatherPages(FileInfo fileInfo, Ep1BuilderConverterConfig config, Ep1BuilderConverterConfigFilter filter) in /Users/albayrme/Automation/maestro/Applications/MeteoRSI/MeteoRSI.Application/MetoRsiText.cs:line 31
----- Inner Stack Trace -----
   at Microsoft.Xml.Serialization.GeneratedAssembly.XmlSerializationReaderWeatherRecords.Read9_xml()
  Passed Maestro.MeteoRSI.Tests.TextUnitTests.CreateGeneralSituationPage_DefaultFileInput_GenerateSituationGeneraleEp1Page(index: 6, regex: "^$") [72 ms]
[xUnit.net 00:00:02.56]     Maestro.MeteoRSI.Tests.TextUnitTests.CreateGeneralSituationPage_DefaultFileInput_GenerateSituationGeneraleEp1Page(index: 8, regex: "^Al margine di una depressione in tran-$") [FAIL]
[xUnit.net 00:00:02.56]       Assert.Matches() Failure:
[xUnit.net 00:00:02.56]       Regex: ^Al margine di una depressione in tran-$
[xUnit.net 00:00:02.56]       Value: Una fascia di alta pressione posi-
[xUnit.net 00:00:02.56]       Stack Trace:
[xUnit.net 00:00:02.56]         /Users/albayrme/Automation/maestro/Applications/MeteoRSI/MeteoRSI.Tests/TextUnitTests.cs(106,0): at Maestro.MeteoRSI.Tests.TextUnitTests.CreateGeneralSituationPage_DefaultFileInput_GenerateSituationGeneraleEp1Page(Int32 index, String regex)
[xUnit.net 00:00:02.56]     Maestro.MeteoRSI.Tests.TextUnitTests.CreateGeneralSituationPage_DefaultFileInput_GenerateSituationGeneraleEp1Page(index: 12, regex: "^cuni giorni prevarranno condizioni nuo-$") [FAIL]
[xUnit.net 00:00:02.56]       Assert.Matches() Failure:
[xUnit.net 00:00:02.56]       Regex: ^cuni giorni prevarranno condizioni nuo-$
[xUnit.net 00:00:02.56]       Value: 
[xUnit.net 00:00:02.56]       Stack Trace:
[xUnit.net 00:00:02.56]         /Users/albayrme/Automation/maestro/Applications/MeteoRSI/MeteoRSI.Tests/TextUnitTests.cs(106,0): at Maestro.MeteoRSI.Tests.TextUnitTests.CreateGeneralSituationPage_DefaultFileInput_GenerateSituationGeneraleEp1Page(Int32 index, String regex)
[xUnit.net 00:00:02.57]     Maestro.MeteoRSI.Tests.TextUnitTests.CreateGeneralSituationPage_DefaultFileInput_GenerateSituationGeneraleEp1Page(index: 13, regex: "^vamente più stabili.$") [FAIL]
[xUnit.net 00:00:02.57]       Assert.Matches() Failure:
[xUnit.net 00:00:02.57]       Regex: ^vamente più stabili.$
[xUnit.net 00:00:02.57]       Value: 
[xUnit.net 00:00:02.57]       Stack Trace:
[xUnit.net 00:00:02.57]         /Users/albayrme/Automation/maestro/Applications/MeteoRSI/MeteoRSI.Tests/TextUnitTests.cs(106,0): at Maestro.MeteoRSI.Tests.TextUnitTests.CreateGeneralSituationPage_DefaultFileInput_GenerateSituationGeneraleEp1Page(Int32 index, String regex)
[xUnit.net 00:00:02.57]     Maestro.MeteoRSI.Tests.TextUnitTests.CreateGeneralSituationPage_DefaultFileInput_GenerateSituationGeneraleEp1Page(index: 9, regex: "^sito dalla Francia, oggi aria tempora-$") [FAIL]
[xUnit.net 00:00:02.57]       Assert.Matches() Failure:
[xUnit.net 00:00:02.57]       Regex: ^sito dalla Francia, oggi aria tempora-$
[xUnit.net 00:00:02.57]       Value: zionata sull'Europa centrale deter-
[xUnit.net 00:00:02.57]       Stack Trace:
[xUnit.net 00:00:02.57]         /Users/albayrme/Automation/maestro/Applications/MeteoRSI/MeteoRSI.Tests/TextUnitTests.cs(106,0): at Maestro.MeteoRSI.Tests.TextUnitTests.CreateGeneralSituationPage_DefaultFileInput_GenerateSituationGeneraleEp1Page(Int32 index, String regex)
[xUnit.net 00:00:02.57]     Maestro.MeteoRSI.Tests.TextUnitTests.CreateGeneralSituationPage_DefaultFileInput_GenerateSituationGeneraleEp1Page(index: 3, regex: "^Ore 05:42$") [FAIL]
[xUnit.net 00:00:02.57]       Assert.Matches() Failure:
[xUnit.net 00:00:02.57]       Regex: ^Ore 05:42$
[xUnit.net 00:00:02.57]       Value: Ore 09:02
[xUnit.net 00:00:02.57]       Stack Trace:
[xUnit.net 00:00:02.57]         /Users/albayrme/Automation/maestro/Applications/MeteoRSI/MeteoRSI.Tests/TextUnitTests.cs(106,0): at Maestro.MeteoRSI.Tests.TextUnitTests.CreateGeneralSituationPage_DefaultFileInput_GenerateSituationGeneraleEp1Page(Int32 index, String regex)
[xUnit.net 00:00:02.58]     Maestro.MeteoRSI.Tests.TextUnitTests.CreateGeneralSituationPage_DefaultFileInput_GenerateSituationGeneraleEp1Page(index: 11, regex: "^sce verso le Alpi. Da domani e per al-$") [FAIL]
[xUnit.net 00:00:02.58]       Assert.Matches() Failure:
[xUnit.net 00:00:02.58]       Regex: ^sce verso le Alpi. Da domani e per al-$
[xUnit.net 00:00:02.58]       Value: buona parte della settimana.
[xUnit.net 00:00:02.58]       Stack Trace:
[xUnit.net 00:00:02.58]         /Users/albayrme/Automation/maestro/Applications/MeteoRSI/MeteoRSI.Tests/TextUnitTests.cs(106,0): at Maestro.MeteoRSI.Tests.TextUnitTests.CreateGeneralSituationPage_DefaultFileInput_GenerateSituationGeneraleEp1Page(Int32 index, String regex)
  Failed Maestro.MeteoRSI.Tests.TextUnitTests.CreateGeneralSituationPage_DefaultFileInput_GenerateSituationGeneraleEp1Page(index: 8, regex: "^Al margine di una depressione in tran-$") [2 ms]
  Error Message:
   Assert.Matches() Failure:
Regex: ^Al margine di una depressione in tran-$
Value: Una fascia di alta pressione posi-
  Stack Trace:
     at Maestro.MeteoRSI.Tests.TextUnitTests.CreateGeneralSituationPage_DefaultFileInput_GenerateSituationGeneraleEp1Page(Int32 index, String regex) in /Users/albayrme/Automation/maestro/Applications/MeteoRSI/MeteoRSI.Tests/TextUnitTests.cs:line 106
  Failed Maestro.MeteoRSI.Tests.TextUnitTests.CreateGeneralSituationPage_DefaultFileInput_GenerateSituationGeneraleEp1Page(index: 12, regex: "^cuni giorni prevarranno condizioni nuo-$") [1 ms]
  Error Message:
   Assert.Matches() Failure:
Regex: ^cuni giorni prevarranno condizioni nuo-$
Value: 
  Stack Trace:
     at Maestro.MeteoRSI.Tests.TextUnitTests.CreateGeneralSituationPage_DefaultFileInput_GenerateSituationGeneraleEp1Page(Int32 index, String regex) in /Users/albayrme/Automation/maestro/Applications/MeteoRSI/MeteoRSI.Tests/TextUnitTests.cs:line 106
  Passed Maestro.MeteoRSI.Tests.TextUnitTests.CreateGeneralSituationPage_DefaultFileInput_GenerateSituationGeneraleEp1Page(index: 7, regex: "^$") [2 ms]
  Failed Maestro.MeteoRSI.Tests.TextUnitTests.CreateGeneralSituationPage_DefaultFileInput_GenerateSituationGeneraleEp1Page(index: 13, regex: "^vamente più stabili.$") [3 ms]
  Error Message:
   Assert.Matches() Failure:
Regex: ^vamente più stabili.$
Value: 
  Stack Trace:
     at Maestro.MeteoRSI.Tests.TextUnitTests.CreateGeneralSituationPage_DefaultFileInput_GenerateSituationGeneraleEp1Page(Int32 index, String regex) in /Users/albayrme/Automation/maestro/Applications/MeteoRSI/MeteoRSI.Tests/TextUnitTests.cs:line 106
  Failed Maestro.MeteoRSI.Tests.TextUnitTests.CreateGeneralSituationPage_DefaultFileInput_GenerateSituationGeneraleEp1Page(index: 9, regex: "^sito dalla Francia, oggi aria tempora-$") [1 ms]
  Error Message:
   Assert.Matches() Failure:
Regex: ^sito dalla Francia, oggi aria tempora-$
Value: zionata sull'Europa centrale deter-
  Stack Trace:
     at Maestro.MeteoRSI.Tests.TextUnitTests.CreateGeneralSituationPage_DefaultFileInput_GenerateSituationGeneraleEp1Page(Int32 index, String regex) in /Users/albayrme/Automation/maestro/Applications/MeteoRSI/MeteoRSI.Tests/TextUnitTests.cs:line 106
  Failed Maestro.MeteoRSI.Tests.TextUnitTests.CreateGeneralSituationPage_DefaultFileInput_GenerateSituationGeneraleEp1Page(index: 3, regex: "^Ore 05:42$") [2 ms]
  Error Message:
   Assert.Matches() Failure:
Regex: ^Ore 05:42$
Value: Ore 09:02
  Stack Trace:
     at Maestro.MeteoRSI.Tests.TextUnitTests.CreateGeneralSituationPage_DefaultFileInput_GenerateSituationGeneraleEp1Page(Int32 index, String regex) in /Users/albayrme/Automation/maestro/Applications/MeteoRSI/MeteoRSI.Tests/TextUnitTests.cs:line 106
  Passed Maestro.MeteoRSI.Tests.TextUnitTests.CreateGeneralSituationPage_DefaultFileInput_GenerateSituationGeneraleEp1Page(index: 1, regex: "^METEO") [1 ms]
  Passed Maestro.MeteoRSI.Tests.TextUnitTests.CreateGeneralSituationPage_DefaultFileInput_GenerateSituationGeneraleEp1Page(index: 5, regex: "^Situazione generale$") [1 ms]
  Failed Maestro.MeteoRSI.Tests.TextUnitTests.CreateGeneralSituationPage_DefaultFileInput_GenerateSituationGeneraleEp1Page(index: 11, regex: "^sce verso le Alpi. Da domani e per al-$") [1 ms]
  Error Message:
   Assert.Matches() Failure:
Regex: ^sce verso le Alpi. Da domani e per al-$
Value: buona parte della settimana.
  Stack Trace:
     at Maestro.MeteoRSI.Tests.TextUnitTests.CreateGeneralSituationPage_DefaultFileInput_GenerateSituationGeneraleEp1Page(Int32 index, String regex) in /Users/albayrme/Automation/maestro/Applications/MeteoRSI/MeteoRSI.Tests/TextUnitTests.cs:line 106
[xUnit.net 00:00:02.59]     Maestro.MeteoRSI.Tests.TextUnitTests.CreateGeneralSituationPage_DefaultFileInput_GenerateSituationGeneraleEp1Page(index: 10, regex: "^neamente più umida e instabile afflui-$") [FAIL]
[xUnit.net 00:00:02.59]       Assert.Matches() Failure:
[xUnit.net 00:00:02.59]       Regex: ^neamente più umida e instabile afflui-$
[xUnit.net 00:00:02.59]       Value: minerà il tempo della Svizzera per
[xUnit.net 00:00:02.59]       Stack Trace:
[xUnit.net 00:00:02.59]         /Users/albayrme/Automation/maestro/Applications/MeteoRSI/MeteoRSI.Tests/TextUnitTests.cs(106,0): at Maestro.MeteoRSI.Tests.TextUnitTests.CreateGeneralSituationPage_DefaultFileInput_GenerateSituationGeneraleEp1Page(Int32 index, String regex)
[xUnit.net 00:00:02.59]     Maestro.MeteoRSI.Tests.TextUnitTests.CreateTextWeatherPages_DefaultFileInput_File_55_01(index: 1, regex: "^Previsioni$") [FAIL]
[xUnit.net 00:00:02.59]       System.Exception : File combinedText.xml is in the wrong format. It should be of type WeatherRecords.
[xUnit.net 00:00:02.59]       ---- System.InvalidOperationException : There is an error in XML document (1, 40).
[xUnit.net 00:00:02.59]       -------- System.InvalidOperationException : <xml xmlns='http://www.meteosvizzera.ch/rsi/VOFH08'> was not expected.
[xUnit.net 00:00:02.59]       Stack Trace:
[xUnit.net 00:00:02.59]         /Users/albayrme/Automation/maestro/Applications/MeteoRSI/MeteoRSI.Application/MetoRsiText.cs(61,0): at Maestro.MeteoRSI.Application.MetoRsiText.CreateTextWeatherPages(FileInfo fileInfo, Ep1BuilderConverterConfig config, Ep1BuilderConverterConfigFilter filter)
[xUnit.net 00:00:02.59]         /Users/albayrme/Automation/maestro/Applications/MeteoRSI/MeteoRSI.Tests/TextUnitTests.cs(345,0): at Maestro.MeteoRSI.Tests.TextUnitTests.CreateTextWeatherPages_DefaultFileInput_File_55_01(Int32 index, String regex)
[xUnit.net 00:00:02.59]         ----- Inner Stack Trace -----
[xUnit.net 00:00:02.59]            at System.Xml.Serialization.XmlSerializer.Deserialize(XmlReader xmlReader, String encodingStyle, XmlDeserializationEvents events)
[xUnit.net 00:00:02.59]            at System.Xml.Serialization.XmlSerializer.Deserialize(TextReader textReader)
[xUnit.net 00:00:02.59]         /Users/albayrme/Automation/maestro/Core/Maestro.Core/Helpers/XmlHelper.cs(37,0): at Maestro.Core.Helpers.XmlHelper.Deserialize[T](String content)
[xUnit.net 00:00:02.59]         /Users/albayrme/Automation/maestro/Applications/MeteoRSI/MeteoRSI.Application/MetoRsiText.cs(31,0): at Maestro.MeteoRSI.Application.MetoRsiText.CreateTextWeatherPages(FileInfo fileInfo, Ep1BuilderConverterConfig config, Ep1BuilderConverterConfigFilter filter)
[xUnit.net 00:00:02.59]         ----- Inner Stack Trace -----
[xUnit.net 00:00:02.59]            at Microsoft.Xml.Serialization.GeneratedAssembly.XmlSerializationReaderWeatherRecords.Read9_xml()
[xUnit.net 00:00:02.59]     Maestro.MeteoRSI.Tests.TextUnitTests.CreateTextWeatherPages_DefaultFileInput_File_55_01(index: 5, regex: "^$") [FAIL]
[xUnit.net 00:00:02.59]       System.Exception : File combinedText.xml is in the wrong format. It should be of type WeatherRecords.
[xUnit.net 00:00:02.59]       ---- System.InvalidOperationException : There is an error in XML document (1, 40).
[xUnit.net 00:00:02.59]       -------- System.InvalidOperationException : <xml xmlns='http://www.meteosvizzera.ch/rsi/VOFH08'> was not expected.
[xUnit.net 00:00:02.59]       Stack Trace:
[xUnit.net 00:00:02.59]         /Users/albayrme/Automation/maestro/Applications/MeteoRSI/MeteoRSI.Application/MetoRsiText.cs(61,0): at Maestro.MeteoRSI.Application.MetoRsiText.CreateTextWeatherPages(FileInfo fileInfo, Ep1BuilderConverterConfig config, Ep1BuilderConverterConfigFilter filter)
[xUnit.net 00:00:02.59]         /Users/albayrme/Automation/maestro/Applications/MeteoRSI/MeteoRSI.Tests/TextUnitTests.cs(345,0): at Maestro.MeteoRSI.Tests.TextUnitTests.CreateTextWeatherPages_DefaultFileInput_File_55_01(Int32 index, String regex)
[xUnit.net 00:00:02.59]         ----- Inner Stack Trace -----
[xUnit.net 00:00:02.59]            at System.Xml.Serialization.XmlSerializer.Deserialize(XmlReader xmlReader, String encodingStyle, XmlDeserializationEvents events)
[xUnit.net 00:00:02.59]            at System.Xml.Serialization.XmlSerializer.Deserialize(TextReader textReader)
[xUnit.net 00:00:02.59]         /Users/albayrme/Automation/maestro/Core/Maestro.Core/Helpers/XmlHelper.cs(37,0): at Maestro.Core.Helpers.XmlHelper.Deserialize[T](String content)
[xUnit.net 00:00:02.59]         /Users/albayrme/Automation/maestro/Applications/MeteoRSI/MeteoRSI.Application/MetoRsiText.cs(31,0): at Maestro.MeteoRSI.Application.MetoRsiText.CreateTextWeatherPages(FileInfo fileInfo, Ep1BuilderConverterConfig config, Ep1BuilderConverterConfigFilter filter)
[xUnit.net 00:00:02.59]         ----- Inner Stack Trace -----
[xUnit.net 00:00:02.59]            at Microsoft.Xml.Serialization.GeneratedAssembly.XmlSerializationReaderWeatherRecords.Read9_xml()
[xUnit.net 00:00:02.60]     Maestro.MeteoRSI.Tests.TextUnitTests.CreateTextWeatherPages_DefaultFileInput_File_55_01(index: 0, regex: "^$") [FAIL]
[xUnit.net 00:00:02.60]       System.Exception : File combinedText.xml is in the wrong format. It should be of type WeatherRecords.
[xUnit.net 00:00:02.60]       ---- System.InvalidOperationException : There is an error in XML document (1, 40).
[xUnit.net 00:00:02.60]       -------- System.InvalidOperationException : <xml xmlns='http://www.meteosvizzera.ch/rsi/VOFH08'> was not expected.
[xUnit.net 00:00:02.60]       Stack Trace:
[xUnit.net 00:00:02.60]         /Users/albayrme/Automation/maestro/Applications/MeteoRSI/MeteoRSI.Application/MetoRsiText.cs(61,0): at Maestro.MeteoRSI.Application.MetoRsiText.CreateTextWeatherPages(FileInfo fileInfo, Ep1BuilderConverterConfig config, Ep1BuilderConverterConfigFilter filter)
[xUnit.net 00:00:02.60]         /Users/albayrme/Automation/maestro/Applications/MeteoRSI/MeteoRSI.Tests/TextUnitTests.cs(345,0): at Maestro.MeteoRSI.Tests.TextUnitTests.CreateTextWeatherPages_DefaultFileInput_File_55_01(Int32 index, String regex)
[xUnit.net 00:00:02.60]         ----- Inner Stack Trace -----
[xUnit.net 00:00:02.60]            at System.Xml.Serialization.XmlSerializer.Deserialize(XmlReader xmlReader, String encodingStyle, XmlDeserializationEvents events)
[xUnit.net 00:00:02.60]            at System.Xml.Serialization.XmlSerializer.Deserialize(TextReader textReader)
[xUnit.net 00:00:02.60]         /Users/albayrme/Automation/maestro/Core/Maestro.Core/Helpers/XmlHelper.cs(37,0): at Maestro.Core.Helpers.XmlHelper.Deserialize[T](String content)
[xUnit.net 00:00:02.60]         /Users/albayrme/Automation/maestro/Applications/MeteoRSI/MeteoRSI.Application/MetoRsiText.cs(31,0): at Maestro.MeteoRSI.Application.MetoRsiText.CreateTextWeatherPages(FileInfo fileInfo, Ep1BuilderConverterConfig config, Ep1BuilderConverterConfigFilter filter)
[xUnit.net 00:00:02.60]         ----- Inner Stack Trace -----
[xUnit.net 00:00:02.60]            at Microsoft.Xml.Serialization.GeneratedAssembly.XmlSerializationReaderWeatherRecords.Read9_xml()
[xUnit.net 00:00:02.60]     Maestro.MeteoRSI.Tests.TextUnitTests.CreateTextWeatherPages_DefaultFileInput_File_55_01(index: 15, regex: "^[a-zA-Z0-9_\\-\\[\\.]*") [FAIL]
[xUnit.net 00:00:02.60]       System.Exception : File combinedText.xml is in the wrong format. It should be of type WeatherRecords.
[xUnit.net 00:00:02.60]       ---- System.InvalidOperationException : There is an error in XML document (1, 40).
[xUnit.net 00:00:02.60]       -------- System.InvalidOperationException : <xml xmlns='http://www.meteosvizzera.ch/rsi/VOFH08'> was not expected.
[xUnit.net 00:00:02.60]       Stack Trace:
[xUnit.net 00:00:02.60]         /Users/albayrme/Automation/maestro/Applications/MeteoRSI/MeteoRSI.Application/MetoRsiText.cs(61,0): at Maestro.MeteoRSI.Application.MetoRsiText.CreateTextWeatherPages(FileInfo fileInfo, Ep1BuilderConverterConfig config, Ep1BuilderConverterConfigFilter filter)
[xUnit.net 00:00:02.60]         /Users/albayrme/Automation/maestro/Applications/MeteoRSI/MeteoRSI.Tests/TextUnitTests.cs(345,0): at Maestro.MeteoRSI.Tests.TextUnitTests.CreateTextWeatherPages_DefaultFileInput_File_55_01(Int32 index, String regex)
[xUnit.net 00:00:02.60]         ----- Inner Stack Trace -----
[xUnit.net 00:00:02.60]            at System.Xml.Serialization.XmlSerializer.Deserialize(XmlReader xmlReader, String encodingStyle, XmlDeserializationEvents events)
[xUnit.net 00:00:02.60]            at System.Xml.Serialization.XmlSerializer.Deserialize(TextReader textReader)
[xUnit.net 00:00:02.60]         /Users/albayrme/Automation/maestro/Core/Maestro.Core/Helpers/XmlHelper.cs(37,0): at Maestro.Core.Helpers.XmlHelper.Deserialize[T](String content)
[xUnit.net 00:00:02.60]         /Users/albayrme/Automation/maestro/Applications/MeteoRSI/MeteoRSI.Application/MetoRsiText.cs(31,0): at Maestro.MeteoRSI.Application.MetoRsiText.CreateTextWeatherPages(FileInfo fileInfo, Ep1BuilderConverterConfig config, Ep1BuilderConverterConfigFilter filter)
[xUnit.net 00:00:02.60]         ----- Inner Stack Trace -----
[xUnit.net 00:00:02.60]            at Microsoft.Xml.Serialization.GeneratedAssembly.XmlSerializationReaderWeatherRecords.Read9_xml()
[xUnit.net 00:00:02.60]     Maestro.MeteoRSI.Tests.TextUnitTests.CreateTextWeatherPages_DefaultFileInput_File_55_01(index: 8, regex: "^Svizzera tedesca$") [FAIL]
[xUnit.net 00:00:02.60]       System.Exception : File combinedText.xml is in the wrong format. It should be of type WeatherRecords.
[xUnit.net 00:00:02.60]       ---- System.InvalidOperationException : There is an error in XML document (1, 40).
[xUnit.net 00:00:02.60]       -------- System.InvalidOperationException : <xml xmlns='http://www.meteosvizzera.ch/rsi/VOFH08'> was not expected.
[xUnit.net 00:00:02.60]       Stack Trace:
[xUnit.net 00:00:02.60]         /Users/albayrme/Automation/maestro/Applications/MeteoRSI/MeteoRSI.Application/MetoRsiText.cs(61,0): at Maestro.MeteoRSI.Application.MetoRsiText.CreateTextWeatherPages(FileInfo fileInfo, Ep1BuilderConverterConfig config, Ep1BuilderConverterConfigFilter filter)
[xUnit.net 00:00:02.60]         /Users/albayrme/Automation/maestro/Applications/MeteoRSI/MeteoRSI.Tests/TextUnitTests.cs(345,0): at Maestro.MeteoRSI.Tests.TextUnitTests.CreateTextWeatherPages_DefaultFileInput_File_55_01(Int32 index, String regex)
[xUnit.net 00:00:02.60]         ----- Inner Stack Trace -----
[xUnit.net 00:00:02.60]            at System.Xml.Serialization.XmlSerializer.Deserialize(XmlReader xmlReader, String encodingStyle, XmlDeserializationEvents events)
[xUnit.net 00:00:02.60]            at System.Xml.Serialization.XmlSerializer.Deserialize(TextReader textReader)
[xUnit.net 00:00:02.60]         /Users/albayrme/Automation/maestro/Core/Maestro.Core/Helpers/XmlHelper.cs(37,0): at Maestro.Core.Helpers.XmlHelper.Deserialize[T](String content)
[xUnit.net 00:00:02.60]         /Users/albayrme/Automation/maestro/Applications/MeteoRSI/MeteoRSI.Application/MetoRsiText.cs(31,0): at Maestro.MeteoRSI.Application.MetoRsiText.CreateTextWeatherPages(FileInfo fileInfo, Ep1BuilderConverterConfig config, Ep1BuilderConverterConfigFilter filter)
[xUnit.net 00:00:02.60]         ----- Inner Stack Trace -----
[xUnit.net 00:00:02.60]            at Microsoft.Xml.Serialization.GeneratedAssembly.XmlSerializationReaderWeatherRecords.Read9_xml()
  Passed Maestro.MeteoRSI.Tests.TextUnitTests.CreateGeneralSituationPage_DefaultFileInput_GenerateSituationGeneraleEp1Page(index: 4, regex: "^$") [1 ms]
  Passed Maestro.MeteoRSI.Tests.TextUnitTests.CreateGeneralSituationPage_DefaultFileInput_GenerateSituationGeneraleEp1Page(index: 0, regex: "^$") [1 ms]
  Failed Maestro.MeteoRSI.Tests.TextUnitTests.CreateGeneralSituationPage_DefaultFileInput_GenerateSituationGeneraleEp1Page(index: 10, regex: "^neamente più umida e instabile afflui-$") [3 ms]
  Error Message:
   Assert.Matches() Failure:
Regex: ^neamente più umida e instabile afflui-$
Value: minerà il tempo della Svizzera per
  Stack Trace:
     at Maestro.MeteoRSI.Tests.TextUnitTests.CreateGeneralSituationPage_DefaultFileInput_GenerateSituationGeneraleEp1Page(Int32 index, String regex) in /Users/albayrme/Automation/maestro/Applications/MeteoRSI/MeteoRSI.Tests/TextUnitTests.cs:line 106
  Passed Maestro.MeteoRSI.Tests.TextUnitTests.CreateGeneralSituationPage_DefaultFileInput_GenerateSituationGeneraleEp1Page(index: 2, regex: "^$") [3 ms]
  Failed Maestro.MeteoRSI.Tests.TextUnitTests.CreateTextWeatherPages_DefaultFileInput_File_55_01(index: 1, regex: "^Previsioni$") [2 ms]
  Error Message:
   System.Exception : File combinedText.xml is in the wrong format. It should be of type WeatherRecords.
---- System.InvalidOperationException : There is an error in XML document (1, 40).
-------- System.InvalidOperationException : <xml xmlns='http://www.meteosvizzera.ch/rsi/VOFH08'> was not expected.
  Stack Trace:
     at Maestro.MeteoRSI.Application.MetoRsiText.CreateTextWeatherPages(FileInfo fileInfo, Ep1BuilderConverterConfig config, Ep1BuilderConverterConfigFilter filter) in /Users/albayrme/Automation/maestro/Applications/MeteoRSI/MeteoRSI.Application/MetoRsiText.cs:line 61
   at Maestro.MeteoRSI.Tests.TextUnitTests.CreateTextWeatherPages_DefaultFileInput_File_55_01(Int32 index, String regex) in /Users/albayrme/Automation/maestro/Applications/MeteoRSI/MeteoRSI.Tests/TextUnitTests.cs:line 345
----- Inner Stack Trace -----
   at System.Xml.Serialization.XmlSerializer.Deserialize(XmlReader xmlReader, String encodingStyle, XmlDeserializationEvents events)
   at System.Xml.Serialization.XmlSerializer.Deserialize(TextReader textReader)
   at Maestro.Core.Helpers.XmlHelper.Deserialize[T](String content) in /Users/albayrme/Automation/maestro/Core/Maestro.Core/Helpers/XmlHelper.cs:line 37
   at Maestro.MeteoRSI.Application.MetoRsiText.CreateTextWeatherPages(FileInfo fileInfo, Ep1BuilderConverterConfig config, Ep1BuilderConverterConfigFilter filter) in /Users/albayrme/Automation/maestro/Applications/MeteoRSI/MeteoRSI.Application/MetoRsiText.cs:line 31
----- Inner Stack Trace -----
   at Microsoft.Xml.Serialization.GeneratedAssembly.XmlSerializationReaderWeatherRecords.Read9_xml()
  Failed Maestro.MeteoRSI.Tests.TextUnitTests.CreateTextWeatherPages_DefaultFileInput_File_55_01(index: 5, regex: "^$") [1 ms]
  Error Message:
   System.Exception : File combinedText.xml is in the wrong format. It should be of type WeatherRecords.
---- System.InvalidOperationException : There is an error in XML document (1, 40).
-------- System.InvalidOperationException : <xml xmlns='http://www.meteosvizzera.ch/rsi/VOFH08'> was not expected.
  Stack Trace:
     at Maestro.MeteoRSI.Application.MetoRsiText.CreateTextWeatherPages(FileInfo fileInfo, Ep1BuilderConverterConfig config, Ep1BuilderConverterConfigFilter filter) in /Users/albayrme/Automation/maestro/Applications/MeteoRSI/MeteoRSI.Application/MetoRsiText.cs:line 61
   at Maestro.MeteoRSI.Tests.TextUnitTests.CreateTextWeatherPages_DefaultFileInput_File_55_01(Int32 index, String regex) in /Users/albayrme/Automation/maestro/Applications/MeteoRSI/MeteoRSI.Tests/TextUnitTests.cs:line 345
----- Inner Stack Trace -----
   at System.Xml.Serialization.XmlSerializer.Deserialize(XmlReader xmlReader, String encodingStyle, XmlDeserializationEvents events)
   at System.Xml.Serialization.XmlSerializer.Deserialize(TextReader textReader)
   at Maestro.Core.Helpers.XmlHelper.Deserialize[T](String content) in /Users/albayrme/Automation/maestro/Core/Maestro.Core/Helpers/XmlHelper.cs:line 37
   at Maestro.MeteoRSI.Application.MetoRsiText.CreateTextWeatherPages(FileInfo fileInfo, Ep1BuilderConverterConfig config, Ep1BuilderConverterConfigFilter filter) in /Users/albayrme/Automation/maestro/Applications/MeteoRSI/MeteoRSI.Application/MetoRsiText.cs:line 31
----- Inner Stack Trace -----
   at Microsoft.Xml.Serialization.GeneratedAssembly.XmlSerializationReaderWeatherRecords.Read9_xml()
  Failed Maestro.MeteoRSI.Tests.TextUnitTests.CreateTextWeatherPages_DefaultFileInput_File_55_01(index: 0, regex: "^$") [1 ms]
  Error Message:
   System.Exception : File combinedText.xml is in the wrong format. It should be of type WeatherRecords.
---- System.InvalidOperationException : There is an error in XML document (1, 40).
-------- System.InvalidOperationException : <xml xmlns='http://www.meteosvizzera.ch/rsi/VOFH08'> was not expected.
  Stack Trace:
     at Maestro.MeteoRSI.Application.MetoRsiText.CreateTextWeatherPages(FileInfo fileInfo, Ep1BuilderConverterConfig config, Ep1BuilderConverterConfigFilter filter) in /Users/albayrme/Automation/maestro/Applications/MeteoRSI/MeteoRSI.Application/MetoRsiText.cs:line 61
   at Maestro.MeteoRSI.Tests.TextUnitTests.CreateTextWeatherPages_DefaultFileInput_File_55_01(Int32 index, String regex) in /Users/albayrme/Automation/maestro/Applications/MeteoRSI/MeteoRSI.Tests/TextUnitTests.cs:line 345
----- Inner Stack Trace -----
   at System.Xml.Serialization.XmlSerializer.Deserialize(XmlReader xmlReader, String encodingStyle, XmlDeserializationEvents events)
   at System.Xml.Serialization.XmlSerializer.Deserialize(TextReader textReader)
   at Maestro.Core.Helpers.XmlHelper.Deserialize[T](String content) in /Users/albayrme/Automation/maestro/Core/Maestro.Core/Helpers/XmlHelper.cs:line 37
   at Maestro.MeteoRSI.Application.MetoRsiText.CreateTextWeatherPages(FileInfo fileInfo, Ep1BuilderConverterConfig config, Ep1BuilderConverterConfigFilter filter) in /Users/albayrme/Automation/maestro/Applications/MeteoRSI/MeteoRSI.Application/MetoRsiText.cs:line 31
----- Inner Stack Trace -----
   at Microsoft.Xml.Serialization.GeneratedAssembly.XmlSerializationReaderWeatherRecords.Read9_xml()
  Failed Maestro.MeteoRSI.Tests.TextUnitTests.CreateTextWeatherPages_DefaultFileInput_File_55_01(index: 15, regex: "^[a-zA-Z0-9_\\-\\[\\.]*") [1 ms]
  Error Message:
   System.Exception : File combinedText.xml is in the wrong format. It should be of type WeatherRecords.
---- System.InvalidOperationException : There is an error in XML document (1, 40).
-------- System.InvalidOperationException : <xml xmlns='http://www.meteosvizzera.ch/rsi/VOFH08'> was not expected.
  Stack Trace:
     at Maestro.MeteoRSI.Application.MetoRsiText.CreateTextWeatherPages(FileInfo fileInfo, Ep1BuilderConverterConfig config, Ep1BuilderConverterConfigFilter filter) in /Users/albayrme/Automation/maestro/Applications/MeteoRSI/MeteoRSI.Application/MetoRsiText.cs:line 61
   at Maestro.MeteoRSI.Tests.TextUnitTests.CreateTextWeatherPages_DefaultFileInput_File_55_01(Int32 index, String regex) in /Users/albayrme/Automation/maestro/Applications/MeteoRSI/MeteoRSI.Tests/TextUnitTests.cs:line 345
----- Inner Stack Trace -----
   at System.Xml.Serialization.XmlSerializer.Deserialize(XmlReader xmlReader, String encodingStyle, XmlDeserializationEvents events)
   at System.Xml.Serialization.XmlSerializer.Deserialize(TextReader textReader)
   at Maestro.Core.Helpers.XmlHelper.Deserialize[T](String content) in /Users/albayrme/Automation/maestro/Core/Maestro.Core/Helpers/XmlHelper.cs:line 37
   at Maestro.MeteoRSI.Application.MetoRsiText.CreateTextWeatherPages(FileInfo fileInfo, Ep1BuilderConverterConfig config, Ep1BuilderConverterConfigFilter filter) in /Users/albayrme/Automation/maestro/Applications/MeteoRSI/MeteoRSI.Application/MetoRsiText.cs:line 31
----- Inner Stack Trace -----
   at Microsoft.Xml.Serialization.GeneratedAssembly.XmlSerializationReaderWeatherRecords.Read9_xml()
  Failed Maestro.MeteoRSI.Tests.TextUnitTests.CreateTextWeatherPages_DefaultFileInput_File_55_01(index: 8, regex: "^Svizzera tedesca$") [1 ms]
  Error Message:
   System.Exception : File combinedText.xml is in the wrong format. It should be of type WeatherRecords.
---- System.InvalidOperationException : There is an error in XML document (1, 40).
-------- System.InvalidOperationException : <xml xmlns='http://www.meteosvizzera.ch/rsi/VOFH08'> was not expected.
  Stack Trace:
     at Maestro.MeteoRSI.Application.MetoRsiText.CreateTextWeatherPages(FileInfo fileInfo, Ep1BuilderConverterConfig config, Ep1BuilderConverterConfigFilter filter) in /Users/albayrme/Automation/maestro/Applications/MeteoRSI/MeteoRSI.Application/MetoRsiText.cs:line 61
   at Maestro.MeteoRSI.Tests.TextUnitTests.CreateTextWeatherPages_DefaultFileInput_File_55_01(Int32 index, String regex) in /Users/albayrme/Automation/maestro/Applications/MeteoRSI/MeteoRSI.Tests/TextUnitTests.cs:line 345
----- Inner Stack Trace -----
   at System.Xml.Serialization.XmlSerializer.Deserialize(XmlReader xmlReader, String encodingStyle, XmlDeserializationEvents events)
   at System.Xml.Serialization.XmlSerializer.Deserialize(TextReader textReader)
   at Maestro.Core.Helpers.XmlHelper.Deserialize[T](String content) in /Users/albayrme/Automation/maestro/Core/Maestro.Core/Helpers/XmlHelper.cs:line 37
   at Maestro.MeteoRSI.Application.MetoRsiText.CreateTextWeatherPages(FileInfo fileInfo, Ep1BuilderConverterConfig config, Ep1BuilderConverterConfigFilter filter) in /Users/albayrme/Automation/maestro/Applications/MeteoRSI/MeteoRSI.Application/MetoRsiText.cs:line 31
----- Inner Stack Trace -----
   at Microsoft.Xml.Serialization.GeneratedAssembly.XmlSerializationReaderWeatherRecords.Read9_xml()
[xUnit.net 00:00:02.60]     Maestro.MeteoRSI.Tests.TextUnitTests.CreateTextWeatherPages_DefaultFileInput_File_55_01(index: 3, regex: "^Ore 07:00\\s+\\(prossima: 12:00\\)$") [FAIL]
[xUnit.net 00:00:02.60]       System.Exception : File combinedText.xml is in the wrong format. It should be of type WeatherRecords.
[xUnit.net 00:00:02.60]       ---- System.InvalidOperationException : There is an error in XML document (1, 40).
[xUnit.net 00:00:02.60]       -------- System.InvalidOperationException : <xml xmlns='http://www.meteosvizzera.ch/rsi/VOFH08'> was not expected.
[xUnit.net 00:00:02.60]       Stack Trace:
[xUnit.net 00:00:02.60]         /Users/albayrme/Automation/maestro/Applications/MeteoRSI/MeteoRSI.Application/MetoRsiText.cs(61,0): at Maestro.MeteoRSI.Application.MetoRsiText.CreateTextWeatherPages(FileInfo fileInfo, Ep1BuilderConverterConfig config, Ep1BuilderConverterConfigFilter filter)
[xUnit.net 00:00:02.60]         /Users/albayrme/Automation/maestro/Applications/MeteoRSI/MeteoRSI.Tests/TextUnitTests.cs(345,0): at Maestro.MeteoRSI.Tests.TextUnitTests.CreateTextWeatherPages_DefaultFileInput_File_55_01(Int32 index, String regex)
[xUnit.net 00:00:02.60]         ----- Inner Stack Trace -----
[xUnit.net 00:00:02.60]            at System.Xml.Serialization.XmlSerializer.Deserialize(XmlReader xmlReader, String encodingStyle, XmlDeserializationEvents events)
[xUnit.net 00:00:02.60]            at System.Xml.Serialization.XmlSerializer.Deserialize(TextReader textReader)
[xUnit.net 00:00:02.60]         /Users/albayrme/Automation/maestro/Core/Maestro.Core/Helpers/XmlHelper.cs(37,0): at Maestro.Core.Helpers.XmlHelper.Deserialize[T](String content)
[xUnit.net 00:00:02.60]         /Users/albayrme/Automation/maestro/Applications/MeteoRSI/MeteoRSI.Application/MetoRsiText.cs(31,0): at Maestro.MeteoRSI.Application.MetoRsiText.CreateTextWeatherPages(FileInfo fileInfo, Ep1BuilderConverterConfig config, Ep1BuilderConverterConfigFilter filter)
[xUnit.net 00:00:02.60]         ----- Inner Stack Trace -----
[xUnit.net 00:00:02.60]            at Microsoft.Xml.Serialization.GeneratedAssembly.XmlSerializationReaderWeatherRecords.Read9_xml()
[xUnit.net 00:00:02.61]     Maestro.MeteoRSI.Tests.TextUnitTests.CreateTextWeatherPages_DefaultFileInput_File_55_01(index: 13, regex: "^$") [FAIL]
[xUnit.net 00:00:02.61]       System.Exception : File combinedText.xml is in the wrong format. It should be of type WeatherRecords.
[xUnit.net 00:00:02.61]       ---- System.InvalidOperationException : There is an error in XML document (1, 40).
[xUnit.net 00:00:02.61]       -------- System.InvalidOperationException : <xml xmlns='http://www.meteosvizzera.ch/rsi/VOFH08'> was not expected.
[xUnit.net 00:00:02.61]       Stack Trace:
[xUnit.net 00:00:02.61]         /Users/albayrme/Automation/maestro/Applications/MeteoRSI/MeteoRSI.Application/MetoRsiText.cs(61,0): at Maestro.MeteoRSI.Application.MetoRsiText.CreateTextWeatherPages(FileInfo fileInfo, Ep1BuilderConverterConfig config, Ep1BuilderConverterConfigFilter filter)
[xUnit.net 00:00:02.61]         /Users/albayrme/Automation/maestro/Applications/MeteoRSI/MeteoRSI.Tests/TextUnitTests.cs(345,0): at Maestro.MeteoRSI.Tests.TextUnitTests.CreateTextWeatherPages_DefaultFileInput_File_55_01(Int32 index, String regex)
[xUnit.net 00:00:02.61]         ----- Inner Stack Trace -----
[xUnit.net 00:00:02.61]            at System.Xml.Serialization.XmlSerializer.Deserialize(XmlReader xmlReader, String encodingStyle, XmlDeserializationEvents events)
[xUnit.net 00:00:02.61]            at System.Xml.Serialization.XmlSerializer.Deserialize(TextReader textReader)
[xUnit.net 00:00:02.61]         /Users/albayrme/Automation/maestro/Core/Maestro.Core/Helpers/XmlHelper.cs(37,0): at Maestro.Core.Helpers.XmlHelper.Deserialize[T](String content)
[xUnit.net 00:00:02.61]         /Users/albayrme/Automation/maestro/Applications/MeteoRSI/MeteoRSI.Application/MetoRsiText.cs(31,0): at Maestro.MeteoRSI.Application.MetoRsiText.CreateTextWeatherPages(FileInfo fileInfo, Ep1BuilderConverterConfig config, Ep1BuilderConverterConfigFilter filter)
[xUnit.net 00:00:02.61]         ----- Inner Stack Trace -----
[xUnit.net 00:00:02.61]            at Microsoft.Xml.Serialization.GeneratedAssembly.XmlSerializationReaderWeatherRecords.Read9_xml()
[xUnit.net 00:00:02.61]     Maestro.MeteoRSI.Tests.TextUnitTests.CreateTextWeatherPages_DefaultFileInput_File_55_01(index: 14, regex: "^Svizzera romanda e Vallese$") [FAIL]
[xUnit.net 00:00:02.61]       System.Exception : File combinedText.xml is in the wrong format. It should be of type WeatherRecords.
[xUnit.net 00:00:02.61]       ---- System.InvalidOperationException : There is an error in XML document (1, 40).
[xUnit.net 00:00:02.61]       -------- System.InvalidOperationException : <xml xmlns='http://www.meteosvizzera.ch/rsi/VOFH08'> was not expected.
[xUnit.net 00:00:02.61]       Stack Trace:
[xUnit.net 00:00:02.61]         /Users/albayrme/Automation/maestro/Applications/MeteoRSI/MeteoRSI.Application/MetoRsiText.cs(61,0): at Maestro.MeteoRSI.Application.MetoRsiText.CreateTextWeatherPages(FileInfo fileInfo, Ep1BuilderConverterConfig config, Ep1BuilderConverterConfigFilter filter)
[xUnit.net 00:00:02.61]         /Users/albayrme/Automation/maestro/Applications/MeteoRSI/MeteoRSI.Tests/TextUnitTests.cs(345,0): at Maestro.MeteoRSI.Tests.TextUnitTests.CreateTextWeatherPages_DefaultFileInput_File_55_01(Int32 index, String regex)
[xUnit.net 00:00:02.61]         ----- Inner Stack Trace -----
[xUnit.net 00:00:02.61]            at System.Xml.Serialization.XmlSerializer.Deserialize(XmlReader xmlReader, String encodingStyle, XmlDeserializationEvents events)
[xUnit.net 00:00:02.61]            at System.Xml.Serialization.XmlSerializer.Deserialize(TextReader textReader)
[xUnit.net 00:00:02.61]         /Users/albayrme/Automation/maestro/Core/Maestro.Core/Helpers/XmlHelper.cs(37,0): at Maestro.Core.Helpers.XmlHelper.Deserialize[T](String content)
[xUnit.net 00:00:02.61]         /Users/albayrme/Automation/maestro/Applications/MeteoRSI/MeteoRSI.Application/MetoRsiText.cs(31,0): at Maestro.MeteoRSI.Application.MetoRsiText.CreateTextWeatherPages(FileInfo fileInfo, Ep1BuilderConverterConfig config, Ep1BuilderConverterConfigFilter filter)
[xUnit.net 00:00:02.61]         ----- Inner Stack Trace -----
[xUnit.net 00:00:02.61]            at Microsoft.Xml.Serialization.GeneratedAssembly.XmlSerializationReaderWeatherRecords.Read9_xml()
[xUnit.net 00:00:02.61]     Maestro.MeteoRSI.Tests.TextUnitTests.CreateTextWeatherPages_DefaultFileInput_File_55_01(index: 19, regex: "^$") [FAIL]
[xUnit.net 00:00:02.61]       System.Exception : File combinedText.xml is in the wrong format. It should be of type WeatherRecords.
[xUnit.net 00:00:02.61]       ---- System.InvalidOperationException : There is an error in XML document (1, 40).
[xUnit.net 00:00:02.61]       -------- System.InvalidOperationException : <xml xmlns='http://www.meteosvizzera.ch/rsi/VOFH08'> was not expected.
[xUnit.net 00:00:02.61]       Stack Trace:
[xUnit.net 00:00:02.61]         /Users/albayrme/Automation/maestro/Applications/MeteoRSI/MeteoRSI.Application/MetoRsiText.cs(61,0): at Maestro.MeteoRSI.Application.MetoRsiText.CreateTextWeatherPages(FileInfo fileInfo, Ep1BuilderConverterConfig config, Ep1BuilderConverterConfigFilter filter)
[xUnit.net 00:00:02.61]         /Users/albayrme/Automation/maestro/Applications/MeteoRSI/MeteoRSI.Tests/TextUnitTests.cs(345,0): at Maestro.MeteoRSI.Tests.TextUnitTests.CreateTextWeatherPages_DefaultFileInput_File_55_01(Int32 index, String regex)
[xUnit.net 00:00:02.61]         ----- Inner Stack Trace -----
[xUnit.net 00:00:02.61]            at System.Xml.Serialization.XmlSerializer.Deserialize(XmlReader xmlReader, String encodingStyle, XmlDeserializationEvents events)
[xUnit.net 00:00:02.61]            at System.Xml.Serialization.XmlSerializer.Deserialize(TextReader textReader)
[xUnit.net 00:00:02.61]         /Users/albayrme/Automation/maestro/Core/Maestro.Core/Helpers/XmlHelper.cs(37,0): at Maestro.Core.Helpers.XmlHelper.Deserialize[T](String content)
[xUnit.net 00:00:02.61]         /Users/albayrme/Automation/maestro/Applications/MeteoRSI/MeteoRSI.Application/MetoRsiText.cs(31,0): at Maestro.MeteoRSI.Application.MetoRsiText.CreateTextWeatherPages(FileInfo fileInfo, Ep1BuilderConverterConfig config, Ep1BuilderConverterConfigFilter filter)
[xUnit.net 00:00:02.61]         ----- Inner Stack Trace -----
[xUnit.net 00:00:02.61]            at Microsoft.Xml.Serialization.GeneratedAssembly.XmlSerializationReaderWeatherRecords.Read9_xml()
[xUnit.net 00:00:02.62]     Maestro.MeteoRSI.Tests.TextUnitTests.CreateTextWeatherPages_DefaultFileInput_File_55_01(index: 4, regex: "^Nord delle Alpi$") [FAIL]
[xUnit.net 00:00:02.62]       System.Exception : File combinedText.xml is in the wrong format. It should be of type WeatherRecords.
[xUnit.net 00:00:02.62]       ---- System.InvalidOperationException : There is an error in XML document (1, 40).
[xUnit.net 00:00:02.62]       -------- System.InvalidOperationException : <xml xmlns='http://www.meteosvizzera.ch/rsi/VOFH08'> was not expected.
[xUnit.net 00:00:02.62]       Stack Trace:
[xUnit.net 00:00:02.62]         /Users/albayrme/Automation/maestro/Applications/MeteoRSI/MeteoRSI.Application/MetoRsiText.cs(61,0): at Maestro.MeteoRSI.Application.MetoRsiText.CreateTextWeatherPages(FileInfo fileInfo, Ep1BuilderConverterConfig config, Ep1BuilderConverterConfigFilter filter)
[xUnit.net 00:00:02.62]         /Users/albayrme/Automation/maestro/Applications/MeteoRSI/MeteoRSI.Tests/TextUnitTests.cs(345,0): at Maestro.MeteoRSI.Tests.TextUnitTests.CreateTextWeatherPages_DefaultFileInput_File_55_01(Int32 index, String regex)
[xUnit.net 00:00:02.62]         ----- Inner Stack Trace -----
[xUnit.net 00:00:02.62]            at System.Xml.Serialization.XmlSerializer.Deserialize(XmlReader xmlReader, String encodingStyle, XmlDeserializationEvents events)
[xUnit.net 00:00:02.62]            at System.Xml.Serialization.XmlSerializer.Deserialize(TextReader textReader)
[xUnit.net 00:00:02.62]         /Users/albayrme/Automation/maestro/Core/Maestro.Core/Helpers/XmlHelper.cs(37,0): at Maestro.Core.Helpers.XmlHelper.Deserialize[T](String content)
[xUnit.net 00:00:02.62]         /Users/albayrme/Automation/maestro/Applications/MeteoRSI/MeteoRSI.Application/MetoRsiText.cs(31,0): at Maestro.MeteoRSI.Application.MetoRsiText.CreateTextWeatherPages(FileInfo fileInfo, Ep1BuilderConverterConfig config, Ep1BuilderConverterConfigFilter filter)
[xUnit.net 00:00:02.62]         ----- Inner Stack Trace -----
[xUnit.net 00:00:02.62]            at Microsoft.Xml.Serialization.GeneratedAssembly.XmlSerializationReaderWeatherRecords.Read9_xml()
[xUnit.net 00:00:02.62]     Maestro.MeteoRSI.Tests.TextUnitTests.CreateTextWeatherPages_DefaultFileInput_File_55_01(index: 17, regex: "^[a-zA-Z0-9_\\-\\[\\.]*") [FAIL]
[xUnit.net 00:00:02.62]       System.Exception : File combinedText.xml is in the wrong format. It should be of type WeatherRecords.
[xUnit.net 00:00:02.62]       ---- System.InvalidOperationException : There is an error in XML document (1, 40).
[xUnit.net 00:00:02.62]       -------- System.InvalidOperationException : <xml xmlns='http://www.meteosvizzera.ch/rsi/VOFH08'> was not expected.
[xUnit.net 00:00:02.62]       Stack Trace:
[xUnit.net 00:00:02.62]         /Users/albayrme/Automation/maestro/Applications/MeteoRSI/MeteoRSI.Application/MetoRsiText.cs(61,0): at Maestro.MeteoRSI.Application.MetoRsiText.CreateTextWeatherPages(FileInfo fileInfo, Ep1BuilderConverterConfig config, Ep1BuilderConverterConfigFilter filter)
[xUnit.net 00:00:02.62]         /Users/albayrme/Automation/maestro/Applications/MeteoRSI/MeteoRSI.Tests/TextUnitTests.cs(345,0): at Maestro.MeteoRSI.Tests.TextUnitTests.CreateTextWeatherPages_DefaultFileInput_File_55_01(Int32 index, String regex)
[xUnit.net 00:00:02.62]         ----- Inner Stack Trace -----
[xUnit.net 00:00:02.62]            at System.Xml.Serialization.XmlSerializer.Deserialize(XmlReader xmlReader, String encodingStyle, XmlDeserializationEvents events)
[xUnit.net 00:00:02.62]            at System.Xml.Serialization.XmlSerializer.Deserialize(TextReader textReader)
[xUnit.net 00:00:02.62]         /Users/albayrme/Automation/maestro/Core/Maestro.Core/Helpers/XmlHelper.cs(37,0): at Maestro.Core.Helpers.XmlHelper.Deserialize[T](String content)
[xUnit.net 00:00:02.62]         /Users/albayrme/Automation/maestro/Applications/MeteoRSI/MeteoRSI.Application/MetoRsiText.cs(31,0): at Maestro.MeteoRSI.Application.MetoRsiText.CreateTextWeatherPages(FileInfo fileInfo, Ep1BuilderConverterConfig config, Ep1BuilderConverterConfigFilter filter)
[xUnit.net 00:00:02.62]         ----- Inner Stack Trace -----
[xUnit.net 00:00:02.62]            at Microsoft.Xml.Serialization.GeneratedAssembly.XmlSerializationReaderWeatherRecords.Read9_xml()
[xUnit.net 00:00:02.62]     Maestro.MeteoRSI.Tests.TextUnitTests.CreateTextWeatherPages_DefaultFileInput_File_55_01(index: 16, regex: "^[a-zA-Z0-9_\\-\\[\\.]*") [FAIL]
[xUnit.net 00:00:02.62]       System.Exception : File combinedText.xml is in the wrong format. It should be of type WeatherRecords.
[xUnit.net 00:00:02.62]       ---- System.InvalidOperationException : There is an error in XML document (1, 40).
[xUnit.net 00:00:02.62]       -------- System.InvalidOperationException : <xml xmlns='http://www.meteosvizzera.ch/rsi/VOFH08'> was not expected.
[xUnit.net 00:00:02.62]       Stack Trace:
[xUnit.net 00:00:02.62]         /Users/albayrme/Automation/maestro/Applications/MeteoRSI/MeteoRSI.Application/MetoRsiText.cs(61,0): at Maestro.MeteoRSI.Application.MetoRsiText.CreateTextWeatherPages(FileInfo fileInfo, Ep1BuilderConverterConfig config, Ep1BuilderConverterConfigFilter filter)
[xUnit.net 00:00:02.62]         /Users/albayrme/Automation/maestro/Applications/MeteoRSI/MeteoRSI.Tests/TextUnitTests.cs(345,0): at Maestro.MeteoRSI.Tests.TextUnitTests.CreateTextWeatherPages_DefaultFileInput_File_55_01(Int32 index, String regex)
[xUnit.net 00:00:02.62]         ----- Inner Stack Trace -----
[xUnit.net 00:00:02.62]            at System.Xml.Serialization.XmlSerializer.Deserialize(XmlReader xmlReader, String encodingStyle, XmlDeserializationEvents events)
[xUnit.net 00:00:02.62]            at System.Xml.Serialization.XmlSerializer.Deserialize(TextReader textReader)
[xUnit.net 00:00:02.62]         /Users/albayrme/Automation/maestro/Core/Maestro.Core/Helpers/XmlHelper.cs(37,0): at Maestro.Core.Helpers.XmlHelper.Deserialize[T](String content)
[xUnit.net 00:00:02.62]         /Users/albayrme/Automation/maestro/Applications/MeteoRSI/MeteoRSI.Application/MetoRsiText.cs(31,0): at Maestro.MeteoRSI.Application.MetoRsiText.CreateTextWeatherPages(FileInfo fileInfo, Ep1BuilderConverterConfig config, Ep1BuilderConverterConfigFilter filter)
[xUnit.net 00:00:02.62]         ----- Inner Stack Trace -----
[xUnit.net 00:00:02.62]            at Microsoft.Xml.Serialization.GeneratedAssembly.XmlSerializationReaderWeatherRecords.Read9_xml()
[xUnit.net 00:00:02.62]     Maestro.MeteoRSI.Tests.TextUnitTests.CreateTextWeatherPages_DefaultFileInput_File_55_01(index: 2, regex: "^$") [FAIL]
[xUnit.net 00:00:02.62]       System.Exception : File combinedText.xml is in the wrong format. It should be of type WeatherRecords.
[xUnit.net 00:00:02.62]       ---- System.InvalidOperationException : There is an error in XML document (1, 40).
[xUnit.net 00:00:02.62]       -------- System.InvalidOperationException : <xml xmlns='http://www.meteosvizzera.ch/rsi/VOFH08'> was not expected.
[xUnit.net 00:00:02.62]       Stack Trace:
[xUnit.net 00:00:02.62]         /Users/albayrme/Automation/maestro/Applications/MeteoRSI/MeteoRSI.Application/MetoRsiText.cs(61,0): at Maestro.MeteoRSI.Application.MetoRsiText.CreateTextWeatherPages(FileInfo fileInfo, Ep1BuilderConverterConfig config, Ep1BuilderConverterConfigFilter filter)
[xUnit.net 00:00:02.62]         /Users/albayrme/Automation/maestro/Applications/MeteoRSI/MeteoRSI.Tests/TextUnitTests.cs(345,0): at Maestro.MeteoRSI.Tests.TextUnitTests.CreateTextWeatherPages_DefaultFileInput_File_55_01(Int32 index, String regex)
[xUnit.net 00:00:02.62]         ----- Inner Stack Trace -----
[xUnit.net 00:00:02.62]            at System.Xml.Serialization.XmlSerializer.Deserialize(XmlReader xmlReader, String encodingStyle, XmlDeserializationEvents events)
[xUnit.net 00:00:02.62]            at System.Xml.Serialization.XmlSerializer.Deserialize(TextReader textReader)
[xUnit.net 00:00:02.62]         /Users/albayrme/Automation/maestro/Core/Maestro.Core/Helpers/XmlHelper.cs(37,0): at Maestro.Core.Helpers.XmlHelper.Deserialize[T](String content)
[xUnit.net 00:00:02.62]         /Users/albayrme/Automation/maestro/Applications/MeteoRSI/MeteoRSI.Application/MetoRsiText.cs(31,0): at Maestro.MeteoRSI.Application.MetoRsiText.CreateTextWeatherPages(FileInfo fileInfo, Ep1BuilderConverterConfig config, Ep1BuilderConverterConfigFilter filter)
[xUnit.net 00:00:02.62]         ----- Inner Stack Trace -----
[xUnit.net 00:00:02.62]            at Microsoft.Xml.Serialization.GeneratedAssembly.XmlSerializationReaderWeatherRecords.Read9_xml()
[xUnit.net 00:00:02.62]     Maestro.MeteoRSI.Tests.TextUnitTests.CreateTextWeatherPages_DefaultFileInput_File_55_01(index: 21, regex: "^Fonte: MeteoSvizzera$") [FAIL]
[xUnit.net 00:00:02.62]       System.Exception : File combinedText.xml is in the wrong format. It should be of type WeatherRecords.
[xUnit.net 00:00:02.62]       ---- System.InvalidOperationException : There is an error in XML document (1, 40).
[xUnit.net 00:00:02.62]       -------- System.InvalidOperationException : <xml xmlns='http://www.meteosvizzera.ch/rsi/VOFH08'> was not expected.
[xUnit.net 00:00:02.62]       Stack Trace:
[xUnit.net 00:00:02.62]         /Users/albayrme/Automation/maestro/Applications/MeteoRSI/MeteoRSI.Application/MetoRsiText.cs(61,0): at Maestro.MeteoRSI.Application.MetoRsiText.CreateTextWeatherPages(FileInfo fileInfo, Ep1BuilderConverterConfig config, Ep1BuilderConverterConfigFilter filter)
[xUnit.net 00:00:02.62]         /Users/albayrme/Automation/maestro/Applications/MeteoRSI/MeteoRSI.Tests/TextUnitTests.cs(345,0): at Maestro.MeteoRSI.Tests.TextUnitTests.CreateTextWeatherPages_DefaultFileInput_File_55_01(Int32 index, String regex)
[xUnit.net 00:00:02.62]         ----- Inner Stack Trace -----
[xUnit.net 00:00:02.62]            at System.Xml.Serialization.XmlSerializer.Deserialize(XmlReader xmlReader, String encodingStyle, XmlDeserializationEvents events)
[xUnit.net 00:00:02.62]            at System.Xml.Serialization.XmlSerializer.Deserialize(TextReader textReader)
[xUnit.net 00:00:02.62]         /Users/albayrme/Automation/maestro/Core/Maestro.Core/Helpers/XmlHelper.cs(37,0): at Maestro.Core.Helpers.XmlHelper.Deserialize[T](String content)
[xUnit.net 00:00:02.62]         /Users/albayrme/Automation/maestro/Applications/MeteoRSI/MeteoRSI.Application/MetoRsiText.cs(31,0): at Maestro.MeteoRSI.Application.MetoRsiText.CreateTextWeatherPages(FileInfo fileInfo, Ep1BuilderConverterConfig config, Ep1BuilderConverterConfigFilter filter)
[xUnit.net 00:00:02.62]         ----- Inner Stack Trace -----
[xUnit.net 00:00:02.62]            at Microsoft.Xml.Serialization.GeneratedAssembly.XmlSerializationReaderWeatherRecords.Read9_xml()
  Failed Maestro.MeteoRSI.Tests.TextUnitTests.CreateTextWeatherPages_DefaultFileInput_File_55_01(index: 3, regex: "^Ore 07:00\\s+\\(prossima: 12:00\\)$") [2 ms]
  Error Message:
   System.Exception : File combinedText.xml is in the wrong format. It should be of type WeatherRecords.
---- System.InvalidOperationException : There is an error in XML document (1, 40).
-------- System.InvalidOperationException : <xml xmlns='http://www.meteosvizzera.ch/rsi/VOFH08'> was not expected.
  Stack Trace:
     at Maestro.MeteoRSI.Application.MetoRsiText.CreateTextWeatherPages(FileInfo fileInfo, Ep1BuilderConverterConfig config, Ep1BuilderConverterConfigFilter filter) in /Users/albayrme/Automation/maestro/Applications/MeteoRSI/MeteoRSI.Application/MetoRsiText.cs:line 61
   at Maestro.MeteoRSI.Tests.TextUnitTests.CreateTextWeatherPages_DefaultFileInput_File_55_01(Int32 index, String regex) in /Users/albayrme/Automation/maestro/Applications/MeteoRSI/MeteoRSI.Tests/TextUnitTests.cs:line 345
----- Inner Stack Trace -----
   at System.Xml.Serialization.XmlSerializer.Deserialize(XmlReader xmlReader, String encodingStyle, XmlDeserializationEvents events)
   at System.Xml.Serialization.XmlSerializer.Deserialize(TextReader textReader)
   at Maestro.Core.Helpers.XmlHelper.Deserialize[T](String content) in /Users/albayrme/Automation/maestro/Core/Maestro.Core/Helpers/XmlHelper.cs:line 37
   at Maestro.MeteoRSI.Application.MetoRsiText.CreateTextWeatherPages(FileInfo fileInfo, Ep1BuilderConverterConfig config, Ep1BuilderConverterConfigFilter filter) in /Users/albayrme/Automation/maestro/Applications/MeteoRSI/MeteoRSI.Application/MetoRsiText.cs:line 31
----- Inner Stack Trace -----
   at Microsoft.Xml.Serialization.GeneratedAssembly.XmlSerializationReaderWeatherRecords.Read9_xml()
  Failed Maestro.MeteoRSI.Tests.TextUnitTests.CreateTextWeatherPages_DefaultFileInput_File_55_01(index: 13, regex: "^$") [8 ms]
  Error Message:
   System.Exception : File combinedText.xml is in the wrong format. It should be of type WeatherRecords.
---- System.InvalidOperationException : There is an error in XML document (1, 40).
-------- System.InvalidOperationException : <xml xmlns='http://www.meteosvizzera.ch/rsi/VOFH08'> was not expected.
  Stack Trace:
     at Maestro.MeteoRSI.Application.MetoRsiText.CreateTextWeatherPages(FileInfo fileInfo, Ep1BuilderConverterConfig config, Ep1BuilderConverterConfigFilter filter) in /Users/albayrme/Automation/maestro/Applications/MeteoRSI/MeteoRSI.Application/MetoRsiText.cs:line 61
   at Maestro.MeteoRSI.Tests.TextUnitTests.CreateTextWeatherPages_DefaultFileInput_File_55_01(Int32 index, String regex) in /Users/albayrme/Automation/maestro/Applications/MeteoRSI/MeteoRSI.Tests/TextUnitTests.cs:line 345
----- Inner Stack Trace -----
   at System.Xml.Serialization.XmlSerializer.Deserialize(XmlReader xmlReader, String encodingStyle, XmlDeserializationEvents events)
   at System.Xml.Serialization.XmlSerializer.Deserialize(TextReader textReader)
   at Maestro.Core.Helpers.XmlHelper.Deserialize[T](String content) in /Users/albayrme/Automation/maestro/Core/Maestro.Core/Helpers/XmlHelper.cs:line 37
   at Maestro.MeteoRSI.Application.MetoRsiText.CreateTextWeatherPages(FileInfo fileInfo, Ep1BuilderConverterConfig config, Ep1BuilderConverterConfigFilter filter) in /Users/albayrme/Automation/maestro/Applications/MeteoRSI/MeteoRSI.Application/MetoRsiText.cs:line 31
----- Inner Stack Trace -----
   at Microsoft.Xml.Serialization.GeneratedAssembly.XmlSerializationReaderWeatherRecords.Read9_xml()
  Failed Maestro.MeteoRSI.Tests.TextUnitTests.CreateTextWeatherPages_DefaultFileInput_File_55_01(index: 14, regex: "^Svizzera romanda e Vallese$") [1 ms]
  Error Message:
   System.Exception : File combinedText.xml is in the wrong format. It should be of type WeatherRecords.
---- System.InvalidOperationException : There is an error in XML document (1, 40).
-------- System.InvalidOperationException : <xml xmlns='http://www.meteosvizzera.ch/rsi/VOFH08'> was not expected.
  Stack Trace:
     at Maestro.MeteoRSI.Application.MetoRsiText.CreateTextWeatherPages(FileInfo fileInfo, Ep1BuilderConverterConfig config, Ep1BuilderConverterConfigFilter filter) in /Users/albayrme/Automation/maestro/Applications/MeteoRSI/MeteoRSI.Application/MetoRsiText.cs:line 61
   at Maestro.MeteoRSI.Tests.TextUnitTests.CreateTextWeatherPages_DefaultFileInput_File_55_01(Int32 index, String regex) in /Users/albayrme/Automation/maestro/Applications/MeteoRSI/MeteoRSI.Tests/TextUnitTests.cs:line 345
----- Inner Stack Trace -----
   at System.Xml.Serialization.XmlSerializer.Deserialize(XmlReader xmlReader, String encodingStyle, XmlDeserializationEvents events)
   at System.Xml.Serialization.XmlSerializer.Deserialize(TextReader textReader)
   at Maestro.Core.Helpers.XmlHelper.Deserialize[T](String content) in /Users/albayrme/Automation/maestro/Core/Maestro.Core/Helpers/XmlHelper.cs:line 37
   at Maestro.MeteoRSI.Application.MetoRsiText.CreateTextWeatherPages(FileInfo fileInfo, Ep1BuilderConverterConfig config, Ep1BuilderConverterConfigFilter filter) in /Users/albayrme/Automation/maestro/Applications/MeteoRSI/MeteoRSI.Application/MetoRsiText.cs:line 31
----- Inner Stack Trace -----
   at Microsoft.Xml.Serialization.GeneratedAssembly.XmlSerializationReaderWeatherRecords.Read9_xml()
  Failed Maestro.MeteoRSI.Tests.TextUnitTests.CreateTextWeatherPages_DefaultFileInput_File_55_01(index: 19, regex: "^$") [1 ms]
  Error Message:
   System.Exception : File combinedText.xml is in the wrong format. It should be of type WeatherRecords.
---- System.InvalidOperationException : There is an error in XML document (1, 40).
-------- System.InvalidOperationException : <xml xmlns='http://www.meteosvizzera.ch/rsi/VOFH08'> was not expected.
  Stack Trace:
     at Maestro.MeteoRSI.Application.MetoRsiText.CreateTextWeatherPages(FileInfo fileInfo, Ep1BuilderConverterConfig config, Ep1BuilderConverterConfigFilter filter) in /Users/albayrme/Automation/maestro/Applications/MeteoRSI/MeteoRSI.Application/MetoRsiText.cs:line 61
   at Maestro.MeteoRSI.Tests.TextUnitTests.CreateTextWeatherPages_DefaultFileInput_File_55_01(Int32 index, String regex) in /Users/albayrme/Automation/maestro/Applications/MeteoRSI/MeteoRSI.Tests/TextUnitTests.cs:line 345
----- Inner Stack Trace -----
   at System.Xml.Serialization.XmlSerializer.Deserialize(XmlReader xmlReader, String encodingStyle, XmlDeserializationEvents events)
   at System.Xml.Serialization.XmlSerializer.Deserialize(TextReader textReader)
   at Maestro.Core.Helpers.XmlHelper.Deserialize[T](String content) in /Users/albayrme/Automation/maestro/Core/Maestro.Core/Helpers/XmlHelper.cs:line 37
   at Maestro.MeteoRSI.Application.MetoRsiText.CreateTextWeatherPages(FileInfo fileInfo, Ep1BuilderConverterConfig config, Ep1BuilderConverterConfigFilter filter) in /Users/albayrme/Automation/maestro/Applications/MeteoRSI/MeteoRSI.Application/MetoRsiText.cs:line 31
----- Inner Stack Trace -----
   at Microsoft.Xml.Serialization.GeneratedAssembly.XmlSerializationReaderWeatherRecords.Read9_xml()
  Failed Maestro.MeteoRSI.Tests.TextUnitTests.CreateTextWeatherPages_DefaultFileInput_File_55_01(index: 4, regex: "^Nord delle Alpi$") [1 ms]
  Error Message:
   System.Exception : File combinedText.xml is in the wrong format. It should be of type WeatherRecords.
---- System.InvalidOperationException : There is an error in XML document (1, 40).
-------- System.InvalidOperationException : <xml xmlns='http://www.meteosvizzera.ch/rsi/VOFH08'> was not expected.
  Stack Trace:
     at Maestro.MeteoRSI.Application.MetoRsiText.CreateTextWeatherPages(FileInfo fileInfo, Ep1BuilderConverterConfig config, Ep1BuilderConverterConfigFilter filter) in /Users/albayrme/Automation/maestro/Applications/MeteoRSI/MeteoRSI.Application/MetoRsiText.cs:line 61
   at Maestro.MeteoRSI.Tests.TextUnitTests.CreateTextWeatherPages_DefaultFileInput_File_55_01(Int32 index, String regex) in /Users/albayrme/Automation/maestro/Applications/MeteoRSI/MeteoRSI.Tests/TextUnitTests.cs:line 345
----- Inner Stack Trace -----
   at System.Xml.Serialization.XmlSerializer.Deserialize(XmlReader xmlReader, String encodingStyle, XmlDeserializationEvents events)
   at System.Xml.Serialization.XmlSerializer.Deserialize(TextReader textReader)
   at Maestro.Core.Helpers.XmlHelper.Deserialize[T](String content) in /Users/albayrme/Automation/maestro/Core/Maestro.Core/Helpers/XmlHelper.cs:line 37
   at Maestro.MeteoRSI.Application.MetoRsiText.CreateTextWeatherPages(FileInfo fileInfo, Ep1BuilderConverterConfig config, Ep1BuilderConverterConfigFilter filter) in /Users/albayrme/Automation/maestro/Applications/MeteoRSI/MeteoRSI.Application/MetoRsiText.cs:line 31
----- Inner Stack Trace -----
   at Microsoft.Xml.Serialization.GeneratedAssembly.XmlSerializationReaderWeatherRecords.Read9_xml()
  Failed Maestro.MeteoRSI.Tests.TextUnitTests.CreateTextWeatherPages_DefaultFileInput_File_55_01(index: 17, regex: "^[a-zA-Z0-9_\\-\\[\\.]*") [1 ms]
  Error Message:
   System.Exception : File combinedText.xml is in the wrong format. It should be of type WeatherRecords.
---- System.InvalidOperationException : There is an error in XML document (1, 40).
-------- System.InvalidOperationException : <xml xmlns='http://www.meteosvizzera.ch/rsi/VOFH08'> was not expected.
  Stack Trace:
     at Maestro.MeteoRSI.Application.MetoRsiText.CreateTextWeatherPages(FileInfo fileInfo, Ep1BuilderConverterConfig config, Ep1BuilderConverterConfigFilter filter) in /Users/albayrme/Automation/maestro/Applications/MeteoRSI/MeteoRSI.Application/MetoRsiText.cs:line 61
   at Maestro.MeteoRSI.Tests.TextUnitTests.CreateTextWeatherPages_DefaultFileInput_File_55_01(Int32 index, String regex) in /Users/albayrme/Automation/maestro/Applications/MeteoRSI/MeteoRSI.Tests/TextUnitTests.cs:line 345
----- Inner Stack Trace -----
   at System.Xml.Serialization.XmlSerializer.Deserialize(XmlReader xmlReader, String encodingStyle, XmlDeserializationEvents events)
   at System.Xml.Serialization.XmlSerializer.Deserialize(TextReader textReader)
   at Maestro.Core.Helpers.XmlHelper.Deserialize[T](String content) in /Users/albayrme/Automation/maestro/Core/Maestro.Core/Helpers/XmlHelper.cs:line 37
   at Maestro.MeteoRSI.Application.MetoRsiText.CreateTextWeatherPages(FileInfo fileInfo, Ep1BuilderConverterConfig config, Ep1BuilderConverterConfigFilter filter) in /Users/albayrme/Automation/maestro/Applications/MeteoRSI/MeteoRSI.Application/MetoRsiText.cs:line 31
----- Inner Stack Trace -----
   at Microsoft.Xml.Serialization.GeneratedAssembly.XmlSerializationReaderWeatherRecords.Read9_xml()
  Failed Maestro.MeteoRSI.Tests.TextUnitTests.CreateTextWeatherPages_DefaultFileInput_File_55_01(index: 16, regex: "^[a-zA-Z0-9_\\-\\[\\.]*") [1 ms]
  Error Message:
   System.Exception : File combinedText.xml is in the wrong format. It should be of type WeatherRecords.
---- System.InvalidOperationException : There is an error in XML document (1, 40).
-------- System.InvalidOperationException : <xml xmlns='http://www.meteosvizzera.ch/rsi/VOFH08'> was not expected.
  Stack Trace:
     at Maestro.MeteoRSI.Application.MetoRsiText.CreateTextWeatherPages(FileInfo fileInfo, Ep1BuilderConverterConfig config, Ep1BuilderConverterConfigFilter filter) in /Users/albayrme/Automation/maestro/Applications/MeteoRSI/MeteoRSI.Application/MetoRsiText.cs:line 61
   at Maestro.MeteoRSI.Tests.TextUnitTests.CreateTextWeatherPages_DefaultFileInput_File_55_01(Int32 index, String regex) in /Users/albayrme/Automation/maestro/Applications/MeteoRSI/MeteoRSI.Tests/TextUnitTests.cs:line 345
----- Inner Stack Trace -----
   at System.Xml.Serialization.XmlSerializer.Deserialize(XmlReader xmlReader, String encodingStyle, XmlDeserializationEvents events)
   at System.Xml.Serialization.XmlSerializer.Deserialize(TextReader textReader)
   at Maestro.Core.Helpers.XmlHelper.Deserialize[T](String content) in /Users/albayrme/Automation/maestro/Core/Maestro.Core/Helpers/XmlHelper.cs:line 37
   at Maestro.MeteoRSI.Application.MetoRsiText.CreateTextWeatherPages(FileInfo fileInfo, Ep1BuilderConverterConfig config, Ep1BuilderConverterConfigFilter filter) in /Users/albayrme/Automation/maestro/Applications/MeteoRSI/MeteoRSI.Application/MetoRsiText.cs:line 31
----- Inner Stack Trace -----
   at Microsoft.Xml.Serialization.GeneratedAssembly.XmlSerializationReaderWeatherRecords.Read9_xml()
  Failed Maestro.MeteoRSI.Tests.TextUnitTests.CreateTextWeatherPages_DefaultFileInput_File_55_01(index: 2, regex: "^$") [1 ms]
  Error Message:
   System.Exception : File combinedText.xml is in the wrong format. It should be of type WeatherRecords.
---- System.InvalidOperationException : There is an error in XML document (1, 40).
-------- System.InvalidOperationException : <xml xmlns='http://www.meteosvizzera.ch/rsi/VOFH08'> was not expected.
  Stack Trace:
     at Maestro.MeteoRSI.Application.MetoRsiText.CreateTextWeatherPages(FileInfo fileInfo, Ep1BuilderConverterConfig config, Ep1BuilderConverterConfigFilter filter) in /Users/albayrme/Automation/maestro/Applications/MeteoRSI/MeteoRSI.Application/MetoRsiText.cs:line 61
   at Maestro.MeteoRSI.Tests.TextUnitTests.CreateTextWeatherPages_DefaultFileInput_File_55_01(Int32 index, String regex) in /Users/albayrme/Automation/maestro/Applications/MeteoRSI/MeteoRSI.Tests/TextUnitTests.cs:line 345
----- Inner Stack Trace -----
   at System.Xml.Serialization.XmlSerializer.Deserialize(XmlReader xmlReader, String encodingStyle, XmlDeserializationEvents events)
   at System.Xml.Serialization.XmlSerializer.Deserialize(TextReader textReader)
   at Maestro.Core.Helpers.XmlHelper.Deserialize[T](String content) in /Users/albayrme/Automation/maestro/Core/Maestro.Core/Helpers/XmlHelper.cs:line 37
   at Maestro.MeteoRSI.Application.MetoRsiText.CreateTextWeatherPages(FileInfo fileInfo, Ep1BuilderConverterConfig config, Ep1BuilderConverterConfigFilter filter) in /Users/albayrme/Automation/maestro/Applications/MeteoRSI/MeteoRSI.Application/MetoRsiText.cs:line 31
----- Inner Stack Trace -----
   at Microsoft.Xml.Serialization.GeneratedAssembly.XmlSerializationReaderWeatherRecords.Read9_xml()
  Failed Maestro.MeteoRSI.Tests.TextUnitTests.CreateTextWeatherPages_DefaultFileInput_File_55_01(index: 21, regex: "^Fonte: MeteoSvizzera$") [1 ms]
  Error Message:
   System.Exception : File combinedText.xml is in the wrong format. It should be of type WeatherRecords.
---- System.InvalidOperationException : There is an error in XML document (1, 40).
-------- System.InvalidOperationException : <xml xmlns='http://www.meteosvizzera.ch/rsi/VOFH08'> was not expected.
  Stack Trace:
     at Maestro.MeteoRSI.Application.MetoRsiText.CreateTextWeatherPages(FileInfo fileInfo, Ep1BuilderConverterConfig config, Ep1BuilderConverterConfigFilter filter) in /Users/albayrme/Automation/maestro/Applications/MeteoRSI/MeteoRSI.Application/MetoRsiText.cs:line 61
   at Maestro.MeteoRSI.Tests.TextUnitTests.CreateTextWeatherPages_DefaultFileInput_File_55_01(Int32 index, String regex) in /Users/albayrme/Automation/maestro/Applications/MeteoRSI/MeteoRSI.Tests/TextUnitTests.cs:line 345
----- Inner Stack Trace -----
   at System.Xml.Serialization.XmlSerializer.Deserialize(XmlReader xmlReader, String encodingStyle, XmlDeserializationEvents events)
   at System.Xml.Serialization.XmlSerializer.Deserialize(TextReader textReader)
   at Maestro.Core.Helpers.XmlHelper.Deserialize[T](String content) in /Users/albayrme/Automation/maestro/Core/Maestro.Core/Helpers/XmlHelper.cs:line 37
   at Maestro.MeteoRSI.Application.MetoRsiText.CreateTextWeatherPages(FileInfo fileInfo, Ep1BuilderConverterConfig config, Ep1BuilderConverterConfigFilter filter) in /Users/albayrme/Automation/maestro/Applications/MeteoRSI/MeteoRSI.Application/MetoRsiText.cs:line 31
----- Inner Stack Trace -----
   at Microsoft.Xml.Serialization.GeneratedAssembly.XmlSerializationReaderWeatherRecords.Read9_xml()
[xUnit.net 00:00:02.62]     Maestro.MeteoRSI.Tests.TextUnitTests.CreateTextWeatherPages_DefaultFileInput_File_55_01(index: 9, regex: "^[a-zA-Z0-9_\\-\\[\\.]*") [FAIL]
[xUnit.net 00:00:02.62]       System.Exception : File combinedText.xml is in the wrong format. It should be of type WeatherRecords.
[xUnit.net 00:00:02.62]       ---- System.InvalidOperationException : There is an error in XML document (1, 40).
[xUnit.net 00:00:02.63]       -------- System.InvalidOperationException : <xml xmlns='http://www.meteosvizzera.ch/rsi/VOFH08'> was not expected.
[xUnit.net 00:00:02.63]       Stack Trace:
[xUnit.net 00:00:02.63]         /Users/albayrme/Automation/maestro/Applications/MeteoRSI/MeteoRSI.Application/MetoRsiText.cs(61,0): at Maestro.MeteoRSI.Application.MetoRsiText.CreateTextWeatherPages(FileInfo fileInfo, Ep1BuilderConverterConfig config, Ep1BuilderConverterConfigFilter filter)
[xUnit.net 00:00:02.63]         /Users/albayrme/Automation/maestro/Applications/MeteoRSI/MeteoRSI.Tests/TextUnitTests.cs(345,0): at Maestro.MeteoRSI.Tests.TextUnitTests.CreateTextWeatherPages_DefaultFileInput_File_55_01(Int32 index, String regex)
[xUnit.net 00:00:02.63]         ----- Inner Stack Trace -----
[xUnit.net 00:00:02.63]            at System.Xml.Serialization.XmlSerializer.Deserialize(XmlReader xmlReader, String encodingStyle, XmlDeserializationEvents events)
[xUnit.net 00:00:02.63]            at System.Xml.Serialization.XmlSerializer.Deserialize(TextReader textReader)
[xUnit.net 00:00:02.63]         /Users/albayrme/Automation/maestro/Core/Maestro.Core/Helpers/XmlHelper.cs(37,0): at Maestro.Core.Helpers.XmlHelper.Deserialize[T](String content)
[xUnit.net 00:00:02.63]         /Users/albayrme/Automation/maestro/Applications/MeteoRSI/MeteoRSI.Application/MetoRsiText.cs(31,0): at Maestro.MeteoRSI.Application.MetoRsiText.CreateTextWeatherPages(FileInfo fileInfo, Ep1BuilderConverterConfig config, Ep1BuilderConverterConfigFilter filter)
[xUnit.net 00:00:02.63]         ----- Inner Stack Trace -----
[xUnit.net 00:00:02.63]            at Microsoft.Xml.Serialization.GeneratedAssembly.XmlSerializationReaderWeatherRecords.Read9_xml()
[xUnit.net 00:00:02.63]     Maestro.MeteoRSI.Tests.TextUnitTests.CreateTextWeatherPages_DefaultFileInput_File_55_01(index: 7, regex: "^$") [FAIL]
[xUnit.net 00:00:02.63]       System.Exception : File combinedText.xml is in the wrong format. It should be of type WeatherRecords.
[xUnit.net 00:00:02.63]       ---- System.InvalidOperationException : There is an error in XML document (1, 40).
[xUnit.net 00:00:02.63]       -------- System.InvalidOperationException : <xml xmlns='http://www.meteosvizzera.ch/rsi/VOFH08'> was not expected.
[xUnit.net 00:00:02.63]       Stack Trace:
[xUnit.net 00:00:02.63]         /Users/albayrme/Automation/maestro/Applications/MeteoRSI/MeteoRSI.Application/MetoRsiText.cs(61,0): at Maestro.MeteoRSI.Application.MetoRsiText.CreateTextWeatherPages(FileInfo fileInfo, Ep1BuilderConverterConfig config, Ep1BuilderConverterConfigFilter filter)
[xUnit.net 00:00:02.63]         /Users/albayrme/Automation/maestro/Applications/MeteoRSI/MeteoRSI.Tests/TextUnitTests.cs(345,0): at Maestro.MeteoRSI.Tests.TextUnitTests.CreateTextWeatherPages_DefaultFileInput_File_55_01(Int32 index, String regex)
[xUnit.net 00:00:02.63]         ----- Inner Stack Trace -----
[xUnit.net 00:00:02.63]            at System.Xml.Serialization.XmlSerializer.Deserialize(XmlReader xmlReader, String encodingStyle, XmlDeserializationEvents events)
[xUnit.net 00:00:02.63]            at System.Xml.Serialization.XmlSerializer.Deserialize(TextReader textReader)
[xUnit.net 00:00:02.63]         /Users/albayrme/Automation/maestro/Core/Maestro.Core/Helpers/XmlHelper.cs(37,0): at Maestro.Core.Helpers.XmlHelper.Deserialize[T](String content)
[xUnit.net 00:00:02.63]         /Users/albayrme/Automation/maestro/Applications/MeteoRSI/MeteoRSI.Application/MetoRsiText.cs(31,0): at Maestro.MeteoRSI.Application.MetoRsiText.CreateTextWeatherPages(FileInfo fileInfo, Ep1BuilderConverterConfig config, Ep1BuilderConverterConfigFilter filter)
[xUnit.net 00:00:02.63]         ----- Inner Stack Trace -----
[xUnit.net 00:00:02.63]            at Microsoft.Xml.Serialization.GeneratedAssembly.XmlSerializationReaderWeatherRecords.Read9_xml()
[xUnit.net 00:00:02.63]     Maestro.MeteoRSI.Tests.TextUnitTests.CreateTextWeatherPages_DefaultFileInput_File_55_01(index: 12, regex: "^[a-zA-Z0-9_\\-\\[\\.]*") [FAIL]
[xUnit.net 00:00:02.63]       System.Exception : File combinedText.xml is in the wrong format. It should be of type WeatherRecords.
[xUnit.net 00:00:02.63]       ---- System.InvalidOperationException : There is an error in XML document (1, 40).
[xUnit.net 00:00:02.63]       -------- System.InvalidOperationException : <xml xmlns='http://www.meteosvizzera.ch/rsi/VOFH08'> was not expected.
[xUnit.net 00:00:02.63]       Stack Trace:
[xUnit.net 00:00:02.63]         /Users/albayrme/Automation/maestro/Applications/MeteoRSI/MeteoRSI.Application/MetoRsiText.cs(61,0): at Maestro.MeteoRSI.Application.MetoRsiText.CreateTextWeatherPages(FileInfo fileInfo, Ep1BuilderConverterConfig config, Ep1BuilderConverterConfigFilter filter)
[xUnit.net 00:00:02.63]         /Users/albayrme/Automation/maestro/Applications/MeteoRSI/MeteoRSI.Tests/TextUnitTests.cs(345,0): at Maestro.MeteoRSI.Tests.TextUnitTests.CreateTextWeatherPages_DefaultFileInput_File_55_01(Int32 index, String regex)
[xUnit.net 00:00:02.63]         ----- Inner Stack Trace -----
[xUnit.net 00:00:02.63]            at System.Xml.Serialization.XmlSerializer.Deserialize(XmlReader xmlReader, String encodingStyle, XmlDeserializationEvents events)
[xUnit.net 00:00:02.63]            at System.Xml.Serialization.XmlSerializer.Deserialize(TextReader textReader)
[xUnit.net 00:00:02.63]         /Users/albayrme/Automation/maestro/Core/Maestro.Core/Helpers/XmlHelper.cs(37,0): at Maestro.Core.Helpers.XmlHelper.Deserialize[T](String content)
[xUnit.net 00:00:02.63]         /Users/albayrme/Automation/maestro/Applications/MeteoRSI/MeteoRSI.Application/MetoRsiText.cs(31,0): at Maestro.MeteoRSI.Application.MetoRsiText.CreateTextWeatherPages(FileInfo fileInfo, Ep1BuilderConverterConfig config, Ep1BuilderConverterConfigFilter filter)
[xUnit.net 00:00:02.63]         ----- Inner Stack Trace -----
[xUnit.net 00:00:02.63]            at Microsoft.Xml.Serialization.GeneratedAssembly.XmlSerializationReaderWeatherRecords.Read9_xml()
[xUnit.net 00:00:02.63]     Maestro.MeteoRSI.Tests.TextUnitTests.CreateTextWeatherPages_DefaultFileInput_File_55_01(index: 10, regex: "^[a-zA-Z0-9_\\-\\[\\.]*") [FAIL]
[xUnit.net 00:00:02.63]       System.Exception : File combinedText.xml is in the wrong format. It should be of type WeatherRecords.
[xUnit.net 00:00:02.63]       ---- System.InvalidOperationException : There is an error in XML document (1, 40).
[xUnit.net 00:00:02.63]       -------- System.InvalidOperationException : <xml xmlns='http://www.meteosvizzera.ch/rsi/VOFH08'> was not expected.
[xUnit.net 00:00:02.63]       Stack Trace:
[xUnit.net 00:00:02.63]         /Users/albayrme/Automation/maestro/Applications/MeteoRSI/MeteoRSI.Application/MetoRsiText.cs(61,0): at Maestro.MeteoRSI.Application.MetoRsiText.CreateTextWeatherPages(FileInfo fileInfo, Ep1BuilderConverterConfig config, Ep1BuilderConverterConfigFilter filter)
[xUnit.net 00:00:02.63]         /Users/albayrme/Automation/maestro/Applications/MeteoRSI/MeteoRSI.Tests/TextUnitTests.cs(345,0): at Maestro.MeteoRSI.Tests.TextUnitTests.CreateTextWeatherPages_DefaultFileInput_File_55_01(Int32 index, String regex)
[xUnit.net 00:00:02.63]         ----- Inner Stack Trace -----
[xUnit.net 00:00:02.63]            at System.Xml.Serialization.XmlSerializer.Deserialize(XmlReader xmlReader, String encodingStyle, XmlDeserializationEvents events)
[xUnit.net 00:00:02.63]            at System.Xml.Serialization.XmlSerializer.Deserialize(TextReader textReader)
[xUnit.net 00:00:02.63]         /Users/albayrme/Automation/maestro/Core/Maestro.Core/Helpers/XmlHelper.cs(37,0): at Maestro.Core.Helpers.XmlHelper.Deserialize[T](String content)
[xUnit.net 00:00:02.63]         /Users/albayrme/Automation/maestro/Applications/MeteoRSI/MeteoRSI.Application/MetoRsiText.cs(31,0): at Maestro.MeteoRSI.Application.MetoRsiText.CreateTextWeatherPages(FileInfo fileInfo, Ep1BuilderConverterConfig config, Ep1BuilderConverterConfigFilter filter)
[xUnit.net 00:00:02.63]         ----- Inner Stack Trace -----
[xUnit.net 00:00:02.63]            at Microsoft.Xml.Serialization.GeneratedAssembly.XmlSerializationReaderWeatherRecords.Read9_xml()
[xUnit.net 00:00:02.63]     Maestro.MeteoRSI.Tests.TextUnitTests.CreateTextWeatherPages_DefaultFileInput_File_55_01(index: 20, regex: "^$") [FAIL]
[xUnit.net 00:00:02.63]       System.Exception : File combinedText.xml is in the wrong format. It should be of type WeatherRecords.
[xUnit.net 00:00:02.63]       ---- System.InvalidOperationException : There is an error in XML document (1, 40).
[xUnit.net 00:00:02.63]       -------- System.InvalidOperationException : <xml xmlns='http://www.meteosvizzera.ch/rsi/VOFH08'> was not expected.
[xUnit.net 00:00:02.63]       Stack Trace:
[xUnit.net 00:00:02.63]         /Users/albayrme/Automation/maestro/Applications/MeteoRSI/MeteoRSI.Application/MetoRsiText.cs(61,0): at Maestro.MeteoRSI.Application.MetoRsiText.CreateTextWeatherPages(FileInfo fileInfo, Ep1BuilderConverterConfig config, Ep1BuilderConverterConfigFilter filter)
[xUnit.net 00:00:02.63]         /Users/albayrme/Automation/maestro/Applications/MeteoRSI/MeteoRSI.Tests/TextUnitTests.cs(345,0): at Maestro.MeteoRSI.Tests.TextUnitTests.CreateTextWeatherPages_DefaultFileInput_File_55_01(Int32 index, String regex)
[xUnit.net 00:00:02.63]         ----- Inner Stack Trace -----
[xUnit.net 00:00:02.63]            at System.Xml.Serialization.XmlSerializer.Deserialize(XmlReader xmlReader, String encodingStyle, XmlDeserializationEvents events)
[xUnit.net 00:00:02.63]            at System.Xml.Serialization.XmlSerializer.Deserialize(TextReader textReader)
[xUnit.net 00:00:02.63]         /Users/albayrme/Automation/maestro/Core/Maestro.Core/Helpers/XmlHelper.cs(37,0): at Maestro.Core.Helpers.XmlHelper.Deserialize[T](String content)
[xUnit.net 00:00:02.63]         /Users/albayrme/Automation/maestro/Applications/MeteoRSI/MeteoRSI.Application/MetoRsiText.cs(31,0): at Maestro.MeteoRSI.Application.MetoRsiText.CreateTextWeatherPages(FileInfo fileInfo, Ep1BuilderConverterConfig config, Ep1BuilderConverterConfigFilter filter)
[xUnit.net 00:00:02.63]         ----- Inner Stack Trace -----
[xUnit.net 00:00:02.63]            at Microsoft.Xml.Serialization.GeneratedAssembly.XmlSerializationReaderWeatherRecords.Read9_xml()
[xUnit.net 00:00:02.63]     Maestro.MeteoRSI.Tests.TextUnitTests.CreateTextWeatherPages_DefaultFileInput_File_55_01(index: 11, regex: "^[a-zA-Z0-9_\\-\\[\\.]*") [FAIL]
[xUnit.net 00:00:02.63]       System.Exception : File combinedText.xml is in the wrong format. It should be of type WeatherRecords.
[xUnit.net 00:00:02.63]       ---- System.InvalidOperationException : There is an error in XML document (1, 40).
[xUnit.net 00:00:02.63]       -------- System.InvalidOperationException : <xml xmlns='http://www.meteosvizzera.ch/rsi/VOFH08'> was not expected.
[xUnit.net 00:00:02.63]       Stack Trace:
[xUnit.net 00:00:02.63]         /Users/albayrme/Automation/maestro/Applications/MeteoRSI/MeteoRSI.Application/MetoRsiText.cs(61,0): at Maestro.MeteoRSI.Application.MetoRsiText.CreateTextWeatherPages(FileInfo fileInfo, Ep1BuilderConverterConfig config, Ep1BuilderConverterConfigFilter filter)
[xUnit.net 00:00:02.63]         /Users/albayrme/Automation/maestro/Applications/MeteoRSI/MeteoRSI.Tests/TextUnitTests.cs(345,0): at Maestro.MeteoRSI.Tests.TextUnitTests.CreateTextWeatherPages_DefaultFileInput_File_55_01(Int32 index, String regex)
[xUnit.net 00:00:02.63]         ----- Inner Stack Trace -----
[xUnit.net 00:00:02.63]            at System.Xml.Serialization.XmlSerializer.Deserialize(XmlReader xmlReader, String encodingStyle, XmlDeserializationEvents events)
[xUnit.net 00:00:02.63]            at System.Xml.Serialization.XmlSerializer.Deserialize(TextReader textReader)
[xUnit.net 00:00:02.63]         /Users/albayrme/Automation/maestro/Core/Maestro.Core/Helpers/XmlHelper.cs(37,0): at Maestro.Core.Helpers.XmlHelper.Deserialize[T](String content)
[xUnit.net 00:00:02.63]         /Users/albayrme/Automation/maestro/Applications/MeteoRSI/MeteoRSI.Application/MetoRsiText.cs(31,0): at Maestro.MeteoRSI.Application.MetoRsiText.CreateTextWeatherPages(FileInfo fileInfo, Ep1BuilderConverterConfig config, Ep1BuilderConverterConfigFilter filter)
[xUnit.net 00:00:02.63]         ----- Inner Stack Trace -----
[xUnit.net 00:00:02.63]            at Microsoft.Xml.Serialization.GeneratedAssembly.XmlSerializationReaderWeatherRecords.Read9_xml()
[xUnit.net 00:00:02.64]     Maestro.MeteoRSI.Tests.TextUnitTests.CreateTextWeatherPages_DefaultFileInput_File_55_01(index: 18, regex: "^[a-zA-Z0-9_\\-\\[\\.]*") [FAIL]
[xUnit.net 00:00:02.64]       System.Exception : File combinedText.xml is in the wrong format. It should be of type WeatherRecords.
[xUnit.net 00:00:02.64]       ---- System.InvalidOperationException : There is an error in XML document (1, 40).
[xUnit.net 00:00:02.64]       -------- System.InvalidOperationException : <xml xmlns='http://www.meteosvizzera.ch/rsi/VOFH08'> was not expected.
[xUnit.net 00:00:02.64]       Stack Trace:
[xUnit.net 00:00:02.64]         /Users/albayrme/Automation/maestro/Applications/MeteoRSI/MeteoRSI.Application/MetoRsiText.cs(61,0): at Maestro.MeteoRSI.Application.MetoRsiText.CreateTextWeatherPages(FileInfo fileInfo, Ep1BuilderConverterConfig config, Ep1BuilderConverterConfigFilter filter)
[xUnit.net 00:00:02.64]         /Users/albayrme/Automation/maestro/Applications/MeteoRSI/MeteoRSI.Tests/TextUnitTests.cs(345,0): at Maestro.MeteoRSI.Tests.TextUnitTests.CreateTextWeatherPages_DefaultFileInput_File_55_01(Int32 index, String regex)
[xUnit.net 00:00:02.64]         ----- Inner Stack Trace -----
[xUnit.net 00:00:02.64]            at System.Xml.Serialization.XmlSerializer.Deserialize(XmlReader xmlReader, String encodingStyle, XmlDeserializationEvents events)
[xUnit.net 00:00:02.64]            at System.Xml.Serialization.XmlSerializer.Deserialize(TextReader textReader)
[xUnit.net 00:00:02.64]         /Users/albayrme/Automation/maestro/Core/Maestro.Core/Helpers/XmlHelper.cs(37,0): at Maestro.Core.Helpers.XmlHelper.Deserialize[T](String content)
[xUnit.net 00:00:02.64]         /Users/albayrme/Automation/maestro/Applications/MeteoRSI/MeteoRSI.Application/MetoRsiText.cs(31,0): at Maestro.MeteoRSI.Application.MetoRsiText.CreateTextWeatherPages(FileInfo fileInfo, Ep1BuilderConverterConfig config, Ep1BuilderConverterConfigFilter filter)
[xUnit.net 00:00:02.64]         ----- Inner Stack Trace -----
[xUnit.net 00:00:02.64]            at Microsoft.Xml.Serialization.GeneratedAssembly.XmlSerializationReaderWeatherRecords.Read9_xml()
[xUnit.net 00:00:02.64]     Maestro.MeteoRSI.Tests.TextUnitTests.CreateTextWeatherPages_DefaultFileInput_File_55_01(index: 6, regex: "^$") [FAIL]
[xUnit.net 00:00:02.64]       System.Exception : File combinedText.xml is in the wrong format. It should be of type WeatherRecords.
[xUnit.net 00:00:02.64]       ---- System.InvalidOperationException : There is an error in XML document (1, 40).
[xUnit.net 00:00:02.64]       -------- System.InvalidOperationException : <xml xmlns='http://www.meteosvizzera.ch/rsi/VOFH08'> was not expected.
[xUnit.net 00:00:02.64]       Stack Trace:
[xUnit.net 00:00:02.64]         /Users/albayrme/Automation/maestro/Applications/MeteoRSI/MeteoRSI.Application/MetoRsiText.cs(61,0): at Maestro.MeteoRSI.Application.MetoRsiText.CreateTextWeatherPages(FileInfo fileInfo, Ep1BuilderConverterConfig config, Ep1BuilderConverterConfigFilter filter)
[xUnit.net 00:00:02.64]         /Users/albayrme/Automation/maestro/Applications/MeteoRSI/MeteoRSI.Tests/TextUnitTests.cs(345,0): at Maestro.MeteoRSI.Tests.TextUnitTests.CreateTextWeatherPages_DefaultFileInput_File_55_01(Int32 index, String regex)
[xUnit.net 00:00:02.64]         ----- Inner Stack Trace -----
[xUnit.net 00:00:02.64]            at System.Xml.Serialization.XmlSerializer.Deserialize(XmlReader xmlReader, String encodingStyle, XmlDeserializationEvents events)
[xUnit.net 00:00:02.64]            at System.Xml.Serialization.XmlSerializer.Deserialize(TextReader textReader)
[xUnit.net 00:00:02.64]         /Users/albayrme/Automation/maestro/Core/Maestro.Core/Helpers/XmlHelper.cs(37,0): at Maestro.Core.Helpers.XmlHelper.Deserialize[T](String content)
[xUnit.net 00:00:02.64]         /Users/albayrme/Automation/maestro/Applications/MeteoRSI/MeteoRSI.Application/MetoRsiText.cs(31,0): at Maestro.MeteoRSI.Application.MetoRsiText.CreateTextWeatherPages(FileInfo fileInfo, Ep1BuilderConverterConfig config, Ep1BuilderConverterConfigFilter filter)
[xUnit.net 00:00:02.64]         ----- Inner Stack Trace -----
[xUnit.net 00:00:02.64]            at Microsoft.Xml.Serialization.GeneratedAssembly.XmlSerializationReaderWeatherRecords.Read9_xml()
[xUnit.net 00:00:02.64]     Maestro.MeteoRSI.Tests.TextUnitTests.CreateTextWeatherPages_DefaultFileInput_File_50_01(index: 18, regex: "^Tendenza fino a mercoledì$") [FAIL]
[xUnit.net 00:00:02.64]       System.Exception : File combinedText.xml is in the wrong format. It should be of type WeatherRecords.
[xUnit.net 00:00:02.64]       ---- System.InvalidOperationException : There is an error in XML document (1, 40).
[xUnit.net 00:00:02.64]       -------- System.InvalidOperationException : <xml xmlns='http://www.meteosvizzera.ch/rsi/VOFH08'> was not expected.
[xUnit.net 00:00:02.64]       Stack Trace:
[xUnit.net 00:00:02.64]         /Users/albayrme/Automation/maestro/Applications/MeteoRSI/MeteoRSI.Application/MetoRsiText.cs(61,0): at Maestro.MeteoRSI.Application.MetoRsiText.CreateTextWeatherPages(FileInfo fileInfo, Ep1BuilderConverterConfig config, Ep1BuilderConverterConfigFilter filter)
[xUnit.net 00:00:02.64]         /Users/albayrme/Automation/maestro/Applications/MeteoRSI/MeteoRSI.Tests/TextUnitTests.cs(133,0): at Maestro.MeteoRSI.Tests.TextUnitTests.CreateTextWeatherPages_DefaultFileInput_File_50_01(Int32 index, String regex)
[xUnit.net 00:00:02.64]         ----- Inner Stack Trace -----
[xUnit.net 00:00:02.64]            at System.Xml.Serialization.XmlSerializer.Deserialize(XmlReader xmlReader, String encodingStyle, XmlDeserializationEvents events)
[xUnit.net 00:00:02.64]            at System.Xml.Serialization.XmlSerializer.Deserialize(TextReader textReader)
[xUnit.net 00:00:02.64]         /Users/albayrme/Automation/maestro/Core/Maestro.Core/Helpers/XmlHelper.cs(37,0): at Maestro.Core.Helpers.XmlHelper.Deserialize[T](String content)
[xUnit.net 00:00:02.64]         /Users/albayrme/Automation/maestro/Applications/MeteoRSI/MeteoRSI.Application/MetoRsiText.cs(31,0): at Maestro.MeteoRSI.Application.MetoRsiText.CreateTextWeatherPages(FileInfo fileInfo, Ep1BuilderConverterConfig config, Ep1BuilderConverterConfigFilter filter)
[xUnit.net 00:00:02.64]         ----- Inner Stack Trace -----
[xUnit.net 00:00:02.64]            at Microsoft.Xml.Serialization.GeneratedAssembly.XmlSerializationReaderWeatherRecords.Read9_xml()
  Failed Maestro.MeteoRSI.Tests.TextUnitTests.CreateTextWeatherPages_DefaultFileInput_File_55_01(index: 9, regex: "^[a-zA-Z0-9_\\-\\[\\.]*") [1 ms]
  Error Message:
   System.Exception : File combinedText.xml is in the wrong format. It should be of type WeatherRecords.
---- System.InvalidOperationException : There is an error in XML document (1, 40).
-------- System.InvalidOperationException : <xml xmlns='http://www.meteosvizzera.ch/rsi/VOFH08'> was not expected.
  Stack Trace:
     at Maestro.MeteoRSI.Application.MetoRsiText.CreateTextWeatherPages(FileInfo fileInfo, Ep1BuilderConverterConfig config, Ep1BuilderConverterConfigFilter filter) in /Users/albayrme/Automation/maestro/Applications/MeteoRSI/MeteoRSI.Application/MetoRsiText.cs:line 61
   at Maestro.MeteoRSI.Tests.TextUnitTests.CreateTextWeatherPages_DefaultFileInput_File_55_01(Int32 index, String regex) in /Users/albayrme/Automation/maestro/Applications/MeteoRSI/MeteoRSI.Tests/TextUnitTests.cs:line 345
----- Inner Stack Trace -----
   at System.Xml.Serialization.XmlSerializer.Deserialize(XmlReader xmlReader, String encodingStyle, XmlDeserializationEvents events)
   at System.Xml.Serialization.XmlSerializer.Deserialize(TextReader textReader)
   at Maestro.Core.Helpers.XmlHelper.Deserialize[T](String content) in /Users/albayrme/Automation/maestro/Core/Maestro.Core/Helpers/XmlHelper.cs:line 37
   at Maestro.MeteoRSI.Application.MetoRsiText.CreateTextWeatherPages(FileInfo fileInfo, Ep1BuilderConverterConfig config, Ep1BuilderConverterConfigFilter filter) in /Users/albayrme/Automation/maestro/Applications/MeteoRSI/MeteoRSI.Application/MetoRsiText.cs:line 31
----- Inner Stack Trace -----
   at Microsoft.Xml.Serialization.GeneratedAssembly.XmlSerializationReaderWeatherRecords.Read9_xml()
  Failed Maestro.MeteoRSI.Tests.TextUnitTests.CreateTextWeatherPages_DefaultFileInput_File_55_01(index: 7, regex: "^$") [1 ms]
  Error Message:
   System.Exception : File combinedText.xml is in the wrong format. It should be of type WeatherRecords.
---- System.InvalidOperationException : There is an error in XML document (1, 40).
-------- System.InvalidOperationException : <xml xmlns='http://www.meteosvizzera.ch/rsi/VOFH08'> was not expected.
  Stack Trace:
     at Maestro.MeteoRSI.Application.MetoRsiText.CreateTextWeatherPages(FileInfo fileInfo, Ep1BuilderConverterConfig config, Ep1BuilderConverterConfigFilter filter) in /Users/albayrme/Automation/maestro/Applications/MeteoRSI/MeteoRSI.Application/MetoRsiText.cs:line 61
   at Maestro.MeteoRSI.Tests.TextUnitTests.CreateTextWeatherPages_DefaultFileInput_File_55_01(Int32 index, String regex) in /Users/albayrme/Automation/maestro/Applications/MeteoRSI/MeteoRSI.Tests/TextUnitTests.cs:line 345
----- Inner Stack Trace -----
   at System.Xml.Serialization.XmlSerializer.Deserialize(XmlReader xmlReader, String encodingStyle, XmlDeserializationEvents events)
   at System.Xml.Serialization.XmlSerializer.Deserialize(TextReader textReader)
   at Maestro.Core.Helpers.XmlHelper.Deserialize[T](String content) in /Users/albayrme/Automation/maestro/Core/Maestro.Core/Helpers/XmlHelper.cs:line 37
   at Maestro.MeteoRSI.Application.MetoRsiText.CreateTextWeatherPages(FileInfo fileInfo, Ep1BuilderConverterConfig config, Ep1BuilderConverterConfigFilter filter) in /Users/albayrme/Automation/maestro/Applications/MeteoRSI/MeteoRSI.Application/MetoRsiText.cs:line 31
----- Inner Stack Trace -----
   at Microsoft.Xml.Serialization.GeneratedAssembly.XmlSerializationReaderWeatherRecords.Read9_xml()
  Failed Maestro.MeteoRSI.Tests.TextUnitTests.CreateTextWeatherPages_DefaultFileInput_File_55_01(index: 12, regex: "^[a-zA-Z0-9_\\-\\[\\.]*") [1 ms]
  Error Message:
   System.Exception : File combinedText.xml is in the wrong format. It should be of type WeatherRecords.
---- System.InvalidOperationException : There is an error in XML document (1, 40).
-------- System.InvalidOperationException : <xml xmlns='http://www.meteosvizzera.ch/rsi/VOFH08'> was not expected.
  Stack Trace:
     at Maestro.MeteoRSI.Application.MetoRsiText.CreateTextWeatherPages(FileInfo fileInfo, Ep1BuilderConverterConfig config, Ep1BuilderConverterConfigFilter filter) in /Users/albayrme/Automation/maestro/Applications/MeteoRSI/MeteoRSI.Application/MetoRsiText.cs:line 61
   at Maestro.MeteoRSI.Tests.TextUnitTests.CreateTextWeatherPages_DefaultFileInput_File_55_01(Int32 index, String regex) in /Users/albayrme/Automation/maestro/Applications/MeteoRSI/MeteoRSI.Tests/TextUnitTests.cs:line 345
----- Inner Stack Trace -----
   at System.Xml.Serialization.XmlSerializer.Deserialize(XmlReader xmlReader, String encodingStyle, XmlDeserializationEvents events)
   at System.Xml.Serialization.XmlSerializer.Deserialize(TextReader textReader)
   at Maestro.Core.Helpers.XmlHelper.Deserialize[T](String content) in /Users/albayrme/Automation/maestro/Core/Maestro.Core/Helpers/XmlHelper.cs:line 37
   at Maestro.MeteoRSI.Application.MetoRsiText.CreateTextWeatherPages(FileInfo fileInfo, Ep1BuilderConverterConfig config, Ep1BuilderConverterConfigFilter filter) in /Users/albayrme/Automation/maestro/Applications/MeteoRSI/MeteoRSI.Application/MetoRsiText.cs:line 31
----- Inner Stack Trace -----
   at Microsoft.Xml.Serialization.GeneratedAssembly.XmlSerializationReaderWeatherRecords.Read9_xml()
  Failed Maestro.MeteoRSI.Tests.TextUnitTests.CreateTextWeatherPages_DefaultFileInput_File_55_01(index: 10, regex: "^[a-zA-Z0-9_\\-\\[\\.]*") [1 ms]
  Error Message:
   System.Exception : File combinedText.xml is in the wrong format. It should be of type WeatherRecords.
---- System.InvalidOperationException : There is an error in XML document (1, 40).
-------- System.InvalidOperationException : <xml xmlns='http://www.meteosvizzera.ch/rsi/VOFH08'> was not expected.
  Stack Trace:
     at Maestro.MeteoRSI.Application.MetoRsiText.CreateTextWeatherPages(FileInfo fileInfo, Ep1BuilderConverterConfig config, Ep1BuilderConverterConfigFilter filter) in /Users/albayrme/Automation/maestro/Applications/MeteoRSI/MeteoRSI.Application/MetoRsiText.cs:line 61
   at Maestro.MeteoRSI.Tests.TextUnitTests.CreateTextWeatherPages_DefaultFileInput_File_55_01(Int32 index, String regex) in /Users/albayrme/Automation/maestro/Applications/MeteoRSI/MeteoRSI.Tests/TextUnitTests.cs:line 345
----- Inner Stack Trace -----
   at System.Xml.Serialization.XmlSerializer.Deserialize(XmlReader xmlReader, String encodingStyle, XmlDeserializationEvents events)
   at System.Xml.Serialization.XmlSerializer.Deserialize(TextReader textReader)
   at Maestro.Core.Helpers.XmlHelper.Deserialize[T](String content) in /Users/albayrme/Automation/maestro/Core/Maestro.Core/Helpers/XmlHelper.cs:line 37
   at Maestro.MeteoRSI.Application.MetoRsiText.CreateTextWeatherPages(FileInfo fileInfo, Ep1BuilderConverterConfig config, Ep1BuilderConverterConfigFilter filter) in /Users/albayrme/Automation/maestro/Applications/MeteoRSI/MeteoRSI.Application/MetoRsiText.cs:line 31
----- Inner Stack Trace -----
   at Microsoft.Xml.Serialization.GeneratedAssembly.XmlSerializationReaderWeatherRecords.Read9_xml()
  Failed Maestro.MeteoRSI.Tests.TextUnitTests.CreateTextWeatherPages_DefaultFileInput_File_55_01(index: 20, regex: "^$") [1 ms]
  Error Message:
   System.Exception : File combinedText.xml is in the wrong format. It should be of type WeatherRecords.
---- System.InvalidOperationException : There is an error in XML document (1, 40).
-------- System.InvalidOperationException : <xml xmlns='http://www.meteosvizzera.ch/rsi/VOFH08'> was not expected.
  Stack Trace:
     at Maestro.MeteoRSI.Application.MetoRsiText.CreateTextWeatherPages(FileInfo fileInfo, Ep1BuilderConverterConfig config, Ep1BuilderConverterConfigFilter filter) in /Users/albayrme/Automation/maestro/Applications/MeteoRSI/MeteoRSI.Application/MetoRsiText.cs:line 61
   at Maestro.MeteoRSI.Tests.TextUnitTests.CreateTextWeatherPages_DefaultFileInput_File_55_01(Int32 index, String regex) in /Users/albayrme/Automation/maestro/Applications/MeteoRSI/MeteoRSI.Tests/TextUnitTests.cs:line 345
----- Inner Stack Trace -----
   at System.Xml.Serialization.XmlSerializer.Deserialize(XmlReader xmlReader, String encodingStyle, XmlDeserializationEvents events)
   at System.Xml.Serialization.XmlSerializer.Deserialize(TextReader textReader)
   at Maestro.Core.Helpers.XmlHelper.Deserialize[T](String content) in /Users/albayrme/Automation/maestro/Core/Maestro.Core/Helpers/XmlHelper.cs:line 37
   at Maestro.MeteoRSI.Application.MetoRsiText.CreateTextWeatherPages(FileInfo fileInfo, Ep1BuilderConverterConfig config, Ep1BuilderConverterConfigFilter filter) in /Users/albayrme/Automation/maestro/Applications/MeteoRSI/MeteoRSI.Application/MetoRsiText.cs:line 31
----- Inner Stack Trace -----
   at Microsoft.Xml.Serialization.GeneratedAssembly.XmlSerializationReaderWeatherRecords.Read9_xml()
  Failed Maestro.MeteoRSI.Tests.TextUnitTests.CreateTextWeatherPages_DefaultFileInput_File_55_01(index: 11, regex: "^[a-zA-Z0-9_\\-\\[\\.]*") [1 ms]
  Error Message:
   System.Exception : File combinedText.xml is in the wrong format. It should be of type WeatherRecords.
---- System.InvalidOperationException : There is an error in XML document (1, 40).
-------- System.InvalidOperationException : <xml xmlns='http://www.meteosvizzera.ch/rsi/VOFH08'> was not expected.
  Stack Trace:
     at Maestro.MeteoRSI.Application.MetoRsiText.CreateTextWeatherPages(FileInfo fileInfo, Ep1BuilderConverterConfig config, Ep1BuilderConverterConfigFilter filter) in /Users/albayrme/Automation/maestro/Applications/MeteoRSI/MeteoRSI.Application/MetoRsiText.cs:line 61
   at Maestro.MeteoRSI.Tests.TextUnitTests.CreateTextWeatherPages_DefaultFileInput_File_55_01(Int32 index, String regex) in /Users/albayrme/Automation/maestro/Applications/MeteoRSI/MeteoRSI.Tests/TextUnitTests.cs:line 345
----- Inner Stack Trace -----
   at System.Xml.Serialization.XmlSerializer.Deserialize(XmlReader xmlReader, String encodingStyle, XmlDeserializationEvents events)
   at System.Xml.Serialization.XmlSerializer.Deserialize(TextReader textReader)
   at Maestro.Core.Helpers.XmlHelper.Deserialize[T](String content) in /Users/albayrme/Automation/maestro/Core/Maestro.Core/Helpers/XmlHelper.cs:line 37
   at Maestro.MeteoRSI.Application.MetoRsiText.CreateTextWeatherPages(FileInfo fileInfo, Ep1BuilderConverterConfig config, Ep1BuilderConverterConfigFilter filter) in /Users/albayrme/Automation/maestro/Applications/MeteoRSI/MeteoRSI.Application/MetoRsiText.cs:line 31
----- Inner Stack Trace -----
   at Microsoft.Xml.Serialization.GeneratedAssembly.XmlSerializationReaderWeatherRecords.Read9_xml()
  Failed Maestro.MeteoRSI.Tests.TextUnitTests.CreateTextWeatherPages_DefaultFileInput_File_55_01(index: 18, regex: "^[a-zA-Z0-9_\\-\\[\\.]*") [1 ms]
  Error Message:
   System.Exception : File combinedText.xml is in the wrong format. It should be of type WeatherRecords.
---- System.InvalidOperationException : There is an error in XML document (1, 40).
-------- System.InvalidOperationException : <xml xmlns='http://www.meteosvizzera.ch/rsi/VOFH08'> was not expected.
  Stack Trace:
     at Maestro.MeteoRSI.Application.MetoRsiText.CreateTextWeatherPages(FileInfo fileInfo, Ep1BuilderConverterConfig config, Ep1BuilderConverterConfigFilter filter) in /Users/albayrme/Automation/maestro/Applications/MeteoRSI/MeteoRSI.Application/MetoRsiText.cs:line 61
   at Maestro.MeteoRSI.Tests.TextUnitTests.CreateTextWeatherPages_DefaultFileInput_File_55_01(Int32 index, String regex) in /Users/albayrme/Automation/maestro/Applications/MeteoRSI/MeteoRSI.Tests/TextUnitTests.cs:line 345
----- Inner Stack Trace -----
   at System.Xml.Serialization.XmlSerializer.Deserialize(XmlReader xmlReader, String encodingStyle, XmlDeserializationEvents events)
   at System.Xml.Serialization.XmlSerializer.Deserialize(TextReader textReader)
   at Maestro.Core.Helpers.XmlHelper.Deserialize[T](String content) in /Users/albayrme/Automation/maestro/Core/Maestro.Core/Helpers/XmlHelper.cs:line 37
   at Maestro.MeteoRSI.Application.MetoRsiText.CreateTextWeatherPages(FileInfo fileInfo, Ep1BuilderConverterConfig config, Ep1BuilderConverterConfigFilter filter) in /Users/albayrme/Automation/maestro/Applications/MeteoRSI/MeteoRSI.Application/MetoRsiText.cs:line 31
----- Inner Stack Trace -----
   at Microsoft.Xml.Serialization.GeneratedAssembly.XmlSerializationReaderWeatherRecords.Read9_xml()
  Failed Maestro.MeteoRSI.Tests.TextUnitTests.CreateTextWeatherPages_DefaultFileInput_File_55_01(index: 6, regex: "^$") [1 ms]
  Error Message:
   System.Exception : File combinedText.xml is in the wrong format. It should be of type WeatherRecords.
---- System.InvalidOperationException : There is an error in XML document (1, 40).
-------- System.InvalidOperationException : <xml xmlns='http://www.meteosvizzera.ch/rsi/VOFH08'> was not expected.
  Stack Trace:
     at Maestro.MeteoRSI.Application.MetoRsiText.CreateTextWeatherPages(FileInfo fileInfo, Ep1BuilderConverterConfig config, Ep1BuilderConverterConfigFilter filter) in /Users/albayrme/Automation/maestro/Applications/MeteoRSI/MeteoRSI.Application/MetoRsiText.cs:line 61
   at Maestro.MeteoRSI.Tests.TextUnitTests.CreateTextWeatherPages_DefaultFileInput_File_55_01(Int32 index, String regex) in /Users/albayrme/Automation/maestro/Applications/MeteoRSI/MeteoRSI.Tests/TextUnitTests.cs:line 345
----- Inner Stack Trace -----
   at System.Xml.Serialization.XmlSerializer.Deserialize(XmlReader xmlReader, String encodingStyle, XmlDeserializationEvents events)
   at System.Xml.Serialization.XmlSerializer.Deserialize(TextReader textReader)
   at Maestro.Core.Helpers.XmlHelper.Deserialize[T](String content) in /Users/albayrme/Automation/maestro/Core/Maestro.Core/Helpers/XmlHelper.cs:line 37
   at Maestro.MeteoRSI.Application.MetoRsiText.CreateTextWeatherPages(FileInfo fileInfo, Ep1BuilderConverterConfig config, Ep1BuilderConverterConfigFilter filter) in /Users/albayrme/Automation/maestro/Applications/MeteoRSI/MeteoRSI.Application/MetoRsiText.cs:line 31
----- Inner Stack Trace -----
   at Microsoft.Xml.Serialization.GeneratedAssembly.XmlSerializationReaderWeatherRecords.Read9_xml()
  Failed Maestro.MeteoRSI.Tests.TextUnitTests.CreateTextWeatherPages_DefaultFileInput_File_50_01(index: 18, regex: "^Tendenza fino a mercoledì$") [1 ms]
  Error Message:
   System.Exception : File combinedText.xml is in the wrong format. It should be of type WeatherRecords.
---- System.InvalidOperationException : There is an error in XML document (1, 40).
-------- System.InvalidOperationException : <xml xmlns='http://www.meteosvizzera.ch/rsi/VOFH08'> was not expected.
  Stack Trace:
     at Maestro.MeteoRSI.Application.MetoRsiText.CreateTextWeatherPages(FileInfo fileInfo, Ep1BuilderConverterConfig config, Ep1BuilderConverterConfigFilter filter) in /Users/albayrme/Automation/maestro/Applications/MeteoRSI/MeteoRSI.Application/MetoRsiText.cs:line 61
   at Maestro.MeteoRSI.Tests.TextUnitTests.CreateTextWeatherPages_DefaultFileInput_File_50_01(Int32 index, String regex) in /Users/albayrme/Automation/maestro/Applications/MeteoRSI/MeteoRSI.Tests/TextUnitTests.cs:line 133
----- Inner Stack Trace -----
   at System.Xml.Serialization.XmlSerializer.Deserialize(XmlReader xmlReader, String encodingStyle, XmlDeserializationEvents events)
   at System.Xml.Serialization.XmlSerializer.Deserialize(TextReader textReader)
   at Maestro.Core.Helpers.XmlHelper.Deserialize[T](String content) in /Users/albayrme/Automation/maestro/Core/Maestro.Core/Helpers/XmlHelper.cs:line 37
   at Maestro.MeteoRSI.Application.MetoRsiText.CreateTextWeatherPages(FileInfo fileInfo, Ep1BuilderConverterConfig config, Ep1BuilderConverterConfigFilter filter) in /Users/albayrme/Automation/maestro/Applications/MeteoRSI/MeteoRSI.Application/MetoRsiText.cs:line 31
----- Inner Stack Trace -----
   at Microsoft.Xml.Serialization.GeneratedAssembly.XmlSerializationReaderWeatherRecords.Read9_xml()
[xUnit.net 00:00:02.64]     Maestro.MeteoRSI.Tests.TextUnitTests.CreateTextWeatherPages_DefaultFileInput_File_50_01(index: 1, regex: "^") [FAIL]
[xUnit.net 00:00:02.64]       System.Exception : File combinedText.xml is in the wrong format. It should be of type WeatherRecords.
[xUnit.net 00:00:02.64]       ---- System.InvalidOperationException : There is an error in XML document (1, 40).
[xUnit.net 00:00:02.64]       -------- System.InvalidOperationException : <xml xmlns='http://www.meteosvizzera.ch/rsi/VOFH08'> was not expected.
[xUnit.net 00:00:02.64]       Stack Trace:
[xUnit.net 00:00:02.64]         /Users/albayrme/Automation/maestro/Applications/MeteoRSI/MeteoRSI.Application/MetoRsiText.cs(61,0): at Maestro.MeteoRSI.Application.MetoRsiText.CreateTextWeatherPages(FileInfo fileInfo, Ep1BuilderConverterConfig config, Ep1BuilderConverterConfigFilter filter)
[xUnit.net 00:00:02.64]         /Users/albayrme/Automation/maestro/Applications/MeteoRSI/MeteoRSI.Tests/TextUnitTests.cs(133,0): at Maestro.MeteoRSI.Tests.TextUnitTests.CreateTextWeatherPages_DefaultFileInput_File_50_01(Int32 index, String regex)
[xUnit.net 00:00:02.64]         ----- Inner Stack Trace -----
[xUnit.net 00:00:02.64]            at System.Xml.Serialization.XmlSerializer.Deserialize(XmlReader xmlReader, String encodingStyle, XmlDeserializationEvents events)
[xUnit.net 00:00:02.64]            at System.Xml.Serialization.XmlSerializer.Deserialize(TextReader textReader)
[xUnit.net 00:00:02.64]         /Users/albayrme/Automation/maestro/Core/Maestro.Core/Helpers/XmlHelper.cs(37,0): at Maestro.Core.Helpers.XmlHelper.Deserialize[T](String content)
[xUnit.net 00:00:02.64]         /Users/albayrme/Automation/maestro/Applications/MeteoRSI/MeteoRSI.Application/MetoRsiText.cs(31,0): at Maestro.MeteoRSI.Application.MetoRsiText.CreateTextWeatherPages(FileInfo fileInfo, Ep1BuilderConverterConfig config, Ep1BuilderConverterConfigFilter filter)
[xUnit.net 00:00:02.64]         ----- Inner Stack Trace -----
[xUnit.net 00:00:02.64]            at Microsoft.Xml.Serialization.GeneratedAssembly.XmlSerializationReaderWeatherRecords.Read9_xml()
[xUnit.net 00:00:02.64]     Maestro.MeteoRSI.Tests.TextUnitTests.CreateTextWeatherPages_DefaultFileInput_File_50_01(index: 15, regex: "^$") [FAIL]
[xUnit.net 00:00:02.64]       System.Exception : File combinedText.xml is in the wrong format. It should be of type WeatherRecords.
[xUnit.net 00:00:02.64]       ---- System.InvalidOperationException : There is an error in XML document (1, 40).
[xUnit.net 00:00:02.64]       -------- System.InvalidOperationException : <xml xmlns='http://www.meteosvizzera.ch/rsi/VOFH08'> was not expected.
[xUnit.net 00:00:02.64]       Stack Trace:
[xUnit.net 00:00:02.64]         /Users/albayrme/Automation/maestro/Applications/MeteoRSI/MeteoRSI.Application/MetoRsiText.cs(61,0): at Maestro.MeteoRSI.Application.MetoRsiText.CreateTextWeatherPages(FileInfo fileInfo, Ep1BuilderConverterConfig config, Ep1BuilderConverterConfigFilter filter)
[xUnit.net 00:00:02.64]         /Users/albayrme/Automation/maestro/Applications/MeteoRSI/MeteoRSI.Tests/TextUnitTests.cs(133,0): at Maestro.MeteoRSI.Tests.TextUnitTests.CreateTextWeatherPages_DefaultFileInput_File_50_01(Int32 index, String regex)
[xUnit.net 00:00:02.64]         ----- Inner Stack Trace -----
[xUnit.net 00:00:02.64]            at System.Xml.Serialization.XmlSerializer.Deserialize(XmlReader xmlReader, String encodingStyle, XmlDeserializationEvents events)
[xUnit.net 00:00:02.64]            at System.Xml.Serialization.XmlSerializer.Deserialize(TextReader textReader)
[xUnit.net 00:00:02.64]         /Users/albayrme/Automation/maestro/Core/Maestro.Core/Helpers/XmlHelper.cs(37,0): at Maestro.Core.Helpers.XmlHelper.Deserialize[T](String content)
[xUnit.net 00:00:02.64]         /Users/albayrme/Automation/maestro/Applications/MeteoRSI/MeteoRSI.Application/MetoRsiText.cs(31,0): at Maestro.MeteoRSI.Application.MetoRsiText.CreateTextWeatherPages(FileInfo fileInfo, Ep1BuilderConverterConfig config, Ep1BuilderConverterConfigFilter filter)
[xUnit.net 00:00:02.64]         ----- Inner Stack Trace -----
[xUnit.net 00:00:02.64]            at Microsoft.Xml.Serialization.GeneratedAssembly.XmlSerializationReaderWeatherRecords.Read9_xml()
[xUnit.net 00:00:02.64]     Maestro.MeteoRSI.Tests.TextUnitTests.CreateTextWeatherPages_DefaultFileInput_File_50_01(index: 2, regex: "^$") [FAIL]
[xUnit.net 00:00:02.64]       System.Exception : File combinedText.xml is in the wrong format. It should be of type WeatherRecords.
[xUnit.net 00:00:02.64]       ---- System.InvalidOperationException : There is an error in XML document (1, 40).
[xUnit.net 00:00:02.64]       -------- System.InvalidOperationException : <xml xmlns='http://www.meteosvizzera.ch/rsi/VOFH08'> was not expected.
[xUnit.net 00:00:02.64]       Stack Trace:
[xUnit.net 00:00:02.64]         /Users/albayrme/Automation/maestro/Applications/MeteoRSI/MeteoRSI.Application/MetoRsiText.cs(61,0): at Maestro.MeteoRSI.Application.MetoRsiText.CreateTextWeatherPages(FileInfo fileInfo, Ep1BuilderConverterConfig config, Ep1BuilderConverterConfigFilter filter)
[xUnit.net 00:00:02.64]         /Users/albayrme/Automation/maestro/Applications/MeteoRSI/MeteoRSI.Tests/TextUnitTests.cs(133,0): at Maestro.MeteoRSI.Tests.TextUnitTests.CreateTextWeatherPages_DefaultFileInput_File_50_01(Int32 index, String regex)
[xUnit.net 00:00:02.64]         ----- Inner Stack Trace -----
[xUnit.net 00:00:02.64]            at System.Xml.Serialization.XmlSerializer.Deserialize(XmlReader xmlReader, String encodingStyle, XmlDeserializationEvents events)
[xUnit.net 00:00:02.64]            at System.Xml.Serialization.XmlSerializer.Deserialize(TextReader textReader)
[xUnit.net 00:00:02.64]         /Users/albayrme/Automation/maestro/Core/Maestro.Core/Helpers/XmlHelper.cs(37,0): at Maestro.Core.Helpers.XmlHelper.Deserialize[T](String content)
[xUnit.net 00:00:02.64]         /Users/albayrme/Automation/maestro/Applications/MeteoRSI/MeteoRSI.Application/MetoRsiText.cs(31,0): at Maestro.MeteoRSI.Application.MetoRsiText.CreateTextWeatherPages(FileInfo fileInfo, Ep1BuilderConverterConfig config, Ep1BuilderConverterConfigFilter filter)
[xUnit.net 00:00:02.65]         ----- Inner Stack Trace -----
[xUnit.net 00:00:02.65]            at Microsoft.Xml.Serialization.GeneratedAssembly.XmlSerializationReaderWeatherRecords.Read9_xml()
[xUnit.net 00:00:02.65]     Maestro.MeteoRSI.Tests.TextUnitTests.CreateTextWeatherPages_DefaultFileInput_File_50_01(index: 3, regex: "^$") [FAIL]
[xUnit.net 00:00:02.65]       System.Exception : File combinedText.xml is in the wrong format. It should be of type WeatherRecords.
[xUnit.net 00:00:02.65]       ---- System.InvalidOperationException : There is an error in XML document (1, 40).
[xUnit.net 00:00:02.65]       -------- System.InvalidOperationException : <xml xmlns='http://www.meteosvizzera.ch/rsi/VOFH08'> was not expected.
[xUnit.net 00:00:02.65]       Stack Trace:
[xUnit.net 00:00:02.65]         /Users/albayrme/Automation/maestro/Applications/MeteoRSI/MeteoRSI.Application/MetoRsiText.cs(61,0): at Maestro.MeteoRSI.Application.MetoRsiText.CreateTextWeatherPages(FileInfo fileInfo, Ep1BuilderConverterConfig config, Ep1BuilderConverterConfigFilter filter)
[xUnit.net 00:00:02.65]         /Users/albayrme/Automation/maestro/Applications/MeteoRSI/MeteoRSI.Tests/TextUnitTests.cs(133,0): at Maestro.MeteoRSI.Tests.TextUnitTests.CreateTextWeatherPages_DefaultFileInput_File_50_01(Int32 index, String regex)
[xUnit.net 00:00:02.65]         ----- Inner Stack Trace -----
[xUnit.net 00:00:02.65]            at System.Xml.Serialization.XmlSerializer.Deserialize(XmlReader xmlReader, String encodingStyle, XmlDeserializationEvents events)
[xUnit.net 00:00:02.65]            at System.Xml.Serialization.XmlSerializer.Deserialize(TextReader textReader)
[xUnit.net 00:00:02.65]         /Users/albayrme/Automation/maestro/Core/Maestro.Core/Helpers/XmlHelper.cs(37,0): at Maestro.Core.Helpers.XmlHelper.Deserialize[T](String content)
[xUnit.net 00:00:02.65]         /Users/albayrme/Automation/maestro/Applications/MeteoRSI/MeteoRSI.Application/MetoRsiText.cs(31,0): at Maestro.MeteoRSI.Application.MetoRsiText.CreateTextWeatherPages(FileInfo fileInfo, Ep1BuilderConverterConfig config, Ep1BuilderConverterConfigFilter filter)
[xUnit.net 00:00:02.65]         ----- Inner Stack Trace -----
[xUnit.net 00:00:02.65]            at Microsoft.Xml.Serialization.GeneratedAssembly.XmlSerializationReaderWeatherRecords.Read9_xml()
[xUnit.net 00:00:02.65]     Maestro.MeteoRSI.Tests.TextUnitTests.CreateTextWeatherPages_DefaultFileInput_File_50_01(index: 10, regex: "^$") [FAIL]
[xUnit.net 00:00:02.65]       System.Exception : File combinedText.xml is in the wrong format. It should be of type WeatherRecords.
[xUnit.net 00:00:02.65]       ---- System.InvalidOperationException : There is an error in XML document (1, 40).
[xUnit.net 00:00:02.65]       -------- System.InvalidOperationException : <xml xmlns='http://www.meteosvizzera.ch/rsi/VOFH08'> was not expected.
[xUnit.net 00:00:02.65]       Stack Trace:
[xUnit.net 00:00:02.65]         /Users/albayrme/Automation/maestro/Applications/MeteoRSI/MeteoRSI.Application/MetoRsiText.cs(61,0): at Maestro.MeteoRSI.Application.MetoRsiText.CreateTextWeatherPages(FileInfo fileInfo, Ep1BuilderConverterConfig config, Ep1BuilderConverterConfigFilter filter)
[xUnit.net 00:00:02.65]         /Users/albayrme/Automation/maestro/Applications/MeteoRSI/MeteoRSI.Tests/TextUnitTests.cs(133,0): at Maestro.MeteoRSI.Tests.TextUnitTests.CreateTextWeatherPages_DefaultFileInput_File_50_01(Int32 index, String regex)
[xUnit.net 00:00:02.65]         ----- Inner Stack Trace -----
[xUnit.net 00:00:02.65]            at System.Xml.Serialization.XmlSerializer.Deserialize(XmlReader xmlReader, String encodingStyle, XmlDeserializationEvents events)
[xUnit.net 00:00:02.65]            at System.Xml.Serialization.XmlSerializer.Deserialize(TextReader textReader)
[xUnit.net 00:00:02.65]         /Users/albayrme/Automation/maestro/Core/Maestro.Core/Helpers/XmlHelper.cs(37,0): at Maestro.Core.Helpers.XmlHelper.Deserialize[T](String content)
[xUnit.net 00:00:02.65]         /Users/albayrme/Automation/maestro/Applications/MeteoRSI/MeteoRSI.Application/MetoRsiText.cs(31,0): at Maestro.MeteoRSI.Application.MetoRsiText.CreateTextWeatherPages(FileInfo fileInfo, Ep1BuilderConverterConfig config, Ep1BuilderConverterConfigFilter filter)
[xUnit.net 00:00:02.65]         ----- Inner Stack Trace -----
[xUnit.net 00:00:02.65]            at Microsoft.Xml.Serialization.GeneratedAssembly.XmlSerializationReaderWeatherRecords.Read9_xml()
[xUnit.net 00:00:02.65]     Maestro.MeteoRSI.Tests.TextUnitTests.CreateTextWeatherPages_DefaultFileInput_File_50_01(index: 12, regex: "^$") [FAIL]
[xUnit.net 00:00:02.65]       System.Exception : File combinedText.xml is in the wrong format. It should be of type WeatherRecords.
[xUnit.net 00:00:02.65]       ---- System.InvalidOperationException : There is an error in XML document (1, 40).
[xUnit.net 00:00:02.65]       -------- System.InvalidOperationException : <xml xmlns='http://www.meteosvizzera.ch/rsi/VOFH08'> was not expected.
[xUnit.net 00:00:02.65]       Stack Trace:
[xUnit.net 00:00:02.65]         /Users/albayrme/Automation/maestro/Applications/MeteoRSI/MeteoRSI.Application/MetoRsiText.cs(61,0): at Maestro.MeteoRSI.Application.MetoRsiText.CreateTextWeatherPages(FileInfo fileInfo, Ep1BuilderConverterConfig config, Ep1BuilderConverterConfigFilter filter)
[xUnit.net 00:00:02.65]         /Users/albayrme/Automation/maestro/Applications/MeteoRSI/MeteoRSI.Tests/TextUnitTests.cs(133,0): at Maestro.MeteoRSI.Tests.TextUnitTests.CreateTextWeatherPages_DefaultFileInput_File_50_01(Int32 index, String regex)
[xUnit.net 00:00:02.65]         ----- Inner Stack Trace -----
[xUnit.net 00:00:02.65]            at System.Xml.Serialization.XmlSerializer.Deserialize(XmlReader xmlReader, String encodingStyle, XmlDeserializationEvents events)
[xUnit.net 00:00:02.65]            at System.Xml.Serialization.XmlSerializer.Deserialize(TextReader textReader)
[xUnit.net 00:00:02.65]         /Users/albayrme/Automation/maestro/Core/Maestro.Core/Helpers/XmlHelper.cs(37,0): at Maestro.Core.Helpers.XmlHelper.Deserialize[T](String content)
[xUnit.net 00:00:02.65]         /Users/albayrme/Automation/maestro/Applications/MeteoRSI/MeteoRSI.Application/MetoRsiText.cs(31,0): at Maestro.MeteoRSI.Application.MetoRsiText.CreateTextWeatherPages(FileInfo fileInfo, Ep1BuilderConverterConfig config, Ep1BuilderConverterConfigFilter filter)
[xUnit.net 00:00:02.65]         ----- Inner Stack Trace -----
[xUnit.net 00:00:02.65]            at Microsoft.Xml.Serialization.GeneratedAssembly.XmlSerializationReaderWeatherRecords.Read9_xml()
[xUnit.net 00:00:02.65]     Maestro.MeteoRSI.Tests.TextUnitTests.CreateTextWeatherPages_DefaultFileInput_File_50_01(index: 11, regex: "^$") [FAIL]
[xUnit.net 00:00:02.65]       System.Exception : File combinedText.xml is in the wrong format. It should be of type WeatherRecords.
[xUnit.net 00:00:02.65]       ---- System.InvalidOperationException : There is an error in XML document (1, 40).
[xUnit.net 00:00:02.65]       -------- System.InvalidOperationException : <xml xmlns='http://www.meteosvizzera.ch/rsi/VOFH08'> was not expected.
[xUnit.net 00:00:02.65]       Stack Trace:
[xUnit.net 00:00:02.65]         /Users/albayrme/Automation/maestro/Applications/MeteoRSI/MeteoRSI.Application/MetoRsiText.cs(61,0): at Maestro.MeteoRSI.Application.MetoRsiText.CreateTextWeatherPages(FileInfo fileInfo, Ep1BuilderConverterConfig config, Ep1BuilderConverterConfigFilter filter)
[xUnit.net 00:00:02.65]         /Users/albayrme/Automation/maestro/Applications/MeteoRSI/MeteoRSI.Tests/TextUnitTests.cs(133,0): at Maestro.MeteoRSI.Tests.TextUnitTests.CreateTextWeatherPages_DefaultFileInput_File_50_01(Int32 index, String regex)
[xUnit.net 00:00:02.65]         ----- Inner Stack Trace -----
[xUnit.net 00:00:02.65]            at System.Xml.Serialization.XmlSerializer.Deserialize(XmlReader xmlReader, String encodingStyle, XmlDeserializationEvents events)
[xUnit.net 00:00:02.65]            at System.Xml.Serialization.XmlSerializer.Deserialize(TextReader textReader)
[xUnit.net 00:00:02.65]         /Users/albayrme/Automation/maestro/Core/Maestro.Core/Helpers/XmlHelper.cs(37,0): at Maestro.Core.Helpers.XmlHelper.Deserialize[T](String content)
[xUnit.net 00:00:02.65]         /Users/albayrme/Automation/maestro/Applications/MeteoRSI/MeteoRSI.Application/MetoRsiText.cs(31,0): at Maestro.MeteoRSI.Application.MetoRsiText.CreateTextWeatherPages(FileInfo fileInfo, Ep1BuilderConverterConfig config, Ep1BuilderConverterConfigFilter filter)
[xUnit.net 00:00:02.65]         ----- Inner Stack Trace -----
[xUnit.net 00:00:02.65]            at Microsoft.Xml.Serialization.GeneratedAssembly.XmlSerializationReaderWeatherRecords.Read9_xml()
[xUnit.net 00:00:02.65]     Maestro.MeteoRSI.Tests.TextUnitTests.CreateTextWeatherPages_DefaultFileInput_File_50_01(index: 4, regex: "^$") [FAIL]
[xUnit.net 00:00:02.65]       System.Exception : File combinedText.xml is in the wrong format. It should be of type WeatherRecords.
[xUnit.net 00:00:02.65]       ---- System.InvalidOperationException : There is an error in XML document (1, 40).
[xUnit.net 00:00:02.65]       -------- System.InvalidOperationException : <xml xmlns='http://www.meteosvizzera.ch/rsi/VOFH08'> was not expected.
[xUnit.net 00:00:02.65]       Stack Trace:
[xUnit.net 00:00:02.65]         /Users/albayrme/Automation/maestro/Applications/MeteoRSI/MeteoRSI.Application/MetoRsiText.cs(61,0): at Maestro.MeteoRSI.Application.MetoRsiText.CreateTextWeatherPages(FileInfo fileInfo, Ep1BuilderConverterConfig config, Ep1BuilderConverterConfigFilter filter)
[xUnit.net 00:00:02.65]         /Users/albayrme/Automation/maestro/Applications/MeteoRSI/MeteoRSI.Tests/TextUnitTests.cs(133,0): at Maestro.MeteoRSI.Tests.TextUnitTests.CreateTextWeatherPages_DefaultFileInput_File_50_01(Int32 index, String regex)
[xUnit.net 00:00:02.65]         ----- Inner Stack Trace -----
[xUnit.net 00:00:02.65]            at System.Xml.Serialization.XmlSerializer.Deserialize(XmlReader xmlReader, String encodingStyle, XmlDeserializationEvents events)
[xUnit.net 00:00:02.65]            at System.Xml.Serialization.XmlSerializer.Deserialize(TextReader textReader)
[xUnit.net 00:00:02.65]         /Users/albayrme/Automation/maestro/Core/Maestro.Core/Helpers/XmlHelper.cs(37,0): at Maestro.Core.Helpers.XmlHelper.Deserialize[T](String content)
[xUnit.net 00:00:02.65]         /Users/albayrme/Automation/maestro/Applications/MeteoRSI/MeteoRSI.Application/MetoRsiText.cs(31,0): at Maestro.MeteoRSI.Application.MetoRsiText.CreateTextWeatherPages(FileInfo fileInfo, Ep1BuilderConverterConfig config, Ep1BuilderConverterConfigFilter filter)
[xUnit.net 00:00:02.65]         ----- Inner Stack Trace -----
[xUnit.net 00:00:02.65]            at Microsoft.Xml.Serialization.GeneratedAssembly.XmlSerializationReaderWeatherRecords.Read9_xml()
[xUnit.net 00:00:02.66]     Maestro.MeteoRSI.Tests.TextUnitTests.CreateTextWeatherPages_DefaultFileInput_File_50_01(index: 5, regex: "^$") [FAIL]
[xUnit.net 00:00:02.66]       System.Exception : File combinedText.xml is in the wrong format. It should be of type WeatherRecords.
[xUnit.net 00:00:02.66]       ---- System.InvalidOperationException : There is an error in XML document (1, 40).
[xUnit.net 00:00:02.66]       -------- System.InvalidOperationException : <xml xmlns='http://www.meteosvizzera.ch/rsi/VOFH08'> was not expected.
[xUnit.net 00:00:02.66]       Stack Trace:
[xUnit.net 00:00:02.66]         /Users/albayrme/Automation/maestro/Applications/MeteoRSI/MeteoRSI.Application/MetoRsiText.cs(61,0): at Maestro.MeteoRSI.Application.MetoRsiText.CreateTextWeatherPages(FileInfo fileInfo, Ep1BuilderConverterConfig config, Ep1BuilderConverterConfigFilter filter)
[xUnit.net 00:00:02.66]         /Users/albayrme/Automation/maestro/Applications/MeteoRSI/MeteoRSI.Tests/TextUnitTests.cs(133,0): at Maestro.MeteoRSI.Tests.TextUnitTests.CreateTextWeatherPages_DefaultFileInput_File_50_01(Int32 index, String regex)
[xUnit.net 00:00:02.66]         ----- Inner Stack Trace -----
[xUnit.net 00:00:02.66]            at System.Xml.Serialization.XmlSerializer.Deserialize(XmlReader xmlReader, String encodingStyle, XmlDeserializationEvents events)
[xUnit.net 00:00:02.66]            at System.Xml.Serialization.XmlSerializer.Deserialize(TextReader textReader)
[xUnit.net 00:00:02.66]         /Users/albayrme/Automation/maestro/Core/Maestro.Core/Helpers/XmlHelper.cs(37,0): at Maestro.Core.Helpers.XmlHelper.Deserialize[T](String content)
[xUnit.net 00:00:02.66]         /Users/albayrme/Automation/maestro/Applications/MeteoRSI/MeteoRSI.Application/MetoRsiText.cs(31,0): at Maestro.MeteoRSI.Application.MetoRsiText.CreateTextWeatherPages(FileInfo fileInfo, Ep1BuilderConverterConfig config, Ep1BuilderConverterConfigFilter filter)
[xUnit.net 00:00:02.66]         ----- Inner Stack Trace -----
[xUnit.net 00:00:02.66]            at Microsoft.Xml.Serialization.GeneratedAssembly.XmlSerializationReaderWeatherRecords.Read9_xml()
  Failed Maestro.MeteoRSI.Tests.TextUnitTests.CreateTextWeatherPages_DefaultFileInput_File_50_01(index: 1, regex: "^") [1 ms]
  Error Message:
   System.Exception : File combinedText.xml is in the wrong format. It should be of type WeatherRecords.
---- System.InvalidOperationException : There is an error in XML document (1, 40).
-------- System.InvalidOperationException : <xml xmlns='http://www.meteosvizzera.ch/rsi/VOFH08'> was not expected.
  Stack Trace:
     at Maestro.MeteoRSI.Application.MetoRsiText.CreateTextWeatherPages(FileInfo fileInfo, Ep1BuilderConverterConfig config, Ep1BuilderConverterConfigFilter filter) in /Users/albayrme/Automation/maestro/Applications/MeteoRSI/MeteoRSI.Application/MetoRsiText.cs:line 61
   at Maestro.MeteoRSI.Tests.TextUnitTests.CreateTextWeatherPages_DefaultFileInput_File_50_01(Int32 index, String regex) in /Users/albayrme/Automation/maestro/Applications/MeteoRSI/MeteoRSI.Tests/TextUnitTests.cs:line 133
----- Inner Stack Trace -----
   at System.Xml.Serialization.XmlSerializer.Deserialize(XmlReader xmlReader, String encodingStyle, XmlDeserializationEvents events)
   at System.Xml.Serialization.XmlSerializer.Deserialize(TextReader textReader)
   at Maestro.Core.Helpers.XmlHelper.Deserialize[T](String content) in /Users/albayrme/Automation/maestro/Core/Maestro.Core/Helpers/XmlHelper.cs:line 37
   at Maestro.MeteoRSI.Application.MetoRsiText.CreateTextWeatherPages(FileInfo fileInfo, Ep1BuilderConverterConfig config, Ep1BuilderConverterConfigFilter filter) in /Users/albayrme/Automation/maestro/Applications/MeteoRSI/MeteoRSI.Application/MetoRsiText.cs:line 31
----- Inner Stack Trace -----
   at Microsoft.Xml.Serialization.GeneratedAssembly.XmlSerializationReaderWeatherRecords.Read9_xml()
  Failed Maestro.MeteoRSI.Tests.TextUnitTests.CreateTextWeatherPages_DefaultFileInput_File_50_01(index: 15, regex: "^$") [1 ms]
  Error Message:
   System.Exception : File combinedText.xml is in the wrong format. It should be of type WeatherRecords.
---- System.InvalidOperationException : There is an error in XML document (1, 40).
-------- System.InvalidOperationException : <xml xmlns='http://www.meteosvizzera.ch/rsi/VOFH08'> was not expected.
  Stack Trace:
     at Maestro.MeteoRSI.Application.MetoRsiText.CreateTextWeatherPages(FileInfo fileInfo, Ep1BuilderConverterConfig config, Ep1BuilderConverterConfigFilter filter) in /Users/albayrme/Automation/maestro/Applications/MeteoRSI/MeteoRSI.Application/MetoRsiText.cs:line 61
   at Maestro.MeteoRSI.Tests.TextUnitTests.CreateTextWeatherPages_DefaultFileInput_File_50_01(Int32 index, String regex) in /Users/albayrme/Automation/maestro/Applications/MeteoRSI/MeteoRSI.Tests/TextUnitTests.cs:line 133
----- Inner Stack Trace -----
   at System.Xml.Serialization.XmlSerializer.Deserialize(XmlReader xmlReader, String encodingStyle, XmlDeserializationEvents events)
   at System.Xml.Serialization.XmlSerializer.Deserialize(TextReader textReader)
   at Maestro.Core.Helpers.XmlHelper.Deserialize[T](String content) in /Users/albayrme/Automation/maestro/Core/Maestro.Core/Helpers/XmlHelper.cs:line 37
   at Maestro.MeteoRSI.Application.MetoRsiText.CreateTextWeatherPages(FileInfo fileInfo, Ep1BuilderConverterConfig config, Ep1BuilderConverterConfigFilter filter) in /Users/albayrme/Automation/maestro/Applications/MeteoRSI/MeteoRSI.Application/MetoRsiText.cs:line 31
----- Inner Stack Trace -----
   at Microsoft.Xml.Serialization.GeneratedAssembly.XmlSerializationReaderWeatherRecords.Read9_xml()
  Failed Maestro.MeteoRSI.Tests.TextUnitTests.CreateTextWeatherPages_DefaultFileInput_File_50_01(index: 2, regex: "^$") [1 ms]
  Error Message:
   System.Exception : File combinedText.xml is in the wrong format. It should be of type WeatherRecords.
---- System.InvalidOperationException : There is an error in XML document (1, 40).
-------- System.InvalidOperationException : <xml xmlns='http://www.meteosvizzera.ch/rsi/VOFH08'> was not expected.
  Stack Trace:
     at Maestro.MeteoRSI.Application.MetoRsiText.CreateTextWeatherPages(FileInfo fileInfo, Ep1BuilderConverterConfig config, Ep1BuilderConverterConfigFilter filter) in /Users/albayrme/Automation/maestro/Applications/MeteoRSI/MeteoRSI.Application/MetoRsiText.cs:line 61
   at Maestro.MeteoRSI.Tests.TextUnitTests.CreateTextWeatherPages_DefaultFileInput_File_50_01(Int32 index, String regex) in /Users/albayrme/Automation/maestro/Applications/MeteoRSI/MeteoRSI.Tests/TextUnitTests.cs:line 133
----- Inner Stack Trace -----
   at System.Xml.Serialization.XmlSerializer.Deserialize(XmlReader xmlReader, String encodingStyle, XmlDeserializationEvents events)
   at System.Xml.Serialization.XmlSerializer.Deserialize(TextReader textReader)
   at Maestro.Core.Helpers.XmlHelper.Deserialize[T](String content) in /Users/albayrme/Automation/maestro/Core/Maestro.Core/Helpers/XmlHelper.cs:line 37
   at Maestro.MeteoRSI.Application.MetoRsiText.CreateTextWeatherPages(FileInfo fileInfo, Ep1BuilderConverterConfig config, Ep1BuilderConverterConfigFilter filter) in /Users/albayrme/Automation/maestro/Applications/MeteoRSI/MeteoRSI.Application/MetoRsiText.cs:line 31
----- Inner Stack Trace -----
   at Microsoft.Xml.Serialization.GeneratedAssembly.XmlSerializationReaderWeatherRecords.Read9_xml()
  Failed Maestro.MeteoRSI.Tests.TextUnitTests.CreateTextWeatherPages_DefaultFileInput_File_50_01(index: 3, regex: "^$") [1 ms]
  Error Message:
   System.Exception : File combinedText.xml is in the wrong format. It should be of type WeatherRecords.
---- System.InvalidOperationException : There is an error in XML document (1, 40).
-------- System.InvalidOperationException : <xml xmlns='http://www.meteosvizzera.ch/rsi/VOFH08'> was not expected.
  Stack Trace:
     at Maestro.MeteoRSI.Application.MetoRsiText.CreateTextWeatherPages(FileInfo fileInfo, Ep1BuilderConverterConfig config, Ep1BuilderConverterConfigFilter filter) in /Users/albayrme/Automation/maestro/Applications/MeteoRSI/MeteoRSI.Application/MetoRsiText.cs:line 61
   at Maestro.MeteoRSI.Tests.TextUnitTests.CreateTextWeatherPages_DefaultFileInput_File_50_01(Int32 index, String regex) in /Users/albayrme/Automation/maestro/Applications/MeteoRSI/MeteoRSI.Tests/TextUnitTests.cs:line 133
----- Inner Stack Trace -----
   at System.Xml.Serialization.XmlSerializer.Deserialize(XmlReader xmlReader, String encodingStyle, XmlDeserializationEvents events)
   at System.Xml.Serialization.XmlSerializer.Deserialize(TextReader textReader)
   at Maestro.Core.Helpers.XmlHelper.Deserialize[T](String content) in /Users/albayrme/Automation/maestro/Core/Maestro.Core/Helpers/XmlHelper.cs:line 37
   at Maestro.MeteoRSI.Application.MetoRsiText.CreateTextWeatherPages(FileInfo fileInfo, Ep1BuilderConverterConfig config, Ep1BuilderConverterConfigFilter filter) in /Users/albayrme/Automation/maestro/Applications/MeteoRSI/MeteoRSI.Application/MetoRsiText.cs:line 31
----- Inner Stack Trace -----
   at Microsoft.Xml.Serialization.GeneratedAssembly.XmlSerializationReaderWeatherRecords.Read9_xml()
  Failed Maestro.MeteoRSI.Tests.TextUnitTests.CreateTextWeatherPages_DefaultFileInput_File_50_01(index: 10, regex: "^$") [1 ms]
  Error Message:
   System.Exception : File combinedText.xml is in the wrong format. It should be of type WeatherRecords.
---- System.InvalidOperationException : There is an error in XML document (1, 40).
-------- System.InvalidOperationException : <xml xmlns='http://www.meteosvizzera.ch/rsi/VOFH08'> was not expected.
  Stack Trace:
     at Maestro.MeteoRSI.Application.MetoRsiText.CreateTextWeatherPages(FileInfo fileInfo, Ep1BuilderConverterConfig config, Ep1BuilderConverterConfigFilter filter) in /Users/albayrme/Automation/maestro/Applications/MeteoRSI/MeteoRSI.Application/MetoRsiText.cs:line 61
   at Maestro.MeteoRSI.Tests.TextUnitTests.CreateTextWeatherPages_DefaultFileInput_File_50_01(Int32 index, String regex) in /Users/albayrme/Automation/maestro/Applications/MeteoRSI/MeteoRSI.Tests/TextUnitTests.cs:line 133
----- Inner Stack Trace -----
   at System.Xml.Serialization.XmlSerializer.Deserialize(XmlReader xmlReader, String encodingStyle, XmlDeserializationEvents events)
   at System.Xml.Serialization.XmlSerializer.Deserialize(TextReader textReader)
   at Maestro.Core.Helpers.XmlHelper.Deserialize[T](String content) in /Users/albayrme/Automation/maestro/Core/Maestro.Core/Helpers/XmlHelper.cs:line 37
   at Maestro.MeteoRSI.Application.MetoRsiText.CreateTextWeatherPages(FileInfo fileInfo, Ep1BuilderConverterConfig config, Ep1BuilderConverterConfigFilter filter) in /Users/albayrme/Automation/maestro/Applications/MeteoRSI/MeteoRSI.Application/MetoRsiText.cs:line 31
----- Inner Stack Trace -----
   at Microsoft.Xml.Serialization.GeneratedAssembly.XmlSerializationReaderWeatherRecords.Read9_xml()
  Failed Maestro.MeteoRSI.Tests.TextUnitTests.CreateTextWeatherPages_DefaultFileInput_File_50_01(index: 12, regex: "^$") [1 ms]
  Error Message:
   System.Exception : File combinedText.xml is in the wrong format. It should be of type WeatherRecords.
---- System.InvalidOperationException : There is an error in XML document (1, 40).
-------- System.InvalidOperationException : <xml xmlns='http://www.meteosvizzera.ch/rsi/VOFH08'> was not expected.
  Stack Trace:
     at Maestro.MeteoRSI.Application.MetoRsiText.CreateTextWeatherPages(FileInfo fileInfo, Ep1BuilderConverterConfig config, Ep1BuilderConverterConfigFilter filter) in /Users/albayrme/Automation/maestro/Applications/MeteoRSI/MeteoRSI.Application/MetoRsiText.cs:line 61
   at Maestro.MeteoRSI.Tests.TextUnitTests.CreateTextWeatherPages_DefaultFileInput_File_50_01(Int32 index, String regex) in /Users/albayrme/Automation/maestro/Applications/MeteoRSI/MeteoRSI.Tests/TextUnitTests.cs:line 133
----- Inner Stack Trace -----
   at System.Xml.Serialization.XmlSerializer.Deserialize(XmlReader xmlReader, String encodingStyle, XmlDeserializationEvents events)
   at System.Xml.Serialization.XmlSerializer.Deserialize(TextReader textReader)
   at Maestro.Core.Helpers.XmlHelper.Deserialize[T](String content) in /Users/albayrme/Automation/maestro/Core/Maestro.Core/Helpers/XmlHelper.cs:line 37
   at Maestro.MeteoRSI.Application.MetoRsiText.CreateTextWeatherPages(FileInfo fileInfo, Ep1BuilderConverterConfig config, Ep1BuilderConverterConfigFilter filter) in /Users/albayrme/Automation/maestro/Applications/MeteoRSI/MeteoRSI.Application/MetoRsiText.cs:line 31
----- Inner Stack Trace -----
   at Microsoft.Xml.Serialization.GeneratedAssembly.XmlSerializationReaderWeatherRecords.Read9_xml()
  Failed Maestro.MeteoRSI.Tests.TextUnitTests.CreateTextWeatherPages_DefaultFileInput_File_50_01(index: 11, regex: "^$") [1 ms]
  Error Message:
   System.Exception : File combinedText.xml is in the wrong format. It should be of type WeatherRecords.
---- System.InvalidOperationException : There is an error in XML document (1, 40).
-------- System.InvalidOperationException : <xml xmlns='http://www.meteosvizzera.ch/rsi/VOFH08'> was not expected.
  Stack Trace:
     at Maestro.MeteoRSI.Application.MetoRsiText.CreateTextWeatherPages(FileInfo fileInfo, Ep1BuilderConverterConfig config, Ep1BuilderConverterConfigFilter filter) in /Users/albayrme/Automation/maestro/Applications/MeteoRSI/MeteoRSI.Application/MetoRsiText.cs:line 61
   at Maestro.MeteoRSI.Tests.TextUnitTests.CreateTextWeatherPages_DefaultFileInput_File_50_01(Int32 index, String regex) in /Users/albayrme/Automation/maestro/Applications/MeteoRSI/MeteoRSI.Tests/TextUnitTests.cs:line 133
----- Inner Stack Trace -----
   at System.Xml.Serialization.XmlSerializer.Deserialize(XmlReader xmlReader, String encodingStyle, XmlDeserializationEvents events)
   at System.Xml.Serialization.XmlSerializer.Deserialize(TextReader textReader)
   at Maestro.Core.Helpers.XmlHelper.Deserialize[T](String content) in /Users/albayrme/Automation/maestro/Core/Maestro.Core/Helpers/XmlHelper.cs:line 37
   at Maestro.MeteoRSI.Application.MetoRsiText.CreateTextWeatherPages(FileInfo fileInfo, Ep1BuilderConverterConfig config, Ep1BuilderConverterConfigFilter filter) in /Users/albayrme/Automation/maestro/Applications/MeteoRSI/MeteoRSI.Application/MetoRsiText.cs:line 31
----- Inner Stack Trace -----
   at Microsoft.Xml.Serialization.GeneratedAssembly.XmlSerializationReaderWeatherRecords.Read9_xml()
  Failed Maestro.MeteoRSI.Tests.TextUnitTests.CreateTextWeatherPages_DefaultFileInput_File_50_01(index: 4, regex: "^$") [1 ms]
  Error Message:
   System.Exception : File combinedText.xml is in the wrong format. It should be of type WeatherRecords.
---- System.InvalidOperationException : There is an error in XML document (1, 40).
-------- System.InvalidOperationException : <xml xmlns='http://www.meteosvizzera.ch/rsi/VOFH08'> was not expected.
  Stack Trace:
     at Maestro.MeteoRSI.Application.MetoRsiText.CreateTextWeatherPages(FileInfo fileInfo, Ep1BuilderConverterConfig config, Ep1BuilderConverterConfigFilter filter) in /Users/albayrme/Automation/maestro/Applications/MeteoRSI/MeteoRSI.Application/MetoRsiText.cs:line 61
   at Maestro.MeteoRSI.Tests.TextUnitTests.CreateTextWeatherPages_DefaultFileInput_File_50_01(Int32 index, String regex) in /Users/albayrme/Automation/maestro/Applications/MeteoRSI/MeteoRSI.Tests/TextUnitTests.cs:line 133
----- Inner Stack Trace -----
   at System.Xml.Serialization.XmlSerializer.Deserialize(XmlReader xmlReader, String encodingStyle, XmlDeserializationEvents events)
   at System.Xml.Serialization.XmlSerializer.Deserialize(TextReader textReader)
   at Maestro.Core.Helpers.XmlHelper.Deserialize[T](String content) in /Users/albayrme/Automation/maestro/Core/Maestro.Core/Helpers/XmlHelper.cs:line 37
   at Maestro.MeteoRSI.Application.MetoRsiText.CreateTextWeatherPages(FileInfo fileInfo, Ep1BuilderConverterConfig config, Ep1BuilderConverterConfigFilter filter) in /Users/albayrme/Automation/maestro/Applications/MeteoRSI/MeteoRSI.Application/MetoRsiText.cs:line 31
----- Inner Stack Trace -----
   at Microsoft.Xml.Serialization.GeneratedAssembly.XmlSerializationReaderWeatherRecords.Read9_xml()
  Failed Maestro.MeteoRSI.Tests.TextUnitTests.CreateTextWeatherPages_DefaultFileInput_File_50_01(index: 5, regex: "^$") [2 ms]
  Error Message:
   System.Exception : File combinedText.xml is in the wrong format. It should be of type WeatherRecords.
---- System.InvalidOperationException : There is an error in XML document (1, 40).
-------- System.InvalidOperationException : <xml xmlns='http://www.meteosvizzera.ch/rsi/VOFH08'> was not expected.
  Stack Trace:
     at Maestro.MeteoRSI.Application.MetoRsiText.CreateTextWeatherPages(FileInfo fileInfo, Ep1BuilderConverterConfig config, Ep1BuilderConverterConfigFilter filter) in /Users/albayrme/Automation/maestro/Applications/MeteoRSI/MeteoRSI.Application/MetoRsiText.cs:line 61
   at Maestro.MeteoRSI.Tests.TextUnitTests.CreateTextWeatherPages_DefaultFileInput_File_50_01(Int32 index, String regex) in /Users/albayrme/Automation/maestro/Applications/MeteoRSI/MeteoRSI.Tests/TextUnitTests.cs:line 133
----- Inner Stack Trace -----
   at System.Xml.Serialization.XmlSerializer.Deserialize(XmlReader xmlReader, String encodingStyle, XmlDeserializationEvents events)
   at System.Xml.Serialization.XmlSerializer.Deserialize(TextReader textReader)
   at Maestro.Core.Helpers.XmlHelper.Deserialize[T](String content) in /Users/albayrme/Automation/maestro/Core/Maestro.Core/Helpers/XmlHelper.cs:line 37
   at Maestro.MeteoRSI.Application.MetoRsiText.CreateTextWeatherPages(FileInfo fileInfo, Ep1BuilderConverterConfig config, Ep1BuilderConverterConfigFilter filter) in /Users/albayrme/Automation/maestro/Applications/MeteoRSI/MeteoRSI.Application/MetoRsiText.cs:line 31
----- Inner Stack Trace -----
   at Microsoft.Xml.Serialization.GeneratedAssembly.XmlSerializationReaderWeatherRecords.Read9_xml()
[xUnit.net 00:00:02.66]     Maestro.MeteoRSI.Tests.TextUnitTests.CreateTextWeatherPages_DefaultFileInput_File_50_01(index: 13, regex: "^$") [FAIL]
[xUnit.net 00:00:02.66]       System.Exception : File combinedText.xml is in the wrong format. It should be of type WeatherRecords.
[xUnit.net 00:00:02.66]       ---- System.InvalidOperationException : There is an error in XML document (1, 40).
[xUnit.net 00:00:02.66]       -------- System.InvalidOperationException : <xml xmlns='http://www.meteosvizzera.ch/rsi/VOFH08'> was not expected.
[xUnit.net 00:00:02.66]       Stack Trace:
[xUnit.net 00:00:02.66]         /Users/albayrme/Automation/maestro/Applications/MeteoRSI/MeteoRSI.Application/MetoRsiText.cs(61,0): at Maestro.MeteoRSI.Application.MetoRsiText.CreateTextWeatherPages(FileInfo fileInfo, Ep1BuilderConverterConfig config, Ep1BuilderConverterConfigFilter filter)
[xUnit.net 00:00:02.66]         /Users/albayrme/Automation/maestro/Applications/MeteoRSI/MeteoRSI.Tests/TextUnitTests.cs(133,0): at Maestro.MeteoRSI.Tests.TextUnitTests.CreateTextWeatherPages_DefaultFileInput_File_50_01(Int32 index, String regex)
[xUnit.net 00:00:02.66]         ----- Inner Stack Trace -----
[xUnit.net 00:00:02.66]            at System.Xml.Serialization.XmlSerializer.Deserialize(XmlReader xmlReader, String encodingStyle, XmlDeserializationEvents events)
[xUnit.net 00:00:02.66]            at System.Xml.Serialization.XmlSerializer.Deserialize(TextReader textReader)
[xUnit.net 00:00:02.66]         /Users/albayrme/Automation/maestro/Core/Maestro.Core/Helpers/XmlHelper.cs(37,0): at Maestro.Core.Helpers.XmlHelper.Deserialize[T](String content)
[xUnit.net 00:00:02.66]         /Users/albayrme/Automation/maestro/Applications/MeteoRSI/MeteoRSI.Application/MetoRsiText.cs(31,0): at Maestro.MeteoRSI.Application.MetoRsiText.CreateTextWeatherPages(FileInfo fileInfo, Ep1BuilderConverterConfig config, Ep1BuilderConverterConfigFilter filter)
[xUnit.net 00:00:02.66]         ----- Inner Stack Trace -----
[xUnit.net 00:00:02.66]            at Microsoft.Xml.Serialization.GeneratedAssembly.XmlSerializationReaderWeatherRecords.Read9_xml()
[xUnit.net 00:00:02.66]     Maestro.MeteoRSI.Tests.TextUnitTests.CreateTextWeatherPages_DefaultFileInput_File_50_01(index: 19, regex: "^$") [FAIL]
[xUnit.net 00:00:02.66]       System.Exception : File combinedText.xml is in the wrong format. It should be of type WeatherRecords.
[xUnit.net 00:00:02.66]       ---- System.InvalidOperationException : There is an error in XML document (1, 40).
[xUnit.net 00:00:02.66]       -------- System.InvalidOperationException : <xml xmlns='http://www.meteosvizzera.ch/rsi/VOFH08'> was not expected.
[xUnit.net 00:00:02.66]       Stack Trace:
[xUnit.net 00:00:02.66]         /Users/albayrme/Automation/maestro/Applications/MeteoRSI/MeteoRSI.Application/MetoRsiText.cs(61,0): at Maestro.MeteoRSI.Application.MetoRsiText.CreateTextWeatherPages(FileInfo fileInfo, Ep1BuilderConverterConfig config, Ep1BuilderConverterConfigFilter filter)
[xUnit.net 00:00:02.66]         /Users/albayrme/Automation/maestro/Applications/MeteoRSI/MeteoRSI.Tests/TextUnitTests.cs(133,0): at Maestro.MeteoRSI.Tests.TextUnitTests.CreateTextWeatherPages_DefaultFileInput_File_50_01(Int32 index, String regex)
[xUnit.net 00:00:02.66]         ----- Inner Stack Trace -----
[xUnit.net 00:00:02.66]            at System.Xml.Serialization.XmlSerializer.Deserialize(XmlReader xmlReader, String encodingStyle, XmlDeserializationEvents events)
[xUnit.net 00:00:02.66]            at System.Xml.Serialization.XmlSerializer.Deserialize(TextReader textReader)
[xUnit.net 00:00:02.66]         /Users/albayrme/Automation/maestro/Core/Maestro.Core/Helpers/XmlHelper.cs(37,0): at Maestro.Core.Helpers.XmlHelper.Deserialize[T](String content)
[xUnit.net 00:00:02.66]         /Users/albayrme/Automation/maestro/Applications/MeteoRSI/MeteoRSI.Application/MetoRsiText.cs(31,0): at Maestro.MeteoRSI.Application.MetoRsiText.CreateTextWeatherPages(FileInfo fileInfo, Ep1BuilderConverterConfig config, Ep1BuilderConverterConfigFilter filter)
[xUnit.net 00:00:02.66]         ----- Inner Stack Trace -----
[xUnit.net 00:00:02.66]            at Microsoft.Xml.Serialization.GeneratedAssembly.XmlSerializationReaderWeatherRecords.Read9_xml()
[xUnit.net 00:00:02.66]     Maestro.MeteoRSI.Tests.TextUnitTests.CreateTextWeatherPages_DefaultFileInput_File_50_01(index: 0, regex: "^$") [FAIL]
[xUnit.net 00:00:02.66]       System.Exception : File combinedText.xml is in the wrong format. It should be of type WeatherRecords.
[xUnit.net 00:00:02.66]       ---- System.InvalidOperationException : There is an error in XML document (1, 40).
[xUnit.net 00:00:02.66]       -------- System.InvalidOperationException : <xml xmlns='http://www.meteosvizzera.ch/rsi/VOFH08'> was not expected.
[xUnit.net 00:00:02.66]       Stack Trace:
[xUnit.net 00:00:02.66]         /Users/albayrme/Automation/maestro/Applications/MeteoRSI/MeteoRSI.Application/MetoRsiText.cs(61,0): at Maestro.MeteoRSI.Application.MetoRsiText.CreateTextWeatherPages(FileInfo fileInfo, Ep1BuilderConverterConfig config, Ep1BuilderConverterConfigFilter filter)
[xUnit.net 00:00:02.66]         /Users/albayrme/Automation/maestro/Applications/MeteoRSI/MeteoRSI.Tests/TextUnitTests.cs(133,0): at Maestro.MeteoRSI.Tests.TextUnitTests.CreateTextWeatherPages_DefaultFileInput_File_50_01(Int32 index, String regex)
[xUnit.net 00:00:02.66]         ----- Inner Stack Trace -----
[xUnit.net 00:00:02.66]            at System.Xml.Serialization.XmlSerializer.Deserialize(XmlReader xmlReader, String encodingStyle, XmlDeserializationEvents events)
[xUnit.net 00:00:02.66]            at System.Xml.Serialization.XmlSerializer.Deserialize(TextReader textReader)
[xUnit.net 00:00:02.66]         /Users/albayrme/Automation/maestro/Core/Maestro.Core/Helpers/XmlHelper.cs(37,0): at Maestro.Core.Helpers.XmlHelper.Deserialize[T](String content)
[xUnit.net 00:00:02.66]         /Users/albayrme/Automation/maestro/Applications/MeteoRSI/MeteoRSI.Application/MetoRsiText.cs(31,0): at Maestro.MeteoRSI.Application.MetoRsiText.CreateTextWeatherPages(FileInfo fileInfo, Ep1BuilderConverterConfig config, Ep1BuilderConverterConfigFilter filter)
[xUnit.net 00:00:02.66]         ----- Inner Stack Trace -----
[xUnit.net 00:00:02.66]            at Microsoft.Xml.Serialization.GeneratedAssembly.XmlSerializationReaderWeatherRecords.Read9_xml()
[xUnit.net 00:00:02.66]     Maestro.MeteoRSI.Tests.TextUnitTests.CreateTextWeatherPages_DefaultFileInput_File_50_01(index: 7, regex: "^$") [FAIL]
[xUnit.net 00:00:02.66]       System.Exception : File combinedText.xml is in the wrong format. It should be of type WeatherRecords.
[xUnit.net 00:00:02.66]       ---- System.InvalidOperationException : There is an error in XML document (1, 40).
[xUnit.net 00:00:02.66]       -------- System.InvalidOperationException : <xml xmlns='http://www.meteosvizzera.ch/rsi/VOFH08'> was not expected.
[xUnit.net 00:00:02.66]       Stack Trace:
[xUnit.net 00:00:02.66]         /Users/albayrme/Automation/maestro/Applications/MeteoRSI/MeteoRSI.Application/MetoRsiText.cs(61,0): at Maestro.MeteoRSI.Application.MetoRsiText.CreateTextWeatherPages(FileInfo fileInfo, Ep1BuilderConverterConfig config, Ep1BuilderConverterConfigFilter filter)
[xUnit.net 00:00:02.66]         /Users/albayrme/Automation/maestro/Applications/MeteoRSI/MeteoRSI.Tests/TextUnitTests.cs(133,0): at Maestro.MeteoRSI.Tests.TextUnitTests.CreateTextWeatherPages_DefaultFileInput_File_50_01(Int32 index, String regex)
[xUnit.net 00:00:02.66]         ----- Inner Stack Trace -----
[xUnit.net 00:00:02.66]            at System.Xml.Serialization.XmlSerializer.Deserialize(XmlReader xmlReader, String encodingStyle, XmlDeserializationEvents events)
[xUnit.net 00:00:02.66]            at System.Xml.Serialization.XmlSerializer.Deserialize(TextReader textReader)
[xUnit.net 00:00:02.66]         /Users/albayrme/Automation/maestro/Core/Maestro.Core/Helpers/XmlHelper.cs(37,0): at Maestro.Core.Helpers.XmlHelper.Deserialize[T](String content)
[xUnit.net 00:00:02.66]         /Users/albayrme/Automation/maestro/Applications/MeteoRSI/MeteoRSI.Application/MetoRsiText.cs(31,0): at Maestro.MeteoRSI.Application.MetoRsiText.CreateTextWeatherPages(FileInfo fileInfo, Ep1BuilderConverterConfig config, Ep1BuilderConverterConfigFilter filter)
[xUnit.net 00:00:02.66]         ----- Inner Stack Trace -----
[xUnit.net 00:00:02.66]            at Microsoft.Xml.Serialization.GeneratedAssembly.XmlSerializationReaderWeatherRecords.Read9_xml()
[xUnit.net 00:00:02.66]     Maestro.MeteoRSI.Tests.TextUnitTests.CreateTextWeatherPages_DefaultFileInput_File_50_01(index: 14, regex: "^Evoluzione fino a domenica$") [FAIL]
[xUnit.net 00:00:02.66]       System.Exception : File combinedText.xml is in the wrong format. It should be of type WeatherRecords.
[xUnit.net 00:00:02.66]       ---- System.InvalidOperationException : There is an error in XML document (1, 40).
[xUnit.net 00:00:02.66]       -------- System.InvalidOperationException : <xml xmlns='http://www.meteosvizzera.ch/rsi/VOFH08'> was not expected.
[xUnit.net 00:00:02.66]       Stack Trace:
[xUnit.net 00:00:02.66]         /Users/albayrme/Automation/maestro/Applications/MeteoRSI/MeteoRSI.Application/MetoRsiText.cs(61,0): at Maestro.MeteoRSI.Application.MetoRsiText.CreateTextWeatherPages(FileInfo fileInfo, Ep1BuilderConverterConfig config, Ep1BuilderConverterConfigFilter filter)
[xUnit.net 00:00:02.66]         /Users/albayrme/Automation/maestro/Applications/MeteoRSI/MeteoRSI.Tests/TextUnitTests.cs(133,0): at Maestro.MeteoRSI.Tests.TextUnitTests.CreateTextWeatherPages_DefaultFileInput_File_50_01(Int32 index, String regex)
[xUnit.net 00:00:02.66]         ----- Inner Stack Trace -----
[xUnit.net 00:00:02.66]            at System.Xml.Serialization.XmlSerializer.Deserialize(XmlReader xmlReader, String encodingStyle, XmlDeserializationEvents events)
[xUnit.net 00:00:02.66]            at System.Xml.Serialization.XmlSerializer.Deserialize(TextReader textReader)
[xUnit.net 00:00:02.66]         /Users/albayrme/Automation/maestro/Core/Maestro.Core/Helpers/XmlHelper.cs(37,0): at Maestro.Core.Helpers.XmlHelper.Deserialize[T](String content)
[xUnit.net 00:00:02.66]         /Users/albayrme/Automation/maestro/Applications/MeteoRSI/MeteoRSI.Application/MetoRsiText.cs(31,0): at Maestro.MeteoRSI.Application.MetoRsiText.CreateTextWeatherPages(FileInfo fileInfo, Ep1BuilderConverterConfig config, Ep1BuilderConverterConfigFilter filter)
[xUnit.net 00:00:02.66]         ----- Inner Stack Trace -----
[xUnit.net 00:00:02.66]            at Microsoft.Xml.Serialization.GeneratedAssembly.XmlSerializationReaderWeatherRecords.Read9_xml()
[xUnit.net 00:00:02.66]     Maestro.MeteoRSI.Tests.TextUnitTests.CreateTextWeatherPages_DefaultFileInput_File_50_01(index: 6, regex: "^$") [FAIL]
[xUnit.net 00:00:02.66]       System.Exception : File combinedText.xml is in the wrong format. It should be of type WeatherRecords.
[xUnit.net 00:00:02.66]       ---- System.InvalidOperationException : There is an error in XML document (1, 40).
[xUnit.net 00:00:02.66]       -------- System.InvalidOperationException : <xml xmlns='http://www.meteosvizzera.ch/rsi/VOFH08'> was not expected.
[xUnit.net 00:00:02.66]       Stack Trace:
[xUnit.net 00:00:02.67]         /Users/albayrme/Automation/maestro/Applications/MeteoRSI/MeteoRSI.Application/MetoRsiText.cs(61,0): at Maestro.MeteoRSI.Application.MetoRsiText.CreateTextWeatherPages(FileInfo fileInfo, Ep1BuilderConverterConfig config, Ep1BuilderConverterConfigFilter filter)
[xUnit.net 00:00:02.67]         /Users/albayrme/Automation/maestro/Applications/MeteoRSI/MeteoRSI.Tests/TextUnitTests.cs(133,0): at Maestro.MeteoRSI.Tests.TextUnitTests.CreateTextWeatherPages_DefaultFileInput_File_50_01(Int32 index, String regex)
[xUnit.net 00:00:02.67]         ----- Inner Stack Trace -----
[xUnit.net 00:00:02.67]            at System.Xml.Serialization.XmlSerializer.Deserialize(XmlReader xmlReader, String encodingStyle, XmlDeserializationEvents events)
[xUnit.net 00:00:02.67]            at System.Xml.Serialization.XmlSerializer.Deserialize(TextReader textReader)
[xUnit.net 00:00:02.67]         /Users/albayrme/Automation/maestro/Core/Maestro.Core/Helpers/XmlHelper.cs(37,0): at Maestro.Core.Helpers.XmlHelper.Deserialize[T](String content)
[xUnit.net 00:00:02.67]         /Users/albayrme/Automation/maestro/Applications/MeteoRSI/MeteoRSI.Application/MetoRsiText.cs(31,0): at Maestro.MeteoRSI.Application.MetoRsiText.CreateTextWeatherPages(FileInfo fileInfo, Ep1BuilderConverterConfig config, Ep1BuilderConverterConfigFilter filter)
[xUnit.net 00:00:02.67]         ----- Inner Stack Trace -----
[xUnit.net 00:00:02.67]            at Microsoft.Xml.Serialization.GeneratedAssembly.XmlSerializationReaderWeatherRecords.Read9_xml()
[xUnit.net 00:00:02.67]     Maestro.MeteoRSI.Tests.TextUnitTests.CreateTextWeatherPages_DefaultFileInput_File_50_01(index: 17, regex: "^$") [FAIL]
[xUnit.net 00:00:02.67]       System.Exception : File combinedText.xml is in the wrong format. It should be of type WeatherRecords.
[xUnit.net 00:00:02.67]       ---- System.InvalidOperationException : There is an error in XML document (1, 40).
[xUnit.net 00:00:02.67]       -------- System.InvalidOperationException : <xml xmlns='http://www.meteosvizzera.ch/rsi/VOFH08'> was not expected.
[xUnit.net 00:00:02.67]       Stack Trace:
[xUnit.net 00:00:02.67]         /Users/albayrme/Automation/maestro/Applications/MeteoRSI/MeteoRSI.Application/MetoRsiText.cs(61,0): at Maestro.MeteoRSI.Application.MetoRsiText.CreateTextWeatherPages(FileInfo fileInfo, Ep1BuilderConverterConfig config, Ep1BuilderConverterConfigFilter filter)
[xUnit.net 00:00:02.67]         /Users/albayrme/Automation/maestro/Applications/MeteoRSI/MeteoRSI.Tests/TextUnitTests.cs(133,0): at Maestro.MeteoRSI.Tests.TextUnitTests.CreateTextWeatherPages_DefaultFileInput_File_50_01(Int32 index, String regex)
[xUnit.net 00:00:02.67]         ----- Inner Stack Trace -----
[xUnit.net 00:00:02.67]            at System.Xml.Serialization.XmlSerializer.Deserialize(XmlReader xmlReader, String encodingStyle, XmlDeserializationEvents events)
[xUnit.net 00:00:02.67]            at System.Xml.Serialization.XmlSerializer.Deserialize(TextReader textReader)
[xUnit.net 00:00:02.67]         /Users/albayrme/Automation/maestro/Core/Maestro.Core/Helpers/XmlHelper.cs(37,0): at Maestro.Core.Helpers.XmlHelper.Deserialize[T](String content)
[xUnit.net 00:00:02.67]         /Users/albayrme/Automation/maestro/Applications/MeteoRSI/MeteoRSI.Application/MetoRsiText.cs(31,0): at Maestro.MeteoRSI.Application.MetoRsiText.CreateTextWeatherPages(FileInfo fileInfo, Ep1BuilderConverterConfig config, Ep1BuilderConverterConfigFilter filter)
[xUnit.net 00:00:02.67]         ----- Inner Stack Trace -----
[xUnit.net 00:00:02.67]            at Microsoft.Xml.Serialization.GeneratedAssembly.XmlSerializationReaderWeatherRecords.Read9_xml()
[xUnit.net 00:00:02.67]     Maestro.MeteoRSI.Tests.TextUnitTests.CreateTextWeatherPages_DefaultFileInput_File_50_01(index: 8, regex: "^$") [FAIL]
[xUnit.net 00:00:02.67]       System.Exception : File combinedText.xml is in the wrong format. It should be of type WeatherRecords.
[xUnit.net 00:00:02.67]       ---- System.InvalidOperationException : There is an error in XML document (1, 40).
[xUnit.net 00:00:02.67]       -------- System.InvalidOperationException : <xml xmlns='http://www.meteosvizzera.ch/rsi/VOFH08'> was not expected.
[xUnit.net 00:00:02.67]       Stack Trace:
[xUnit.net 00:00:02.67]         /Users/albayrme/Automation/maestro/Applications/MeteoRSI/MeteoRSI.Application/MetoRsiText.cs(61,0): at Maestro.MeteoRSI.Application.MetoRsiText.CreateTextWeatherPages(FileInfo fileInfo, Ep1BuilderConverterConfig config, Ep1BuilderConverterConfigFilter filter)
[xUnit.net 00:00:02.67]         /Users/albayrme/Automation/maestro/Applications/MeteoRSI/MeteoRSI.Tests/TextUnitTests.cs(133,0): at Maestro.MeteoRSI.Tests.TextUnitTests.CreateTextWeatherPages_DefaultFileInput_File_50_01(Int32 index, String regex)
[xUnit.net 00:00:02.67]         ----- Inner Stack Trace -----
[xUnit.net 00:00:02.67]            at System.Xml.Serialization.XmlSerializer.Deserialize(XmlReader xmlReader, String encodingStyle, XmlDeserializationEvents events)
[xUnit.net 00:00:02.67]            at System.Xml.Serialization.XmlSerializer.Deserialize(TextReader textReader)
[xUnit.net 00:00:02.67]         /Users/albayrme/Automation/maestro/Core/Maestro.Core/Helpers/XmlHelper.cs(37,0): at Maestro.Core.Helpers.XmlHelper.Deserialize[T](String content)
[xUnit.net 00:00:02.67]         /Users/albayrme/Automation/maestro/Applications/MeteoRSI/MeteoRSI.Application/MetoRsiText.cs(31,0): at Maestro.MeteoRSI.Application.MetoRsiText.CreateTextWeatherPages(FileInfo fileInfo, Ep1BuilderConverterConfig config, Ep1BuilderConverterConfigFilter filter)
[xUnit.net 00:00:02.67]         ----- Inner Stack Trace -----
[xUnit.net 00:00:02.67]            at Microsoft.Xml.Serialization.GeneratedAssembly.XmlSerializationReaderWeatherRecords.Read9_xml()
[xUnit.net 00:00:02.67]     Maestro.MeteoRSI.Tests.TextUnitTests.CreateTextWeatherPages_DefaultFileInput_File_50_01(index: 9, regex: "^$") [FAIL]
[xUnit.net 00:00:02.67]       System.Exception : File combinedText.xml is in the wrong format. It should be of type WeatherRecords.
[xUnit.net 00:00:02.67]       ---- System.InvalidOperationException : There is an error in XML document (1, 40).
[xUnit.net 00:00:02.67]       -------- System.InvalidOperationException : <xml xmlns='http://www.meteosvizzera.ch/rsi/VOFH08'> was not expected.
[xUnit.net 00:00:02.67]       Stack Trace:
[xUnit.net 00:00:02.67]         /Users/albayrme/Automation/maestro/Applications/MeteoRSI/MeteoRSI.Application/MetoRsiText.cs(61,0): at Maestro.MeteoRSI.Application.MetoRsiText.CreateTextWeatherPages(FileInfo fileInfo, Ep1BuilderConverterConfig config, Ep1BuilderConverterConfigFilter filter)
[xUnit.net 00:00:02.67]         /Users/albayrme/Automation/maestro/Applications/MeteoRSI/MeteoRSI.Tests/TextUnitTests.cs(133,0): at Maestro.MeteoRSI.Tests.TextUnitTests.CreateTextWeatherPages_DefaultFileInput_File_50_01(Int32 index, String regex)
[xUnit.net 00:00:02.67]         ----- Inner Stack Trace -----
[xUnit.net 00:00:02.67]            at System.Xml.Serialization.XmlSerializer.Deserialize(XmlReader xmlReader, String encodingStyle, XmlDeserializationEvents events)
[xUnit.net 00:00:02.67]            at System.Xml.Serialization.XmlSerializer.Deserialize(TextReader textReader)
[xUnit.net 00:00:02.67]         /Users/albayrme/Automation/maestro/Core/Maestro.Core/Helpers/XmlHelper.cs(37,0): at Maestro.Core.Helpers.XmlHelper.Deserialize[T](String content)
[xUnit.net 00:00:02.67]         /Users/albayrme/Automation/maestro/Applications/MeteoRSI/MeteoRSI.Application/MetoRsiText.cs(31,0): at Maestro.MeteoRSI.Application.MetoRsiText.CreateTextWeatherPages(FileInfo fileInfo, Ep1BuilderConverterConfig config, Ep1BuilderConverterConfigFilter filter)
[xUnit.net 00:00:02.67]         ----- Inner Stack Trace -----
[xUnit.net 00:00:02.67]            at Microsoft.Xml.Serialization.GeneratedAssembly.XmlSerializationReaderWeatherRecords.Read9_xml()
  Failed Maestro.MeteoRSI.Tests.TextUnitTests.CreateTextWeatherPages_DefaultFileInput_File_50_01(index: 13, regex: "^$") [1 ms]
  Error Message:
   System.Exception : File combinedText.xml is in the wrong format. It should be of type WeatherRecords.
---- System.InvalidOperationException : There is an error in XML document (1, 40).
-------- System.InvalidOperationException : <xml xmlns='http://www.meteosvizzera.ch/rsi/VOFH08'> was not expected.
  Stack Trace:
     at Maestro.MeteoRSI.Application.MetoRsiText.CreateTextWeatherPages(FileInfo fileInfo, Ep1BuilderConverterConfig config, Ep1BuilderConverterConfigFilter filter) in /Users/albayrme/Automation/maestro/Applications/MeteoRSI/MeteoRSI.Application/MetoRsiText.cs:line 61
   at Maestro.MeteoRSI.Tests.TextUnitTests.CreateTextWeatherPages_DefaultFileInput_File_50_01(Int32 index, String regex) in /Users/albayrme/Automation/maestro/Applications/MeteoRSI/MeteoRSI.Tests/TextUnitTests.cs:line 133
----- Inner Stack Trace -----
   at System.Xml.Serialization.XmlSerializer.Deserialize(XmlReader xmlReader, String encodingStyle, XmlDeserializationEvents events)
   at System.Xml.Serialization.XmlSerializer.Deserialize(TextReader textReader)
   at Maestro.Core.Helpers.XmlHelper.Deserialize[T](String content) in /Users/albayrme/Automation/maestro/Core/Maestro.Core/Helpers/XmlHelper.cs:line 37
   at Maestro.MeteoRSI.Application.MetoRsiText.CreateTextWeatherPages(FileInfo fileInfo, Ep1BuilderConverterConfig config, Ep1BuilderConverterConfigFilter filter) in /Users/albayrme/Automation/maestro/Applications/MeteoRSI/MeteoRSI.Application/MetoRsiText.cs:line 31
----- Inner Stack Trace -----
   at Microsoft.Xml.Serialization.GeneratedAssembly.XmlSerializationReaderWeatherRecords.Read9_xml()
  Failed Maestro.MeteoRSI.Tests.TextUnitTests.CreateTextWeatherPages_DefaultFileInput_File_50_01(index: 19, regex: "^$") [1 ms]
  Error Message:
   System.Exception : File combinedText.xml is in the wrong format. It should be of type WeatherRecords.
---- System.InvalidOperationException : There is an error in XML document (1, 40).
-------- System.InvalidOperationException : <xml xmlns='http://www.meteosvizzera.ch/rsi/VOFH08'> was not expected.
  Stack Trace:
     at Maestro.MeteoRSI.Application.MetoRsiText.CreateTextWeatherPages(FileInfo fileInfo, Ep1BuilderConverterConfig config, Ep1BuilderConverterConfigFilter filter) in /Users/albayrme/Automation/maestro/Applications/MeteoRSI/MeteoRSI.Application/MetoRsiText.cs:line 61
   at Maestro.MeteoRSI.Tests.TextUnitTests.CreateTextWeatherPages_DefaultFileInput_File_50_01(Int32 index, String regex) in /Users/albayrme/Automation/maestro/Applications/MeteoRSI/MeteoRSI.Tests/TextUnitTests.cs:line 133
----- Inner Stack Trace -----
   at System.Xml.Serialization.XmlSerializer.Deserialize(XmlReader xmlReader, String encodingStyle, XmlDeserializationEvents events)
   at System.Xml.Serialization.XmlSerializer.Deserialize(TextReader textReader)
   at Maestro.Core.Helpers.XmlHelper.Deserialize[T](String content) in /Users/albayrme/Automation/maestro/Core/Maestro.Core/Helpers/XmlHelper.cs:line 37
   at Maestro.MeteoRSI.Application.MetoRsiText.CreateTextWeatherPages(FileInfo fileInfo, Ep1BuilderConverterConfig config, Ep1BuilderConverterConfigFilter filter) in /Users/albayrme/Automation/maestro/Applications/MeteoRSI/MeteoRSI.Application/MetoRsiText.cs:line 31
----- Inner Stack Trace -----
   at Microsoft.Xml.Serialization.GeneratedAssembly.XmlSerializationReaderWeatherRecords.Read9_xml()
  Failed Maestro.MeteoRSI.Tests.TextUnitTests.CreateTextWeatherPages_DefaultFileInput_File_50_01(index: 0, regex: "^$") [1 ms]
  Error Message:
   System.Exception : File combinedText.xml is in the wrong format. It should be of type WeatherRecords.
---- System.InvalidOperationException : There is an error in XML document (1, 40).
-------- System.InvalidOperationException : <xml xmlns='http://www.meteosvizzera.ch/rsi/VOFH08'> was not expected.
  Stack Trace:
     at Maestro.MeteoRSI.Application.MetoRsiText.CreateTextWeatherPages(FileInfo fileInfo, Ep1BuilderConverterConfig config, Ep1BuilderConverterConfigFilter filter) in /Users/albayrme/Automation/maestro/Applications/MeteoRSI/MeteoRSI.Application/MetoRsiText.cs:line 61
   at Maestro.MeteoRSI.Tests.TextUnitTests.CreateTextWeatherPages_DefaultFileInput_File_50_01(Int32 index, String regex) in /Users/albayrme/Automation/maestro/Applications/MeteoRSI/MeteoRSI.Tests/TextUnitTests.cs:line 133
----- Inner Stack Trace -----
   at System.Xml.Serialization.XmlSerializer.Deserialize(XmlReader xmlReader, String encodingStyle, XmlDeserializationEvents events)
   at System.Xml.Serialization.XmlSerializer.Deserialize(TextReader textReader)
   at Maestro.Core.Helpers.XmlHelper.Deserialize[T](String content) in /Users/albayrme/Automation/maestro/Core/Maestro.Core/Helpers/XmlHelper.cs:line 37
   at Maestro.MeteoRSI.Application.MetoRsiText.CreateTextWeatherPages(FileInfo fileInfo, Ep1BuilderConverterConfig config, Ep1BuilderConverterConfigFilter filter) in /Users/albayrme/Automation/maestro/Applications/MeteoRSI/MeteoRSI.Application/MetoRsiText.cs:line 31
----- Inner Stack Trace -----
   at Microsoft.Xml.Serialization.GeneratedAssembly.XmlSerializationReaderWeatherRecords.Read9_xml()
  Failed Maestro.MeteoRSI.Tests.TextUnitTests.CreateTextWeatherPages_DefaultFileInput_File_50_01(index: 7, regex: "^$") [1 ms]
  Error Message:
   System.Exception : File combinedText.xml is in the wrong format. It should be of type WeatherRecords.
---- System.InvalidOperationException : There is an error in XML document (1, 40).
-------- System.InvalidOperationException : <xml xmlns='http://www.meteosvizzera.ch/rsi/VOFH08'> was not expected.
  Stack Trace:
     at Maestro.MeteoRSI.Application.MetoRsiText.CreateTextWeatherPages(FileInfo fileInfo, Ep1BuilderConverterConfig config, Ep1BuilderConverterConfigFilter filter) in /Users/albayrme/Automation/maestro/Applications/MeteoRSI/MeteoRSI.Application/MetoRsiText.cs:line 61
   at Maestro.MeteoRSI.Tests.TextUnitTests.CreateTextWeatherPages_DefaultFileInput_File_50_01(Int32 index, String regex) in /Users/albayrme/Automation/maestro/Applications/MeteoRSI/MeteoRSI.Tests/TextUnitTests.cs:line 133
----- Inner Stack Trace -----
   at System.Xml.Serialization.XmlSerializer.Deserialize(XmlReader xmlReader, String encodingStyle, XmlDeserializationEvents events)
   at System.Xml.Serialization.XmlSerializer.Deserialize(TextReader textReader)
   at Maestro.Core.Helpers.XmlHelper.Deserialize[T](String content) in /Users/albayrme/Automation/maestro/Core/Maestro.Core/Helpers/XmlHelper.cs:line 37
   at Maestro.MeteoRSI.Application.MetoRsiText.CreateTextWeatherPages(FileInfo fileInfo, Ep1BuilderConverterConfig config, Ep1BuilderConverterConfigFilter filter) in /Users/albayrme/Automation/maestro/Applications/MeteoRSI/MeteoRSI.Application/MetoRsiText.cs:line 31
----- Inner Stack Trace -----
   at Microsoft.Xml.Serialization.GeneratedAssembly.XmlSerializationReaderWeatherRecords.Read9_xml()
  Failed Maestro.MeteoRSI.Tests.TextUnitTests.CreateTextWeatherPages_DefaultFileInput_File_50_01(index: 14, regex: "^Evoluzione fino a domenica$") [1 ms]
  Error Message:
   System.Exception : File combinedText.xml is in the wrong format. It should be of type WeatherRecords.
---- System.InvalidOperationException : There is an error in XML document (1, 40).
-------- System.InvalidOperationException : <xml xmlns='http://www.meteosvizzera.ch/rsi/VOFH08'> was not expected.
  Stack Trace:
     at Maestro.MeteoRSI.Application.MetoRsiText.CreateTextWeatherPages(FileInfo fileInfo, Ep1BuilderConverterConfig config, Ep1BuilderConverterConfigFilter filter) in /Users/albayrme/Automation/maestro/Applications/MeteoRSI/MeteoRSI.Application/MetoRsiText.cs:line 61
   at Maestro.MeteoRSI.Tests.TextUnitTests.CreateTextWeatherPages_DefaultFileInput_File_50_01(Int32 index, String regex) in /Users/albayrme/Automation/maestro/Applications/MeteoRSI/MeteoRSI.Tests/TextUnitTests.cs:line 133
----- Inner Stack Trace -----
   at System.Xml.Serialization.XmlSerializer.Deserialize(XmlReader xmlReader, String encodingStyle, XmlDeserializationEvents events)
   at System.Xml.Serialization.XmlSerializer.Deserialize(TextReader textReader)
   at Maestro.Core.Helpers.XmlHelper.Deserialize[T](String content) in /Users/albayrme/Automation/maestro/Core/Maestro.Core/Helpers/XmlHelper.cs:line 37
   at Maestro.MeteoRSI.Application.MetoRsiText.CreateTextWeatherPages(FileInfo fileInfo, Ep1BuilderConverterConfig config, Ep1BuilderConverterConfigFilter filter) in /Users/albayrme/Automation/maestro/Applications/MeteoRSI/MeteoRSI.Application/MetoRsiText.cs:line 31
----- Inner Stack Trace -----
   at Microsoft.Xml.Serialization.GeneratedAssembly.XmlSerializationReaderWeatherRecords.Read9_xml()
  Failed Maestro.MeteoRSI.Tests.TextUnitTests.CreateTextWeatherPages_DefaultFileInput_File_50_01(index: 6, regex: "^$") [1 ms]
  Error Message:
   System.Exception : File combinedText.xml is in the wrong format. It should be of type WeatherRecords.
---- System.InvalidOperationException : There is an error in XML document (1, 40).
-------- System.InvalidOperationException : <xml xmlns='http://www.meteosvizzera.ch/rsi/VOFH08'> was not expected.
  Stack Trace:
     at Maestro.MeteoRSI.Application.MetoRsiText.CreateTextWeatherPages(FileInfo fileInfo, Ep1BuilderConverterConfig config, Ep1BuilderConverterConfigFilter filter) in /Users/albayrme/Automation/maestro/Applications/MeteoRSI/MeteoRSI.Application/MetoRsiText.cs:line 61
   at Maestro.MeteoRSI.Tests.TextUnitTests.CreateTextWeatherPages_DefaultFileInput_File_50_01(Int32 index, String regex) in /Users/albayrme/Automation/maestro/Applications/MeteoRSI/MeteoRSI.Tests/TextUnitTests.cs:line 133
----- Inner Stack Trace -----
   at System.Xml.Serialization.XmlSerializer.Deserialize(XmlReader xmlReader, String encodingStyle, XmlDeserializationEvents events)
   at System.Xml.Serialization.XmlSerializer.Deserialize(TextReader textReader)
   at Maestro.Core.Helpers.XmlHelper.Deserialize[T](String content) in /Users/albayrme/Automation/maestro/Core/Maestro.Core/Helpers/XmlHelper.cs:line 37
   at Maestro.MeteoRSI.Application.MetoRsiText.CreateTextWeatherPages(FileInfo fileInfo, Ep1BuilderConverterConfig config, Ep1BuilderConverterConfigFilter filter) in /Users/albayrme/Automation/maestro/Applications/MeteoRSI/MeteoRSI.Application/MetoRsiText.cs:line 31
----- Inner Stack Trace -----
   at Microsoft.Xml.Serialization.GeneratedAssembly.XmlSerializationReaderWeatherRecords.Read9_xml()
  Failed Maestro.MeteoRSI.Tests.TextUnitTests.CreateTextWeatherPages_DefaultFileInput_File_50_01(index: 17, regex: "^$") [1 ms]
  Error Message:
   System.Exception : File combinedText.xml is in the wrong format. It should be of type WeatherRecords.
---- System.InvalidOperationException : There is an error in XML document (1, 40).
-------- System.InvalidOperationException : <xml xmlns='http://www.meteosvizzera.ch/rsi/VOFH08'> was not expected.
  Stack Trace:
     at Maestro.MeteoRSI.Application.MetoRsiText.CreateTextWeatherPages(FileInfo fileInfo, Ep1BuilderConverterConfig config, Ep1BuilderConverterConfigFilter filter) in /Users/albayrme/Automation/maestro/Applications/MeteoRSI/MeteoRSI.Application/MetoRsiText.cs:line 61
   at Maestro.MeteoRSI.Tests.TextUnitTests.CreateTextWeatherPages_DefaultFileInput_File_50_01(Int32 index, String regex) in /Users/albayrme/Automation/maestro/Applications/MeteoRSI/MeteoRSI.Tests/TextUnitTests.cs:line 133
----- Inner Stack Trace -----
   at System.Xml.Serialization.XmlSerializer.Deserialize(XmlReader xmlReader, String encodingStyle, XmlDeserializationEvents events)
   at System.Xml.Serialization.XmlSerializer.Deserialize(TextReader textReader)
   at Maestro.Core.Helpers.XmlHelper.Deserialize[T](String content) in /Users/albayrme/Automation/maestro/Core/Maestro.Core/Helpers/XmlHelper.cs:line 37
   at Maestro.MeteoRSI.Application.MetoRsiText.CreateTextWeatherPages(FileInfo fileInfo, Ep1BuilderConverterConfig config, Ep1BuilderConverterConfigFilter filter) in /Users/albayrme/Automation/maestro/Applications/MeteoRSI/MeteoRSI.Application/MetoRsiText.cs:line 31
----- Inner Stack Trace -----
   at Microsoft.Xml.Serialization.GeneratedAssembly.XmlSerializationReaderWeatherRecords.Read9_xml()
  Failed Maestro.MeteoRSI.Tests.TextUnitTests.CreateTextWeatherPages_DefaultFileInput_File_50_01(index: 8, regex: "^$") [1 ms]
  Error Message:
   System.Exception : File combinedText.xml is in the wrong format. It should be of type WeatherRecords.
---- System.InvalidOperationException : There is an error in XML document (1, 40).
-------- System.InvalidOperationException : <xml xmlns='http://www.meteosvizzera.ch/rsi/VOFH08'> was not expected.
  Stack Trace:
     at Maestro.MeteoRSI.Application.MetoRsiText.CreateTextWeatherPages(FileInfo fileInfo, Ep1BuilderConverterConfig config, Ep1BuilderConverterConfigFilter filter) in /Users/albayrme/Automation/maestro/Applications/MeteoRSI/MeteoRSI.Application/MetoRsiText.cs:line 61
   at Maestro.MeteoRSI.Tests.TextUnitTests.CreateTextWeatherPages_DefaultFileInput_File_50_01(Int32 index, String regex) in /Users/albayrme/Automation/maestro/Applications/MeteoRSI/MeteoRSI.Tests/TextUnitTests.cs:line 133
----- Inner Stack Trace -----
   at System.Xml.Serialization.XmlSerializer.Deserialize(XmlReader xmlReader, String encodingStyle, XmlDeserializationEvents events)
   at System.Xml.Serialization.XmlSerializer.Deserialize(TextReader textReader)
   at Maestro.Core.Helpers.XmlHelper.Deserialize[T](String content) in /Users/albayrme/Automation/maestro/Core/Maestro.Core/Helpers/XmlHelper.cs:line 37
   at Maestro.MeteoRSI.Application.MetoRsiText.CreateTextWeatherPages(FileInfo fileInfo, Ep1BuilderConverterConfig config, Ep1BuilderConverterConfigFilter filter) in /Users/albayrme/Automation/maestro/Applications/MeteoRSI/MeteoRSI.Application/MetoRsiText.cs:line 31
----- Inner Stack Trace -----
   at Microsoft.Xml.Serialization.GeneratedAssembly.XmlSerializationReaderWeatherRecords.Read9_xml()
  Failed Maestro.MeteoRSI.Tests.TextUnitTests.CreateTextWeatherPages_DefaultFileInput_File_50_01(index: 9, regex: "^$") [1 ms]
  Error Message:
   System.Exception : File combinedText.xml is in the wrong format. It should be of type WeatherRecords.
---- System.InvalidOperationException : There is an error in XML document (1, 40).
-------- System.InvalidOperationException : <xml xmlns='http://www.meteosvizzera.ch/rsi/VOFH08'> was not expected.
  Stack Trace:
     at Maestro.MeteoRSI.Application.MetoRsiText.CreateTextWeatherPages(FileInfo fileInfo, Ep1BuilderConverterConfig config, Ep1BuilderConverterConfigFilter filter) in /Users/albayrme/Automation/maestro/Applications/MeteoRSI/MeteoRSI.Application/MetoRsiText.cs:line 61
   at Maestro.MeteoRSI.Tests.TextUnitTests.CreateTextWeatherPages_DefaultFileInput_File_50_01(Int32 index, String regex) in /Users/albayrme/Automation/maestro/Applications/MeteoRSI/MeteoRSI.Tests/TextUnitTests.cs:line 133
----- Inner Stack Trace -----
   at System.Xml.Serialization.XmlSerializer.Deserialize(XmlReader xmlReader, String encodingStyle, XmlDeserializationEvents events)
   at System.Xml.Serialization.XmlSerializer.Deserialize(TextReader textReader)
   at Maestro.Core.Helpers.XmlHelper.Deserialize[T](String content) in /Users/albayrme/Automation/maestro/Core/Maestro.Core/Helpers/XmlHelper.cs:line 37
   at Maestro.MeteoRSI.Application.MetoRsiText.CreateTextWeatherPages(FileInfo fileInfo, Ep1BuilderConverterConfig config, Ep1BuilderConverterConfigFilter filter) in /Users/albayrme/Automation/maestro/Applications/MeteoRSI/MeteoRSI.Application/MetoRsiText.cs:line 31
----- Inner Stack Trace -----
   at Microsoft.Xml.Serialization.GeneratedAssembly.XmlSerializationReaderWeatherRecords.Read9_xml()
[xUnit.net 00:00:02.67]     Maestro.MeteoRSI.Tests.TextUnitTests.CreateTextWeatherPages_DefaultFileInput_File_50_01(index: 16, regex: "^$") [FAIL]
[xUnit.net 00:00:02.67]       System.Exception : File combinedText.xml is in the wrong format. It should be of type WeatherRecords.
[xUnit.net 00:00:02.67]       ---- System.InvalidOperationException : There is an error in XML document (1, 40).
[xUnit.net 00:00:02.67]       -------- System.InvalidOperationException : <xml xmlns='http://www.meteosvizzera.ch/rsi/VOFH08'> was not expected.
[xUnit.net 00:00:02.67]       Stack Trace:
[xUnit.net 00:00:02.67]         /Users/albayrme/Automation/maestro/Applications/MeteoRSI/MeteoRSI.Application/MetoRsiText.cs(61,0): at Maestro.MeteoRSI.Application.MetoRsiText.CreateTextWeatherPages(FileInfo fileInfo, Ep1BuilderConverterConfig config, Ep1BuilderConverterConfigFilter filter)
[xUnit.net 00:00:02.67]         /Users/albayrme/Automation/maestro/Applications/MeteoRSI/MeteoRSI.Tests/TextUnitTests.cs(133,0): at Maestro.MeteoRSI.Tests.TextUnitTests.CreateTextWeatherPages_DefaultFileInput_File_50_01(Int32 index, String regex)
[xUnit.net 00:00:02.67]         ----- Inner Stack Trace -----
[xUnit.net 00:00:02.67]            at System.Xml.Serialization.XmlSerializer.Deserialize(XmlReader xmlReader, String encodingStyle, XmlDeserializationEvents events)
[xUnit.net 00:00:02.67]            at System.Xml.Serialization.XmlSerializer.Deserialize(TextReader textReader)
[xUnit.net 00:00:02.67]         /Users/albayrme/Automation/maestro/Core/Maestro.Core/Helpers/XmlHelper.cs(37,0): at Maestro.Core.Helpers.XmlHelper.Deserialize[T](String content)
[xUnit.net 00:00:02.67]         /Users/albayrme/Automation/maestro/Applications/MeteoRSI/MeteoRSI.Application/MetoRsiText.cs(31,0): at Maestro.MeteoRSI.Application.MetoRsiText.CreateTextWeatherPages(FileInfo fileInfo, Ep1BuilderConverterConfig config, Ep1BuilderConverterConfigFilter filter)
[xUnit.net 00:00:02.67]         ----- Inner Stack Trace -----
[xUnit.net 00:00:02.67]            at Microsoft.Xml.Serialization.GeneratedAssembly.XmlSerializationReaderWeatherRecords.Read9_xml()
[xUnit.net 00:00:02.67]     Maestro.MeteoRSI.Tests.TextUnitTests.CreateTextWeatherPages_DefaultFileInput_File_50_01_NotExist [FAIL]
[xUnit.net 00:00:02.67]       System.Exception : File combinedText.xml is in the wrong format. It should be of type WeatherRecords.
[xUnit.net 00:00:02.67]       ---- System.InvalidOperationException : There is an error in XML document (1, 40).
[xUnit.net 00:00:02.67]       -------- System.InvalidOperationException : <xml xmlns='http://www.meteosvizzera.ch/rsi/VOFH08'> was not expected.
[xUnit.net 00:00:02.67]       Stack Trace:
[xUnit.net 00:00:02.67]         /Users/albayrme/Automation/maestro/Applications/MeteoRSI/MeteoRSI.Application/MetoRsiText.cs(61,0): at Maestro.MeteoRSI.Application.MetoRsiText.CreateTextWeatherPages(FileInfo fileInfo, Ep1BuilderConverterConfig config, Ep1BuilderConverterConfigFilter filter)
[xUnit.net 00:00:02.67]         /Users/albayrme/Automation/maestro/Applications/MeteoRSI/MeteoRSI.Tests/TextUnitTests.cs(149,0): at Maestro.MeteoRSI.Tests.TextUnitTests.CreateTextWeatherPages_DefaultFileInput_File_50_01_NotExist()
[xUnit.net 00:00:02.67]         ----- Inner Stack Trace -----
[xUnit.net 00:00:02.67]            at System.Xml.Serialization.XmlSerializer.Deserialize(XmlReader xmlReader, String encodingStyle, XmlDeserializationEvents events)
[xUnit.net 00:00:02.67]            at System.Xml.Serialization.XmlSerializer.Deserialize(TextReader textReader)
[xUnit.net 00:00:02.67]         /Users/albayrme/Automation/maestro/Core/Maestro.Core/Helpers/XmlHelper.cs(37,0): at Maestro.Core.Helpers.XmlHelper.Deserialize[T](String content)
[xUnit.net 00:00:02.67]         /Users/albayrme/Automation/maestro/Applications/MeteoRSI/MeteoRSI.Application/MetoRsiText.cs(31,0): at Maestro.MeteoRSI.Application.MetoRsiText.CreateTextWeatherPages(FileInfo fileInfo, Ep1BuilderConverterConfig config, Ep1BuilderConverterConfigFilter filter)
[xUnit.net 00:00:02.67]         ----- Inner Stack Trace -----
[xUnit.net 00:00:02.67]            at Microsoft.Xml.Serialization.GeneratedAssembly.XmlSerializationReaderWeatherRecords.Read9_xml()
[xUnit.net 00:00:02.68]     Maestro.MeteoRSI.Tests.TextUnitTests.CreateTextWeatherPages_DefaultFileInput_File_50_89_NotExist [FAIL]
[xUnit.net 00:00:02.68]       System.Exception : File combinedText.xml is in the wrong format. It should be of type WeatherRecords.
[xUnit.net 00:00:02.68]       ---- System.InvalidOperationException : There is an error in XML document (1, 40).
[xUnit.net 00:00:02.68]       -------- System.InvalidOperationException : <xml xmlns='http://www.meteosvizzera.ch/rsi/VOFH08'> was not expected.
[xUnit.net 00:00:02.68]       Stack Trace:
[xUnit.net 00:00:02.68]         /Users/albayrme/Automation/maestro/Applications/MeteoRSI/MeteoRSI.Application/MetoRsiText.cs(61,0): at Maestro.MeteoRSI.Application.MetoRsiText.CreateTextWeatherPages(FileInfo fileInfo, Ep1BuilderConverterConfig config, Ep1BuilderConverterConfigFilter filter)
[xUnit.net 00:00:02.68]         /Users/albayrme/Automation/maestro/Applications/MeteoRSI/MeteoRSI.Tests/TextUnitTests.cs(197,0): at Maestro.MeteoRSI.Tests.TextUnitTests.CreateTextWeatherPages_DefaultFileInput_File_50_89_NotExist()
[xUnit.net 00:00:02.68]         ----- Inner Stack Trace -----
[xUnit.net 00:00:02.68]            at System.Xml.Serialization.XmlSerializer.Deserialize(XmlReader xmlReader, String encodingStyle, XmlDeserializationEvents events)
[xUnit.net 00:00:02.68]            at System.Xml.Serialization.XmlSerializer.Deserialize(TextReader textReader)
[xUnit.net 00:00:02.68]         /Users/albayrme/Automation/maestro/Core/Maestro.Core/Helpers/XmlHelper.cs(37,0): at Maestro.Core.Helpers.XmlHelper.Deserialize[T](String content)
[xUnit.net 00:00:02.68]         /Users/albayrme/Automation/maestro/Applications/MeteoRSI/MeteoRSI.Application/MetoRsiText.cs(31,0): at Maestro.MeteoRSI.Application.MetoRsiText.CreateTextWeatherPages(FileInfo fileInfo, Ep1BuilderConverterConfig config, Ep1BuilderConverterConfigFilter filter)
[xUnit.net 00:00:02.68]         ----- Inner Stack Trace -----
[xUnit.net 00:00:02.68]            at Microsoft.Xml.Serialization.GeneratedAssembly.XmlSerializationReaderWeatherRecords.Read9_xml()
[xUnit.net 00:00:02.68]   Finished:    Maestro.MeteoRSI.Tests
  Failed Maestro.MeteoRSI.Tests.TextUnitTests.CreateTextWeatherPages_DefaultFileInput_File_50_01(index: 16, regex: "^$") [1 ms]
  Error Message:
   System.Exception : File combinedText.xml is in the wrong format. It should be of type WeatherRecords.
---- System.InvalidOperationException : There is an error in XML document (1, 40).
-------- System.InvalidOperationException : <xml xmlns='http://www.meteosvizzera.ch/rsi/VOFH08'> was not expected.
  Stack Trace:
     at Maestro.MeteoRSI.Application.MetoRsiText.CreateTextWeatherPages(FileInfo fileInfo, Ep1BuilderConverterConfig config, Ep1BuilderConverterConfigFilter filter) in /Users/albayrme/Automation/maestro/Applications/MeteoRSI/MeteoRSI.Application/MetoRsiText.cs:line 61
   at Maestro.MeteoRSI.Tests.TextUnitTests.CreateTextWeatherPages_DefaultFileInput_File_50_01(Int32 index, String regex) in /Users/albayrme/Automation/maestro/Applications/MeteoRSI/MeteoRSI.Tests/TextUnitTests.cs:line 133
----- Inner Stack Trace -----
   at System.Xml.Serialization.XmlSerializer.Deserialize(XmlReader xmlReader, String encodingStyle, XmlDeserializationEvents events)
   at System.Xml.Serialization.XmlSerializer.Deserialize(TextReader textReader)
   at Maestro.Core.Helpers.XmlHelper.Deserialize[T](String content) in /Users/albayrme/Automation/maestro/Core/Maestro.Core/Helpers/XmlHelper.cs:line 37
   at Maestro.MeteoRSI.Application.MetoRsiText.CreateTextWeatherPages(FileInfo fileInfo, Ep1BuilderConverterConfig config, Ep1BuilderConverterConfigFilter filter) in /Users/albayrme/Automation/maestro/Applications/MeteoRSI/MeteoRSI.Application/MetoRsiText.cs:line 31
----- Inner Stack Trace -----
   at Microsoft.Xml.Serialization.GeneratedAssembly.XmlSerializationReaderWeatherRecords.Read9_xml()
  Failed Maestro.MeteoRSI.Tests.TextUnitTests.CreateTextWeatherPages_DefaultFileInput_File_50_01_NotExist [1 ms]
  Error Message:
   System.Exception : File combinedText.xml is in the wrong format. It should be of type WeatherRecords.
---- System.InvalidOperationException : There is an error in XML document (1, 40).
-------- System.InvalidOperationException : <xml xmlns='http://www.meteosvizzera.ch/rsi/VOFH08'> was not expected.
  Stack Trace:
     at Maestro.MeteoRSI.Application.MetoRsiText.CreateTextWeatherPages(FileInfo fileInfo, Ep1BuilderConverterConfig config, Ep1BuilderConverterConfigFilter filter) in /Users/albayrme/Automation/maestro/Applications/MeteoRSI/MeteoRSI.Application/MetoRsiText.cs:line 61
   at Maestro.MeteoRSI.Tests.TextUnitTests.CreateTextWeatherPages_DefaultFileInput_File_50_01_NotExist() in /Users/albayrme/Automation/maestro/Applications/MeteoRSI/MeteoRSI.Tests/TextUnitTests.cs:line 149
----- Inner Stack Trace -----
   at System.Xml.Serialization.XmlSerializer.Deserialize(XmlReader xmlReader, String encodingStyle, XmlDeserializationEvents events)
   at System.Xml.Serialization.XmlSerializer.Deserialize(TextReader textReader)
   at Maestro.Core.Helpers.XmlHelper.Deserialize[T](String content) in /Users/albayrme/Automation/maestro/Core/Maestro.Core/Helpers/XmlHelper.cs:line 37
   at Maestro.MeteoRSI.Application.MetoRsiText.CreateTextWeatherPages(FileInfo fileInfo, Ep1BuilderConverterConfig config, Ep1BuilderConverterConfigFilter filter) in /Users/albayrme/Automation/maestro/Applications/MeteoRSI/MeteoRSI.Application/MetoRsiText.cs:line 31
----- Inner Stack Trace -----
   at Microsoft.Xml.Serialization.GeneratedAssembly.XmlSerializationReaderWeatherRecords.Read9_xml()
  Failed Maestro.MeteoRSI.Tests.TextUnitTests.CreateTextWeatherPages_DefaultFileInput_File_50_89_NotExist [7 ms]
  Error Message:
   System.Exception : File combinedText.xml is in the wrong format. It should be of type WeatherRecords.
---- System.InvalidOperationException : There is an error in XML document (1, 40).
-------- System.InvalidOperationException : <xml xmlns='http://www.meteosvizzera.ch/rsi/VOFH08'> was not expected.
  Stack Trace:
     at Maestro.MeteoRSI.Application.MetoRsiText.CreateTextWeatherPages(FileInfo fileInfo, Ep1BuilderConverterConfig config, Ep1BuilderConverterConfigFilter filter) in /Users/albayrme/Automation/maestro/Applications/MeteoRSI/MeteoRSI.Application/MetoRsiText.cs:line 61
   at Maestro.MeteoRSI.Tests.TextUnitTests.CreateTextWeatherPages_DefaultFileInput_File_50_89_NotExist() in /Users/albayrme/Automation/maestro/Applications/MeteoRSI/MeteoRSI.Tests/TextUnitTests.cs:line 197
----- Inner Stack Trace -----
   at System.Xml.Serialization.XmlSerializer.Deserialize(XmlReader xmlReader, String encodingStyle, XmlDeserializationEvents events)
   at System.Xml.Serialization.XmlSerializer.Deserialize(TextReader textReader)
   at Maestro.Core.Helpers.XmlHelper.Deserialize[T](String content) in /Users/albayrme/Automation/maestro/Core/Maestro.Core/Helpers/XmlHelper.cs:line 37
   at Maestro.MeteoRSI.Application.MetoRsiText.CreateTextWeatherPages(FileInfo fileInfo, Ep1BuilderConverterConfig config, Ep1BuilderConverterConfigFilter filter) in /Users/albayrme/Automation/maestro/Applications/MeteoRSI/MeteoRSI.Application/MetoRsiText.cs:line 31
----- Inner Stack Trace -----
   at Microsoft.Xml.Serialization.GeneratedAssembly.XmlSerializationReaderWeatherRecords.Read9_xml()

Test Run Failed.
Total tests: 263
     Passed: 16
     Failed: 247
 Total time: 5.1389 Seconds
